🚀 Starting Full E2E Sync Test on https://dev.emdrbilateral.online
Creating session at https://dev.emdrbilateral.online...
✅ Session Created: d91dc0
Navigating to https://dev.emdrbilateral.online/session-controller.html?sessionId=d91dc0 and https://dev.emdrbilateral.online/viewer.html?sessionId=d91dc0
[VIEWER MSG] [RealtimeClient] Using SSE transport for viewer
[VIEWER MSG] [SSEClient viewer] Connecting to SSE: https://dev.emdrbilateral.online/api/session/d91dc0/stream?role=viewer
[VIEWER MSG] [SSEClient viewer] SSE connection established
[VIEWER MSG] 📦 [VIEWER] onStateUpdate received: {"type":"initial_state","timestamp":1769601729286,"payload":{"speed":30,"radius":20,"colorBall":"#60a5fa","colorBg":"#020617","paused":true,"soundEnabled":false,"soundType":"soft","x":400,"y":300,"vx":0,"vy":0,"dirX":1,"dirY":0,"viewerConnected":true,"controllerConnected":false,"viewerScreenSize":{"width":800,"height":600}}}
[VIEWER MSG] 📦 [VIEWER] command extracted: {"speed":30,"radius":20,"colorBall":"#60a5fa","colorBg":"#020617","paused":true,"soundEnabled":false,"soundType":"soft","x":400,"y":300,"vx":0,"vy":0,"dirX":1,"dirY":0,"viewerConnected":true,"controllerConnected":false,"viewerScreenSize":{"width":800,"height":600}}
[VIEWER MSG] 📦 [VIEWER] command.controllerConnected: false
[VIEWER MSG] 📦 [VIEWER] Calling updateStatus with controllerConnected: false
[VIEWER MSG] 📊 [VIEWER] updateStatus called with: {"speed":30,"radius":20,"colorBall":"#60a5fa","colorBg":"#020617","paused":true,"soundEnabled":false,"soundType":"soft","x":400,"y":300,"vx":0,"vy":0,"dirX":1,"dirY":0,"viewerConnected":true,"controllerConnected":false,"viewerScreenSize":{"width":800,"height":600}}
[VIEWER MSG] 📊 [VIEWER] sessionData extracted: {"speed":30,"radius":20,"colorBall":"#60a5fa","colorBg":"#020617","paused":true,"soundEnabled":false,"soundType":"soft","x":400,"y":300,"vx":0,"vy":0,"dirX":1,"dirY":0,"viewerConnected":true,"controllerConnected":false,"viewerScreenSize":{"width":800,"height":600}}
[VIEWER MSG] 📊 [VIEWER] controllerConnected value: false
[VIEWER MSG] ❌ [VIEWER] Setting status: Controller disconnected
[VIEWER MSG] 📊 [VIEWER] updateStatus called with: {"connected":true,"screenSize":{"width":800,"height":600}}
[VIEWER MSG] 📊 [VIEWER] sessionData extracted: {"connected":true,"screenSize":{"width":800,"height":600}}
[VIEWER MSG] 📊 [VIEWER] controllerConnected value: 
[VIEWER MSG] ⏭️ [VIEWER] Status unchanged, skipping update
[VIEWER MSG] 📦 [VIEWER] onStateUpdate received: {"type":"state_update","timestamp":1769601729302,"payload":{"speed":30,"radius":20,"colorBall":"#60a5fa","colorBg":"#020617","paused":true,"soundEnabled":false,"soundType":"soft","x":400,"y":300,"vx":0,"vy":0,"dirX":1,"dirY":0,"viewerScreenSize":{"width":800,"height":600}}}
[VIEWER MSG] 📦 [VIEWER] command extracted: {"speed":30,"radius":20,"colorBall":"#60a5fa","colorBg":"#020617","paused":true,"soundEnabled":false,"soundType":"soft","x":400,"y":300,"vx":0,"vy":0,"dirX":1,"dirY":0,"viewerScreenSize":{"width":800,"height":600}}
[VIEWER MSG] 📦 [VIEWER] command.controllerConnected: 
[VIEWER MSG] 📦 [VIEWER] onStateUpdate received: {"type":"state_update","timestamp":1769601729318,"payload":{"speed":30,"radius":20,"colorBall":"#60a5fa","colorBg":"#020617","paused":true,"soundEnabled":false,"soundType":"soft","x":400,"y":300,"vx":0,"vy":0,"dirX":1,"dirY":0,"viewerScreenSize":{"width":800,"height":600}}}
[VIEWER MSG] 📦 [VIEWER] command extracted: {"speed":30,"radius":20,"colorBall":"#60a5fa","colorBg":"#020617","paused":true,"soundEnabled":false,"soundType":"soft","x":400,"y":300,"vx":0,"vy":0,"dirX":1,"dirY":0,"viewerScreenSize":{"width":800,"height":600}}
[VIEWER MSG] 📦 [VIEWER] command.controllerConnected: 
[VIEWER MSG] 📦 [VIEWER] onStateUpdate received: {"type":"state_update","timestamp":1769601729335,"payload":{"speed":30,"radius":20,"colorBall":"#60a5fa","colorBg":"#020617","paused":true,"soundEnabled":false,"soundType":"soft","x":400,"y":300,"vx":0,"vy":0,"dirX":1,"dirY":0,"viewerScreenSize":{"width":800,"height":600}}}
[VIEWER MSG] 📦 [VIEWER] command extracted: {"speed":30,"radius":20,"colorBall":"#60a5fa","colorBg":"#020617","paused":true,"soundEnabled":false,"soundType":"soft","x":400,"y":300,"vx":0,"vy":0,"dirX":1,"dirY":0,"viewerScreenSize":{"width":800,"height":600}}
[VIEWER MSG] 📦 [VIEWER] command.controllerConnected: 
[VIEWER MSG] 📦 [VIEWER] onStateUpdate received: {"type":"state_update","timestamp":1769601729351,"payload":{"speed":30,"radius":20,"colorBall":"#60a5fa","colorBg":"#020617","paused":true,"soundEnabled":false,"soundType":"soft","x":400,"y":300,"vx":0,"vy":0,"dirX":1,"dirY":0,"viewerScreenSize":{"width":800,"height":600}}}
[VIEWER MSG] 📦 [VIEWER] command extracted: {"speed":30,"radius":20,"colorBall":"#60a5fa","colorBg":"#020617","paused":true,"soundEnabled":false,"soundType":"soft","x":400,"y":300,"vx":0,"vy":0,"dirX":1,"dirY":0,"viewerScreenSize":{"width":800,"height":600}}
[VIEWER MSG] 📦 [VIEWER] command.controllerConnected: 
[VIEWER MSG] 📦 [VIEWER] onStateUpdate received: {"type":"state_update","timestamp":1769601729367,"payload":{"speed":30,"radius":20,"colorBall":"#60a5fa","colorBg":"#020617","paused":true,"soundEnabled":false,"soundType":"soft","x":400,"y":300,"vx":0,"vy":0,"dirX":1,"dirY":0,"viewerScreenSize":{"width":800,"height":600}}}
[VIEWER MSG] 📦 [VIEWER] command extracted: {"speed":30,"radius":20,"colorBall":"#60a5fa","colorBg":"#020617","paused":true,"soundEnabled":false,"soundType":"soft","x":400,"y":300,"vx":0,"vy":0,"dirX":1,"dirY":0,"viewerScreenSize":{"width":800,"height":600}}
[VIEWER MSG] 📦 [VIEWER] command.controllerConnected: 
[VIEWER MSG] 📦 [VIEWER] onStateUpdate received: {"type":"state_update","timestamp":1769601729383,"payload":{"speed":30,"radius":20,"colorBall":"#60a5fa","colorBg":"#020617","paused":true,"soundEnabled":false,"soundType":"soft","x":400,"y":300,"vx":0,"vy":0,"dirX":1,"dirY":0,"viewerScreenSize":{"width":800,"height":600}}}
[VIEWER MSG] 📦 [VIEWER] command extracted: {"speed":30,"radius":20,"colorBall":"#60a5fa","colorBg":"#020617","paused":true,"soundEnabled":false,"soundType":"soft","x":400,"y":300,"vx":0,"vy":0,"dirX":1,"dirY":0,"viewerScreenSize":{"width":800,"height":600}}
[VIEWER MSG] 📦 [VIEWER] command.controllerConnected: 
[VIEWER MSG] 📦 [VIEWER] onStateUpdate received: {"type":"state_update","timestamp":1769601729399,"payload":{"speed":30,"radius":20,"colorBall":"#60a5fa","colorBg":"#020617","paused":true,"soundEnabled":false,"soundType":"soft","x":400,"y":300,"vx":0,"vy":0,"dirX":1,"dirY":0,"viewerScreenSize":{"width":800,"height":600}}}
[VIEWER MSG] 📦 [VIEWER] command extracted: {"speed":30,"radius":20,"colorBall":"#60a5fa","colorBg":"#020617","paused":true,"soundEnabled":false,"soundType":"soft","x":400,"y":300,"vx":0,"vy":0,"dirX":1,"dirY":0,"viewerScreenSize":{"width":800,"height":600}}
[VIEWER MSG] 📦 [VIEWER] command.controllerConnected: 
[VIEWER MSG] 📦 [VIEWER] onStateUpdate received: {"type":"state_update","timestamp":1769601729416,"payload":{"speed":30,"radius":20,"colorBall":"#60a5fa","colorBg":"#020617","paused":true,"soundEnabled":false,"soundType":"soft","x":400,"y":300,"vx":0,"vy":0,"dirX":1,"dirY":0,"viewerScreenSize":{"width":800,"height":600}}}
[VIEWER MSG] 📦 [VIEWER] command extracted: {"speed":30,"radius":20,"colorBall":"#60a5fa","colorBg":"#020617","paused":true,"soundEnabled":false,"soundType":"soft","x":400,"y":300,"vx":0,"vy":0,"dirX":1,"dirY":0,"viewerScreenSize":{"width":800,"height":600}}
[VIEWER MSG] 📦 [VIEWER] command.controllerConnected: 
[VIEWER MSG] 📦 [VIEWER] onStateUpdate received: {"type":"state_update","timestamp":1769601729432,"payload":{"speed":30,"radius":20,"colorBall":"#60a5fa","colorBg":"#020617","paused":true,"soundEnabled":false,"soundType":"soft","x":400,"y":300,"vx":0,"vy":0,"dirX":1,"dirY":0,"viewerScreenSize":{"width":800,"height":600}}}
[VIEWER MSG] 📦 [VIEWER] command extracted: {"speed":30,"radius":20,"colorBall":"#60a5fa","colorBg":"#020617","paused":true,"soundEnabled":false,"soundType":"soft","x":400,"y":300,"vx":0,"vy":0,"dirX":1,"dirY":0,"viewerScreenSize":{"width":800,"height":600}}
[VIEWER MSG] 📦 [VIEWER] command.controllerConnected: 
[VIEWER MSG] 📦 [VIEWER] onStateUpdate received: {"type":"state_update","timestamp":1769601729449,"payload":{"speed":30,"radius":20,"colorBall":"#60a5fa","colorBg":"#020617","paused":true,"soundEnabled":false,"soundType":"soft","x":400,"y":300,"vx":0,"vy":0,"dirX":1,"dirY":0,"viewerScreenSize":{"width":800,"height":600}}}
[VIEWER MSG] 📦 [VIEWER] command extracted: {"speed":30,"radius":20,"colorBall":"#60a5fa","colorBg":"#020617","paused":true,"soundEnabled":false,"soundType":"soft","x":400,"y":300,"vx":0,"vy":0,"dirX":1,"dirY":0,"viewerScreenSize":{"width":800,"height":600}}
[VIEWER MSG] 📦 [VIEWER] command.controllerConnected: 
[VIEWER MSG] 📦 [VIEWER] onStateUpdate received: {"type":"state_update","timestamp":1769601729465,"payload":{"speed":30,"radius":20,"colorBall":"#60a5fa","colorBg":"#020617","paused":true,"soundEnabled":false,"soundType":"soft","x":400,"y":300,"vx":0,"vy":0,"dirX":1,"dirY":0,"viewerScreenSize":{"width":800,"height":600}}}
[VIEWER MSG] 📦 [VIEWER] command extracted: {"speed":30,"radius":20,"colorBall":"#60a5fa","colorBg":"#020617","paused":true,"soundEnabled":false,"soundType":"soft","x":400,"y":300,"vx":0,"vy":0,"dirX":1,"dirY":0,"viewerScreenSize":{"width":800,"height":600}}
[VIEWER MSG] 📦 [VIEWER] command.controllerConnected: 
[VIEWER MSG] 📦 [VIEWER] onStateUpdate received: {"type":"state_update","timestamp":1769601729481,"payload":{"speed":30,"radius":20,"colorBall":"#60a5fa","colorBg":"#020617","paused":true,"soundEnabled":false,"soundType":"soft","x":400,"y":300,"vx":0,"vy":0,"dirX":1,"dirY":0,"viewerScreenSize":{"width":800,"height":600}}}
[VIEWER MSG] 📦 [VIEWER] command extracted: {"speed":30,"radius":20,"colorBall":"#60a5fa","colorBg":"#020617","paused":true,"soundEnabled":false,"soundType":"soft","x":400,"y":300,"vx":0,"vy":0,"dirX":1,"dirY":0,"viewerScreenSize":{"width":800,"height":600}}
[VIEWER MSG] 📦 [VIEWER] command.controllerConnected: 
[VIEWER MSG] 📦 [VIEWER] onStateUpdate received: {"type":"state_update","timestamp":1769601729498,"payload":{"speed":30,"radius":20,"colorBall":"#60a5fa","colorBg":"#020617","paused":true,"soundEnabled":false,"soundType":"soft","x":400,"y":300,"vx":0,"vy":0,"dirX":1,"dirY":0,"viewerScreenSize":{"width":800,"height":600}}}
[VIEWER MSG] 📦 [VIEWER] command extracted: {"speed":30,"radius":20,"colorBall":"#60a5fa","colorBg":"#020617","paused":true,"soundEnabled":false,"soundType":"soft","x":400,"y":300,"vx":0,"vy":0,"dirX":1,"dirY":0,"viewerScreenSize":{"width":800,"height":600}}
[VIEWER MSG] 📦 [VIEWER] command.controllerConnected: 
[VIEWER MSG] 📦 [VIEWER] onStateUpdate received: {"type":"state_update","timestamp":1769601729514,"payload":{"speed":30,"radius":20,"colorBall":"#60a5fa","colorBg":"#020617","paused":true,"soundEnabled":false,"soundType":"soft","x":400,"y":300,"vx":0,"vy":0,"dirX":1,"dirY":0,"viewerScreenSize":{"width":800,"height":600}}}
[VIEWER MSG] 📦 [VIEWER] command extracted: {"speed":30,"radius":20,"colorBall":"#60a5fa","colorBg":"#020617","paused":true,"soundEnabled":false,"soundType":"soft","x":400,"y":300,"vx":0,"vy":0,"dirX":1,"dirY":0,"viewerScreenSize":{"width":800,"height":600}}
[VIEWER MSG] 📦 [VIEWER] command.controllerConnected: 
[VIEWER MSG] 📦 [VIEWER] onStateUpdate received: {"type":"state_update","timestamp":1769601729531,"payload":{"speed":30,"radius":20,"colorBall":"#60a5fa","colorBg":"#020617","paused":true,"soundEnabled":false,"soundType":"soft","x":400,"y":300,"vx":0,"vy":0,"dirX":1,"dirY":0,"viewerScreenSize":{"width":800,"height":600}}}
[VIEWER MSG] 📦 [VIEWER] command extracted: {"speed":30,"radius":20,"colorBall":"#60a5fa","colorBg":"#020617","paused":true,"soundEnabled":false,"soundType":"soft","x":400,"y":300,"vx":0,"vy":0,"dirX":1,"dirY":0,"viewerScreenSize":{"width":800,"height":600}}
[VIEWER MSG] 📦 [VIEWER] command.controllerConnected: 
[VIEWER MSG] 📦 [VIEWER] onStateUpdate received: {"type":"state_update","timestamp":1769601729546,"payload":{"speed":30,"radius":20,"colorBall":"#60a5fa","colorBg":"#020617","paused":true,"soundEnabled":false,"soundType":"soft","x":400,"y":300,"vx":0,"vy":0,"dirX":1,"dirY":0,"viewerScreenSize":{"width":800,"height":600}}}
[VIEWER MSG] 📦 [VIEWER] command extracted: {"speed":30,"radius":20,"colorBall":"#60a5fa","colorBg":"#020617","paused":true,"soundEnabled":false,"soundType":"soft","x":400,"y":300,"vx":0,"vy":0,"dirX":1,"dirY":0,"viewerScreenSize":{"width":800,"height":600}}
[VIEWER MSG] 📦 [VIEWER] command.controllerConnected: 
[VIEWER MSG] 📦 [VIEWER] onStateUpdate received: {"type":"state_update","timestamp":1769601729563,"payload":{"speed":30,"radius":20,"colorBall":"#60a5fa","colorBg":"#020617","paused":true,"soundEnabled":false,"soundType":"soft","x":400,"y":300,"vx":0,"vy":0,"dirX":1,"dirY":0,"viewerScreenSize":{"width":800,"height":600}}}
[VIEWER MSG] 📦 [VIEWER] command extracted: {"speed":30,"radius":20,"colorBall":"#60a5fa","colorBg":"#020617","paused":true,"soundEnabled":false,"soundType":"soft","x":400,"y":300,"vx":0,"vy":0,"dirX":1,"dirY":0,"viewerScreenSize":{"width":800,"height":600}}
[VIEWER MSG] 📦 [VIEWER] command.controllerConnected: 
[VIEWER MSG] 📦 [VIEWER] onStateUpdate received: {"type":"state_update","timestamp":1769601729580,"payload":{"speed":30,"radius":20,"colorBall":"#60a5fa","colorBg":"#020617","paused":true,"soundEnabled":false,"soundType":"soft","x":400,"y":300,"vx":0,"vy":0,"dirX":1,"dirY":0,"viewerScreenSize":{"width":800,"height":600}}}
[VIEWER MSG] 📦 [VIEWER] command extracted: {"speed":30,"radius":20,"colorBall":"#60a5fa","colorBg":"#020617","paused":true,"soundEnabled":false,"soundType":"soft","x":400,"y":300,"vx":0,"vy":0,"dirX":1,"dirY":0,"viewerScreenSize":{"width":800,"height":600}}
[VIEWER MSG] 📦 [VIEWER] command.controllerConnected: 
[VIEWER MSG] 📦 [VIEWER] onStateUpdate received: {"type":"state_update","timestamp":1769601729597,"payload":{"speed":30,"radius":20,"colorBall":"#60a5fa","colorBg":"#020617","paused":true,"soundEnabled":false,"soundType":"soft","x":400,"y":300,"vx":0,"vy":0,"dirX":1,"dirY":0,"viewerScreenSize":{"width":800,"height":600}}}
[VIEWER MSG] 📦 [VIEWER] command extracted: {"speed":30,"radius":20,"colorBall":"#60a5fa","colorBg":"#020617","paused":true,"soundEnabled":false,"soundType":"soft","x":400,"y":300,"vx":0,"vy":0,"dirX":1,"dirY":0,"viewerScreenSize":{"width":800,"height":600}}
[VIEWER MSG] 📦 [VIEWER] command.controllerConnected: 
[VIEWER MSG] 📦 [VIEWER] onStateUpdate received: {"type":"state_update","timestamp":1769601729613,"payload":{"speed":30,"radius":20,"colorBall":"#60a5fa","colorBg":"#020617","paused":true,"soundEnabled":false,"soundType":"soft","x":400,"y":300,"vx":0,"vy":0,"dirX":1,"dirY":0,"viewerScreenSize":{"width":800,"height":600}}}
[VIEWER MSG] 📦 [VIEWER] command extracted: {"speed":30,"radius":20,"colorBall":"#60a5fa","colorBg":"#020617","paused":true,"soundEnabled":false,"soundType":"soft","x":400,"y":300,"vx":0,"vy":0,"dirX":1,"dirY":0,"viewerScreenSize":{"width":800,"height":600}}
[VIEWER MSG] 📦 [VIEWER] command.controllerConnected: 
[VIEWER MSG] 📦 [VIEWER] onStateUpdate received: {"type":"state_update","timestamp":1769601729629,"payload":{"speed":30,"radius":20,"colorBall":"#60a5fa","colorBg":"#020617","paused":true,"soundEnabled":false,"soundType":"soft","x":400,"y":300,"vx":0,"vy":0,"dirX":1,"dirY":0,"viewerScreenSize":{"width":800,"height":600}}}
[VIEWER MSG] 📦 [VIEWER] command extracted: {"speed":30,"radius":20,"colorBall":"#60a5fa","colorBg":"#020617","paused":true,"soundEnabled":false,"soundType":"soft","x":400,"y":300,"vx":0,"vy":0,"dirX":1,"dirY":0,"viewerScreenSize":{"width":800,"height":600}}
[VIEWER MSG] 📦 [VIEWER] command.controllerConnected: 
[VIEWER MSG] 📦 [VIEWER] onStateUpdate received: {"type":"state_update","timestamp":1769601729645,"payload":{"speed":30,"radius":20,"colorBall":"#60a5fa","colorBg":"#020617","paused":true,"soundEnabled":false,"soundType":"soft","x":400,"y":300,"vx":0,"vy":0,"dirX":1,"dirY":0,"viewerScreenSize":{"width":800,"height":600}}}
[VIEWER MSG] 📦 [VIEWER] command extracted: {"speed":30,"radius":20,"colorBall":"#60a5fa","colorBg":"#020617","paused":true,"soundEnabled":false,"soundType":"soft","x":400,"y":300,"vx":0,"vy":0,"dirX":1,"dirY":0,"viewerScreenSize":{"width":800,"height":600}}
[VIEWER MSG] 📦 [VIEWER] command.controllerConnected: 
[VIEWER MSG] 📦 [VIEWER] onStateUpdate received: {"type":"state_update","timestamp":1769601729661,"payload":{"speed":30,"radius":20,"colorBall":"#60a5fa","colorBg":"#020617","paused":true,"soundEnabled":false,"soundType":"soft","x":400,"y":300,"vx":0,"vy":0,"dirX":1,"dirY":0,"viewerScreenSize":{"width":800,"height":600}}}
[VIEWER MSG] 📦 [VIEWER] command extracted: {"speed":30,"radius":20,"colorBall":"#60a5fa","colorBg":"#020617","paused":true,"soundEnabled":false,"soundType":"soft","x":400,"y":300,"vx":0,"vy":0,"dirX":1,"dirY":0,"viewerScreenSize":{"width":800,"height":600}}
[VIEWER MSG] 📦 [VIEWER] command.controllerConnected: 
[VIEWER MSG] 📦 [VIEWER] onStateUpdate received: {"type":"state_update","timestamp":1769601729678,"payload":{"speed":30,"radius":20,"colorBall":"#60a5fa","colorBg":"#020617","paused":true,"soundEnabled":false,"soundType":"soft","x":400,"y":300,"vx":0,"vy":0,"dirX":1,"dirY":0,"viewerScreenSize":{"width":800,"height":600}}}
[VIEWER MSG] 📦 [VIEWER] command extracted: {"speed":30,"radius":20,"colorBall":"#60a5fa","colorBg":"#020617","paused":true,"soundEnabled":false,"soundType":"soft","x":400,"y":300,"vx":0,"vy":0,"dirX":1,"dirY":0,"viewerScreenSize":{"width":800,"height":600}}
[VIEWER MSG] 📦 [VIEWER] command.controllerConnected: 
[VIEWER MSG] 📦 [VIEWER] onStateUpdate received: {"type":"state_update","timestamp":1769601729694,"payload":{"speed":30,"radius":20,"colorBall":"#60a5fa","colorBg":"#020617","paused":true,"soundEnabled":false,"soundType":"soft","x":400,"y":300,"vx":0,"vy":0,"dirX":1,"dirY":0,"viewerScreenSize":{"width":800,"height":600}}}
[VIEWER MSG] 📦 [VIEWER] command extracted: {"speed":30,"radius":20,"colorBall":"#60a5fa","colorBg":"#020617","paused":true,"soundEnabled":false,"soundType":"soft","x":400,"y":300,"vx":0,"vy":0,"dirX":1,"dirY":0,"viewerScreenSize":{"width":800,"height":600}}
[VIEWER MSG] 📦 [VIEWER] command.controllerConnected: 
[VIEWER MSG] 📦 [VIEWER] onStateUpdate received: {"type":"state_update","timestamp":1769601729710,"payload":{"speed":30,"radius":20,"colorBall":"#60a5fa","colorBg":"#020617","paused":true,"soundEnabled":false,"soundType":"soft","x":400,"y":300,"vx":0,"vy":0,"dirX":1,"dirY":0,"viewerScreenSize":{"width":800,"height":600}}}
[VIEWER MSG] 📦 [VIEWER] command extracted: {"speed":30,"radius":20,"colorBall":"#60a5fa","colorBg":"#020617","paused":true,"soundEnabled":false,"soundType":"soft","x":400,"y":300,"vx":0,"vy":0,"dirX":1,"dirY":0,"viewerScreenSize":{"width":800,"height":600}}
[VIEWER MSG] 📦 [VIEWER] command.controllerConnected: 
[VIEWER MSG] 📦 [VIEWER] onStateUpdate received: {"type":"state_update","timestamp":1769601729726,"payload":{"speed":30,"radius":20,"colorBall":"#60a5fa","colorBg":"#020617","paused":true,"soundEnabled":false,"soundType":"soft","x":400,"y":300,"vx":0,"vy":0,"dirX":1,"dirY":0,"viewerScreenSize":{"width":800,"height":600}}}
[VIEWER MSG] 📦 [VIEWER] command extracted: {"speed":30,"radius":20,"colorBall":"#60a5fa","colorBg":"#020617","paused":true,"soundEnabled":false,"soundType":"soft","x":400,"y":300,"vx":0,"vy":0,"dirX":1,"dirY":0,"viewerScreenSize":{"width":800,"height":600}}
[VIEWER MSG] 📦 [VIEWER] command.controllerConnected: 
[VIEWER MSG] 📦 [VIEWER] onStateUpdate received: {"type":"state_update","timestamp":1769601729742,"payload":{"speed":30,"radius":20,"colorBall":"#60a5fa","colorBg":"#020617","paused":true,"soundEnabled":false,"soundType":"soft","x":400,"y":300,"vx":0,"vy":0,"dirX":1,"dirY":0,"viewerScreenSize":{"width":800,"height":600}}}
[VIEWER MSG] 📦 [VIEWER] command extracted: {"speed":30,"radius":20,"colorBall":"#60a5fa","colorBg":"#020617","paused":true,"soundEnabled":false,"soundType":"soft","x":400,"y":300,"vx":0,"vy":0,"dirX":1,"dirY":0,"viewerScreenSize":{"width":800,"height":600}}
[VIEWER MSG] 📦 [VIEWER] command.controllerConnected: 
[VIEWER MSG] 📦 [VIEWER] onStateUpdate received: {"type":"state_update","timestamp":1769601729759,"payload":{"speed":30,"radius":20,"colorBall":"#60a5fa","colorBg":"#020617","paused":true,"soundEnabled":false,"soundType":"soft","x":400,"y":300,"vx":0,"vy":0,"dirX":1,"dirY":0,"viewerScreenSize":{"width":800,"height":600}}}
[VIEWER MSG] 📦 [VIEWER] command extracted: {"speed":30,"radius":20,"colorBall":"#60a5fa","colorBg":"#020617","paused":true,"soundEnabled":false,"soundType":"soft","x":400,"y":300,"vx":0,"vy":0,"dirX":1,"dirY":0,"viewerScreenSize":{"width":800,"height":600}}
[VIEWER MSG] 📦 [VIEWER] command.controllerConnected: 
[VIEWER MSG] 📦 [VIEWER] onStateUpdate received: {"type":"state_update","timestamp":1769601729774,"payload":{"speed":30,"radius":20,"colorBall":"#60a5fa","colorBg":"#020617","paused":true,"soundEnabled":false,"soundType":"soft","x":400,"y":300,"vx":0,"vy":0,"dirX":1,"dirY":0,"viewerScreenSize":{"width":800,"height":600}}}
[VIEWER MSG] 📦 [VIEWER] command extracted: {"speed":30,"radius":20,"colorBall":"#60a5fa","colorBg":"#020617","paused":true,"soundEnabled":false,"soundType":"soft","x":400,"y":300,"vx":0,"vy":0,"dirX":1,"dirY":0,"viewerScreenSize":{"width":800,"height":600}}
[VIEWER MSG] 📦 [VIEWER] command.controllerConnected: 
[VIEWER MSG] 📦 [VIEWER] onStateUpdate received: {"type":"state_update","timestamp":1769601729791,"payload":{"speed":30,"radius":20,"colorBall":"#60a5fa","colorBg":"#020617","paused":true,"soundEnabled":false,"soundType":"soft","x":400,"y":300,"vx":0,"vy":0,"dirX":1,"dirY":0,"viewerScreenSize":{"width":800,"height":600}}}
[VIEWER MSG] 📦 [VIEWER] command extracted: {"speed":30,"radius":20,"colorBall":"#60a5fa","colorBg":"#020617","paused":true,"soundEnabled":false,"soundType":"soft","x":400,"y":300,"vx":0,"vy":0,"dirX":1,"dirY":0,"viewerScreenSize":{"width":800,"height":600}}
[VIEWER MSG] 📦 [VIEWER] command.controllerConnected: 
[VIEWER MSG] 📦 [VIEWER] onStateUpdate received: {"type":"state_update","timestamp":1769601729807,"payload":{"speed":30,"radius":20,"colorBall":"#60a5fa","colorBg":"#020617","paused":true,"soundEnabled":false,"soundType":"soft","x":400,"y":300,"vx":0,"vy":0,"dirX":1,"dirY":0,"viewerScreenSize":{"width":800,"height":600}}}
[VIEWER MSG] 📦 [VIEWER] command extracted: {"speed":30,"radius":20,"colorBall":"#60a5fa","colorBg":"#020617","paused":true,"soundEnabled":false,"soundType":"soft","x":400,"y":300,"vx":0,"vy":0,"dirX":1,"dirY":0,"viewerScreenSize":{"width":800,"height":600}}
[VIEWER MSG] 📦 [VIEWER] command.controllerConnected: 
[VIEWER MSG] 📦 [VIEWER] onStateUpdate received: {"type":"state_update","timestamp":1769601729823,"payload":{"speed":30,"radius":20,"colorBall":"#60a5fa","colorBg":"#020617","paused":true,"soundEnabled":false,"soundType":"soft","x":400,"y":300,"vx":0,"vy":0,"dirX":1,"dirY":0,"viewerScreenSize":{"width":800,"height":600}}}
[VIEWER MSG] 📦 [VIEWER] command extracted: {"speed":30,"radius":20,"colorBall":"#60a5fa","colorBg":"#020617","paused":true,"soundEnabled":false,"soundType":"soft","x":400,"y":300,"vx":0,"vy":0,"dirX":1,"dirY":0,"viewerScreenSize":{"width":800,"height":600}}
[VIEWER MSG] 📦 [VIEWER] command.controllerConnected: 
[VIEWER MSG] 📦 [VIEWER] onStateUpdate received: {"type":"state_update","timestamp":1769601729840,"payload":{"speed":30,"radius":20,"colorBall":"#60a5fa","colorBg":"#020617","paused":true,"soundEnabled":false,"soundType":"soft","x":400,"y":300,"vx":0,"vy":0,"dirX":1,"dirY":0,"viewerScreenSize":{"width":800,"height":600}}}
[VIEWER MSG] 📦 [VIEWER] command extracted: {"speed":30,"radius":20,"colorBall":"#60a5fa","colorBg":"#020617","paused":true,"soundEnabled":false,"soundType":"soft","x":400,"y":300,"vx":0,"vy":0,"dirX":1,"dirY":0,"viewerScreenSize":{"width":800,"height":600}}
[VIEWER MSG] 📦 [VIEWER] command.controllerConnected: 
[VIEWER MSG] 📦 [VIEWER] onStateUpdate received: {"type":"state_update","timestamp":1769601729856,"payload":{"speed":30,"radius":20,"colorBall":"#60a5fa","colorBg":"#020617","paused":true,"soundEnabled":false,"soundType":"soft","x":400,"y":300,"vx":0,"vy":0,"dirX":1,"dirY":0,"viewerScreenSize":{"width":800,"height":600}}}
[VIEWER MSG] 📦 [VIEWER] command extracted: {"speed":30,"radius":20,"colorBall":"#60a5fa","colorBg":"#020617","paused":true,"soundEnabled":false,"soundType":"soft","x":400,"y":300,"vx":0,"vy":0,"dirX":1,"dirY":0,"viewerScreenSize":{"width":800,"height":600}}
[VIEWER MSG] 📦 [VIEWER] command.controllerConnected: 
[VIEWER MSG] 📦 [VIEWER] onStateUpdate received: {"type":"state_update","timestamp":1769601729872,"payload":{"speed":30,"radius":20,"colorBall":"#60a5fa","colorBg":"#020617","paused":true,"soundEnabled":false,"soundType":"soft","x":400,"y":300,"vx":0,"vy":0,"dirX":1,"dirY":0,"viewerScreenSize":{"width":800,"height":600}}}
[VIEWER MSG] 📦 [VIEWER] command extracted: {"speed":30,"radius":20,"colorBall":"#60a5fa","colorBg":"#020617","paused":true,"soundEnabled":false,"soundType":"soft","x":400,"y":300,"vx":0,"vy":0,"dirX":1,"dirY":0,"viewerScreenSize":{"width":800,"height":600}}
[VIEWER MSG] 📦 [VIEWER] command.controllerConnected: 
[VIEWER MSG] 📦 [VIEWER] onStateUpdate received: {"type":"state_update","timestamp":1769601729889,"payload":{"speed":30,"radius":20,"colorBall":"#60a5fa","colorBg":"#020617","paused":true,"soundEnabled":false,"soundType":"soft","x":400,"y":300,"vx":0,"vy":0,"dirX":1,"dirY":0,"viewerScreenSize":{"width":800,"height":600}}}
[VIEWER MSG] 📦 [VIEWER] command extracted: {"speed":30,"radius":20,"colorBall":"#60a5fa","colorBg":"#020617","paused":true,"soundEnabled":false,"soundType":"soft","x":400,"y":300,"vx":0,"vy":0,"dirX":1,"dirY":0,"viewerScreenSize":{"width":800,"height":600}}
[VIEWER MSG] 📦 [VIEWER] command.controllerConnected: 
[VIEWER MSG] 📦 [VIEWER] onStateUpdate received: {"type":"state_update","timestamp":1769601729905,"payload":{"speed":30,"radius":20,"colorBall":"#60a5fa","colorBg":"#020617","paused":true,"soundEnabled":false,"soundType":"soft","x":400,"y":300,"vx":0,"vy":0,"dirX":1,"dirY":0,"viewerScreenSize":{"width":800,"height":600}}}
[VIEWER MSG] 📦 [VIEWER] command extracted: {"speed":30,"radius":20,"colorBall":"#60a5fa","colorBg":"#020617","paused":true,"soundEnabled":false,"soundType":"soft","x":400,"y":300,"vx":0,"vy":0,"dirX":1,"dirY":0,"viewerScreenSize":{"width":800,"height":600}}
[VIEWER MSG] 📦 [VIEWER] command.controllerConnected: 
[VIEWER MSG] 📦 [VIEWER] onStateUpdate received: {"type":"state_update","timestamp":1769601729921,"payload":{"speed":30,"radius":20,"colorBall":"#60a5fa","colorBg":"#020617","paused":true,"soundEnabled":false,"soundType":"soft","x":400,"y":300,"vx":0,"vy":0,"dirX":1,"dirY":0,"viewerScreenSize":{"width":800,"height":600}}}
[VIEWER MSG] 📦 [VIEWER] command extracted: {"speed":30,"radius":20,"colorBall":"#60a5fa","colorBg":"#020617","paused":true,"soundEnabled":false,"soundType":"soft","x":400,"y":300,"vx":0,"vy":0,"dirX":1,"dirY":0,"viewerScreenSize":{"width":800,"height":600}}
[VIEWER MSG] 📦 [VIEWER] command.controllerConnected: 
[VIEWER MSG] 📦 [VIEWER] onStateUpdate received: {"type":"state_update","timestamp":1769601729938,"payload":{"speed":30,"radius":20,"colorBall":"#60a5fa","colorBg":"#020617","paused":true,"soundEnabled":false,"soundType":"soft","x":400,"y":300,"vx":0,"vy":0,"dirX":1,"dirY":0,"viewerScreenSize":{"width":800,"height":600}}}
[VIEWER MSG] 📦 [VIEWER] command extracted: {"speed":30,"radius":20,"colorBall":"#60a5fa","colorBg":"#020617","paused":true,"soundEnabled":false,"soundType":"soft","x":400,"y":300,"vx":0,"vy":0,"dirX":1,"dirY":0,"viewerScreenSize":{"width":800,"height":600}}
[VIEWER MSG] 📦 [VIEWER] command.controllerConnected: 
[VIEWER MSG] 📦 [VIEWER] onStateUpdate received: {"type":"state_update","timestamp":1769601729954,"payload":{"speed":30,"radius":20,"colorBall":"#60a5fa","colorBg":"#020617","paused":true,"soundEnabled":false,"soundType":"soft","x":400,"y":300,"vx":0,"vy":0,"dirX":1,"dirY":0,"viewerScreenSize":{"width":800,"height":600}}}
[VIEWER MSG] 📦 [VIEWER] command extracted: {"speed":30,"radius":20,"colorBall":"#60a5fa","colorBg":"#020617","paused":true,"soundEnabled":false,"soundType":"soft","x":400,"y":300,"vx":0,"vy":0,"dirX":1,"dirY":0,"viewerScreenSize":{"width":800,"height":600}}
[VIEWER MSG] 📦 [VIEWER] command.controllerConnected: 
[VIEWER MSG] 📦 [VIEWER] onStateUpdate received: {"type":"state_update","timestamp":1769601729971,"payload":{"speed":30,"radius":20,"colorBall":"#60a5fa","colorBg":"#020617","paused":true,"soundEnabled":false,"soundType":"soft","x":400,"y":300,"vx":0,"vy":0,"dirX":1,"dirY":0,"viewerScreenSize":{"width":800,"height":600}}}
[VIEWER MSG] 📦 [VIEWER] command extracted: {"speed":30,"radius":20,"colorBall":"#60a5fa","colorBg":"#020617","paused":true,"soundEnabled":false,"soundType":"soft","x":400,"y":300,"vx":0,"vy":0,"dirX":1,"dirY":0,"viewerScreenSize":{"width":800,"height":600}}
[VIEWER MSG] 📦 [VIEWER] command.controllerConnected: 
[VIEWER MSG] 📦 [VIEWER] onStateUpdate received: {"type":"state_update","timestamp":1769601729987,"payload":{"speed":30,"radius":20,"colorBall":"#60a5fa","colorBg":"#020617","paused":true,"soundEnabled":false,"soundType":"soft","x":400,"y":300,"vx":0,"vy":0,"dirX":1,"dirY":0,"viewerScreenSize":{"width":800,"height":600}}}
[VIEWER MSG] 📦 [VIEWER] command extracted: {"speed":30,"radius":20,"colorBall":"#60a5fa","colorBg":"#020617","paused":true,"soundEnabled":false,"soundType":"soft","x":400,"y":300,"vx":0,"vy":0,"dirX":1,"dirY":0,"viewerScreenSize":{"width":800,"height":600}}
[VIEWER MSG] 📦 [VIEWER] command.controllerConnected: 
[VIEWER MSG] 📦 [VIEWER] onStateUpdate received: {"type":"state_update","timestamp":1769601730003,"payload":{"speed":30,"radius":20,"colorBall":"#60a5fa","colorBg":"#020617","paused":true,"soundEnabled":false,"soundType":"soft","x":400,"y":300,"vx":0,"vy":0,"dirX":1,"dirY":0,"viewerScreenSize":{"width":800,"height":600}}}
[VIEWER MSG] 📦 [VIEWER] command extracted: {"speed":30,"radius":20,"colorBall":"#60a5fa","colorBg":"#020617","paused":true,"soundEnabled":false,"soundType":"soft","x":400,"y":300,"vx":0,"vy":0,"dirX":1,"dirY":0,"viewerScreenSize":{"width":800,"height":600}}
[VIEWER MSG] 📦 [VIEWER] command.controllerConnected: 
[VIEWER MSG] 📦 [VIEWER] onStateUpdate received: {"type":"state_update","timestamp":1769601730020,"payload":{"speed":30,"radius":20,"colorBall":"#60a5fa","colorBg":"#020617","paused":true,"soundEnabled":false,"soundType":"soft","x":400,"y":300,"vx":0,"vy":0,"dirX":1,"dirY":0,"viewerScreenSize":{"width":800,"height":600}}}
[VIEWER MSG] 📦 [VIEWER] command extracted: {"speed":30,"radius":20,"colorBall":"#60a5fa","colorBg":"#020617","paused":true,"soundEnabled":false,"soundType":"soft","x":400,"y":300,"vx":0,"vy":0,"dirX":1,"dirY":0,"viewerScreenSize":{"width":800,"height":600}}
[VIEWER MSG] 📦 [VIEWER] command.controllerConnected: 
[VIEWER MSG] 📦 [VIEWER] onStateUpdate received: {"type":"state_update","timestamp":1769601730037,"payload":{"speed":30,"radius":20,"colorBall":"#60a5fa","colorBg":"#020617","paused":true,"soundEnabled":false,"soundType":"soft","x":400,"y":300,"vx":0,"vy":0,"dirX":1,"dirY":0,"viewerScreenSize":{"width":800,"height":600}}}
[VIEWER MSG] 📦 [VIEWER] command extracted: {"speed":30,"radius":20,"colorBall":"#60a5fa","colorBg":"#020617","paused":true,"soundEnabled":false,"soundType":"soft","x":400,"y":300,"vx":0,"vy":0,"dirX":1,"dirY":0,"viewerScreenSize":{"width":800,"height":600}}
[VIEWER MSG] 📦 [VIEWER] command.controllerConnected: 
[VIEWER MSG] 📦 [VIEWER] onStateUpdate received: {"type":"state_update","timestamp":1769601730053,"payload":{"speed":30,"radius":20,"colorBall":"#60a5fa","colorBg":"#020617","paused":true,"soundEnabled":false,"soundType":"soft","x":400,"y":300,"vx":0,"vy":0,"dirX":1,"dirY":0,"viewerScreenSize":{"width":800,"height":600}}}
[VIEWER MSG] 📦 [VIEWER] command extracted: {"speed":30,"radius":20,"colorBall":"#60a5fa","colorBg":"#020617","paused":true,"soundEnabled":false,"soundType":"soft","x":400,"y":300,"vx":0,"vy":0,"dirX":1,"dirY":0,"viewerScreenSize":{"width":800,"height":600}}
[VIEWER MSG] 📦 [VIEWER] command.controllerConnected: 
[VIEWER MSG] 📦 [VIEWER] onStateUpdate received: {"type":"state_update","timestamp":1769601730069,"payload":{"speed":30,"radius":20,"colorBall":"#60a5fa","colorBg":"#020617","paused":true,"soundEnabled":false,"soundType":"soft","x":400,"y":300,"vx":0,"vy":0,"dirX":1,"dirY":0,"viewerScreenSize":{"width":800,"height":600}}}
[VIEWER MSG] 📦 [VIEWER] command extracted: {"speed":30,"radius":20,"colorBall":"#60a5fa","colorBg":"#020617","paused":true,"soundEnabled":false,"soundType":"soft","x":400,"y":300,"vx":0,"vy":0,"dirX":1,"dirY":0,"viewerScreenSize":{"width":800,"height":600}}
[VIEWER MSG] 📦 [VIEWER] command.controllerConnected: 
[VIEWER MSG] 📦 [VIEWER] onStateUpdate received: {"type":"state_update","timestamp":1769601730086,"payload":{"speed":30,"radius":20,"colorBall":"#60a5fa","colorBg":"#020617","paused":true,"soundEnabled":false,"soundType":"soft","x":400,"y":300,"vx":0,"vy":0,"dirX":1,"dirY":0,"viewerScreenSize":{"width":800,"height":600}}}
[VIEWER MSG] 📦 [VIEWER] command extracted: {"speed":30,"radius":20,"colorBall":"#60a5fa","colorBg":"#020617","paused":true,"soundEnabled":false,"soundType":"soft","x":400,"y":300,"vx":0,"vy":0,"dirX":1,"dirY":0,"viewerScreenSize":{"width":800,"height":600}}
[VIEWER MSG] 📦 [VIEWER] command.controllerConnected: 
[VIEWER MSG] 📦 [VIEWER] onStateUpdate received: {"type":"state_update","timestamp":1769601730103,"payload":{"speed":30,"radius":20,"colorBall":"#60a5fa","colorBg":"#020617","paused":true,"soundEnabled":false,"soundType":"soft","x":400,"y":300,"vx":0,"vy":0,"dirX":1,"dirY":0,"viewerScreenSize":{"width":800,"height":600}}}
[VIEWER MSG] 📦 [VIEWER] command extracted: {"speed":30,"radius":20,"colorBall":"#60a5fa","colorBg":"#020617","paused":true,"soundEnabled":false,"soundType":"soft","x":400,"y":300,"vx":0,"vy":0,"dirX":1,"dirY":0,"viewerScreenSize":{"width":800,"height":600}}
[VIEWER MSG] 📦 [VIEWER] command.controllerConnected: 
[VIEWER MSG] 📦 [VIEWER] onStateUpdate received: {"type":"state_update","timestamp":1769601730120,"payload":{"speed":30,"radius":20,"colorBall":"#60a5fa","colorBg":"#020617","paused":true,"soundEnabled":false,"soundType":"soft","x":400,"y":300,"vx":0,"vy":0,"dirX":1,"dirY":0,"viewerScreenSize":{"width":800,"height":600}}}
[VIEWER MSG] 📦 [VIEWER] command extracted: {"speed":30,"radius":20,"colorBall":"#60a5fa","colorBg":"#020617","paused":true,"soundEnabled":false,"soundType":"soft","x":400,"y":300,"vx":0,"vy":0,"dirX":1,"dirY":0,"viewerScreenSize":{"width":800,"height":600}}
[VIEWER MSG] 📦 [VIEWER] command.controllerConnected: 
[VIEWER MSG] 📦 [VIEWER] onStateUpdate received: {"type":"state_update","timestamp":1769601730136,"payload":{"speed":30,"radius":20,"colorBall":"#60a5fa","colorBg":"#020617","paused":true,"soundEnabled":false,"soundType":"soft","x":400,"y":300,"vx":0,"vy":0,"dirX":1,"dirY":0,"viewerScreenSize":{"width":800,"height":600}}}
[VIEWER MSG] 📦 [VIEWER] command extracted: {"speed":30,"radius":20,"colorBall":"#60a5fa","colorBg":"#020617","paused":true,"soundEnabled":false,"soundType":"soft","x":400,"y":300,"vx":0,"vy":0,"dirX":1,"dirY":0,"viewerScreenSize":{"width":800,"height":600}}
[VIEWER MSG] 📦 [VIEWER] command.controllerConnected: 
[VIEWER MSG] 📦 [VIEWER] onStateUpdate received: {"type":"state_update","timestamp":1769601730153,"payload":{"speed":30,"radius":20,"colorBall":"#60a5fa","colorBg":"#020617","paused":true,"soundEnabled":false,"soundType":"soft","x":400,"y":300,"vx":0,"vy":0,"dirX":1,"dirY":0,"viewerScreenSize":{"width":800,"height":600}}}
[VIEWER MSG] 📦 [VIEWER] command extracted: {"speed":30,"radius":20,"colorBall":"#60a5fa","colorBg":"#020617","paused":true,"soundEnabled":false,"soundType":"soft","x":400,"y":300,"vx":0,"vy":0,"dirX":1,"dirY":0,"viewerScreenSize":{"width":800,"height":600}}
[VIEWER MSG] 📦 [VIEWER] command.controllerConnected: 
[VIEWER MSG] 📦 [VIEWER] onStateUpdate received: {"type":"state_update","timestamp":1769601730169,"payload":{"speed":30,"radius":20,"colorBall":"#60a5fa","colorBg":"#020617","paused":true,"soundEnabled":false,"soundType":"soft","x":400,"y":300,"vx":0,"vy":0,"dirX":1,"dirY":0,"viewerScreenSize":{"width":800,"height":600}}}
[VIEWER MSG] 📦 [VIEWER] command extracted: {"speed":30,"radius":20,"colorBall":"#60a5fa","colorBg":"#020617","paused":true,"soundEnabled":false,"soundType":"soft","x":400,"y":300,"vx":0,"vy":0,"dirX":1,"dirY":0,"viewerScreenSize":{"width":800,"height":600}}
[VIEWER MSG] 📦 [VIEWER] command.controllerConnected: 
[VIEWER MSG] 📦 [VIEWER] onStateUpdate received: {"type":"state_update","timestamp":1769601730185,"payload":{"speed":30,"radius":20,"colorBall":"#60a5fa","colorBg":"#020617","paused":true,"soundEnabled":false,"soundType":"soft","x":400,"y":300,"vx":0,"vy":0,"dirX":1,"dirY":0,"viewerScreenSize":{"width":800,"height":600}}}
[VIEWER MSG] 📦 [VIEWER] command extracted: {"speed":30,"radius":20,"colorBall":"#60a5fa","colorBg":"#020617","paused":true,"soundEnabled":false,"soundType":"soft","x":400,"y":300,"vx":0,"vy":0,"dirX":1,"dirY":0,"viewerScreenSize":{"width":800,"height":600}}
[VIEWER MSG] 📦 [VIEWER] command.controllerConnected: 
[VIEWER MSG] 📦 [VIEWER] onStateUpdate received: {"type":"state_update","timestamp":1769601730202,"payload":{"speed":30,"radius":20,"colorBall":"#60a5fa","colorBg":"#020617","paused":true,"soundEnabled":false,"soundType":"soft","x":400,"y":300,"vx":0,"vy":0,"dirX":1,"dirY":0,"viewerScreenSize":{"width":800,"height":600}}}
[VIEWER MSG] 📦 [VIEWER] command extracted: {"speed":30,"radius":20,"colorBall":"#60a5fa","colorBg":"#020617","paused":true,"soundEnabled":false,"soundType":"soft","x":400,"y":300,"vx":0,"vy":0,"dirX":1,"dirY":0,"viewerScreenSize":{"width":800,"height":600}}
[VIEWER MSG] 📦 [VIEWER] command.controllerConnected: 
[VIEWER MSG] 📦 [VIEWER] onStateUpdate received: {"type":"state_update","timestamp":1769601730217,"payload":{"speed":30,"radius":20,"colorBall":"#60a5fa","colorBg":"#020617","paused":true,"soundEnabled":false,"soundType":"soft","x":400,"y":300,"vx":0,"vy":0,"dirX":1,"dirY":0,"viewerScreenSize":{"width":800,"height":600}}}
[VIEWER MSG] 📦 [VIEWER] command extracted: {"speed":30,"radius":20,"colorBall":"#60a5fa","colorBg":"#020617","paused":true,"soundEnabled":false,"soundType":"soft","x":400,"y":300,"vx":0,"vy":0,"dirX":1,"dirY":0,"viewerScreenSize":{"width":800,"height":600}}
[VIEWER MSG] 📦 [VIEWER] command.controllerConnected: 
[VIEWER MSG] 📦 [VIEWER] onStateUpdate received: {"type":"state_update","timestamp":1769601730234,"payload":{"speed":30,"radius":20,"colorBall":"#60a5fa","colorBg":"#020617","paused":true,"soundEnabled":false,"soundType":"soft","x":400,"y":300,"vx":0,"vy":0,"dirX":1,"dirY":0,"viewerScreenSize":{"width":800,"height":600}}}
[VIEWER MSG] 📦 [VIEWER] command extracted: {"speed":30,"radius":20,"colorBall":"#60a5fa","colorBg":"#020617","paused":true,"soundEnabled":false,"soundType":"soft","x":400,"y":300,"vx":0,"vy":0,"dirX":1,"dirY":0,"viewerScreenSize":{"width":800,"height":600}}
[VIEWER MSG] 📦 [VIEWER] command.controllerConnected: 
[VIEWER MSG] 📦 [VIEWER] onStateUpdate received: {"type":"state_update","timestamp":1769601730250,"payload":{"speed":30,"radius":20,"colorBall":"#60a5fa","colorBg":"#020617","paused":true,"soundEnabled":false,"soundType":"soft","x":400,"y":300,"vx":0,"vy":0,"dirX":1,"dirY":0,"viewerScreenSize":{"width":800,"height":600}}}
[VIEWER MSG] 📦 [VIEWER] command extracted: {"speed":30,"radius":20,"colorBall":"#60a5fa","colorBg":"#020617","paused":true,"soundEnabled":false,"soundType":"soft","x":400,"y":300,"vx":0,"vy":0,"dirX":1,"dirY":0,"viewerScreenSize":{"width":800,"height":600}}
[VIEWER MSG] 📦 [VIEWER] command.controllerConnected: 
[VIEWER MSG] 📦 [VIEWER] onStateUpdate received: {"type":"state_update","timestamp":1769601730267,"payload":{"speed":30,"radius":20,"colorBall":"#60a5fa","colorBg":"#020617","paused":true,"soundEnabled":false,"soundType":"soft","x":400,"y":300,"vx":0,"vy":0,"dirX":1,"dirY":0,"viewerScreenSize":{"width":800,"height":600}}}
[VIEWER MSG] 📦 [VIEWER] command extracted: {"speed":30,"radius":20,"colorBall":"#60a5fa","colorBg":"#020617","paused":true,"soundEnabled":false,"soundType":"soft","x":400,"y":300,"vx":0,"vy":0,"dirX":1,"dirY":0,"viewerScreenSize":{"width":800,"height":600}}
[VIEWER MSG] 📦 [VIEWER] command.controllerConnected: 
[VIEWER MSG] 📦 [VIEWER] onStateUpdate received: {"type":"state_update","timestamp":1769601730283,"payload":{"speed":30,"radius":20,"colorBall":"#60a5fa","colorBg":"#020617","paused":true,"soundEnabled":false,"soundType":"soft","x":400,"y":300,"vx":0,"vy":0,"dirX":1,"dirY":0,"viewerScreenSize":{"width":800,"height":600}}}
[VIEWER MSG] 📦 [VIEWER] command extracted: {"speed":30,"radius":20,"colorBall":"#60a5fa","colorBg":"#020617","paused":true,"soundEnabled":false,"soundType":"soft","x":400,"y":300,"vx":0,"vy":0,"dirX":1,"dirY":0,"viewerScreenSize":{"width":800,"height":600}}
[VIEWER MSG] 📦 [VIEWER] command.controllerConnected: 
[VIEWER MSG] 📦 [VIEWER] onStateUpdate received: {"type":"state_update","timestamp":1769601730300,"payload":{"speed":30,"radius":20,"colorBall":"#60a5fa","colorBg":"#020617","paused":true,"soundEnabled":false,"soundType":"soft","x":400,"y":300,"vx":0,"vy":0,"dirX":1,"dirY":0,"viewerScreenSize":{"width":800,"height":600}}}
[VIEWER MSG] 📦 [VIEWER] command extracted: {"speed":30,"radius":20,"colorBall":"#60a5fa","colorBg":"#020617","paused":true,"soundEnabled":false,"soundType":"soft","x":400,"y":300,"vx":0,"vy":0,"dirX":1,"dirY":0,"viewerScreenSize":{"width":800,"height":600}}
[VIEWER MSG] 📦 [VIEWER] command.controllerConnected: 
[VIEWER MSG] 📦 [VIEWER] onStateUpdate received: {"type":"state_update","timestamp":1769601730316,"payload":{"speed":30,"radius":20,"colorBall":"#60a5fa","colorBg":"#020617","paused":true,"soundEnabled":false,"soundType":"soft","x":400,"y":300,"vx":0,"vy":0,"dirX":1,"dirY":0,"viewerScreenSize":{"width":800,"height":600}}}
[VIEWER MSG] 📦 [VIEWER] command extracted: {"speed":30,"radius":20,"colorBall":"#60a5fa","colorBg":"#020617","paused":true,"soundEnabled":false,"soundType":"soft","x":400,"y":300,"vx":0,"vy":0,"dirX":1,"dirY":0,"viewerScreenSize":{"width":800,"height":600}}
[VIEWER MSG] 📦 [VIEWER] command.controllerConnected: 
[VIEWER MSG] 📦 [VIEWER] onStateUpdate received: {"type":"state_update","timestamp":1769601730333,"payload":{"speed":30,"radius":20,"colorBall":"#60a5fa","colorBg":"#020617","paused":true,"soundEnabled":false,"soundType":"soft","x":400,"y":300,"vx":0,"vy":0,"dirX":1,"dirY":0,"viewerScreenSize":{"width":800,"height":600}}}
[VIEWER MSG] 📦 [VIEWER] command extracted: {"speed":30,"radius":20,"colorBall":"#60a5fa","colorBg":"#020617","paused":true,"soundEnabled":false,"soundType":"soft","x":400,"y":300,"vx":0,"vy":0,"dirX":1,"dirY":0,"viewerScreenSize":{"width":800,"height":600}}
[VIEWER MSG] 📦 [VIEWER] command.controllerConnected: 
[VIEWER MSG] 📦 [VIEWER] onStateUpdate received: {"type":"state_update","timestamp":1769601730350,"payload":{"speed":30,"radius":20,"colorBall":"#60a5fa","colorBg":"#020617","paused":true,"soundEnabled":false,"soundType":"soft","x":400,"y":300,"vx":0,"vy":0,"dirX":1,"dirY":0,"viewerScreenSize":{"width":800,"height":600}}}
[VIEWER MSG] 📦 [VIEWER] command extracted: {"speed":30,"radius":20,"colorBall":"#60a5fa","colorBg":"#020617","paused":true,"soundEnabled":false,"soundType":"soft","x":400,"y":300,"vx":0,"vy":0,"dirX":1,"dirY":0,"viewerScreenSize":{"width":800,"height":600}}
[VIEWER MSG] 📦 [VIEWER] command.controllerConnected: 
[VIEWER MSG] 📦 [VIEWER] onStateUpdate received: {"type":"state_update","timestamp":1769601730366,"payload":{"speed":30,"radius":20,"colorBall":"#60a5fa","colorBg":"#020617","paused":true,"soundEnabled":false,"soundType":"soft","x":400,"y":300,"vx":0,"vy":0,"dirX":1,"dirY":0,"viewerScreenSize":{"width":800,"height":600}}}
[VIEWER MSG] 📦 [VIEWER] command extracted: {"speed":30,"radius":20,"colorBall":"#60a5fa","colorBg":"#020617","paused":true,"soundEnabled":false,"soundType":"soft","x":400,"y":300,"vx":0,"vy":0,"dirX":1,"dirY":0,"viewerScreenSize":{"width":800,"height":600}}
[VIEWER MSG] 📦 [VIEWER] command.controllerConnected: 
[VIEWER MSG] 📦 [VIEWER] onStateUpdate received: {"type":"state_update","timestamp":1769601730382,"payload":{"speed":30,"radius":20,"colorBall":"#60a5fa","colorBg":"#020617","paused":true,"soundEnabled":false,"soundType":"soft","x":400,"y":300,"vx":0,"vy":0,"dirX":1,"dirY":0,"viewerScreenSize":{"width":800,"height":600}}}
[VIEWER MSG] 📦 [VIEWER] command extracted: {"speed":30,"radius":20,"colorBall":"#60a5fa","colorBg":"#020617","paused":true,"soundEnabled":false,"soundType":"soft","x":400,"y":300,"vx":0,"vy":0,"dirX":1,"dirY":0,"viewerScreenSize":{"width":800,"height":600}}
[VIEWER MSG] 📦 [VIEWER] command.controllerConnected: 
[VIEWER MSG] 📦 [VIEWER] onStateUpdate received: {"type":"state_update","timestamp":1769601730398,"payload":{"speed":30,"radius":20,"colorBall":"#60a5fa","colorBg":"#020617","paused":true,"soundEnabled":false,"soundType":"soft","x":400,"y":300,"vx":0,"vy":0,"dirX":1,"dirY":0,"viewerScreenSize":{"width":800,"height":600}}}
[VIEWER MSG] 📦 [VIEWER] command extracted: {"speed":30,"radius":20,"colorBall":"#60a5fa","colorBg":"#020617","paused":true,"soundEnabled":false,"soundType":"soft","x":400,"y":300,"vx":0,"vy":0,"dirX":1,"dirY":0,"viewerScreenSize":{"width":800,"height":600}}
[VIEWER MSG] 📦 [VIEWER] command.controllerConnected: 
[VIEWER MSG] 📦 [VIEWER] onStateUpdate received: {"type":"state_update","timestamp":1769601730415,"payload":{"speed":30,"radius":20,"colorBall":"#60a5fa","colorBg":"#020617","paused":true,"soundEnabled":false,"soundType":"soft","x":400,"y":300,"vx":0,"vy":0,"dirX":1,"dirY":0,"viewerScreenSize":{"width":800,"height":600}}}
[VIEWER MSG] 📦 [VIEWER] command extracted: {"speed":30,"radius":20,"colorBall":"#60a5fa","colorBg":"#020617","paused":true,"soundEnabled":false,"soundType":"soft","x":400,"y":300,"vx":0,"vy":0,"dirX":1,"dirY":0,"viewerScreenSize":{"width":800,"height":600}}
[VIEWER MSG] 📦 [VIEWER] command.controllerConnected: 
[VIEWER MSG] 📦 [VIEWER] onStateUpdate received: {"type":"state_update","timestamp":1769601730431,"payload":{"speed":30,"radius":20,"colorBall":"#60a5fa","colorBg":"#020617","paused":true,"soundEnabled":false,"soundType":"soft","x":400,"y":300,"vx":0,"vy":0,"dirX":1,"dirY":0,"viewerScreenSize":{"width":800,"height":600}}}
[VIEWER MSG] 📦 [VIEWER] command extracted: {"speed":30,"radius":20,"colorBall":"#60a5fa","colorBg":"#020617","paused":true,"soundEnabled":false,"soundType":"soft","x":400,"y":300,"vx":0,"vy":0,"dirX":1,"dirY":0,"viewerScreenSize":{"width":800,"height":600}}
[VIEWER MSG] 📦 [VIEWER] command.controllerConnected: 
[VIEWER MSG] 📦 [VIEWER] onStateUpdate received: {"type":"state_update","timestamp":1769601730447,"payload":{"speed":30,"radius":20,"colorBall":"#60a5fa","colorBg":"#020617","paused":true,"soundEnabled":false,"soundType":"soft","x":400,"y":300,"vx":0,"vy":0,"dirX":1,"dirY":0,"viewerScreenSize":{"width":800,"height":600}}}
[VIEWER MSG] 📦 [VIEWER] command extracted: {"speed":30,"radius":20,"colorBall":"#60a5fa","colorBg":"#020617","paused":true,"soundEnabled":false,"soundType":"soft","x":400,"y":300,"vx":0,"vy":0,"dirX":1,"dirY":0,"viewerScreenSize":{"width":800,"height":600}}
[VIEWER MSG] 📦 [VIEWER] command.controllerConnected: 
[VIEWER MSG] 📦 [VIEWER] onStateUpdate received: {"type":"state_update","timestamp":1769601730464,"payload":{"speed":30,"radius":20,"colorBall":"#60a5fa","colorBg":"#020617","paused":true,"soundEnabled":false,"soundType":"soft","x":400,"y":300,"vx":0,"vy":0,"dirX":1,"dirY":0,"viewerScreenSize":{"width":800,"height":600}}}
[VIEWER MSG] 📦 [VIEWER] command extracted: {"speed":30,"radius":20,"colorBall":"#60a5fa","colorBg":"#020617","paused":true,"soundEnabled":false,"soundType":"soft","x":400,"y":300,"vx":0,"vy":0,"dirX":1,"dirY":0,"viewerScreenSize":{"width":800,"height":600}}
[VIEWER MSG] 📦 [VIEWER] command.controllerConnected: 
[VIEWER MSG] 📦 [VIEWER] onStateUpdate received: {"type":"state_update","timestamp":1769601730480,"payload":{"speed":30,"radius":20,"colorBall":"#60a5fa","colorBg":"#020617","paused":true,"soundEnabled":false,"soundType":"soft","x":400,"y":300,"vx":0,"vy":0,"dirX":1,"dirY":0,"viewerScreenSize":{"width":800,"height":600}}}
[VIEWER MSG] 📦 [VIEWER] command extracted: {"speed":30,"radius":20,"colorBall":"#60a5fa","colorBg":"#020617","paused":true,"soundEnabled":false,"soundType":"soft","x":400,"y":300,"vx":0,"vy":0,"dirX":1,"dirY":0,"viewerScreenSize":{"width":800,"height":600}}
[VIEWER MSG] 📦 [VIEWER] command.controllerConnected: 
[VIEWER MSG] 📦 [VIEWER] onStateUpdate received: {"type":"state_update","timestamp":1769601730497,"payload":{"speed":30,"radius":20,"colorBall":"#60a5fa","colorBg":"#020617","paused":true,"soundEnabled":false,"soundType":"soft","x":400,"y":300,"vx":0,"vy":0,"dirX":1,"dirY":0,"viewerScreenSize":{"width":800,"height":600}}}
[VIEWER MSG] 📦 [VIEWER] command extracted: {"speed":30,"radius":20,"colorBall":"#60a5fa","colorBg":"#020617","paused":true,"soundEnabled":false,"soundType":"soft","x":400,"y":300,"vx":0,"vy":0,"dirX":1,"dirY":0,"viewerScreenSize":{"width":800,"height":600}}
[VIEWER MSG] 📦 [VIEWER] command.controllerConnected: 
[VIEWER MSG] 📦 [VIEWER] onStateUpdate received: {"type":"state_update","timestamp":1769601730513,"payload":{"speed":30,"radius":20,"colorBall":"#60a5fa","colorBg":"#020617","paused":true,"soundEnabled":false,"soundType":"soft","x":400,"y":300,"vx":0,"vy":0,"dirX":1,"dirY":0,"viewerScreenSize":{"width":800,"height":600}}}
[VIEWER MSG] 📦 [VIEWER] command extracted: {"speed":30,"radius":20,"colorBall":"#60a5fa","colorBg":"#020617","paused":true,"soundEnabled":false,"soundType":"soft","x":400,"y":300,"vx":0,"vy":0,"dirX":1,"dirY":0,"viewerScreenSize":{"width":800,"height":600}}
[VIEWER MSG] 📦 [VIEWER] command.controllerConnected: 
[VIEWER MSG] 📦 [VIEWER] onStateUpdate received: {"type":"state_update","timestamp":1769601730529,"payload":{"speed":30,"radius":20,"colorBall":"#60a5fa","colorBg":"#020617","paused":true,"soundEnabled":false,"soundType":"soft","x":400,"y":300,"vx":0,"vy":0,"dirX":1,"dirY":0,"viewerScreenSize":{"width":800,"height":600}}}
[VIEWER MSG] 📦 [VIEWER] command extracted: {"speed":30,"radius":20,"colorBall":"#60a5fa","colorBg":"#020617","paused":true,"soundEnabled":false,"soundType":"soft","x":400,"y":300,"vx":0,"vy":0,"dirX":1,"dirY":0,"viewerScreenSize":{"width":800,"height":600}}
[VIEWER MSG] 📦 [VIEWER] command.controllerConnected: 
[VIEWER MSG] 📦 [VIEWER] onStateUpdate received: {"type":"state_update","timestamp":1769601730546,"payload":{"speed":30,"radius":20,"colorBall":"#60a5fa","colorBg":"#020617","paused":true,"soundEnabled":false,"soundType":"soft","x":400,"y":300,"vx":0,"vy":0,"dirX":1,"dirY":0,"viewerScreenSize":{"width":800,"height":600}}}
[VIEWER MSG] 📦 [VIEWER] command extracted: {"speed":30,"radius":20,"colorBall":"#60a5fa","colorBg":"#020617","paused":true,"soundEnabled":false,"soundType":"soft","x":400,"y":300,"vx":0,"vy":0,"dirX":1,"dirY":0,"viewerScreenSize":{"width":800,"height":600}}
[VIEWER MSG] 📦 [VIEWER] command.controllerConnected: 
[VIEWER MSG] 📦 [VIEWER] onStateUpdate received: {"type":"state_update","timestamp":1769601730562,"payload":{"speed":30,"radius":20,"colorBall":"#60a5fa","colorBg":"#020617","paused":true,"soundEnabled":false,"soundType":"soft","x":400,"y":300,"vx":0,"vy":0,"dirX":1,"dirY":0,"viewerScreenSize":{"width":800,"height":600}}}
[VIEWER MSG] 📦 [VIEWER] command extracted: {"speed":30,"radius":20,"colorBall":"#60a5fa","colorBg":"#020617","paused":true,"soundEnabled":false,"soundType":"soft","x":400,"y":300,"vx":0,"vy":0,"dirX":1,"dirY":0,"viewerScreenSize":{"width":800,"height":600}}
[VIEWER MSG] 📦 [VIEWER] command.controllerConnected: 
[VIEWER MSG] 📦 [VIEWER] onStateUpdate received: {"type":"state_update","timestamp":1769601730579,"payload":{"speed":30,"radius":20,"colorBall":"#60a5fa","colorBg":"#020617","paused":true,"soundEnabled":false,"soundType":"soft","x":400,"y":300,"vx":0,"vy":0,"dirX":1,"dirY":0,"viewerScreenSize":{"width":800,"height":600}}}
[VIEWER MSG] 📦 [VIEWER] command extracted: {"speed":30,"radius":20,"colorBall":"#60a5fa","colorBg":"#020617","paused":true,"soundEnabled":false,"soundType":"soft","x":400,"y":300,"vx":0,"vy":0,"dirX":1,"dirY":0,"viewerScreenSize":{"width":800,"height":600}}
[VIEWER MSG] 📦 [VIEWER] command.controllerConnected: 
[VIEWER MSG] 📦 [VIEWER] onStateUpdate received: {"type":"state_update","timestamp":1769601730595,"payload":{"speed":30,"radius":20,"colorBall":"#60a5fa","colorBg":"#020617","paused":true,"soundEnabled":false,"soundType":"soft","x":400,"y":300,"vx":0,"vy":0,"dirX":1,"dirY":0,"viewerScreenSize":{"width":800,"height":600}}}
[VIEWER MSG] 📦 [VIEWER] command extracted: {"speed":30,"radius":20,"colorBall":"#60a5fa","colorBg":"#020617","paused":true,"soundEnabled":false,"soundType":"soft","x":400,"y":300,"vx":0,"vy":0,"dirX":1,"dirY":0,"viewerScreenSize":{"width":800,"height":600}}
[VIEWER MSG] 📦 [VIEWER] command.controllerConnected: 
[VIEWER MSG] 📦 [VIEWER] onStateUpdate received: {"type":"state_update","timestamp":1769601730612,"payload":{"speed":30,"radius":20,"colorBall":"#60a5fa","colorBg":"#020617","paused":true,"soundEnabled":false,"soundType":"soft","x":400,"y":300,"vx":0,"vy":0,"dirX":1,"dirY":0,"viewerScreenSize":{"width":800,"height":600}}}
[VIEWER MSG] 📦 [VIEWER] command extracted: {"speed":30,"radius":20,"colorBall":"#60a5fa","colorBg":"#020617","paused":true,"soundEnabled":false,"soundType":"soft","x":400,"y":300,"vx":0,"vy":0,"dirX":1,"dirY":0,"viewerScreenSize":{"width":800,"height":600}}
[VIEWER MSG] 📦 [VIEWER] command.controllerConnected: 
[VIEWER MSG] 📦 [VIEWER] onStateUpdate received: {"type":"state_update","timestamp":1769601730628,"payload":{"speed":30,"radius":20,"colorBall":"#60a5fa","colorBg":"#020617","paused":true,"soundEnabled":false,"soundType":"soft","x":400,"y":300,"vx":0,"vy":0,"dirX":1,"dirY":0,"viewerScreenSize":{"width":800,"height":600}}}
[VIEWER MSG] 📦 [VIEWER] command extracted: {"speed":30,"radius":20,"colorBall":"#60a5fa","colorBg":"#020617","paused":true,"soundEnabled":false,"soundType":"soft","x":400,"y":300,"vx":0,"vy":0,"dirX":1,"dirY":0,"viewerScreenSize":{"width":800,"height":600}}
✅ Pages loaded (or updated)
[VIEWER MSG] 📦 [VIEWER] command.controllerConnected: 
[VIEWER MSG] 📦 [VIEWER] onStateUpdate received: {"type":"state_update","timestamp":1769601730644,"payload":{"speed":30,"radius":20,"colorBall":"#60a5fa","colorBg":"#020617","paused":true,"soundEnabled":false,"soundType":"soft","x":400,"y":300,"vx":0,"vy":0,"dirX":1,"dirY":0,"viewerScreenSize":{"width":800,"height":600}}}
[VIEWER MSG] 📦 [VIEWER] command extracted: {"speed":30,"radius":20,"colorBall":"#60a5fa","colorBg":"#020617","paused":true,"soundEnabled":false,"soundType":"soft","x":400,"y":300,"vx":0,"vy":0,"dirX":1,"dirY":0,"viewerScreenSize":{"width":800,"height":600}}
[VIEWER MSG] 📦 [VIEWER] command.controllerConnected: 
[VIEWER MSG] 📦 [VIEWER] onStateUpdate received: {"type":"state_update","timestamp":1769601730661,"payload":{"speed":30,"radius":20,"colorBall":"#60a5fa","colorBg":"#020617","paused":true,"soundEnabled":false,"soundType":"soft","x":400,"y":300,"vx":0,"vy":0,"dirX":1,"dirY":0,"viewerScreenSize":{"width":800,"height":600}}}
[VIEWER MSG] 📦 [VIEWER] command extracted: {"speed":30,"radius":20,"colorBall":"#60a5fa","colorBg":"#020617","paused":true,"soundEnabled":false,"soundType":"soft","x":400,"y":300,"vx":0,"vy":0,"dirX":1,"dirY":0,"viewerScreenSize":{"width":800,"height":600}}
[VIEWER MSG] 📦 [VIEWER] command.controllerConnected: 
[VIEWER MSG] 📦 [VIEWER] onStateUpdate received: {"type":"state_update","timestamp":1769601730677,"payload":{"speed":30,"radius":20,"colorBall":"#60a5fa","colorBg":"#020617","paused":true,"soundEnabled":false,"soundType":"soft","x":400,"y":300,"vx":0,"vy":0,"dirX":1,"dirY":0,"viewerScreenSize":{"width":800,"height":600}}}
[VIEWER MSG] 📦 [VIEWER] command extracted: {"speed":30,"radius":20,"colorBall":"#60a5fa","colorBg":"#020617","paused":true,"soundEnabled":false,"soundType":"soft","x":400,"y":300,"vx":0,"vy":0,"dirX":1,"dirY":0,"viewerScreenSize":{"width":800,"height":600}}
[VIEWER MSG] 📦 [VIEWER] command.controllerConnected: 
[VIEWER MSG] 📦 [VIEWER] onStateUpdate received: {"type":"state_update","timestamp":1769601730694,"payload":{"speed":30,"radius":20,"colorBall":"#60a5fa","colorBg":"#020617","paused":true,"soundEnabled":false,"soundType":"soft","x":400,"y":300,"vx":0,"vy":0,"dirX":1,"dirY":0,"viewerScreenSize":{"width":800,"height":600}}}
[VIEWER MSG] 📦 [VIEWER] command extracted: {"speed":30,"radius":20,"colorBall":"#60a5fa","colorBg":"#020617","paused":true,"soundEnabled":false,"soundType":"soft","x":400,"y":300,"vx":0,"vy":0,"dirX":1,"dirY":0,"viewerScreenSize":{"width":800,"height":600}}
[VIEWER MSG] 📦 [VIEWER] command.controllerConnected: 
[VIEWER MSG] 📦 [VIEWER] onStateUpdate received: {"type":"state_update","timestamp":1769601730710,"payload":{"speed":30,"radius":20,"colorBall":"#60a5fa","colorBg":"#020617","paused":true,"soundEnabled":false,"soundType":"soft","x":400,"y":300,"vx":0,"vy":0,"dirX":1,"dirY":0,"viewerScreenSize":{"width":800,"height":600}}}
[VIEWER MSG] 📦 [VIEWER] command extracted: {"speed":30,"radius":20,"colorBall":"#60a5fa","colorBg":"#020617","paused":true,"soundEnabled":false,"soundType":"soft","x":400,"y":300,"vx":0,"vy":0,"dirX":1,"dirY":0,"viewerScreenSize":{"width":800,"height":600}}
[VIEWER MSG] 📦 [VIEWER] command.controllerConnected: 
[VIEWER MSG] 📦 [VIEWER] onStateUpdate received: {"type":"state_update","timestamp":1769601730727,"payload":{"speed":30,"radius":20,"colorBall":"#60a5fa","colorBg":"#020617","paused":true,"soundEnabled":false,"soundType":"soft","x":400,"y":300,"vx":0,"vy":0,"dirX":1,"dirY":0,"viewerScreenSize":{"width":800,"height":600}}}
[VIEWER MSG] 📦 [VIEWER] command extracted: {"speed":30,"radius":20,"colorBall":"#60a5fa","colorBg":"#020617","paused":true,"soundEnabled":false,"soundType":"soft","x":400,"y":300,"vx":0,"vy":0,"dirX":1,"dirY":0,"viewerScreenSize":{"width":800,"height":600}}
[VIEWER MSG] 📦 [VIEWER] command.controllerConnected: 
[VIEWER MSG] 📦 [VIEWER] onStateUpdate received: {"type":"state_update","timestamp":1769601730743,"payload":{"speed":30,"radius":20,"colorBall":"#60a5fa","colorBg":"#020617","paused":true,"soundEnabled":false,"soundType":"soft","x":400,"y":300,"vx":0,"vy":0,"dirX":1,"dirY":0,"viewerScreenSize":{"width":800,"height":600}}}
[VIEWER MSG] 📦 [VIEWER] command extracted: {"speed":30,"radius":20,"colorBall":"#60a5fa","colorBg":"#020617","paused":true,"soundEnabled":false,"soundType":"soft","x":400,"y":300,"vx":0,"vy":0,"dirX":1,"dirY":0,"viewerScreenSize":{"width":800,"height":600}}
[VIEWER MSG] 📦 [VIEWER] command.controllerConnected: 
[VIEWER MSG] 📦 [VIEWER] onStateUpdate received: {"type":"state_update","timestamp":1769601730760,"payload":{"speed":30,"radius":20,"colorBall":"#60a5fa","colorBg":"#020617","paused":true,"soundEnabled":false,"soundType":"soft","x":400,"y":300,"vx":0,"vy":0,"dirX":1,"dirY":0,"viewerScreenSize":{"width":800,"height":600}}}
[VIEWER MSG] 📦 [VIEWER] command extracted: {"speed":30,"radius":20,"colorBall":"#60a5fa","colorBg":"#020617","paused":true,"soundEnabled":false,"soundType":"soft","x":400,"y":300,"vx":0,"vy":0,"dirX":1,"dirY":0,"viewerScreenSize":{"width":800,"height":600}}
[VIEWER MSG] 📦 [VIEWER] command.controllerConnected: 
[VIEWER MSG] 📦 [VIEWER] onStateUpdate received: {"type":"state_update","timestamp":1769601730776,"payload":{"speed":30,"radius":20,"colorBall":"#60a5fa","colorBg":"#020617","paused":true,"soundEnabled":false,"soundType":"soft","x":400,"y":300,"vx":0,"vy":0,"dirX":1,"dirY":0,"viewerScreenSize":{"width":800,"height":600}}}
[VIEWER MSG] 📦 [VIEWER] command extracted: {"speed":30,"radius":20,"colorBall":"#60a5fa","colorBg":"#020617","paused":true,"soundEnabled":false,"soundType":"soft","x":400,"y":300,"vx":0,"vy":0,"dirX":1,"dirY":0,"viewerScreenSize":{"width":800,"height":600}}
[VIEWER MSG] 📦 [VIEWER] command.controllerConnected: 
[VIEWER MSG] 📦 [VIEWER] onStateUpdate received: {"type":"state_update","timestamp":1769601730793,"payload":{"speed":30,"radius":20,"colorBall":"#60a5fa","colorBg":"#020617","paused":true,"soundEnabled":false,"soundType":"soft","x":400,"y":300,"vx":0,"vy":0,"dirX":1,"dirY":0,"viewerScreenSize":{"width":800,"height":600}}}
[VIEWER MSG] 📦 [VIEWER] command extracted: {"speed":30,"radius":20,"colorBall":"#60a5fa","colorBg":"#020617","paused":true,"soundEnabled":false,"soundType":"soft","x":400,"y":300,"vx":0,"vy":0,"dirX":1,"dirY":0,"viewerScreenSize":{"width":800,"height":600}}
[VIEWER MSG] 📦 [VIEWER] command.controllerConnected: 
[VIEWER MSG] 📦 [VIEWER] onStateUpdate received: {"type":"state_update","timestamp":1769601730809,"payload":{"speed":30,"radius":20,"colorBall":"#60a5fa","colorBg":"#020617","paused":true,"soundEnabled":false,"soundType":"soft","x":400,"y":300,"vx":0,"vy":0,"dirX":1,"dirY":0,"viewerScreenSize":{"width":800,"height":600}}}
[VIEWER MSG] 📦 [VIEWER] command extracted: {"speed":30,"radius":20,"colorBall":"#60a5fa","colorBg":"#020617","paused":true,"soundEnabled":false,"soundType":"soft","x":400,"y":300,"vx":0,"vy":0,"dirX":1,"dirY":0,"viewerScreenSize":{"width":800,"height":600}}
[VIEWER MSG] 📦 [VIEWER] command.controllerConnected: 
[VIEWER MSG] 📦 [VIEWER] onStateUpdate received: {"type":"state_update","timestamp":1769601730826,"payload":{"speed":30,"radius":20,"colorBall":"#60a5fa","colorBg":"#020617","paused":true,"soundEnabled":false,"soundType":"soft","x":400,"y":300,"vx":0,"vy":0,"dirX":1,"dirY":0,"viewerScreenSize":{"width":800,"height":600}}}
[VIEWER MSG] 📦 [VIEWER] command extracted: {"speed":30,"radius":20,"colorBall":"#60a5fa","colorBg":"#020617","paused":true,"soundEnabled":false,"soundType":"soft","x":400,"y":300,"vx":0,"vy":0,"dirX":1,"dirY":0,"viewerScreenSize":{"width":800,"height":600}}
[VIEWER MSG] 📦 [VIEWER] command.controllerConnected: 
[VIEWER MSG] 📦 [VIEWER] onStateUpdate received: {"type":"state_update","timestamp":1769601730842,"payload":{"speed":30,"radius":20,"colorBall":"#60a5fa","colorBg":"#020617","paused":true,"soundEnabled":false,"soundType":"soft","x":400,"y":300,"vx":0,"vy":0,"dirX":1,"dirY":0,"viewerScreenSize":{"width":800,"height":600}}}
[VIEWER MSG] 📦 [VIEWER] command extracted: {"speed":30,"radius":20,"colorBall":"#60a5fa","colorBg":"#020617","paused":true,"soundEnabled":false,"soundType":"soft","x":400,"y":300,"vx":0,"vy":0,"dirX":1,"dirY":0,"viewerScreenSize":{"width":800,"height":600}}
[VIEWER MSG] 📦 [VIEWER] command.controllerConnected: 
[VIEWER MSG] 📦 [VIEWER] onStateUpdate received: {"type":"state_update","timestamp":1769601730858,"payload":{"speed":30,"radius":20,"colorBall":"#60a5fa","colorBg":"#020617","paused":true,"soundEnabled":false,"soundType":"soft","x":400,"y":300,"vx":0,"vy":0,"dirX":1,"dirY":0,"viewerScreenSize":{"width":800,"height":600}}}
[VIEWER MSG] 📦 [VIEWER] command extracted: {"speed":30,"radius":20,"colorBall":"#60a5fa","colorBg":"#020617","paused":true,"soundEnabled":false,"soundType":"soft","x":400,"y":300,"vx":0,"vy":0,"dirX":1,"dirY":0,"viewerScreenSize":{"width":800,"height":600}}
[VIEWER MSG] 📦 [VIEWER] command.controllerConnected: 
✅ physicsEngine initialized
[VIEWER MSG] 📦 [VIEWER] onStateUpdate received: {"type":"state_update","timestamp":1769601730874,"payload":{"speed":30,"radius":20,"colorBall":"#60a5fa","colorBg":"#020617","paused":true,"soundEnabled":false,"soundType":"soft","x":400,"y":300,"vx":0,"vy":0,"dirX":1,"dirY":0,"viewerScreenSize":{"width":800,"height":600}}}
[VIEWER MSG] 📦 [VIEWER] command extracted: {"speed":30,"radius":20,"colorBall":"#60a5fa","colorBg":"#020617","paused":true,"soundEnabled":false,"soundType":"soft","x":400,"y":300,"vx":0,"vy":0,"dirX":1,"dirY":0,"viewerScreenSize":{"width":800,"height":600}}
[VIEWER MSG] 📦 [VIEWER] command.controllerConnected: 
[VIEWER MSG] 📦 [VIEWER] onStateUpdate received: {"type":"state_update","timestamp":1769601730891,"payload":{"speed":30,"radius":20,"colorBall":"#60a5fa","colorBg":"#020617","paused":true,"soundEnabled":false,"soundType":"soft","x":400,"y":300,"vx":0,"vy":0,"dirX":1,"dirY":0,"viewerScreenSize":{"width":800,"height":600}}}
[VIEWER MSG] 📦 [VIEWER] command extracted: {"speed":30,"radius":20,"colorBall":"#60a5fa","colorBg":"#020617","paused":true,"soundEnabled":false,"soundType":"soft","x":400,"y":300,"vx":0,"vy":0,"dirX":1,"dirY":0,"viewerScreenSize":{"width":800,"height":600}}
[VIEWER MSG] 📦 [VIEWER] command.controllerConnected: 
[VIEWER MSG] 📦 [VIEWER] onStateUpdate received: {"type":"state_update","timestamp":1769601730907,"payload":{"speed":30,"radius":20,"colorBall":"#60a5fa","colorBg":"#020617","paused":true,"soundEnabled":false,"soundType":"soft","x":400,"y":300,"vx":0,"vy":0,"dirX":1,"dirY":0,"viewerScreenSize":{"width":800,"height":600}}}
[VIEWER MSG] 📦 [VIEWER] command extracted: {"speed":30,"radius":20,"colorBall":"#60a5fa","colorBg":"#020617","paused":true,"soundEnabled":false,"soundType":"soft","x":400,"y":300,"vx":0,"vy":0,"dirX":1,"dirY":0,"viewerScreenSize":{"width":800,"height":600}}
[VIEWER MSG] 📦 [VIEWER] command.controllerConnected: 
[VIEWER MSG] 📦 [VIEWER] onStateUpdate received: {"type":"state_update","timestamp":1769601730924,"payload":{"speed":30,"radius":20,"colorBall":"#60a5fa","colorBg":"#020617","paused":true,"soundEnabled":false,"soundType":"soft","x":400,"y":300,"vx":0,"vy":0,"dirX":1,"dirY":0,"viewerScreenSize":{"width":800,"height":600}}}
[VIEWER MSG] 📦 [VIEWER] command extracted: {"speed":30,"radius":20,"colorBall":"#60a5fa","colorBg":"#020617","paused":true,"soundEnabled":false,"soundType":"soft","x":400,"y":300,"vx":0,"vy":0,"dirX":1,"dirY":0,"viewerScreenSize":{"width":800,"height":600}}
[VIEWER MSG] 📦 [VIEWER] command.controllerConnected: 
[VIEWER MSG] 📦 [VIEWER] onStateUpdate received: {"type":"state_update","timestamp":1769601730940,"payload":{"speed":30,"radius":20,"colorBall":"#60a5fa","colorBg":"#020617","paused":true,"soundEnabled":false,"soundType":"soft","x":400,"y":300,"vx":0,"vy":0,"dirX":1,"dirY":0,"viewerScreenSize":{"width":800,"height":600}}}
[VIEWER MSG] 📦 [VIEWER] command extracted: {"speed":30,"radius":20,"colorBall":"#60a5fa","colorBg":"#020617","paused":true,"soundEnabled":false,"soundType":"soft","x":400,"y":300,"vx":0,"vy":0,"dirX":1,"dirY":0,"viewerScreenSize":{"width":800,"height":600}}
[VIEWER MSG] 📦 [VIEWER] command.controllerConnected: 
[VIEWER MSG] 📦 [VIEWER] onStateUpdate received: {"type":"state_update","timestamp":1769601730956,"payload":{"speed":30,"radius":20,"colorBall":"#60a5fa","colorBg":"#020617","paused":true,"soundEnabled":false,"soundType":"soft","x":400,"y":300,"vx":0,"vy":0,"dirX":1,"dirY":0,"viewerScreenSize":{"width":800,"height":600}}}
[VIEWER MSG] 📦 [VIEWER] command extracted: {"speed":30,"radius":20,"colorBall":"#60a5fa","colorBg":"#020617","paused":true,"soundEnabled":false,"soundType":"soft","x":400,"y":300,"vx":0,"vy":0,"dirX":1,"dirY":0,"viewerScreenSize":{"width":800,"height":600}}
[VIEWER MSG] 📦 [VIEWER] command.controllerConnected: 
[VIEWER MSG] 📦 [VIEWER] onStateUpdate received: {"type":"state_update","timestamp":1769601730973,"payload":{"speed":30,"radius":20,"colorBall":"#60a5fa","colorBg":"#020617","paused":true,"soundEnabled":false,"soundType":"soft","x":400,"y":300,"vx":0,"vy":0,"dirX":1,"dirY":0,"viewerScreenSize":{"width":800,"height":600}}}
[VIEWER MSG] 📦 [VIEWER] command extracted: {"speed":30,"radius":20,"colorBall":"#60a5fa","colorBg":"#020617","paused":true,"soundEnabled":false,"soundType":"soft","x":400,"y":300,"vx":0,"vy":0,"dirX":1,"dirY":0,"viewerScreenSize":{"width":800,"height":600}}
[VIEWER MSG] 📦 [VIEWER] command.controllerConnected: 
[VIEWER MSG] 📦 [VIEWER] onStateUpdate received: {"type":"state_update","timestamp":1769601730990,"payload":{"speed":30,"radius":20,"colorBall":"#60a5fa","colorBg":"#020617","paused":true,"soundEnabled":false,"soundType":"soft","x":400,"y":300,"vx":0,"vy":0,"dirX":1,"dirY":0,"viewerScreenSize":{"width":800,"height":600}}}
[VIEWER MSG] 📦 [VIEWER] command extracted: {"speed":30,"radius":20,"colorBall":"#60a5fa","colorBg":"#020617","paused":true,"soundEnabled":false,"soundType":"soft","x":400,"y":300,"vx":0,"vy":0,"dirX":1,"dirY":0,"viewerScreenSize":{"width":800,"height":600}}
[VIEWER MSG] 📦 [VIEWER] command.controllerConnected: 
[VIEWER MSG] 📦 [VIEWER] onStateUpdate received: {"type":"state_update","timestamp":1769601731005,"payload":{"speed":30,"radius":20,"colorBall":"#60a5fa","colorBg":"#020617","paused":true,"soundEnabled":false,"soundType":"soft","x":400,"y":300,"vx":0,"vy":0,"dirX":1,"dirY":0,"viewerScreenSize":{"width":800,"height":600}}}
[VIEWER MSG] 📦 [VIEWER] command extracted: {"speed":30,"radius":20,"colorBall":"#60a5fa","colorBg":"#020617","paused":true,"soundEnabled":false,"soundType":"soft","x":400,"y":300,"vx":0,"vy":0,"dirX":1,"dirY":0,"viewerScreenSize":{"width":800,"height":600}}
[VIEWER MSG] 📦 [VIEWER] command.controllerConnected: 
[VIEWER MSG] 📦 [VIEWER] onStateUpdate received: {"type":"state_update","timestamp":1769601731022,"payload":{"speed":30,"radius":20,"colorBall":"#60a5fa","colorBg":"#020617","paused":true,"soundEnabled":false,"soundType":"soft","x":400,"y":300,"vx":0,"vy":0,"dirX":1,"dirY":0,"viewerScreenSize":{"width":800,"height":600}}}
[VIEWER MSG] 📦 [VIEWER] command extracted: {"speed":30,"radius":20,"colorBall":"#60a5fa","colorBg":"#020617","paused":true,"soundEnabled":false,"soundType":"soft","x":400,"y":300,"vx":0,"vy":0,"dirX":1,"dirY":0,"viewerScreenSize":{"width":800,"height":600}}
[VIEWER MSG] 📦 [VIEWER] command.controllerConnected: 
[VIEWER MSG] 📦 [VIEWER] onStateUpdate received: {"type":"state_update","timestamp":1769601731038,"payload":{"speed":30,"radius":20,"colorBall":"#60a5fa","colorBg":"#020617","paused":true,"soundEnabled":false,"soundType":"soft","x":400,"y":300,"vx":0,"vy":0,"dirX":1,"dirY":0,"viewerScreenSize":{"width":800,"height":600}}}
[VIEWER MSG] 📦 [VIEWER] command extracted: {"speed":30,"radius":20,"colorBall":"#60a5fa","colorBg":"#020617","paused":true,"soundEnabled":false,"soundType":"soft","x":400,"y":300,"vx":0,"vy":0,"dirX":1,"dirY":0,"viewerScreenSize":{"width":800,"height":600}}
[VIEWER MSG] 📦 [VIEWER] command.controllerConnected: 
[VIEWER MSG] 📊 [VIEWER] updateStatus called with: {"connected":true,"screenSize":{"width":800,"height":600}}
[VIEWER MSG] 📊 [VIEWER] sessionData extracted: {"connected":true,"screenSize":{"width":800,"height":600}}
[VIEWER MSG] 📊 [VIEWER] controllerConnected value: 
[VIEWER MSG] ⏭️ [VIEWER] Status unchanged, skipping update
[VIEWER MSG] 📊 [VIEWER] Controller connected event received: {"controllerConnected":true}
[VIEWER MSG] 📊 [VIEWER] updateStatus called with: {"controllerConnected":true}
[VIEWER MSG] 📊 [VIEWER] sessionData extracted: {"controllerConnected":true}
[VIEWER MSG] 📊 [VIEWER] controllerConnected value: true
[VIEWER MSG] ✅ [VIEWER] Setting status: Controller connected
[VIEWER MSG] 📦 [VIEWER] onStateUpdate received: {"type":"state_update","timestamp":1769601731060,"payload":{"speed":30,"radius":20,"colorBall":"#60a5fa","colorBg":"#020617","paused":true,"soundEnabled":false,"soundType":"soft","x":400,"y":300,"vx":0,"vy":0,"dirX":1,"dirY":0,"viewerScreenSize":{"width":800,"height":600}}}
[VIEWER MSG] 📦 [VIEWER] command extracted: {"speed":30,"radius":20,"colorBall":"#60a5fa","colorBg":"#020617","paused":true,"soundEnabled":false,"soundType":"soft","x":400,"y":300,"vx":0,"vy":0,"dirX":1,"dirY":0,"viewerScreenSize":{"width":800,"height":600}}
[VIEWER MSG] 📦 [VIEWER] command.controllerConnected: 
[VIEWER MSG] 📦 [VIEWER] onStateUpdate received: {"type":"state_update","timestamp":1769601731076,"payload":{"speed":30,"radius":20,"colorBall":"#60a5fa","colorBg":"#020617","paused":true,"soundEnabled":false,"soundType":"soft","x":400,"y":300,"vx":0,"vy":0,"dirX":1,"dirY":0,"viewerScreenSize":{"width":800,"height":600}}}
[VIEWER MSG] 📦 [VIEWER] command extracted: {"speed":30,"radius":20,"colorBall":"#60a5fa","colorBg":"#020617","paused":true,"soundEnabled":false,"soundType":"soft","x":400,"y":300,"vx":0,"vy":0,"dirX":1,"dirY":0,"viewerScreenSize":{"width":800,"height":600}}
[VIEWER MSG] 📦 [VIEWER] command.controllerConnected: 
[VIEWER MSG] 📦 [VIEWER] onStateUpdate received: {"type":"state_update","timestamp":1769601731093,"payload":{"speed":30,"radius":20,"colorBall":"#60a5fa","colorBg":"#020617","paused":true,"soundEnabled":false,"soundType":"soft","x":400,"y":300,"vx":0,"vy":0,"dirX":1,"dirY":0,"viewerScreenSize":{"width":800,"height":600}}}
[VIEWER MSG] 📦 [VIEWER] command extracted: {"speed":30,"radius":20,"colorBall":"#60a5fa","colorBg":"#020617","paused":true,"soundEnabled":false,"soundType":"soft","x":400,"y":300,"vx":0,"vy":0,"dirX":1,"dirY":0,"viewerScreenSize":{"width":800,"height":600}}
[VIEWER MSG] 📦 [VIEWER] command.controllerConnected: 
[VIEWER MSG] 📦 [VIEWER] onStateUpdate received: {"type":"state_update","timestamp":1769601731109,"payload":{"speed":30,"radius":20,"colorBall":"#60a5fa","colorBg":"#020617","paused":true,"soundEnabled":false,"soundType":"soft","x":400,"y":300,"vx":0,"vy":0,"dirX":1,"dirY":0,"viewerScreenSize":{"width":800,"height":600}}}
[VIEWER MSG] 📦 [VIEWER] command extracted: {"speed":30,"radius":20,"colorBall":"#60a5fa","colorBg":"#020617","paused":true,"soundEnabled":false,"soundType":"soft","x":400,"y":300,"vx":0,"vy":0,"dirX":1,"dirY":0,"viewerScreenSize":{"width":800,"height":600}}
[VIEWER MSG] 📦 [VIEWER] command.controllerConnected: 
[VIEWER MSG] 📦 [VIEWER] onStateUpdate received: {"type":"state_update","timestamp":1769601731126,"payload":{"speed":30,"radius":20,"colorBall":"#60a5fa","colorBg":"#020617","paused":true,"soundEnabled":false,"soundType":"soft","x":400,"y":300,"vx":0,"vy":0,"dirX":1,"dirY":0,"viewerScreenSize":{"width":800,"height":600}}}
[VIEWER MSG] 📦 [VIEWER] command extracted: {"speed":30,"radius":20,"colorBall":"#60a5fa","colorBg":"#020617","paused":true,"soundEnabled":false,"soundType":"soft","x":400,"y":300,"vx":0,"vy":0,"dirX":1,"dirY":0,"viewerScreenSize":{"width":800,"height":600}}
[VIEWER MSG] 📦 [VIEWER] command.controllerConnected: 
[VIEWER MSG] 📦 [VIEWER] onStateUpdate received: {"type":"state_update","timestamp":1769601731142,"payload":{"speed":30,"radius":20,"colorBall":"#60a5fa","colorBg":"#020617","paused":true,"soundEnabled":false,"soundType":"soft","x":400,"y":300,"vx":0,"vy":0,"dirX":1,"dirY":0,"viewerScreenSize":{"width":800,"height":600}}}
[VIEWER MSG] 📦 [VIEWER] command extracted: {"speed":30,"radius":20,"colorBall":"#60a5fa","colorBg":"#020617","paused":true,"soundEnabled":false,"soundType":"soft","x":400,"y":300,"vx":0,"vy":0,"dirX":1,"dirY":0,"viewerScreenSize":{"width":800,"height":600}}
[VIEWER MSG] 📦 [VIEWER] command.controllerConnected: 
[VIEWER MSG] 📦 [VIEWER] onStateUpdate received: {"type":"state_update","timestamp":1769601731159,"payload":{"speed":30,"radius":20,"colorBall":"#60a5fa","colorBg":"#020617","paused":true,"soundEnabled":false,"soundType":"soft","x":400,"y":300,"vx":0,"vy":0,"dirX":1,"dirY":0,"viewerScreenSize":{"width":800,"height":600}}}
[VIEWER MSG] 📦 [VIEWER] command extracted: {"speed":30,"radius":20,"colorBall":"#60a5fa","colorBg":"#020617","paused":true,"soundEnabled":false,"soundType":"soft","x":400,"y":300,"vx":0,"vy":0,"dirX":1,"dirY":0,"viewerScreenSize":{"width":800,"height":600}}
[VIEWER MSG] 📦 [VIEWER] command.controllerConnected: 
[VIEWER MSG] 📦 [VIEWER] onStateUpdate received: {"type":"state_update","timestamp":1769601731175,"payload":{"speed":30,"radius":20,"colorBall":"#60a5fa","colorBg":"#020617","paused":true,"soundEnabled":false,"soundType":"soft","x":400,"y":300,"vx":0,"vy":0,"dirX":1,"dirY":0,"viewerScreenSize":{"width":800,"height":600}}}
[VIEWER MSG] 📦 [VIEWER] command extracted: {"speed":30,"radius":20,"colorBall":"#60a5fa","colorBg":"#020617","paused":true,"soundEnabled":false,"soundType":"soft","x":400,"y":300,"vx":0,"vy":0,"dirX":1,"dirY":0,"viewerScreenSize":{"width":800,"height":600}}
[VIEWER MSG] 📦 [VIEWER] command.controllerConnected: 
[VIEWER MSG] 📦 [VIEWER] onStateUpdate received: {"type":"state_update","timestamp":1769601731192,"payload":{"speed":30,"radius":20,"colorBall":"#60a5fa","colorBg":"#020617","paused":true,"soundEnabled":false,"soundType":"soft","x":400,"y":300,"vx":0,"vy":0,"dirX":1,"dirY":0,"viewerScreenSize":{"width":800,"height":600}}}
[VIEWER MSG] 📦 [VIEWER] command extracted: {"speed":30,"radius":20,"colorBall":"#60a5fa","colorBg":"#020617","paused":true,"soundEnabled":false,"soundType":"soft","x":400,"y":300,"vx":0,"vy":0,"dirX":1,"dirY":0,"viewerScreenSize":{"width":800,"height":600}}
[VIEWER MSG] 📦 [VIEWER] command.controllerConnected: 
[VIEWER MSG] 📦 [VIEWER] onStateUpdate received: {"type":"state_update","timestamp":1769601731208,"payload":{"speed":30,"radius":20,"colorBall":"#60a5fa","colorBg":"#020617","paused":true,"soundEnabled":false,"soundType":"soft","x":400,"y":300,"vx":0,"vy":0,"dirX":1,"dirY":0,"viewerScreenSize":{"width":800,"height":600}}}
[VIEWER MSG] 📦 [VIEWER] command extracted: {"speed":30,"radius":20,"colorBall":"#60a5fa","colorBg":"#020617","paused":true,"soundEnabled":false,"soundType":"soft","x":400,"y":300,"vx":0,"vy":0,"dirX":1,"dirY":0,"viewerScreenSize":{"width":800,"height":600}}
[VIEWER MSG] 📦 [VIEWER] command.controllerConnected: 
[VIEWER MSG] 📦 [VIEWER] onStateUpdate received: {"type":"state_update","timestamp":1769601731225,"payload":{"speed":30,"radius":20,"colorBall":"#60a5fa","colorBg":"#020617","paused":true,"soundEnabled":false,"soundType":"soft","x":400,"y":300,"vx":0,"vy":0,"dirX":1,"dirY":0,"viewerScreenSize":{"width":800,"height":600}}}
[VIEWER MSG] 📦 [VIEWER] command extracted: {"speed":30,"radius":20,"colorBall":"#60a5fa","colorBg":"#020617","paused":true,"soundEnabled":false,"soundType":"soft","x":400,"y":300,"vx":0,"vy":0,"dirX":1,"dirY":0,"viewerScreenSize":{"width":800,"height":600}}
[VIEWER MSG] 📦 [VIEWER] command.controllerConnected: 
[VIEWER MSG] 📦 [VIEWER] onStateUpdate received: {"type":"state_update","timestamp":1769601731241,"payload":{"speed":30,"radius":20,"colorBall":"#60a5fa","colorBg":"#020617","paused":true,"soundEnabled":false,"soundType":"soft","x":400,"y":300,"vx":0,"vy":0,"dirX":1,"dirY":0,"viewerScreenSize":{"width":800,"height":600}}}
[VIEWER MSG] 📦 [VIEWER] command extracted: {"speed":30,"radius":20,"colorBall":"#60a5fa","colorBg":"#020617","paused":true,"soundEnabled":false,"soundType":"soft","x":400,"y":300,"vx":0,"vy":0,"dirX":1,"dirY":0,"viewerScreenSize":{"width":800,"height":600}}
[VIEWER MSG] 📦 [VIEWER] command.controllerConnected: 
[VIEWER MSG] 📦 [VIEWER] onStateUpdate received: {"type":"state_update","timestamp":1769601731257,"payload":{"speed":30,"radius":20,"colorBall":"#60a5fa","colorBg":"#020617","paused":true,"soundEnabled":false,"soundType":"soft","x":400,"y":300,"vx":0,"vy":0,"dirX":1,"dirY":0,"viewerScreenSize":{"width":800,"height":600}}}
[VIEWER MSG] 📦 [VIEWER] command extracted: {"speed":30,"radius":20,"colorBall":"#60a5fa","colorBg":"#020617","paused":true,"soundEnabled":false,"soundType":"soft","x":400,"y":300,"vx":0,"vy":0,"dirX":1,"dirY":0,"viewerScreenSize":{"width":800,"height":600}}
[VIEWER MSG] 📦 [VIEWER] command.controllerConnected: 
[VIEWER MSG] 📦 [VIEWER] onStateUpdate received: {"type":"state_update","timestamp":1769601731274,"payload":{"speed":30,"radius":20,"colorBall":"#60a5fa","colorBg":"#020617","paused":true,"soundEnabled":false,"soundType":"soft","x":400,"y":300,"vx":0,"vy":0,"dirX":1,"dirY":0,"viewerScreenSize":{"width":800,"height":600}}}
[VIEWER MSG] 📦 [VIEWER] command extracted: {"speed":30,"radius":20,"colorBall":"#60a5fa","colorBg":"#020617","paused":true,"soundEnabled":false,"soundType":"soft","x":400,"y":300,"vx":0,"vy":0,"dirX":1,"dirY":0,"viewerScreenSize":{"width":800,"height":600}}
[VIEWER MSG] 📦 [VIEWER] command.controllerConnected: 
[VIEWER MSG] 📦 [VIEWER] onStateUpdate received: {"type":"state_update","timestamp":1769601731290,"payload":{"speed":30,"radius":20,"colorBall":"#60a5fa","colorBg":"#020617","paused":true,"soundEnabled":false,"soundType":"soft","x":400,"y":300,"vx":0,"vy":0,"dirX":1,"dirY":0,"viewerScreenSize":{"width":800,"height":600}}}
[VIEWER MSG] 📦 [VIEWER] command extracted: {"speed":30,"radius":20,"colorBall":"#60a5fa","colorBg":"#020617","paused":true,"soundEnabled":false,"soundType":"soft","x":400,"y":300,"vx":0,"vy":0,"dirX":1,"dirY":0,"viewerScreenSize":{"width":800,"height":600}}
[VIEWER MSG] 📦 [VIEWER] command.controllerConnected: 
[VIEWER MSG] 📦 [VIEWER] onStateUpdate received: {"type":"state_update","timestamp":1769601731305,"payload":{"speed":30,"radius":20,"colorBall":"#60a5fa","colorBg":"#020617","paused":true,"soundEnabled":false,"soundType":"soft","x":400,"y":300,"vx":0,"vy":0,"dirX":1,"dirY":0,"viewerScreenSize":{"width":800,"height":600}}}
[VIEWER MSG] 📦 [VIEWER] command extracted: {"speed":30,"radius":20,"colorBall":"#60a5fa","colorBg":"#020617","paused":true,"soundEnabled":false,"soundType":"soft","x":400,"y":300,"vx":0,"vy":0,"dirX":1,"dirY":0,"viewerScreenSize":{"width":800,"height":600}}
[VIEWER MSG] 📦 [VIEWER] command.controllerConnected: 
[VIEWER MSG] 📦 [VIEWER] onStateUpdate received: {"type":"state_update","timestamp":1769601731322,"payload":{"speed":30,"radius":20,"colorBall":"#60a5fa","colorBg":"#020617","paused":true,"soundEnabled":false,"soundType":"soft","x":400,"y":300,"vx":0,"vy":0,"dirX":1,"dirY":0,"viewerScreenSize":{"width":800,"height":600}}}
[VIEWER MSG] 📦 [VIEWER] command extracted: {"speed":30,"radius":20,"colorBall":"#60a5fa","colorBg":"#020617","paused":true,"soundEnabled":false,"soundType":"soft","x":400,"y":300,"vx":0,"vy":0,"dirX":1,"dirY":0,"viewerScreenSize":{"width":800,"height":600}}
[VIEWER MSG] 📦 [VIEWER] command.controllerConnected: 
[VIEWER MSG] 📦 [VIEWER] onStateUpdate received: {"type":"state_update","timestamp":1769601731338,"payload":{"speed":30,"radius":20,"colorBall":"#60a5fa","colorBg":"#020617","paused":true,"soundEnabled":false,"soundType":"soft","x":400,"y":300,"vx":0,"vy":0,"dirX":1,"dirY":0,"viewerScreenSize":{"width":800,"height":600}}}
[VIEWER MSG] 📦 [VIEWER] command extracted: {"speed":30,"radius":20,"colorBall":"#60a5fa","colorBg":"#020617","paused":true,"soundEnabled":false,"soundType":"soft","x":400,"y":300,"vx":0,"vy":0,"dirX":1,"dirY":0,"viewerScreenSize":{"width":800,"height":600}}
[VIEWER MSG] 📦 [VIEWER] command.controllerConnected: 
[VIEWER MSG] 📦 [VIEWER] onStateUpdate received: {"type":"state_update","timestamp":1769601731355,"payload":{"speed":30,"radius":20,"colorBall":"#60a5fa","colorBg":"#020617","paused":true,"soundEnabled":false,"soundType":"soft","x":400,"y":300,"vx":0,"vy":0,"dirX":1,"dirY":0,"viewerScreenSize":{"width":800,"height":600}}}
[VIEWER MSG] 📦 [VIEWER] command extracted: {"speed":30,"radius":20,"colorBall":"#60a5fa","colorBg":"#020617","paused":true,"soundEnabled":false,"soundType":"soft","x":400,"y":300,"vx":0,"vy":0,"dirX":1,"dirY":0,"viewerScreenSize":{"width":800,"height":600}}
[VIEWER MSG] 📦 [VIEWER] command.controllerConnected: 
[VIEWER MSG] 📦 [VIEWER] onStateUpdate received: {"type":"state_update","timestamp":1769601731372,"payload":{"speed":30,"radius":20,"colorBall":"#60a5fa","colorBg":"#020617","paused":true,"soundEnabled":false,"soundType":"soft","x":400,"y":300,"vx":0,"vy":0,"dirX":1,"dirY":0,"viewerScreenSize":{"width":800,"height":600}}}
[VIEWER MSG] 📦 [VIEWER] command extracted: {"speed":30,"radius":20,"colorBall":"#60a5fa","colorBg":"#020617","paused":true,"soundEnabled":false,"soundType":"soft","x":400,"y":300,"vx":0,"vy":0,"dirX":1,"dirY":0,"viewerScreenSize":{"width":800,"height":600}}
[VIEWER MSG] 📦 [VIEWER] command.controllerConnected: 
[VIEWER MSG] 📦 [VIEWER] onStateUpdate received: {"type":"state_update","timestamp":1769601731388,"payload":{"speed":30,"radius":20,"colorBall":"#60a5fa","colorBg":"#020617","paused":true,"soundEnabled":false,"soundType":"soft","x":400,"y":300,"vx":0,"vy":0,"dirX":1,"dirY":0,"viewerScreenSize":{"width":800,"height":600}}}
[VIEWER MSG] 📦 [VIEWER] command extracted: {"speed":30,"radius":20,"colorBall":"#60a5fa","colorBg":"#020617","paused":true,"soundEnabled":false,"soundType":"soft","x":400,"y":300,"vx":0,"vy":0,"dirX":1,"dirY":0,"viewerScreenSize":{"width":800,"height":600}}
[VIEWER MSG] 📦 [VIEWER] command.controllerConnected: 
[VIEWER MSG] 📦 [VIEWER] onStateUpdate received: {"type":"state_update","timestamp":1769601731404,"payload":{"speed":30,"radius":20,"colorBall":"#60a5fa","colorBg":"#020617","paused":true,"soundEnabled":false,"soundType":"soft","x":400,"y":300,"vx":0,"vy":0,"dirX":1,"dirY":0,"viewerScreenSize":{"width":800,"height":600}}}
[VIEWER MSG] 📦 [VIEWER] command extracted: {"speed":30,"radius":20,"colorBall":"#60a5fa","colorBg":"#020617","paused":true,"soundEnabled":false,"soundType":"soft","x":400,"y":300,"vx":0,"vy":0,"dirX":1,"dirY":0,"viewerScreenSize":{"width":800,"height":600}}
[VIEWER MSG] 📦 [VIEWER] command.controllerConnected: 
[VIEWER MSG] 📦 [VIEWER] onStateUpdate received: {"type":"state_update","timestamp":1769601731421,"payload":{"speed":30,"radius":20,"colorBall":"#60a5fa","colorBg":"#020617","paused":true,"soundEnabled":false,"soundType":"soft","x":400,"y":300,"vx":0,"vy":0,"dirX":1,"dirY":0,"viewerScreenSize":{"width":800,"height":600}}}
[VIEWER MSG] 📦 [VIEWER] command extracted: {"speed":30,"radius":20,"colorBall":"#60a5fa","colorBg":"#020617","paused":true,"soundEnabled":false,"soundType":"soft","x":400,"y":300,"vx":0,"vy":0,"dirX":1,"dirY":0,"viewerScreenSize":{"width":800,"height":600}}
[VIEWER MSG] 📦 [VIEWER] command.controllerConnected: 
[VIEWER MSG] 📦 [VIEWER] onStateUpdate received: {"type":"state_update","timestamp":1769601731438,"payload":{"speed":30,"radius":20,"colorBall":"#60a5fa","colorBg":"#020617","paused":true,"soundEnabled":false,"soundType":"soft","x":400,"y":300,"vx":0,"vy":0,"dirX":1,"dirY":0,"viewerScreenSize":{"width":800,"height":600}}}
[VIEWER MSG] 📦 [VIEWER] command extracted: {"speed":30,"radius":20,"colorBall":"#60a5fa","colorBg":"#020617","paused":true,"soundEnabled":false,"soundType":"soft","x":400,"y":300,"vx":0,"vy":0,"dirX":1,"dirY":0,"viewerScreenSize":{"width":800,"height":600}}
[VIEWER MSG] 📦 [VIEWER] command.controllerConnected: 
[VIEWER MSG] 📦 [VIEWER] onStateUpdate received: {"type":"state_update","timestamp":1769601731454,"payload":{"speed":30,"radius":20,"colorBall":"#60a5fa","colorBg":"#020617","paused":true,"soundEnabled":false,"soundType":"soft","x":400,"y":300,"vx":0,"vy":0,"dirX":1,"dirY":0,"viewerScreenSize":{"width":800,"height":600}}}
[VIEWER MSG] 📦 [VIEWER] command extracted: {"speed":30,"radius":20,"colorBall":"#60a5fa","colorBg":"#020617","paused":true,"soundEnabled":false,"soundType":"soft","x":400,"y":300,"vx":0,"vy":0,"dirX":1,"dirY":0,"viewerScreenSize":{"width":800,"height":600}}
[VIEWER MSG] 📦 [VIEWER] command.controllerConnected: 
[VIEWER MSG] 📦 [VIEWER] onStateUpdate received: {"type":"state_update","timestamp":1769601731471,"payload":{"speed":30,"radius":20,"colorBall":"#60a5fa","colorBg":"#020617","paused":true,"soundEnabled":false,"soundType":"soft","x":400,"y":300,"vx":0,"vy":0,"dirX":1,"dirY":0,"viewerScreenSize":{"width":800,"height":600}}}
[VIEWER MSG] 📦 [VIEWER] command extracted: {"speed":30,"radius":20,"colorBall":"#60a5fa","colorBg":"#020617","paused":true,"soundEnabled":false,"soundType":"soft","x":400,"y":300,"vx":0,"vy":0,"dirX":1,"dirY":0,"viewerScreenSize":{"width":800,"height":600}}
[VIEWER MSG] 📦 [VIEWER] command.controllerConnected: 
[VIEWER MSG] 📦 [VIEWER] onStateUpdate received: {"type":"state_update","timestamp":1769601731487,"payload":{"speed":30,"radius":20,"colorBall":"#60a5fa","colorBg":"#020617","paused":true,"soundEnabled":false,"soundType":"soft","x":400,"y":300,"vx":0,"vy":0,"dirX":1,"dirY":0,"viewerScreenSize":{"width":800,"height":600}}}
[VIEWER MSG] 📦 [VIEWER] command extracted: {"speed":30,"radius":20,"colorBall":"#60a5fa","colorBg":"#020617","paused":true,"soundEnabled":false,"soundType":"soft","x":400,"y":300,"vx":0,"vy":0,"dirX":1,"dirY":0,"viewerScreenSize":{"width":800,"height":600}}
[VIEWER MSG] 📦 [VIEWER] command.controllerConnected: 
[VIEWER MSG] 📦 [VIEWER] onStateUpdate received: {"type":"state_update","timestamp":1769601731504,"payload":{"speed":30,"radius":20,"colorBall":"#60a5fa","colorBg":"#020617","paused":true,"soundEnabled":false,"soundType":"soft","x":400,"y":300,"vx":0,"vy":0,"dirX":1,"dirY":0,"viewerScreenSize":{"width":800,"height":600}}}
[VIEWER MSG] 📦 [VIEWER] command extracted: {"speed":30,"radius":20,"colorBall":"#60a5fa","colorBg":"#020617","paused":true,"soundEnabled":false,"soundType":"soft","x":400,"y":300,"vx":0,"vy":0,"dirX":1,"dirY":0,"viewerScreenSize":{"width":800,"height":600}}
[VIEWER MSG] 📦 [VIEWER] command.controllerConnected: 
[VIEWER MSG] 📦 [VIEWER] onStateUpdate received: {"type":"state_update","timestamp":1769601731520,"payload":{"speed":30,"radius":20,"colorBall":"#60a5fa","colorBg":"#020617","paused":true,"soundEnabled":false,"soundType":"soft","x":400,"y":300,"vx":0,"vy":0,"dirX":1,"dirY":0,"viewerScreenSize":{"width":800,"height":600}}}
[VIEWER MSG] 📦 [VIEWER] command extracted: {"speed":30,"radius":20,"colorBall":"#60a5fa","colorBg":"#020617","paused":true,"soundEnabled":false,"soundType":"soft","x":400,"y":300,"vx":0,"vy":0,"dirX":1,"dirY":0,"viewerScreenSize":{"width":800,"height":600}}
[VIEWER MSG] 📦 [VIEWER] command.controllerConnected: 
[VIEWER MSG] 📦 [VIEWER] onStateUpdate received: {"type":"state_update","timestamp":1769601731537,"payload":{"speed":30,"radius":20,"colorBall":"#60a5fa","colorBg":"#020617","paused":true,"soundEnabled":false,"soundType":"soft","x":400,"y":300,"vx":0,"vy":0,"dirX":1,"dirY":0,"viewerScreenSize":{"width":800,"height":600}}}
[VIEWER MSG] 📦 [VIEWER] command extracted: {"speed":30,"radius":20,"colorBall":"#60a5fa","colorBg":"#020617","paused":true,"soundEnabled":false,"soundType":"soft","x":400,"y":300,"vx":0,"vy":0,"dirX":1,"dirY":0,"viewerScreenSize":{"width":800,"height":600}}
[VIEWER MSG] 📦 [VIEWER] command.controllerConnected: 
[VIEWER MSG] 📦 [VIEWER] onStateUpdate received: {"type":"state_update","timestamp":1769601731554,"payload":{"speed":30,"radius":20,"colorBall":"#60a5fa","colorBg":"#020617","paused":true,"soundEnabled":false,"soundType":"soft","x":400,"y":300,"vx":0,"vy":0,"dirX":1,"dirY":0,"viewerScreenSize":{"width":800,"height":600}}}
[VIEWER MSG] 📦 [VIEWER] command extracted: {"speed":30,"radius":20,"colorBall":"#60a5fa","colorBg":"#020617","paused":true,"soundEnabled":false,"soundType":"soft","x":400,"y":300,"vx":0,"vy":0,"dirX":1,"dirY":0,"viewerScreenSize":{"width":800,"height":600}}
[VIEWER MSG] 📦 [VIEWER] command.controllerConnected: 
[VIEWER MSG] 📦 [VIEWER] onStateUpdate received: {"type":"state_update","timestamp":1769601731570,"payload":{"speed":30,"radius":20,"colorBall":"#60a5fa","colorBg":"#020617","paused":true,"soundEnabled":false,"soundType":"soft","x":400,"y":300,"vx":0,"vy":0,"dirX":1,"dirY":0,"viewerScreenSize":{"width":800,"height":600}}}
[VIEWER MSG] 📦 [VIEWER] command extracted: {"speed":30,"radius":20,"colorBall":"#60a5fa","colorBg":"#020617","paused":true,"soundEnabled":false,"soundType":"soft","x":400,"y":300,"vx":0,"vy":0,"dirX":1,"dirY":0,"viewerScreenSize":{"width":800,"height":600}}
[VIEWER MSG] 📦 [VIEWER] command.controllerConnected: 
[VIEWER MSG] 📦 [VIEWER] onStateUpdate received: {"type":"state_update","timestamp":1769601731586,"payload":{"speed":30,"radius":20,"colorBall":"#60a5fa","colorBg":"#020617","paused":true,"soundEnabled":false,"soundType":"soft","x":400,"y":300,"vx":0,"vy":0,"dirX":1,"dirY":0,"viewerScreenSize":{"width":800,"height":600}}}
[VIEWER MSG] 📦 [VIEWER] command extracted: {"speed":30,"radius":20,"colorBall":"#60a5fa","colorBg":"#020617","paused":true,"soundEnabled":false,"soundType":"soft","x":400,"y":300,"vx":0,"vy":0,"dirX":1,"dirY":0,"viewerScreenSize":{"width":800,"height":600}}
[VIEWER MSG] 📦 [VIEWER] command.controllerConnected: 
[VIEWER MSG] 📦 [VIEWER] onStateUpdate received: {"type":"state_update","timestamp":1769601731603,"payload":{"speed":30,"radius":20,"colorBall":"#60a5fa","colorBg":"#020617","paused":true,"soundEnabled":false,"soundType":"soft","x":400,"y":300,"vx":0,"vy":0,"dirX":1,"dirY":0,"viewerScreenSize":{"width":800,"height":600}}}
[VIEWER MSG] 📦 [VIEWER] command extracted: {"speed":30,"radius":20,"colorBall":"#60a5fa","colorBg":"#020617","paused":true,"soundEnabled":false,"soundType":"soft","x":400,"y":300,"vx":0,"vy":0,"dirX":1,"dirY":0,"viewerScreenSize":{"width":800,"height":600}}
[VIEWER MSG] 📦 [VIEWER] command.controllerConnected: 
[VIEWER MSG] 📦 [VIEWER] onStateUpdate received: {"type":"state_update","timestamp":1769601731619,"payload":{"speed":30,"radius":20,"colorBall":"#60a5fa","colorBg":"#020617","paused":true,"soundEnabled":false,"soundType":"soft","x":400,"y":300,"vx":0,"vy":0,"dirX":1,"dirY":0,"viewerScreenSize":{"width":800,"height":600}}}
[VIEWER MSG] 📦 [VIEWER] command extracted: {"speed":30,"radius":20,"colorBall":"#60a5fa","colorBg":"#020617","paused":true,"soundEnabled":false,"soundType":"soft","x":400,"y":300,"vx":0,"vy":0,"dirX":1,"dirY":0,"viewerScreenSize":{"width":800,"height":600}}
[VIEWER MSG] 📦 [VIEWER] command.controllerConnected: 
[VIEWER MSG] 📦 [VIEWER] onStateUpdate received: {"type":"state_update","timestamp":1769601731636,"payload":{"speed":30,"radius":20,"colorBall":"#60a5fa","colorBg":"#020617","paused":true,"soundEnabled":false,"soundType":"soft","x":400,"y":300,"vx":0,"vy":0,"dirX":1,"dirY":0,"viewerScreenSize":{"width":800,"height":600}}}
[VIEWER MSG] 📦 [VIEWER] command extracted: {"speed":30,"radius":20,"colorBall":"#60a5fa","colorBg":"#020617","paused":true,"soundEnabled":false,"soundType":"soft","x":400,"y":300,"vx":0,"vy":0,"dirX":1,"dirY":0,"viewerScreenSize":{"width":800,"height":600}}
[VIEWER MSG] 📦 [VIEWER] command.controllerConnected: 
[VIEWER MSG] 📦 [VIEWER] onStateUpdate received: {"type":"state_update","timestamp":1769601731653,"payload":{"speed":30,"radius":20,"colorBall":"#60a5fa","colorBg":"#020617","paused":true,"soundEnabled":false,"soundType":"soft","x":400,"y":300,"vx":0,"vy":0,"dirX":1,"dirY":0,"viewerScreenSize":{"width":800,"height":600}}}
[VIEWER MSG] 📦 [VIEWER] command extracted: {"speed":30,"radius":20,"colorBall":"#60a5fa","colorBg":"#020617","paused":true,"soundEnabled":false,"soundType":"soft","x":400,"y":300,"vx":0,"vy":0,"dirX":1,"dirY":0,"viewerScreenSize":{"width":800,"height":600}}
[VIEWER MSG] 📦 [VIEWER] command.controllerConnected: 
[VIEWER MSG] 📦 [VIEWER] onStateUpdate received: {"type":"state_update","timestamp":1769601731669,"payload":{"speed":30,"radius":20,"colorBall":"#60a5fa","colorBg":"#020617","paused":true,"soundEnabled":false,"soundType":"soft","x":400,"y":300,"vx":0,"vy":0,"dirX":1,"dirY":0,"viewerScreenSize":{"width":800,"height":600}}}
[VIEWER MSG] 📦 [VIEWER] command extracted: {"speed":30,"radius":20,"colorBall":"#60a5fa","colorBg":"#020617","paused":true,"soundEnabled":false,"soundType":"soft","x":400,"y":300,"vx":0,"vy":0,"dirX":1,"dirY":0,"viewerScreenSize":{"width":800,"height":600}}
[VIEWER MSG] 📦 [VIEWER] command.controllerConnected: 
[VIEWER MSG] 📦 [VIEWER] onStateUpdate received: {"type":"state_update","timestamp":1769601731686,"payload":{"speed":30,"radius":20,"colorBall":"#60a5fa","colorBg":"#020617","paused":true,"soundEnabled":false,"soundType":"soft","x":400,"y":300,"vx":0,"vy":0,"dirX":1,"dirY":0,"viewerScreenSize":{"width":800,"height":600}}}
[VIEWER MSG] 📦 [VIEWER] command extracted: {"speed":30,"radius":20,"colorBall":"#60a5fa","colorBg":"#020617","paused":true,"soundEnabled":false,"soundType":"soft","x":400,"y":300,"vx":0,"vy":0,"dirX":1,"dirY":0,"viewerScreenSize":{"width":800,"height":600}}
[VIEWER MSG] 📦 [VIEWER] command.controllerConnected: 
[VIEWER MSG] 📦 [VIEWER] onStateUpdate received: {"type":"state_update","timestamp":1769601731702,"payload":{"speed":30,"radius":20,"colorBall":"#60a5fa","colorBg":"#020617","paused":true,"soundEnabled":false,"soundType":"soft","x":400,"y":300,"vx":0,"vy":0,"dirX":1,"dirY":0,"viewerScreenSize":{"width":800,"height":600}}}
[VIEWER MSG] 📦 [VIEWER] command extracted: {"speed":30,"radius":20,"colorBall":"#60a5fa","colorBg":"#020617","paused":true,"soundEnabled":false,"soundType":"soft","x":400,"y":300,"vx":0,"vy":0,"dirX":1,"dirY":0,"viewerScreenSize":{"width":800,"height":600}}
[VIEWER MSG] 📦 [VIEWER] command.controllerConnected: 
[VIEWER MSG] 📦 [VIEWER] onStateUpdate received: {"type":"state_update","timestamp":1769601731719,"payload":{"speed":30,"radius":20,"colorBall":"#60a5fa","colorBg":"#020617","paused":true,"soundEnabled":false,"soundType":"soft","x":400,"y":300,"vx":0,"vy":0,"dirX":1,"dirY":0,"viewerScreenSize":{"width":800,"height":600}}}
[VIEWER MSG] 📦 [VIEWER] command extracted: {"speed":30,"radius":20,"colorBall":"#60a5fa","colorBg":"#020617","paused":true,"soundEnabled":false,"soundType":"soft","x":400,"y":300,"vx":0,"vy":0,"dirX":1,"dirY":0,"viewerScreenSize":{"width":800,"height":600}}
[VIEWER MSG] 📦 [VIEWER] command.controllerConnected: 
[VIEWER MSG] 📦 [VIEWER] onStateUpdate received: {"type":"state_update","timestamp":1769601731735,"payload":{"speed":30,"radius":20,"colorBall":"#60a5fa","colorBg":"#020617","paused":true,"soundEnabled":false,"soundType":"soft","x":400,"y":300,"vx":0,"vy":0,"dirX":1,"dirY":0,"viewerScreenSize":{"width":800,"height":600}}}
[VIEWER MSG] 📦 [VIEWER] command extracted: {"speed":30,"radius":20,"colorBall":"#60a5fa","colorBg":"#020617","paused":true,"soundEnabled":false,"soundType":"soft","x":400,"y":300,"vx":0,"vy":0,"dirX":1,"dirY":0,"viewerScreenSize":{"width":800,"height":600}}
[VIEWER MSG] 📦 [VIEWER] command.controllerConnected: 
[VIEWER MSG] 📦 [VIEWER] onStateUpdate received: {"type":"state_update","timestamp":1769601731752,"payload":{"speed":30,"radius":20,"colorBall":"#60a5fa","colorBg":"#020617","paused":true,"soundEnabled":false,"soundType":"soft","x":400,"y":300,"vx":0,"vy":0,"dirX":1,"dirY":0,"viewerScreenSize":{"width":800,"height":600}}}
[VIEWER MSG] 📦 [VIEWER] command extracted: {"speed":30,"radius":20,"colorBall":"#60a5fa","colorBg":"#020617","paused":true,"soundEnabled":false,"soundType":"soft","x":400,"y":300,"vx":0,"vy":0,"dirX":1,"dirY":0,"viewerScreenSize":{"width":800,"height":600}}
[VIEWER MSG] 📦 [VIEWER] command.controllerConnected: 
[VIEWER MSG] 📦 [VIEWER] onStateUpdate received: {"type":"state_update","timestamp":1769601731768,"payload":{"speed":30,"radius":20,"colorBall":"#60a5fa","colorBg":"#020617","paused":true,"soundEnabled":false,"soundType":"soft","x":400,"y":300,"vx":0,"vy":0,"dirX":1,"dirY":0,"viewerScreenSize":{"width":800,"height":600}}}
[VIEWER MSG] 📦 [VIEWER] command extracted: {"speed":30,"radius":20,"colorBall":"#60a5fa","colorBg":"#020617","paused":true,"soundEnabled":false,"soundType":"soft","x":400,"y":300,"vx":0,"vy":0,"dirX":1,"dirY":0,"viewerScreenSize":{"width":800,"height":600}}
[VIEWER MSG] 📦 [VIEWER] command.controllerConnected: 
[VIEWER MSG] 📦 [VIEWER] onStateUpdate received: {"type":"state_update","timestamp":1769601731785,"payload":{"speed":30,"radius":20,"colorBall":"#60a5fa","colorBg":"#020617","paused":true,"soundEnabled":false,"soundType":"soft","x":400,"y":300,"vx":0,"vy":0,"dirX":1,"dirY":0,"viewerScreenSize":{"width":800,"height":600}}}
[VIEWER MSG] 📦 [VIEWER] command extracted: {"speed":30,"radius":20,"colorBall":"#60a5fa","colorBg":"#020617","paused":true,"soundEnabled":false,"soundType":"soft","x":400,"y":300,"vx":0,"vy":0,"dirX":1,"dirY":0,"viewerScreenSize":{"width":800,"height":600}}
[VIEWER MSG] 📦 [VIEWER] command.controllerConnected: 
[VIEWER MSG] 📦 [VIEWER] onStateUpdate received: {"type":"state_update","timestamp":1769601731815,"payload":{"speed":30,"radius":20,"colorBall":"#60a5fa","colorBg":"#020617","paused":true,"soundEnabled":false,"soundType":"soft","x":400,"y":300,"vx":0,"vy":0,"dirX":1,"dirY":0,"viewerScreenSize":{"width":800,"height":600}}}
[VIEWER MSG] 📦 [VIEWER] command extracted: {"speed":30,"radius":20,"colorBall":"#60a5fa","colorBg":"#020617","paused":true,"soundEnabled":false,"soundType":"soft","x":400,"y":300,"vx":0,"vy":0,"dirX":1,"dirY":0,"viewerScreenSize":{"width":800,"height":600}}
[VIEWER MSG] 📦 [VIEWER] command.controllerConnected: 
[VIEWER MSG] 📦 [VIEWER] onStateUpdate received: {"type":"state_update","timestamp":1769601731831,"payload":{"speed":30,"radius":20,"colorBall":"#60a5fa","colorBg":"#020617","paused":true,"soundEnabled":false,"soundType":"soft","x":400,"y":300,"vx":0,"vy":0,"dirX":1,"dirY":0,"viewerScreenSize":{"width":800,"height":600}}}
[VIEWER MSG] 📦 [VIEWER] command extracted: {"speed":30,"radius":20,"colorBall":"#60a5fa","colorBg":"#020617","paused":true,"soundEnabled":false,"soundType":"soft","x":400,"y":300,"vx":0,"vy":0,"dirX":1,"dirY":0,"viewerScreenSize":{"width":800,"height":600}}
[VIEWER MSG] 📦 [VIEWER] command.controllerConnected: 
[VIEWER MSG] 📦 [VIEWER] onStateUpdate received: {"type":"state_update","timestamp":1769601731848,"payload":{"speed":30,"radius":20,"colorBall":"#60a5fa","colorBg":"#020617","paused":true,"soundEnabled":false,"soundType":"soft","x":400,"y":300,"vx":0,"vy":0,"dirX":1,"dirY":0,"viewerScreenSize":{"width":800,"height":600}}}
[VIEWER MSG] 📦 [VIEWER] command extracted: {"speed":30,"radius":20,"colorBall":"#60a5fa","colorBg":"#020617","paused":true,"soundEnabled":false,"soundType":"soft","x":400,"y":300,"vx":0,"vy":0,"dirX":1,"dirY":0,"viewerScreenSize":{"width":800,"height":600}}
[VIEWER MSG] 📦 [VIEWER] command.controllerConnected: 
[VIEWER MSG] 📦 [VIEWER] onStateUpdate received: {"type":"state_update","timestamp":1769601731864,"payload":{"speed":30,"radius":20,"colorBall":"#60a5fa","colorBg":"#020617","paused":true,"soundEnabled":false,"soundType":"soft","x":400,"y":300,"vx":0,"vy":0,"dirX":1,"dirY":0,"viewerScreenSize":{"width":800,"height":600}}}
[VIEWER MSG] 📦 [VIEWER] command extracted: {"speed":30,"radius":20,"colorBall":"#60a5fa","colorBg":"#020617","paused":true,"soundEnabled":false,"soundType":"soft","x":400,"y":300,"vx":0,"vy":0,"dirX":1,"dirY":0,"viewerScreenSize":{"width":800,"height":600}}
[VIEWER MSG] 📦 [VIEWER] command.controllerConnected: 
[VIEWER MSG] 📦 [VIEWER] onStateUpdate received: {"type":"state_update","timestamp":1769601731881,"payload":{"speed":30,"radius":20,"colorBall":"#60a5fa","colorBg":"#020617","paused":true,"soundEnabled":false,"soundType":"soft","x":400,"y":300,"vx":0,"vy":0,"dirX":1,"dirY":0,"viewerScreenSize":{"width":800,"height":600}}}
[VIEWER MSG] 📦 [VIEWER] command extracted: {"speed":30,"radius":20,"colorBall":"#60a5fa","colorBg":"#020617","paused":true,"soundEnabled":false,"soundType":"soft","x":400,"y":300,"vx":0,"vy":0,"dirX":1,"dirY":0,"viewerScreenSize":{"width":800,"height":600}}
[VIEWER MSG] 📦 [VIEWER] command.controllerConnected: 
[VIEWER MSG] 📦 [VIEWER] onStateUpdate received: {"type":"state_update","timestamp":1769601731897,"payload":{"speed":30,"radius":20,"colorBall":"#60a5fa","colorBg":"#020617","paused":true,"soundEnabled":false,"soundType":"soft","x":400,"y":300,"vx":0,"vy":0,"dirX":1,"dirY":0,"viewerScreenSize":{"width":800,"height":600}}}
[VIEWER MSG] 📦 [VIEWER] command extracted: {"speed":30,"radius":20,"colorBall":"#60a5fa","colorBg":"#020617","paused":true,"soundEnabled":false,"soundType":"soft","x":400,"y":300,"vx":0,"vy":0,"dirX":1,"dirY":0,"viewerScreenSize":{"width":800,"height":600}}
[VIEWER MSG] 📦 [VIEWER] command.controllerConnected: 
[VIEWER MSG] 📦 [VIEWER] onStateUpdate received: {"type":"state_update","timestamp":1769601731913,"payload":{"speed":30,"radius":20,"colorBall":"#60a5fa","colorBg":"#020617","paused":true,"soundEnabled":false,"soundType":"soft","x":400,"y":300,"vx":0,"vy":0,"dirX":1,"dirY":0,"viewerScreenSize":{"width":800,"height":600}}}
[VIEWER MSG] 📦 [VIEWER] command extracted: {"speed":30,"radius":20,"colorBall":"#60a5fa","colorBg":"#020617","paused":true,"soundEnabled":false,"soundType":"soft","x":400,"y":300,"vx":0,"vy":0,"dirX":1,"dirY":0,"viewerScreenSize":{"width":800,"height":600}}
[VIEWER MSG] 📦 [VIEWER] command.controllerConnected: 
[VIEWER MSG] 📦 [VIEWER] onStateUpdate received: {"type":"state_update","timestamp":1769601731930,"payload":{"speed":30,"radius":20,"colorBall":"#60a5fa","colorBg":"#020617","paused":true,"soundEnabled":false,"soundType":"soft","x":400,"y":300,"vx":0,"vy":0,"dirX":1,"dirY":0,"viewerScreenSize":{"width":800,"height":600}}}
[VIEWER MSG] 📦 [VIEWER] command extracted: {"speed":30,"radius":20,"colorBall":"#60a5fa","colorBg":"#020617","paused":true,"soundEnabled":false,"soundType":"soft","x":400,"y":300,"vx":0,"vy":0,"dirX":1,"dirY":0,"viewerScreenSize":{"width":800,"height":600}}
[VIEWER MSG] 📦 [VIEWER] command.controllerConnected: 
[VIEWER MSG] 📦 [VIEWER] onStateUpdate received: {"type":"state_update","timestamp":1769601731945,"payload":{"speed":30,"radius":20,"colorBall":"#60a5fa","colorBg":"#020617","paused":true,"soundEnabled":false,"soundType":"soft","x":400,"y":300,"vx":0,"vy":0,"dirX":1,"dirY":0,"viewerScreenSize":{"width":800,"height":600}}}
[VIEWER MSG] 📦 [VIEWER] command extracted: {"speed":30,"radius":20,"colorBall":"#60a5fa","colorBg":"#020617","paused":true,"soundEnabled":false,"soundType":"soft","x":400,"y":300,"vx":0,"vy":0,"dirX":1,"dirY":0,"viewerScreenSize":{"width":800,"height":600}}
[VIEWER MSG] 📦 [VIEWER] command.controllerConnected: 
[VIEWER MSG] 📦 [VIEWER] onStateUpdate received: {"type":"state_update","timestamp":1769601731962,"payload":{"speed":30,"radius":20,"colorBall":"#60a5fa","colorBg":"#020617","paused":true,"soundEnabled":false,"soundType":"soft","x":400,"y":300,"vx":0,"vy":0,"dirX":1,"dirY":0,"viewerScreenSize":{"width":800,"height":600}}}
[VIEWER MSG] 📦 [VIEWER] command extracted: {"speed":30,"radius":20,"colorBall":"#60a5fa","colorBg":"#020617","paused":true,"soundEnabled":false,"soundType":"soft","x":400,"y":300,"vx":0,"vy":0,"dirX":1,"dirY":0,"viewerScreenSize":{"width":800,"height":600}}
[VIEWER MSG] 📦 [VIEWER] command.controllerConnected: 
[VIEWER MSG] 📦 [VIEWER] onStateUpdate received: {"type":"state_update","timestamp":1769601731978,"payload":{"speed":30,"radius":20,"colorBall":"#60a5fa","colorBg":"#020617","paused":true,"soundEnabled":false,"soundType":"soft","x":400,"y":300,"vx":0,"vy":0,"dirX":1,"dirY":0,"viewerScreenSize":{"width":800,"height":600}}}
[VIEWER MSG] 📦 [VIEWER] command extracted: {"speed":30,"radius":20,"colorBall":"#60a5fa","colorBg":"#020617","paused":true,"soundEnabled":false,"soundType":"soft","x":400,"y":300,"vx":0,"vy":0,"dirX":1,"dirY":0,"viewerScreenSize":{"width":800,"height":600}}
[VIEWER MSG] 📦 [VIEWER] command.controllerConnected: 
[VIEWER MSG] 📦 [VIEWER] onStateUpdate received: {"type":"state_update","timestamp":1769601731995,"payload":{"speed":30,"radius":20,"colorBall":"#60a5fa","colorBg":"#020617","paused":true,"soundEnabled":false,"soundType":"soft","x":400,"y":300,"vx":0,"vy":0,"dirX":1,"dirY":0,"viewerScreenSize":{"width":800,"height":600}}}
[VIEWER MSG] 📦 [VIEWER] command extracted: {"speed":30,"radius":20,"colorBall":"#60a5fa","colorBg":"#020617","paused":true,"soundEnabled":false,"soundType":"soft","x":400,"y":300,"vx":0,"vy":0,"dirX":1,"dirY":0,"viewerScreenSize":{"width":800,"height":600}}
[VIEWER MSG] 📦 [VIEWER] command.controllerConnected: 
[VIEWER MSG] 📦 [VIEWER] onStateUpdate received: {"type":"state_update","timestamp":1769601732011,"payload":{"speed":30,"radius":20,"colorBall":"#60a5fa","colorBg":"#020617","paused":true,"soundEnabled":false,"soundType":"soft","x":400,"y":300,"vx":0,"vy":0,"dirX":1,"dirY":0,"viewerScreenSize":{"width":800,"height":600}}}
[VIEWER MSG] 📦 [VIEWER] command extracted: {"speed":30,"radius":20,"colorBall":"#60a5fa","colorBg":"#020617","paused":true,"soundEnabled":false,"soundType":"soft","x":400,"y":300,"vx":0,"vy":0,"dirX":1,"dirY":0,"viewerScreenSize":{"width":800,"height":600}}
[VIEWER MSG] 📦 [VIEWER] command.controllerConnected: 
[VIEWER MSG] 📦 [VIEWER] onStateUpdate received: {"type":"state_update","timestamp":1769601732028,"payload":{"speed":30,"radius":20,"colorBall":"#60a5fa","colorBg":"#020617","paused":true,"soundEnabled":false,"soundType":"soft","x":400,"y":300,"vx":0,"vy":0,"dirX":1,"dirY":0,"viewerScreenSize":{"width":800,"height":600}}}
[VIEWER MSG] 📦 [VIEWER] command extracted: {"speed":30,"radius":20,"colorBall":"#60a5fa","colorBg":"#020617","paused":true,"soundEnabled":false,"soundType":"soft","x":400,"y":300,"vx":0,"vy":0,"dirX":1,"dirY":0,"viewerScreenSize":{"width":800,"height":600}}
[VIEWER MSG] 📦 [VIEWER] command.controllerConnected: 
[VIEWER MSG] 📦 [VIEWER] onStateUpdate received: {"type":"state_update","timestamp":1769601732044,"payload":{"speed":30,"radius":20,"colorBall":"#60a5fa","colorBg":"#020617","paused":true,"soundEnabled":false,"soundType":"soft","x":400,"y":300,"vx":0,"vy":0,"dirX":1,"dirY":0,"viewerScreenSize":{"width":800,"height":600}}}
[VIEWER MSG] 📦 [VIEWER] command extracted: {"speed":30,"radius":20,"colorBall":"#60a5fa","colorBg":"#020617","paused":true,"soundEnabled":false,"soundType":"soft","x":400,"y":300,"vx":0,"vy":0,"dirX":1,"dirY":0,"viewerScreenSize":{"width":800,"height":600}}
[VIEWER MSG] 📦 [VIEWER] command.controllerConnected: 
[VIEWER MSG] 📦 [VIEWER] onStateUpdate received: {"type":"state_update","timestamp":1769601732060,"payload":{"speed":30,"radius":20,"colorBall":"#60a5fa","colorBg":"#020617","paused":true,"soundEnabled":false,"soundType":"soft","x":400,"y":300,"vx":0,"vy":0,"dirX":1,"dirY":0,"viewerScreenSize":{"width":800,"height":600}}}
[VIEWER MSG] 📦 [VIEWER] command extracted: {"speed":30,"radius":20,"colorBall":"#60a5fa","colorBg":"#020617","paused":true,"soundEnabled":false,"soundType":"soft","x":400,"y":300,"vx":0,"vy":0,"dirX":1,"dirY":0,"viewerScreenSize":{"width":800,"height":600}}
[VIEWER MSG] 📦 [VIEWER] command.controllerConnected: 
[VIEWER MSG] 📦 [VIEWER] onStateUpdate received: {"type":"state_update","timestamp":1769601732077,"payload":{"speed":30,"radius":20,"colorBall":"#60a5fa","colorBg":"#020617","paused":true,"soundEnabled":false,"soundType":"soft","x":400,"y":300,"vx":0,"vy":0,"dirX":1,"dirY":0,"viewerScreenSize":{"width":800,"height":600}}}
[VIEWER MSG] 📦 [VIEWER] command extracted: {"speed":30,"radius":20,"colorBall":"#60a5fa","colorBg":"#020617","paused":true,"soundEnabled":false,"soundType":"soft","x":400,"y":300,"vx":0,"vy":0,"dirX":1,"dirY":0,"viewerScreenSize":{"width":800,"height":600}}
[VIEWER MSG] 📦 [VIEWER] command.controllerConnected: 
[VIEWER MSG] 📦 [VIEWER] onStateUpdate received: {"type":"state_update","timestamp":1769601732093,"payload":{"speed":30,"radius":20,"colorBall":"#60a5fa","colorBg":"#020617","paused":true,"soundEnabled":false,"soundType":"soft","x":400,"y":300,"vx":0,"vy":0,"dirX":1,"dirY":0,"viewerScreenSize":{"width":800,"height":600}}}
[VIEWER MSG] 📦 [VIEWER] command extracted: {"speed":30,"radius":20,"colorBall":"#60a5fa","colorBg":"#020617","paused":true,"soundEnabled":false,"soundType":"soft","x":400,"y":300,"vx":0,"vy":0,"dirX":1,"dirY":0,"viewerScreenSize":{"width":800,"height":600}}
[VIEWER MSG] 📦 [VIEWER] command.controllerConnected: 
[VIEWER MSG] 📦 [VIEWER] onStateUpdate received: {"type":"state_update","timestamp":1769601732109,"payload":{"speed":30,"radius":20,"colorBall":"#60a5fa","colorBg":"#020617","paused":true,"soundEnabled":false,"soundType":"soft","x":400,"y":300,"vx":0,"vy":0,"dirX":1,"dirY":0,"viewerScreenSize":{"width":800,"height":600}}}
[VIEWER MSG] 📦 [VIEWER] command extracted: {"speed":30,"radius":20,"colorBall":"#60a5fa","colorBg":"#020617","paused":true,"soundEnabled":false,"soundType":"soft","x":400,"y":300,"vx":0,"vy":0,"dirX":1,"dirY":0,"viewerScreenSize":{"width":800,"height":600}}
[VIEWER MSG] 📦 [VIEWER] command.controllerConnected: 
[VIEWER MSG] 📦 [VIEWER] onStateUpdate received: {"type":"state_update","timestamp":1769601732126,"payload":{"speed":30,"radius":20,"colorBall":"#60a5fa","colorBg":"#020617","paused":true,"soundEnabled":false,"soundType":"soft","x":400,"y":300,"vx":0,"vy":0,"dirX":1,"dirY":0,"viewerScreenSize":{"width":800,"height":600}}}
[VIEWER MSG] 📦 [VIEWER] command extracted: {"speed":30,"radius":20,"colorBall":"#60a5fa","colorBg":"#020617","paused":true,"soundEnabled":false,"soundType":"soft","x":400,"y":300,"vx":0,"vy":0,"dirX":1,"dirY":0,"viewerScreenSize":{"width":800,"height":600}}
[VIEWER MSG] 📦 [VIEWER] command.controllerConnected: 
[VIEWER MSG] 📦 [VIEWER] onStateUpdate received: {"type":"state_update","timestamp":1769601732142,"payload":{"speed":30,"radius":20,"colorBall":"#60a5fa","colorBg":"#020617","paused":true,"soundEnabled":false,"soundType":"soft","x":400,"y":300,"vx":0,"vy":0,"dirX":1,"dirY":0,"viewerScreenSize":{"width":800,"height":600}}}
[VIEWER MSG] 📦 [VIEWER] command extracted: {"speed":30,"radius":20,"colorBall":"#60a5fa","colorBg":"#020617","paused":true,"soundEnabled":false,"soundType":"soft","x":400,"y":300,"vx":0,"vy":0,"dirX":1,"dirY":0,"viewerScreenSize":{"width":800,"height":600}}
[VIEWER MSG] 📦 [VIEWER] command.controllerConnected: 
[VIEWER MSG] 📦 [VIEWER] onStateUpdate received: {"type":"state_update","timestamp":1769601732159,"payload":{"speed":30,"radius":20,"colorBall":"#60a5fa","colorBg":"#020617","paused":true,"soundEnabled":false,"soundType":"soft","x":400,"y":300,"vx":0,"vy":0,"dirX":1,"dirY":0,"viewerScreenSize":{"width":800,"height":600}}}
[VIEWER MSG] 📦 [VIEWER] command extracted: {"speed":30,"radius":20,"colorBall":"#60a5fa","colorBg":"#020617","paused":true,"soundEnabled":false,"soundType":"soft","x":400,"y":300,"vx":0,"vy":0,"dirX":1,"dirY":0,"viewerScreenSize":{"width":800,"height":600}}
[VIEWER MSG] 📦 [VIEWER] command.controllerConnected: 
[VIEWER MSG] 📦 [VIEWER] onStateUpdate received: {"type":"state_update","timestamp":1769601732175,"payload":{"speed":30,"radius":20,"colorBall":"#60a5fa","colorBg":"#020617","paused":true,"soundEnabled":false,"soundType":"soft","x":400,"y":300,"vx":0,"vy":0,"dirX":1,"dirY":0,"viewerScreenSize":{"width":800,"height":600}}}
[VIEWER MSG] 📦 [VIEWER] command extracted: {"speed":30,"radius":20,"colorBall":"#60a5fa","colorBg":"#020617","paused":true,"soundEnabled":false,"soundType":"soft","x":400,"y":300,"vx":0,"vy":0,"dirX":1,"dirY":0,"viewerScreenSize":{"width":800,"height":600}}
[VIEWER MSG] 📦 [VIEWER] command.controllerConnected: 
[VIEWER MSG] 📦 [VIEWER] onStateUpdate received: {"type":"state_update","timestamp":1769601732192,"payload":{"speed":30,"radius":20,"colorBall":"#60a5fa","colorBg":"#020617","paused":true,"soundEnabled":false,"soundType":"soft","x":400,"y":300,"vx":0,"vy":0,"dirX":1,"dirY":0,"viewerScreenSize":{"width":800,"height":600}}}
[VIEWER MSG] 📦 [VIEWER] command extracted: {"speed":30,"radius":20,"colorBall":"#60a5fa","colorBg":"#020617","paused":true,"soundEnabled":false,"soundType":"soft","x":400,"y":300,"vx":0,"vy":0,"dirX":1,"dirY":0,"viewerScreenSize":{"width":800,"height":600}}
[VIEWER MSG] 📦 [VIEWER] command.controllerConnected: 
[VIEWER MSG] 📦 [VIEWER] onStateUpdate received: {"type":"state_update","timestamp":1769601732209,"payload":{"speed":30,"radius":20,"colorBall":"#60a5fa","colorBg":"#020617","paused":true,"soundEnabled":false,"soundType":"soft","x":400,"y":300,"vx":0,"vy":0,"dirX":1,"dirY":0,"viewerScreenSize":{"width":800,"height":600}}}
[VIEWER MSG] 📦 [VIEWER] command extracted: {"speed":30,"radius":20,"colorBall":"#60a5fa","colorBg":"#020617","paused":true,"soundEnabled":false,"soundType":"soft","x":400,"y":300,"vx":0,"vy":0,"dirX":1,"dirY":0,"viewerScreenSize":{"width":800,"height":600}}
[VIEWER MSG] 📦 [VIEWER] command.controllerConnected: 
[VIEWER MSG] 📦 [VIEWER] onStateUpdate received: {"type":"state_update","timestamp":1769601732225,"payload":{"speed":30,"radius":20,"colorBall":"#60a5fa","colorBg":"#020617","paused":true,"soundEnabled":false,"soundType":"soft","x":400,"y":300,"vx":0,"vy":0,"dirX":1,"dirY":0,"viewerScreenSize":{"width":800,"height":600}}}
[VIEWER MSG] 📦 [VIEWER] command extracted: {"speed":30,"radius":20,"colorBall":"#60a5fa","colorBg":"#020617","paused":true,"soundEnabled":false,"soundType":"soft","x":400,"y":300,"vx":0,"vy":0,"dirX":1,"dirY":0,"viewerScreenSize":{"width":800,"height":600}}
[VIEWER MSG] 📦 [VIEWER] command.controllerConnected: 
[VIEWER MSG] 📦 [VIEWER] onStateUpdate received: {"type":"state_update","timestamp":1769601732242,"payload":{"speed":30,"radius":20,"colorBall":"#60a5fa","colorBg":"#020617","paused":true,"soundEnabled":false,"soundType":"soft","x":400,"y":300,"vx":0,"vy":0,"dirX":1,"dirY":0,"viewerScreenSize":{"width":800,"height":600}}}
[VIEWER MSG] 📦 [VIEWER] command extracted: {"speed":30,"radius":20,"colorBall":"#60a5fa","colorBg":"#020617","paused":true,"soundEnabled":false,"soundType":"soft","x":400,"y":300,"vx":0,"vy":0,"dirX":1,"dirY":0,"viewerScreenSize":{"width":800,"height":600}}
[VIEWER MSG] 📦 [VIEWER] command.controllerConnected: 
[VIEWER MSG] 📦 [VIEWER] onStateUpdate received: {"type":"state_update","timestamp":1769601732258,"payload":{"speed":30,"radius":20,"colorBall":"#60a5fa","colorBg":"#020617","paused":true,"soundEnabled":false,"soundType":"soft","x":400,"y":300,"vx":0,"vy":0,"dirX":1,"dirY":0,"viewerScreenSize":{"width":800,"height":600}}}
[VIEWER MSG] 📦 [VIEWER] command extracted: {"speed":30,"radius":20,"colorBall":"#60a5fa","colorBg":"#020617","paused":true,"soundEnabled":false,"soundType":"soft","x":400,"y":300,"vx":0,"vy":0,"dirX":1,"dirY":0,"viewerScreenSize":{"width":800,"height":600}}
[VIEWER MSG] 📦 [VIEWER] command.controllerConnected: 
[VIEWER MSG] 📦 [VIEWER] onStateUpdate received: {"type":"state_update","timestamp":1769601732274,"payload":{"speed":30,"radius":20,"colorBall":"#60a5fa","colorBg":"#020617","paused":true,"soundEnabled":false,"soundType":"soft","x":400,"y":300,"vx":0,"vy":0,"dirX":1,"dirY":0,"viewerScreenSize":{"width":800,"height":600}}}
[VIEWER MSG] 📦 [VIEWER] command extracted: {"speed":30,"radius":20,"colorBall":"#60a5fa","colorBg":"#020617","paused":true,"soundEnabled":false,"soundType":"soft","x":400,"y":300,"vx":0,"vy":0,"dirX":1,"dirY":0,"viewerScreenSize":{"width":800,"height":600}}
[VIEWER MSG] 📦 [VIEWER] command.controllerConnected: 
[VIEWER MSG] 📦 [VIEWER] onStateUpdate received: {"type":"state_update","timestamp":1769601732290,"payload":{"speed":30,"radius":20,"colorBall":"#60a5fa","colorBg":"#020617","paused":true,"soundEnabled":false,"soundType":"soft","x":400,"y":300,"vx":0,"vy":0,"dirX":1,"dirY":0,"viewerScreenSize":{"width":800,"height":600}}}
[VIEWER MSG] 📦 [VIEWER] command extracted: {"speed":30,"radius":20,"colorBall":"#60a5fa","colorBg":"#020617","paused":true,"soundEnabled":false,"soundType":"soft","x":400,"y":300,"vx":0,"vy":0,"dirX":1,"dirY":0,"viewerScreenSize":{"width":800,"height":600}}
[VIEWER MSG] 📦 [VIEWER] command.controllerConnected: 
[VIEWER MSG] 📦 [VIEWER] onStateUpdate received: {"type":"state_update","timestamp":1769601732306,"payload":{"speed":30,"radius":20,"colorBall":"#60a5fa","colorBg":"#020617","paused":true,"soundEnabled":false,"soundType":"soft","x":400,"y":300,"vx":0,"vy":0,"dirX":1,"dirY":0,"viewerScreenSize":{"width":800,"height":600}}}
[VIEWER MSG] 📦 [VIEWER] command extracted: {"speed":30,"radius":20,"colorBall":"#60a5fa","colorBg":"#020617","paused":true,"soundEnabled":false,"soundType":"soft","x":400,"y":300,"vx":0,"vy":0,"dirX":1,"dirY":0,"viewerScreenSize":{"width":800,"height":600}}
[VIEWER MSG] 📦 [VIEWER] command.controllerConnected: 
[VIEWER MSG] 📦 [VIEWER] onStateUpdate received: {"type":"state_update","timestamp":1769601732322,"payload":{"speed":30,"radius":20,"colorBall":"#60a5fa","colorBg":"#020617","paused":true,"soundEnabled":false,"soundType":"soft","x":400,"y":300,"vx":0,"vy":0,"dirX":1,"dirY":0,"viewerScreenSize":{"width":800,"height":600}}}
[VIEWER MSG] 📦 [VIEWER] command extracted: {"speed":30,"radius":20,"colorBall":"#60a5fa","colorBg":"#020617","paused":true,"soundEnabled":false,"soundType":"soft","x":400,"y":300,"vx":0,"vy":0,"dirX":1,"dirY":0,"viewerScreenSize":{"width":800,"height":600}}
[VIEWER MSG] 📦 [VIEWER] command.controllerConnected: 
[VIEWER MSG] 📦 [VIEWER] onStateUpdate received: {"type":"state_update","timestamp":1769601732339,"payload":{"speed":30,"radius":20,"colorBall":"#60a5fa","colorBg":"#020617","paused":true,"soundEnabled":false,"soundType":"soft","x":400,"y":300,"vx":0,"vy":0,"dirX":1,"dirY":0,"viewerScreenSize":{"width":800,"height":600}}}
[VIEWER MSG] 📦 [VIEWER] command extracted: {"speed":30,"radius":20,"colorBall":"#60a5fa","colorBg":"#020617","paused":true,"soundEnabled":false,"soundType":"soft","x":400,"y":300,"vx":0,"vy":0,"dirX":1,"dirY":0,"viewerScreenSize":{"width":800,"height":600}}
[VIEWER MSG] 📦 [VIEWER] command.controllerConnected: 
[VIEWER MSG] 📦 [VIEWER] onStateUpdate received: {"type":"state_update","timestamp":1769601732355,"payload":{"speed":30,"radius":20,"colorBall":"#60a5fa","colorBg":"#020617","paused":true,"soundEnabled":false,"soundType":"soft","x":400,"y":300,"vx":0,"vy":0,"dirX":1,"dirY":0,"viewerScreenSize":{"width":800,"height":600}}}
[VIEWER MSG] 📦 [VIEWER] command extracted: {"speed":30,"radius":20,"colorBall":"#60a5fa","colorBg":"#020617","paused":true,"soundEnabled":false,"soundType":"soft","x":400,"y":300,"vx":0,"vy":0,"dirX":1,"dirY":0,"viewerScreenSize":{"width":800,"height":600}}
[VIEWER MSG] 📦 [VIEWER] command.controllerConnected: 
[VIEWER MSG] 📦 [VIEWER] onStateUpdate received: {"type":"state_update","timestamp":1769601732372,"payload":{"speed":30,"radius":20,"colorBall":"#60a5fa","colorBg":"#020617","paused":true,"soundEnabled":false,"soundType":"soft","x":400,"y":300,"vx":0,"vy":0,"dirX":1,"dirY":0,"viewerScreenSize":{"width":800,"height":600}}}
[VIEWER MSG] 📦 [VIEWER] command extracted: {"speed":30,"radius":20,"colorBall":"#60a5fa","colorBg":"#020617","paused":true,"soundEnabled":false,"soundType":"soft","x":400,"y":300,"vx":0,"vy":0,"dirX":1,"dirY":0,"viewerScreenSize":{"width":800,"height":600}}
[VIEWER MSG] 📦 [VIEWER] command.controllerConnected: 
[VIEWER MSG] 📦 [VIEWER] onStateUpdate received: {"type":"state_update","timestamp":1769601732388,"payload":{"speed":30,"radius":20,"colorBall":"#60a5fa","colorBg":"#020617","paused":true,"soundEnabled":false,"soundType":"soft","x":400,"y":300,"vx":0,"vy":0,"dirX":1,"dirY":0,"viewerScreenSize":{"width":800,"height":600}}}
[VIEWER MSG] 📦 [VIEWER] command extracted: {"speed":30,"radius":20,"colorBall":"#60a5fa","colorBg":"#020617","paused":true,"soundEnabled":false,"soundType":"soft","x":400,"y":300,"vx":0,"vy":0,"dirX":1,"dirY":0,"viewerScreenSize":{"width":800,"height":600}}
[VIEWER MSG] 📦 [VIEWER] command.controllerConnected: 
[VIEWER MSG] 📦 [VIEWER] onStateUpdate received: {"type":"state_update","timestamp":1769601732405,"payload":{"speed":30,"radius":20,"colorBall":"#60a5fa","colorBg":"#020617","paused":true,"soundEnabled":false,"soundType":"soft","x":400,"y":300,"vx":0,"vy":0,"dirX":1,"dirY":0,"viewerScreenSize":{"width":800,"height":600}}}
[VIEWER MSG] 📦 [VIEWER] command extracted: {"speed":30,"radius":20,"colorBall":"#60a5fa","colorBg":"#020617","paused":true,"soundEnabled":false,"soundType":"soft","x":400,"y":300,"vx":0,"vy":0,"dirX":1,"dirY":0,"viewerScreenSize":{"width":800,"height":600}}
[VIEWER MSG] 📦 [VIEWER] command.controllerConnected: 
[VIEWER MSG] 📦 [VIEWER] onStateUpdate received: {"type":"state_update","timestamp":1769601732421,"payload":{"speed":30,"radius":20,"colorBall":"#60a5fa","colorBg":"#020617","paused":true,"soundEnabled":false,"soundType":"soft","x":400,"y":300,"vx":0,"vy":0,"dirX":1,"dirY":0,"viewerScreenSize":{"width":800,"height":600}}}
[VIEWER MSG] 📦 [VIEWER] command extracted: {"speed":30,"radius":20,"colorBall":"#60a5fa","colorBg":"#020617","paused":true,"soundEnabled":false,"soundType":"soft","x":400,"y":300,"vx":0,"vy":0,"dirX":1,"dirY":0,"viewerScreenSize":{"width":800,"height":600}}
[VIEWER MSG] 📦 [VIEWER] command.controllerConnected: 
[VIEWER MSG] 📦 [VIEWER] onStateUpdate received: {"type":"state_update","timestamp":1769601732438,"payload":{"speed":30,"radius":20,"colorBall":"#60a5fa","colorBg":"#020617","paused":true,"soundEnabled":false,"soundType":"soft","x":400,"y":300,"vx":0,"vy":0,"dirX":1,"dirY":0,"viewerScreenSize":{"width":800,"height":600}}}
[VIEWER MSG] 📦 [VIEWER] command extracted: {"speed":30,"radius":20,"colorBall":"#60a5fa","colorBg":"#020617","paused":true,"soundEnabled":false,"soundType":"soft","x":400,"y":300,"vx":0,"vy":0,"dirX":1,"dirY":0,"viewerScreenSize":{"width":800,"height":600}}
[VIEWER MSG] 📦 [VIEWER] command.controllerConnected: 
[VIEWER MSG] 📦 [VIEWER] onStateUpdate received: {"type":"state_update","timestamp":1769601732454,"payload":{"speed":30,"radius":20,"colorBall":"#60a5fa","colorBg":"#020617","paused":true,"soundEnabled":false,"soundType":"soft","x":400,"y":300,"vx":0,"vy":0,"dirX":1,"dirY":0,"viewerScreenSize":{"width":800,"height":600}}}
[VIEWER MSG] 📦 [VIEWER] command extracted: {"speed":30,"radius":20,"colorBall":"#60a5fa","colorBg":"#020617","paused":true,"soundEnabled":false,"soundType":"soft","x":400,"y":300,"vx":0,"vy":0,"dirX":1,"dirY":0,"viewerScreenSize":{"width":800,"height":600}}
[VIEWER MSG] 📦 [VIEWER] command.controllerConnected: 
[VIEWER MSG] 📦 [VIEWER] onStateUpdate received: {"type":"state_update","timestamp":1769601732471,"payload":{"speed":30,"radius":20,"colorBall":"#60a5fa","colorBg":"#020617","paused":true,"soundEnabled":false,"soundType":"soft","x":400,"y":300,"vx":0,"vy":0,"dirX":1,"dirY":0,"viewerScreenSize":{"width":800,"height":600}}}
[VIEWER MSG] 📦 [VIEWER] command extracted: {"speed":30,"radius":20,"colorBall":"#60a5fa","colorBg":"#020617","paused":true,"soundEnabled":false,"soundType":"soft","x":400,"y":300,"vx":0,"vy":0,"dirX":1,"dirY":0,"viewerScreenSize":{"width":800,"height":600}}
[VIEWER MSG] 📦 [VIEWER] command.controllerConnected: 
[VIEWER MSG] 📦 [VIEWER] onStateUpdate received: {"type":"state_update","timestamp":1769601732487,"payload":{"speed":30,"radius":20,"colorBall":"#60a5fa","colorBg":"#020617","paused":true,"soundEnabled":false,"soundType":"soft","x":400,"y":300,"vx":0,"vy":0,"dirX":1,"dirY":0,"viewerScreenSize":{"width":800,"height":600}}}
[VIEWER MSG] 📦 [VIEWER] command extracted: {"speed":30,"radius":20,"colorBall":"#60a5fa","colorBg":"#020617","paused":true,"soundEnabled":false,"soundType":"soft","x":400,"y":300,"vx":0,"vy":0,"dirX":1,"dirY":0,"viewerScreenSize":{"width":800,"height":600}}
[VIEWER MSG] 📦 [VIEWER] command.controllerConnected: 
[VIEWER MSG] 📦 [VIEWER] onStateUpdate received: {"type":"state_update","timestamp":1769601732504,"payload":{"speed":30,"radius":20,"colorBall":"#60a5fa","colorBg":"#020617","paused":true,"soundEnabled":false,"soundType":"soft","x":400,"y":300,"vx":0,"vy":0,"dirX":1,"dirY":0,"viewerScreenSize":{"width":800,"height":600}}}
[VIEWER MSG] 📦 [VIEWER] command extracted: {"speed":30,"radius":20,"colorBall":"#60a5fa","colorBg":"#020617","paused":true,"soundEnabled":false,"soundType":"soft","x":400,"y":300,"vx":0,"vy":0,"dirX":1,"dirY":0,"viewerScreenSize":{"width":800,"height":600}}
[VIEWER MSG] 📦 [VIEWER] command.controllerConnected: 
[VIEWER MSG] 📦 [VIEWER] onStateUpdate received: {"type":"state_update","timestamp":1769601732520,"payload":{"speed":30,"radius":20,"colorBall":"#60a5fa","colorBg":"#020617","paused":true,"soundEnabled":false,"soundType":"soft","x":400,"y":300,"vx":0,"vy":0,"dirX":1,"dirY":0,"viewerScreenSize":{"width":800,"height":600}}}
[VIEWER MSG] 📦 [VIEWER] command extracted: {"speed":30,"radius":20,"colorBall":"#60a5fa","colorBg":"#020617","paused":true,"soundEnabled":false,"soundType":"soft","x":400,"y":300,"vx":0,"vy":0,"dirX":1,"dirY":0,"viewerScreenSize":{"width":800,"height":600}}
[VIEWER MSG] 📦 [VIEWER] command.controllerConnected: 
[VIEWER MSG] 📦 [VIEWER] onStateUpdate received: {"type":"state_update","timestamp":1769601732536,"payload":{"speed":30,"radius":20,"colorBall":"#60a5fa","colorBg":"#020617","paused":true,"soundEnabled":false,"soundType":"soft","x":400,"y":300,"vx":0,"vy":0,"dirX":1,"dirY":0,"viewerScreenSize":{"width":800,"height":600}}}
[VIEWER MSG] 📦 [VIEWER] command extracted: {"speed":30,"radius":20,"colorBall":"#60a5fa","colorBg":"#020617","paused":true,"soundEnabled":false,"soundType":"soft","x":400,"y":300,"vx":0,"vy":0,"dirX":1,"dirY":0,"viewerScreenSize":{"width":800,"height":600}}
[VIEWER MSG] 📦 [VIEWER] command.controllerConnected: 
[VIEWER MSG] 📦 [VIEWER] onStateUpdate received: {"type":"state_update","timestamp":1769601732552,"payload":{"speed":30,"radius":20,"colorBall":"#60a5fa","colorBg":"#020617","paused":true,"soundEnabled":false,"soundType":"soft","x":400,"y":300,"vx":0,"vy":0,"dirX":1,"dirY":0,"viewerScreenSize":{"width":800,"height":600}}}
[VIEWER MSG] 📦 [VIEWER] command extracted: {"speed":30,"radius":20,"colorBall":"#60a5fa","colorBg":"#020617","paused":true,"soundEnabled":false,"soundType":"soft","x":400,"y":300,"vx":0,"vy":0,"dirX":1,"dirY":0,"viewerScreenSize":{"width":800,"height":600}}
[VIEWER MSG] 📦 [VIEWER] command.controllerConnected: 
[VIEWER MSG] 📦 [VIEWER] onStateUpdate received: {"type":"state_update","timestamp":1769601732568,"payload":{"speed":30,"radius":20,"colorBall":"#60a5fa","colorBg":"#020617","paused":true,"soundEnabled":false,"soundType":"soft","x":400,"y":300,"vx":0,"vy":0,"dirX":1,"dirY":0,"viewerScreenSize":{"width":800,"height":600}}}
[VIEWER MSG] 📦 [VIEWER] command extracted: {"speed":30,"radius":20,"colorBall":"#60a5fa","colorBg":"#020617","paused":true,"soundEnabled":false,"soundType":"soft","x":400,"y":300,"vx":0,"vy":0,"dirX":1,"dirY":0,"viewerScreenSize":{"width":800,"height":600}}
[VIEWER MSG] 📦 [VIEWER] command.controllerConnected: 
[VIEWER MSG] 📦 [VIEWER] onStateUpdate received: {"type":"state_update","timestamp":1769601732585,"payload":{"speed":30,"radius":20,"colorBall":"#60a5fa","colorBg":"#020617","paused":true,"soundEnabled":false,"soundType":"soft","x":400,"y":300,"vx":0,"vy":0,"dirX":1,"dirY":0,"viewerScreenSize":{"width":800,"height":600}}}
[VIEWER MSG] 📦 [VIEWER] command extracted: {"speed":30,"radius":20,"colorBall":"#60a5fa","colorBg":"#020617","paused":true,"soundEnabled":false,"soundType":"soft","x":400,"y":300,"vx":0,"vy":0,"dirX":1,"dirY":0,"viewerScreenSize":{"width":800,"height":600}}
[VIEWER MSG] 📦 [VIEWER] command.controllerConnected: 
[VIEWER MSG] 📦 [VIEWER] onStateUpdate received: {"type":"state_update","timestamp":1769601732601,"payload":{"speed":30,"radius":20,"colorBall":"#60a5fa","colorBg":"#020617","paused":true,"soundEnabled":false,"soundType":"soft","x":400,"y":300,"vx":0,"vy":0,"dirX":1,"dirY":0,"viewerScreenSize":{"width":800,"height":600}}}
[VIEWER MSG] 📦 [VIEWER] command extracted: {"speed":30,"radius":20,"colorBall":"#60a5fa","colorBg":"#020617","paused":true,"soundEnabled":false,"soundType":"soft","x":400,"y":300,"vx":0,"vy":0,"dirX":1,"dirY":0,"viewerScreenSize":{"width":800,"height":600}}
[VIEWER MSG] 📦 [VIEWER] command.controllerConnected: 
[VIEWER MSG] 📦 [VIEWER] onStateUpdate received: {"type":"state_update","timestamp":1769601732618,"payload":{"speed":30,"radius":20,"colorBall":"#60a5fa","colorBg":"#020617","paused":true,"soundEnabled":false,"soundType":"soft","x":400,"y":300,"vx":0,"vy":0,"dirX":1,"dirY":0,"viewerScreenSize":{"width":800,"height":600}}}
[VIEWER MSG] 📦 [VIEWER] command extracted: {"speed":30,"radius":20,"colorBall":"#60a5fa","colorBg":"#020617","paused":true,"soundEnabled":false,"soundType":"soft","x":400,"y":300,"vx":0,"vy":0,"dirX":1,"dirY":0,"viewerScreenSize":{"width":800,"height":600}}
[VIEWER MSG] 📦 [VIEWER] command.controllerConnected: 
[VIEWER MSG] 📦 [VIEWER] onStateUpdate received: {"type":"state_update","timestamp":1769601732634,"payload":{"speed":30,"radius":20,"colorBall":"#60a5fa","colorBg":"#020617","paused":true,"soundEnabled":false,"soundType":"soft","x":400,"y":300,"vx":0,"vy":0,"dirX":1,"dirY":0,"viewerScreenSize":{"width":800,"height":600}}}
[VIEWER MSG] 📦 [VIEWER] command extracted: {"speed":30,"radius":20,"colorBall":"#60a5fa","colorBg":"#020617","paused":true,"soundEnabled":false,"soundType":"soft","x":400,"y":300,"vx":0,"vy":0,"dirX":1,"dirY":0,"viewerScreenSize":{"width":800,"height":600}}
[VIEWER MSG] 📦 [VIEWER] command.controllerConnected: 
[VIEWER MSG] 📦 [VIEWER] onStateUpdate received: {"type":"state_update","timestamp":1769601732651,"payload":{"speed":30,"radius":20,"colorBall":"#60a5fa","colorBg":"#020617","paused":true,"soundEnabled":false,"soundType":"soft","x":400,"y":300,"vx":0,"vy":0,"dirX":1,"dirY":0,"viewerScreenSize":{"width":800,"height":600}}}
[VIEWER MSG] 📦 [VIEWER] command extracted: {"speed":30,"radius":20,"colorBall":"#60a5fa","colorBg":"#020617","paused":true,"soundEnabled":false,"soundType":"soft","x":400,"y":300,"vx":0,"vy":0,"dirX":1,"dirY":0,"viewerScreenSize":{"width":800,"height":600}}
[VIEWER MSG] 📦 [VIEWER] command.controllerConnected: 
[VIEWER MSG] 📦 [VIEWER] onStateUpdate received: {"type":"state_update","timestamp":1769601732667,"payload":{"speed":30,"radius":20,"colorBall":"#60a5fa","colorBg":"#020617","paused":true,"soundEnabled":false,"soundType":"soft","x":400,"y":300,"vx":0,"vy":0,"dirX":1,"dirY":0,"viewerScreenSize":{"width":800,"height":600}}}
[VIEWER MSG] 📦 [VIEWER] command extracted: {"speed":30,"radius":20,"colorBall":"#60a5fa","colorBg":"#020617","paused":true,"soundEnabled":false,"soundType":"soft","x":400,"y":300,"vx":0,"vy":0,"dirX":1,"dirY":0,"viewerScreenSize":{"width":800,"height":600}}
[VIEWER MSG] 📦 [VIEWER] command.controllerConnected: 
[VIEWER MSG] 📦 [VIEWER] onStateUpdate received: {"type":"state_update","timestamp":1769601732684,"payload":{"speed":30,"radius":20,"colorBall":"#60a5fa","colorBg":"#020617","paused":true,"soundEnabled":false,"soundType":"soft","x":400,"y":300,"vx":0,"vy":0,"dirX":1,"dirY":0,"viewerScreenSize":{"width":800,"height":600}}}
[VIEWER MSG] 📦 [VIEWER] command extracted: {"speed":30,"radius":20,"colorBall":"#60a5fa","colorBg":"#020617","paused":true,"soundEnabled":false,"soundType":"soft","x":400,"y":300,"vx":0,"vy":0,"dirX":1,"dirY":0,"viewerScreenSize":{"width":800,"height":600}}
[VIEWER MSG] 📦 [VIEWER] command.controllerConnected: 
[VIEWER MSG] 📦 [VIEWER] onStateUpdate received: {"type":"state_update","timestamp":1769601732700,"payload":{"speed":30,"radius":20,"colorBall":"#60a5fa","colorBg":"#020617","paused":true,"soundEnabled":false,"soundType":"soft","x":400,"y":300,"vx":0,"vy":0,"dirX":1,"dirY":0,"viewerScreenSize":{"width":800,"height":600}}}
[VIEWER MSG] 📦 [VIEWER] command extracted: {"speed":30,"radius":20,"colorBall":"#60a5fa","colorBg":"#020617","paused":true,"soundEnabled":false,"soundType":"soft","x":400,"y":300,"vx":0,"vy":0,"dirX":1,"dirY":0,"viewerScreenSize":{"width":800,"height":600}}
[VIEWER MSG] 📦 [VIEWER] command.controllerConnected: 
[VIEWER MSG] 📦 [VIEWER] onStateUpdate received: {"type":"state_update","timestamp":1769601732716,"payload":{"speed":30,"radius":20,"colorBall":"#60a5fa","colorBg":"#020617","paused":true,"soundEnabled":false,"soundType":"soft","x":400,"y":300,"vx":0,"vy":0,"dirX":1,"dirY":0,"viewerScreenSize":{"width":800,"height":600}}}
[VIEWER MSG] 📦 [VIEWER] command extracted: {"speed":30,"radius":20,"colorBall":"#60a5fa","colorBg":"#020617","paused":true,"soundEnabled":false,"soundType":"soft","x":400,"y":300,"vx":0,"vy":0,"dirX":1,"dirY":0,"viewerScreenSize":{"width":800,"height":600}}
[VIEWER MSG] 📦 [VIEWER] command.controllerConnected: 
[VIEWER MSG] 📦 [VIEWER] onStateUpdate received: {"type":"state_update","timestamp":1769601732733,"payload":{"speed":30,"radius":20,"colorBall":"#60a5fa","colorBg":"#020617","paused":true,"soundEnabled":false,"soundType":"soft","x":400,"y":300,"vx":0,"vy":0,"dirX":1,"dirY":0,"viewerScreenSize":{"width":800,"height":600}}}
[VIEWER MSG] 📦 [VIEWER] command extracted: {"speed":30,"radius":20,"colorBall":"#60a5fa","colorBg":"#020617","paused":true,"soundEnabled":false,"soundType":"soft","x":400,"y":300,"vx":0,"vy":0,"dirX":1,"dirY":0,"viewerScreenSize":{"width":800,"height":600}}
[VIEWER MSG] 📦 [VIEWER] command.controllerConnected: 
[VIEWER MSG] 📦 [VIEWER] onStateUpdate received: {"type":"state_update","timestamp":1769601732749,"payload":{"speed":30,"radius":20,"colorBall":"#60a5fa","colorBg":"#020617","paused":true,"soundEnabled":false,"soundType":"soft","x":400,"y":300,"vx":0,"vy":0,"dirX":1,"dirY":0,"viewerScreenSize":{"width":800,"height":600}}}
[VIEWER MSG] 📦 [VIEWER] command extracted: {"speed":30,"radius":20,"colorBall":"#60a5fa","colorBg":"#020617","paused":true,"soundEnabled":false,"soundType":"soft","x":400,"y":300,"vx":0,"vy":0,"dirX":1,"dirY":0,"viewerScreenSize":{"width":800,"height":600}}
[VIEWER MSG] 📦 [VIEWER] command.controllerConnected: 
[VIEWER MSG] 📦 [VIEWER] onStateUpdate received: {"type":"state_update","timestamp":1769601732766,"payload":{"speed":30,"radius":20,"colorBall":"#60a5fa","colorBg":"#020617","paused":true,"soundEnabled":false,"soundType":"soft","x":400,"y":300,"vx":0,"vy":0,"dirX":1,"dirY":0,"viewerScreenSize":{"width":800,"height":600}}}
[VIEWER MSG] 📦 [VIEWER] command extracted: {"speed":30,"radius":20,"colorBall":"#60a5fa","colorBg":"#020617","paused":true,"soundEnabled":false,"soundType":"soft","x":400,"y":300,"vx":0,"vy":0,"dirX":1,"dirY":0,"viewerScreenSize":{"width":800,"height":600}}
[VIEWER MSG] 📦 [VIEWER] command.controllerConnected: 
[VIEWER MSG] The resource https://dev.emdrbilateral.online/css/shared-components.css was preloaded using link preload but not used within a few seconds from the window's load event. Please make sure it has an appropriate `as` value and it is preloaded intentionally.
[VIEWER MSG] The resource https://dev.emdrbilateral.online/css/viewer.css was preloaded using link preload but not used within a few seconds from the window's load event. Please make sure it has an appropriate `as` value and it is preloaded intentionally.
[VIEWER MSG] The resource https://dev.emdrbilateral.online/css/light-theme.css was preloaded using link preload but not used within a few seconds from the window's load event. Please make sure it has an appropriate `as` value and it is preloaded intentionally.
[VIEWER MSG] 📦 [VIEWER] onStateUpdate received: {"type":"state_update","timestamp":1769601732783,"payload":{"speed":30,"radius":20,"colorBall":"#60a5fa","colorBg":"#020617","paused":true,"soundEnabled":false,"soundType":"soft","x":400,"y":300,"vx":0,"vy":0,"dirX":1,"dirY":0,"viewerScreenSize":{"width":800,"height":600}}}
[VIEWER MSG] 📦 [VIEWER] command extracted: {"speed":30,"radius":20,"colorBall":"#60a5fa","colorBg":"#020617","paused":true,"soundEnabled":false,"soundType":"soft","x":400,"y":300,"vx":0,"vy":0,"dirX":1,"dirY":0,"viewerScreenSize":{"width":800,"height":600}}
[VIEWER MSG] 📦 [VIEWER] command.controllerConnected: 
[VIEWER MSG] 📦 [VIEWER] onStateUpdate received: {"type":"state_update","timestamp":1769601732800,"payload":{"speed":30,"radius":20,"colorBall":"#60a5fa","colorBg":"#020617","paused":true,"soundEnabled":false,"soundType":"soft","x":400,"y":300,"vx":0,"vy":0,"dirX":1,"dirY":0,"viewerScreenSize":{"width":800,"height":600}}}
[VIEWER MSG] 📦 [VIEWER] command extracted: {"speed":30,"radius":20,"colorBall":"#60a5fa","colorBg":"#020617","paused":true,"soundEnabled":false,"soundType":"soft","x":400,"y":300,"vx":0,"vy":0,"dirX":1,"dirY":0,"viewerScreenSize":{"width":800,"height":600}}
[VIEWER MSG] 📦 [VIEWER] command.controllerConnected: 
[VIEWER MSG] 📦 [VIEWER] onStateUpdate received: {"type":"state_update","timestamp":1769601732816,"payload":{"speed":30,"radius":20,"colorBall":"#60a5fa","colorBg":"#020617","paused":true,"soundEnabled":false,"soundType":"soft","x":400,"y":300,"vx":0,"vy":0,"dirX":1,"dirY":0,"viewerScreenSize":{"width":800,"height":600}}}
[VIEWER MSG] 📦 [VIEWER] command extracted: {"speed":30,"radius":20,"colorBall":"#60a5fa","colorBg":"#020617","paused":true,"soundEnabled":false,"soundType":"soft","x":400,"y":300,"vx":0,"vy":0,"dirX":1,"dirY":0,"viewerScreenSize":{"width":800,"height":600}}
[VIEWER MSG] 📦 [VIEWER] command.controllerConnected: 
[VIEWER MSG] 📦 [VIEWER] onStateUpdate received: {"type":"state_update","timestamp":1769601732832,"payload":{"speed":30,"radius":20,"colorBall":"#60a5fa","colorBg":"#020617","paused":true,"soundEnabled":false,"soundType":"soft","x":400,"y":300,"vx":0,"vy":0,"dirX":1,"dirY":0,"viewerScreenSize":{"width":800,"height":600}}}
[VIEWER MSG] 📦 [VIEWER] command extracted: {"speed":30,"radius":20,"colorBall":"#60a5fa","colorBg":"#020617","paused":true,"soundEnabled":false,"soundType":"soft","x":400,"y":300,"vx":0,"vy":0,"dirX":1,"dirY":0,"viewerScreenSize":{"width":800,"height":600}}
[VIEWER MSG] 📦 [VIEWER] command.controllerConnected: 
[VIEWER MSG] 📦 [VIEWER] onStateUpdate received: {"type":"state_update","timestamp":1769601732849,"payload":{"speed":30,"radius":20,"colorBall":"#60a5fa","colorBg":"#020617","paused":true,"soundEnabled":false,"soundType":"soft","x":400,"y":300,"vx":0,"vy":0,"dirX":1,"dirY":0,"viewerScreenSize":{"width":800,"height":600}}}
[VIEWER MSG] 📦 [VIEWER] command extracted: {"speed":30,"radius":20,"colorBall":"#60a5fa","colorBg":"#020617","paused":true,"soundEnabled":false,"soundType":"soft","x":400,"y":300,"vx":0,"vy":0,"dirX":1,"dirY":0,"viewerScreenSize":{"width":800,"height":600}}
[VIEWER MSG] 📦 [VIEWER] command.controllerConnected: 
[VIEWER MSG] 📦 [VIEWER] onStateUpdate received: {"type":"state_update","timestamp":1769601732865,"payload":{"speed":30,"radius":20,"colorBall":"#60a5fa","colorBg":"#020617","paused":true,"soundEnabled":false,"soundType":"soft","x":400,"y":300,"vx":0,"vy":0,"dirX":1,"dirY":0,"viewerScreenSize":{"width":800,"height":600}}}
[VIEWER MSG] 📦 [VIEWER] command extracted: {"speed":30,"radius":20,"colorBall":"#60a5fa","colorBg":"#020617","paused":true,"soundEnabled":false,"soundType":"soft","x":400,"y":300,"vx":0,"vy":0,"dirX":1,"dirY":0,"viewerScreenSize":{"width":800,"height":600}}
[VIEWER MSG] 📦 [VIEWER] command.controllerConnected: 
[VIEWER MSG] 📦 [VIEWER] onStateUpdate received: {"type":"state_update","timestamp":1769601732882,"payload":{"speed":30,"radius":20,"colorBall":"#60a5fa","colorBg":"#020617","paused":true,"soundEnabled":false,"soundType":"soft","x":400,"y":300,"vx":0,"vy":0,"dirX":1,"dirY":0,"viewerScreenSize":{"width":800,"height":600}}}
[VIEWER MSG] 📦 [VIEWER] command extracted: {"speed":30,"radius":20,"colorBall":"#60a5fa","colorBg":"#020617","paused":true,"soundEnabled":false,"soundType":"soft","x":400,"y":300,"vx":0,"vy":0,"dirX":1,"dirY":0,"viewerScreenSize":{"width":800,"height":600}}
[VIEWER MSG] 📦 [VIEWER] command.controllerConnected: 
[VIEWER MSG] 📦 [VIEWER] onStateUpdate received: {"type":"state_update","timestamp":1769601732898,"payload":{"speed":30,"radius":20,"colorBall":"#60a5fa","colorBg":"#020617","paused":true,"soundEnabled":false,"soundType":"soft","x":400,"y":300,"vx":0,"vy":0,"dirX":1,"dirY":0,"viewerScreenSize":{"width":800,"height":600}}}
[VIEWER MSG] 📦 [VIEWER] command extracted: {"speed":30,"radius":20,"colorBall":"#60a5fa","colorBg":"#020617","paused":true,"soundEnabled":false,"soundType":"soft","x":400,"y":300,"vx":0,"vy":0,"dirX":1,"dirY":0,"viewerScreenSize":{"width":800,"height":600}}
[VIEWER MSG] 📦 [VIEWER] command.controllerConnected: 
[VIEWER MSG] 📦 [VIEWER] onStateUpdate received: {"type":"state_update","timestamp":1769601732915,"payload":{"speed":30,"radius":20,"colorBall":"#60a5fa","colorBg":"#020617","paused":true,"soundEnabled":false,"soundType":"soft","x":400,"y":300,"vx":0,"vy":0,"dirX":1,"dirY":0,"viewerScreenSize":{"width":800,"height":600}}}
[VIEWER MSG] 📦 [VIEWER] command extracted: {"speed":30,"radius":20,"colorBall":"#60a5fa","colorBg":"#020617","paused":true,"soundEnabled":false,"soundType":"soft","x":400,"y":300,"vx":0,"vy":0,"dirX":1,"dirY":0,"viewerScreenSize":{"width":800,"height":600}}
[VIEWER MSG] 📦 [VIEWER] command.controllerConnected: 
[VIEWER MSG] 📦 [VIEWER] onStateUpdate received: {"type":"state_update","timestamp":1769601732931,"payload":{"speed":30,"radius":20,"colorBall":"#60a5fa","colorBg":"#020617","paused":true,"soundEnabled":false,"soundType":"soft","x":400,"y":300,"vx":0,"vy":0,"dirX":1,"dirY":0,"viewerScreenSize":{"width":800,"height":600}}}
[VIEWER MSG] 📦 [VIEWER] command extracted: {"speed":30,"radius":20,"colorBall":"#60a5fa","colorBg":"#020617","paused":true,"soundEnabled":false,"soundType":"soft","x":400,"y":300,"vx":0,"vy":0,"dirX":1,"dirY":0,"viewerScreenSize":{"width":800,"height":600}}
[VIEWER MSG] 📦 [VIEWER] command.controllerConnected: 
[VIEWER MSG] 📦 [VIEWER] onStateUpdate received: {"type":"state_update","timestamp":1769601732947,"payload":{"speed":30,"radius":20,"colorBall":"#60a5fa","colorBg":"#020617","paused":true,"soundEnabled":false,"soundType":"soft","x":400,"y":300,"vx":0,"vy":0,"dirX":1,"dirY":0,"viewerScreenSize":{"width":800,"height":600}}}
[VIEWER MSG] 📦 [VIEWER] command extracted: {"speed":30,"radius":20,"colorBall":"#60a5fa","colorBg":"#020617","paused":true,"soundEnabled":false,"soundType":"soft","x":400,"y":300,"vx":0,"vy":0,"dirX":1,"dirY":0,"viewerScreenSize":{"width":800,"height":600}}
[VIEWER MSG] 📦 [VIEWER] command.controllerConnected: 
[VIEWER MSG] 📦 [VIEWER] onStateUpdate received: {"type":"state_update","timestamp":1769601732964,"payload":{"speed":30,"radius":20,"colorBall":"#60a5fa","colorBg":"#020617","paused":true,"soundEnabled":false,"soundType":"soft","x":400,"y":300,"vx":0,"vy":0,"dirX":1,"dirY":0,"viewerScreenSize":{"width":800,"height":600}}}
[VIEWER MSG] 📦 [VIEWER] command extracted: {"speed":30,"radius":20,"colorBall":"#60a5fa","colorBg":"#020617","paused":true,"soundEnabled":false,"soundType":"soft","x":400,"y":300,"vx":0,"vy":0,"dirX":1,"dirY":0,"viewerScreenSize":{"width":800,"height":600}}
[VIEWER MSG] 📦 [VIEWER] command.controllerConnected: 
[VIEWER MSG] 📦 [VIEWER] onStateUpdate received: {"type":"state_update","timestamp":1769601732980,"payload":{"speed":30,"radius":20,"colorBall":"#60a5fa","colorBg":"#020617","paused":true,"soundEnabled":false,"soundType":"soft","x":400,"y":300,"vx":0,"vy":0,"dirX":1,"dirY":0,"viewerScreenSize":{"width":800,"height":600}}}
[VIEWER MSG] 📦 [VIEWER] command extracted: {"speed":30,"radius":20,"colorBall":"#60a5fa","colorBg":"#020617","paused":true,"soundEnabled":false,"soundType":"soft","x":400,"y":300,"vx":0,"vy":0,"dirX":1,"dirY":0,"viewerScreenSize":{"width":800,"height":600}}
[VIEWER MSG] 📦 [VIEWER] command.controllerConnected: 
[VIEWER MSG] 📦 [VIEWER] onStateUpdate received: {"type":"state_update","timestamp":1769601732996,"payload":{"speed":30,"radius":20,"colorBall":"#60a5fa","colorBg":"#020617","paused":true,"soundEnabled":false,"soundType":"soft","x":400,"y":300,"vx":0,"vy":0,"dirX":1,"dirY":0,"viewerScreenSize":{"width":800,"height":600}}}
[VIEWER MSG] 📦 [VIEWER] command extracted: {"speed":30,"radius":20,"colorBall":"#60a5fa","colorBg":"#020617","paused":true,"soundEnabled":false,"soundType":"soft","x":400,"y":300,"vx":0,"vy":0,"dirX":1,"dirY":0,"viewerScreenSize":{"width":800,"height":600}}
[VIEWER MSG] 📦 [VIEWER] command.controllerConnected: 
[VIEWER MSG] 📦 [VIEWER] onStateUpdate received: {"type":"state_update","timestamp":1769601733013,"payload":{"speed":30,"radius":20,"colorBall":"#60a5fa","colorBg":"#020617","paused":true,"soundEnabled":false,"soundType":"soft","x":400,"y":300,"vx":0,"vy":0,"dirX":1,"dirY":0,"viewerScreenSize":{"width":800,"height":600}}}
[VIEWER MSG] 📦 [VIEWER] command extracted: {"speed":30,"radius":20,"colorBall":"#60a5fa","colorBg":"#020617","paused":true,"soundEnabled":false,"soundType":"soft","x":400,"y":300,"vx":0,"vy":0,"dirX":1,"dirY":0,"viewerScreenSize":{"width":800,"height":600}}
[VIEWER MSG] 📦 [VIEWER] command.controllerConnected: 
[VIEWER MSG] 📦 [VIEWER] onStateUpdate received: {"type":"state_update","timestamp":1769601733029,"payload":{"speed":30,"radius":20,"colorBall":"#60a5fa","colorBg":"#020617","paused":true,"soundEnabled":false,"soundType":"soft","x":400,"y":300,"vx":0,"vy":0,"dirX":1,"dirY":0,"viewerScreenSize":{"width":800,"height":600}}}
[VIEWER MSG] 📦 [VIEWER] command extracted: {"speed":30,"radius":20,"colorBall":"#60a5fa","colorBg":"#020617","paused":true,"soundEnabled":false,"soundType":"soft","x":400,"y":300,"vx":0,"vy":0,"dirX":1,"dirY":0,"viewerScreenSize":{"width":800,"height":600}}
[VIEWER MSG] 📦 [VIEWER] command.controllerConnected: 
[VIEWER MSG] 📦 [VIEWER] onStateUpdate received: {"type":"state_update","timestamp":1769601733045,"payload":{"speed":30,"radius":20,"colorBall":"#60a5fa","colorBg":"#020617","paused":true,"soundEnabled":false,"soundType":"soft","x":400,"y":300,"vx":0,"vy":0,"dirX":1,"dirY":0,"viewerScreenSize":{"width":800,"height":600}}}
[VIEWER MSG] 📦 [VIEWER] command extracted: {"speed":30,"radius":20,"colorBall":"#60a5fa","colorBg":"#020617","paused":true,"soundEnabled":false,"soundType":"soft","x":400,"y":300,"vx":0,"vy":0,"dirX":1,"dirY":0,"viewerScreenSize":{"width":800,"height":600}}
[VIEWER MSG] 📦 [VIEWER] command.controllerConnected: 
[VIEWER MSG] 📦 [VIEWER] onStateUpdate received: {"type":"state_update","timestamp":1769601733062,"payload":{"speed":30,"radius":20,"colorBall":"#60a5fa","colorBg":"#020617","paused":true,"soundEnabled":false,"soundType":"soft","x":400,"y":300,"vx":0,"vy":0,"dirX":1,"dirY":0,"viewerScreenSize":{"width":800,"height":600}}}
[VIEWER MSG] 📦 [VIEWER] command extracted: {"speed":30,"radius":20,"colorBall":"#60a5fa","colorBg":"#020617","paused":true,"soundEnabled":false,"soundType":"soft","x":400,"y":300,"vx":0,"vy":0,"dirX":1,"dirY":0,"viewerScreenSize":{"width":800,"height":600}}
[VIEWER MSG] 📦 [VIEWER] command.controllerConnected: 
[VIEWER MSG] 📦 [VIEWER] onStateUpdate received: {"type":"state_update","timestamp":1769601733078,"payload":{"speed":30,"radius":20,"colorBall":"#60a5fa","colorBg":"#020617","paused":true,"soundEnabled":false,"soundType":"soft","x":400,"y":300,"vx":0,"vy":0,"dirX":1,"dirY":0,"viewerScreenSize":{"width":800,"height":600}}}
[VIEWER MSG] 📦 [VIEWER] command extracted: {"speed":30,"radius":20,"colorBall":"#60a5fa","colorBg":"#020617","paused":true,"soundEnabled":false,"soundType":"soft","x":400,"y":300,"vx":0,"vy":0,"dirX":1,"dirY":0,"viewerScreenSize":{"width":800,"height":600}}
[VIEWER MSG] 📦 [VIEWER] command.controllerConnected: 
[VIEWER MSG] 📦 [VIEWER] onStateUpdate received: {"type":"state_update","timestamp":1769601733094,"payload":{"speed":30,"radius":20,"colorBall":"#60a5fa","colorBg":"#020617","paused":true,"soundEnabled":false,"soundType":"soft","x":400,"y":300,"vx":0,"vy":0,"dirX":1,"dirY":0,"viewerScreenSize":{"width":800,"height":600}}}
[VIEWER MSG] 📦 [VIEWER] command extracted: {"speed":30,"radius":20,"colorBall":"#60a5fa","colorBg":"#020617","paused":true,"soundEnabled":false,"soundType":"soft","x":400,"y":300,"vx":0,"vy":0,"dirX":1,"dirY":0,"viewerScreenSize":{"width":800,"height":600}}
[VIEWER MSG] 📦 [VIEWER] command.controllerConnected: 
[VIEWER MSG] 📦 [VIEWER] onStateUpdate received: {"type":"state_update","timestamp":1769601733110,"payload":{"speed":30,"radius":20,"colorBall":"#60a5fa","colorBg":"#020617","paused":true,"soundEnabled":false,"soundType":"soft","x":400,"y":300,"vx":0,"vy":0,"dirX":1,"dirY":0,"viewerScreenSize":{"width":800,"height":600}}}
[VIEWER MSG] 📦 [VIEWER] command extracted: {"speed":30,"radius":20,"colorBall":"#60a5fa","colorBg":"#020617","paused":true,"soundEnabled":false,"soundType":"soft","x":400,"y":300,"vx":0,"vy":0,"dirX":1,"dirY":0,"viewerScreenSize":{"width":800,"height":600}}
[VIEWER MSG] 📦 [VIEWER] command.controllerConnected: 
[VIEWER MSG] 📦 [VIEWER] onStateUpdate received: {"type":"state_update","timestamp":1769601733126,"payload":{"speed":30,"radius":20,"colorBall":"#60a5fa","colorBg":"#020617","paused":true,"soundEnabled":false,"soundType":"soft","x":400,"y":300,"vx":0,"vy":0,"dirX":1,"dirY":0,"viewerScreenSize":{"width":800,"height":600}}}
[VIEWER MSG] 📦 [VIEWER] command extracted: {"speed":30,"radius":20,"colorBall":"#60a5fa","colorBg":"#020617","paused":true,"soundEnabled":false,"soundType":"soft","x":400,"y":300,"vx":0,"vy":0,"dirX":1,"dirY":0,"viewerScreenSize":{"width":800,"height":600}}
[VIEWER MSG] 📦 [VIEWER] command.controllerConnected: 
[VIEWER MSG] 📦 [VIEWER] onStateUpdate received: {"type":"state_update","timestamp":1769601733143,"payload":{"speed":30,"radius":20,"colorBall":"#60a5fa","colorBg":"#020617","paused":true,"soundEnabled":false,"soundType":"soft","x":400,"y":300,"vx":0,"vy":0,"dirX":1,"dirY":0,"viewerScreenSize":{"width":800,"height":600}}}
[VIEWER MSG] 📦 [VIEWER] command extracted: {"speed":30,"radius":20,"colorBall":"#60a5fa","colorBg":"#020617","paused":true,"soundEnabled":false,"soundType":"soft","x":400,"y":300,"vx":0,"vy":0,"dirX":1,"dirY":0,"viewerScreenSize":{"width":800,"height":600}}
[VIEWER MSG] 📦 [VIEWER] command.controllerConnected: 
[VIEWER MSG] 📦 [VIEWER] onStateUpdate received: {"type":"state_update","timestamp":1769601733159,"payload":{"speed":30,"radius":20,"colorBall":"#60a5fa","colorBg":"#020617","paused":true,"soundEnabled":false,"soundType":"soft","x":400,"y":300,"vx":0,"vy":0,"dirX":1,"dirY":0,"viewerScreenSize":{"width":800,"height":600}}}
[VIEWER MSG] 📦 [VIEWER] command extracted: {"speed":30,"radius":20,"colorBall":"#60a5fa","colorBg":"#020617","paused":true,"soundEnabled":false,"soundType":"soft","x":400,"y":300,"vx":0,"vy":0,"dirX":1,"dirY":0,"viewerScreenSize":{"width":800,"height":600}}
[VIEWER MSG] 📦 [VIEWER] command.controllerConnected: 
[VIEWER MSG] 📦 [VIEWER] onStateUpdate received: {"type":"state_update","timestamp":1769601733176,"payload":{"speed":30,"radius":20,"colorBall":"#60a5fa","colorBg":"#020617","paused":true,"soundEnabled":false,"soundType":"soft","x":400,"y":300,"vx":0,"vy":0,"dirX":1,"dirY":0,"viewerScreenSize":{"width":800,"height":600}}}
[VIEWER MSG] 📦 [VIEWER] command extracted: {"speed":30,"radius":20,"colorBall":"#60a5fa","colorBg":"#020617","paused":true,"soundEnabled":false,"soundType":"soft","x":400,"y":300,"vx":0,"vy":0,"dirX":1,"dirY":0,"viewerScreenSize":{"width":800,"height":600}}
[VIEWER MSG] 📦 [VIEWER] command.controllerConnected: 
[VIEWER MSG] 📦 [VIEWER] onStateUpdate received: {"type":"state_update","timestamp":1769601733192,"payload":{"speed":30,"radius":20,"colorBall":"#60a5fa","colorBg":"#020617","paused":true,"soundEnabled":false,"soundType":"soft","x":400,"y":300,"vx":0,"vy":0,"dirX":1,"dirY":0,"viewerScreenSize":{"width":800,"height":600}}}
[VIEWER MSG] 📦 [VIEWER] command extracted: {"speed":30,"radius":20,"colorBall":"#60a5fa","colorBg":"#020617","paused":true,"soundEnabled":false,"soundType":"soft","x":400,"y":300,"vx":0,"vy":0,"dirX":1,"dirY":0,"viewerScreenSize":{"width":800,"height":600}}
[VIEWER MSG] 📦 [VIEWER] command.controllerConnected: 
[VIEWER MSG] 📦 [VIEWER] onStateUpdate received: {"type":"state_update","timestamp":1769601733209,"payload":{"speed":30,"radius":20,"colorBall":"#60a5fa","colorBg":"#020617","paused":true,"soundEnabled":false,"soundType":"soft","x":400,"y":300,"vx":0,"vy":0,"dirX":1,"dirY":0,"viewerScreenSize":{"width":800,"height":600}}}
[VIEWER MSG] 📦 [VIEWER] command extracted: {"speed":30,"radius":20,"colorBall":"#60a5fa","colorBg":"#020617","paused":true,"soundEnabled":false,"soundType":"soft","x":400,"y":300,"vx":0,"vy":0,"dirX":1,"dirY":0,"viewerScreenSize":{"width":800,"height":600}}
[VIEWER MSG] 📦 [VIEWER] command.controllerConnected: 
[VIEWER MSG] 📦 [VIEWER] onStateUpdate received: {"type":"state_update","timestamp":1769601733225,"payload":{"speed":30,"radius":20,"colorBall":"#60a5fa","colorBg":"#020617","paused":true,"soundEnabled":false,"soundType":"soft","x":400,"y":300,"vx":0,"vy":0,"dirX":1,"dirY":0,"viewerScreenSize":{"width":800,"height":600}}}
[VIEWER MSG] 📦 [VIEWER] command extracted: {"speed":30,"radius":20,"colorBall":"#60a5fa","colorBg":"#020617","paused":true,"soundEnabled":false,"soundType":"soft","x":400,"y":300,"vx":0,"vy":0,"dirX":1,"dirY":0,"viewerScreenSize":{"width":800,"height":600}}
[VIEWER MSG] 📦 [VIEWER] command.controllerConnected: 
[VIEWER MSG] 📦 [VIEWER] onStateUpdate received: {"type":"state_update","timestamp":1769601733241,"payload":{"speed":30,"radius":20,"colorBall":"#60a5fa","colorBg":"#020617","paused":true,"soundEnabled":false,"soundType":"soft","x":400,"y":300,"vx":0,"vy":0,"dirX":1,"dirY":0,"viewerScreenSize":{"width":800,"height":600}}}
[VIEWER MSG] 📦 [VIEWER] command extracted: {"speed":30,"radius":20,"colorBall":"#60a5fa","colorBg":"#020617","paused":true,"soundEnabled":false,"soundType":"soft","x":400,"y":300,"vx":0,"vy":0,"dirX":1,"dirY":0,"viewerScreenSize":{"width":800,"height":600}}
[VIEWER MSG] 📦 [VIEWER] command.controllerConnected: 
[VIEWER MSG] 📦 [VIEWER] onStateUpdate received: {"type":"state_update","timestamp":1769601733258,"payload":{"speed":30,"radius":20,"colorBall":"#60a5fa","colorBg":"#020617","paused":true,"soundEnabled":false,"soundType":"soft","x":400,"y":300,"vx":0,"vy":0,"dirX":1,"dirY":0,"viewerScreenSize":{"width":800,"height":600}}}
[VIEWER MSG] 📦 [VIEWER] command extracted: {"speed":30,"radius":20,"colorBall":"#60a5fa","colorBg":"#020617","paused":true,"soundEnabled":false,"soundType":"soft","x":400,"y":300,"vx":0,"vy":0,"dirX":1,"dirY":0,"viewerScreenSize":{"width":800,"height":600}}
[VIEWER MSG] 📦 [VIEWER] command.controllerConnected: 
[VIEWER MSG] 📦 [VIEWER] onStateUpdate received: {"type":"state_update","timestamp":1769601733274,"payload":{"speed":30,"radius":20,"colorBall":"#60a5fa","colorBg":"#020617","paused":true,"soundEnabled":false,"soundType":"soft","x":400,"y":300,"vx":0,"vy":0,"dirX":1,"dirY":0,"viewerScreenSize":{"width":800,"height":600}}}
[VIEWER MSG] 📦 [VIEWER] command extracted: {"speed":30,"radius":20,"colorBall":"#60a5fa","colorBg":"#020617","paused":true,"soundEnabled":false,"soundType":"soft","x":400,"y":300,"vx":0,"vy":0,"dirX":1,"dirY":0,"viewerScreenSize":{"width":800,"height":600}}
[VIEWER MSG] 📦 [VIEWER] command.controllerConnected: 
[VIEWER MSG] 📦 [VIEWER] onStateUpdate received: {"type":"state_update","timestamp":1769601733291,"payload":{"speed":30,"radius":20,"colorBall":"#60a5fa","colorBg":"#020617","paused":true,"soundEnabled":false,"soundType":"soft","x":400,"y":300,"vx":0,"vy":0,"dirX":1,"dirY":0,"viewerScreenSize":{"width":800,"height":600}}}
[VIEWER MSG] 📦 [VIEWER] command extracted: {"speed":30,"radius":20,"colorBall":"#60a5fa","colorBg":"#020617","paused":true,"soundEnabled":false,"soundType":"soft","x":400,"y":300,"vx":0,"vy":0,"dirX":1,"dirY":0,"viewerScreenSize":{"width":800,"height":600}}
[VIEWER MSG] 📦 [VIEWER] command.controllerConnected: 
[VIEWER MSG] 📦 [VIEWER] onStateUpdate received: {"type":"state_update","timestamp":1769601733306,"payload":{"speed":30,"radius":20,"colorBall":"#60a5fa","colorBg":"#020617","paused":true,"soundEnabled":false,"soundType":"soft","x":400,"y":300,"vx":0,"vy":0,"dirX":1,"dirY":0,"viewerScreenSize":{"width":800,"height":600}}}
[VIEWER MSG] 📦 [VIEWER] command extracted: {"speed":30,"radius":20,"colorBall":"#60a5fa","colorBg":"#020617","paused":true,"soundEnabled":false,"soundType":"soft","x":400,"y":300,"vx":0,"vy":0,"dirX":1,"dirY":0,"viewerScreenSize":{"width":800,"height":600}}
[VIEWER MSG] 📦 [VIEWER] command.controllerConnected: 
[VIEWER MSG] 📦 [VIEWER] onStateUpdate received: {"type":"state_update","timestamp":1769601733323,"payload":{"speed":30,"radius":20,"colorBall":"#60a5fa","colorBg":"#020617","paused":true,"soundEnabled":false,"soundType":"soft","x":400,"y":300,"vx":0,"vy":0,"dirX":1,"dirY":0,"viewerScreenSize":{"width":800,"height":600}}}
[VIEWER MSG] 📦 [VIEWER] command extracted: {"speed":30,"radius":20,"colorBall":"#60a5fa","colorBg":"#020617","paused":true,"soundEnabled":false,"soundType":"soft","x":400,"y":300,"vx":0,"vy":0,"dirX":1,"dirY":0,"viewerScreenSize":{"width":800,"height":600}}
[VIEWER MSG] 📦 [VIEWER] command.controllerConnected: 
[VIEWER MSG] 📦 [VIEWER] onStateUpdate received: {"type":"state_update","timestamp":1769601733339,"payload":{"speed":30,"radius":20,"colorBall":"#60a5fa","colorBg":"#020617","paused":true,"soundEnabled":false,"soundType":"soft","x":400,"y":300,"vx":0,"vy":0,"dirX":1,"dirY":0,"viewerScreenSize":{"width":800,"height":600}}}
[VIEWER MSG] 📦 [VIEWER] command extracted: {"speed":30,"radius":20,"colorBall":"#60a5fa","colorBg":"#020617","paused":true,"soundEnabled":false,"soundType":"soft","x":400,"y":300,"vx":0,"vy":0,"dirX":1,"dirY":0,"viewerScreenSize":{"width":800,"height":600}}
[VIEWER MSG] 📦 [VIEWER] command.controllerConnected: 
[VIEWER MSG] 📦 [VIEWER] onStateUpdate received: {"type":"state_update","timestamp":1769601733356,"payload":{"speed":30,"radius":20,"colorBall":"#60a5fa","colorBg":"#020617","paused":true,"soundEnabled":false,"soundType":"soft","x":400,"y":300,"vx":0,"vy":0,"dirX":1,"dirY":0,"viewerScreenSize":{"width":800,"height":600}}}
[VIEWER MSG] 📦 [VIEWER] command extracted: {"speed":30,"radius":20,"colorBall":"#60a5fa","colorBg":"#020617","paused":true,"soundEnabled":false,"soundType":"soft","x":400,"y":300,"vx":0,"vy":0,"dirX":1,"dirY":0,"viewerScreenSize":{"width":800,"height":600}}
[VIEWER MSG] 📦 [VIEWER] command.controllerConnected: 
[VIEWER MSG] 📦 [VIEWER] onStateUpdate received: {"type":"state_update","timestamp":1769601733372,"payload":{"speed":30,"radius":20,"colorBall":"#60a5fa","colorBg":"#020617","paused":true,"soundEnabled":false,"soundType":"soft","x":400,"y":300,"vx":0,"vy":0,"dirX":1,"dirY":0,"viewerScreenSize":{"width":800,"height":600}}}
[VIEWER MSG] 📦 [VIEWER] command extracted: {"speed":30,"radius":20,"colorBall":"#60a5fa","colorBg":"#020617","paused":true,"soundEnabled":false,"soundType":"soft","x":400,"y":300,"vx":0,"vy":0,"dirX":1,"dirY":0,"viewerScreenSize":{"width":800,"height":600}}
[VIEWER MSG] 📦 [VIEWER] command.controllerConnected: 
[VIEWER MSG] 📦 [VIEWER] onStateUpdate received: {"type":"state_update","timestamp":1769601733388,"payload":{"speed":30,"radius":20,"colorBall":"#60a5fa","colorBg":"#020617","paused":true,"soundEnabled":false,"soundType":"soft","x":400,"y":300,"vx":0,"vy":0,"dirX":1,"dirY":0,"viewerScreenSize":{"width":800,"height":600}}}
[VIEWER MSG] 📦 [VIEWER] command extracted: {"speed":30,"radius":20,"colorBall":"#60a5fa","colorBg":"#020617","paused":true,"soundEnabled":false,"soundType":"soft","x":400,"y":300,"vx":0,"vy":0,"dirX":1,"dirY":0,"viewerScreenSize":{"width":800,"height":600}}
[VIEWER MSG] 📦 [VIEWER] command.controllerConnected: 
[VIEWER MSG] 📦 [VIEWER] onStateUpdate received: {"type":"state_update","timestamp":1769601733405,"payload":{"speed":30,"radius":20,"colorBall":"#60a5fa","colorBg":"#020617","paused":true,"soundEnabled":false,"soundType":"soft","x":400,"y":300,"vx":0,"vy":0,"dirX":1,"dirY":0,"viewerScreenSize":{"width":800,"height":600}}}
[VIEWER MSG] 📦 [VIEWER] command extracted: {"speed":30,"radius":20,"colorBall":"#60a5fa","colorBg":"#020617","paused":true,"soundEnabled":false,"soundType":"soft","x":400,"y":300,"vx":0,"vy":0,"dirX":1,"dirY":0,"viewerScreenSize":{"width":800,"height":600}}
[VIEWER MSG] 📦 [VIEWER] command.controllerConnected: 
[VIEWER MSG] 📦 [VIEWER] onStateUpdate received: {"type":"state_update","timestamp":1769601733421,"payload":{"speed":30,"radius":20,"colorBall":"#60a5fa","colorBg":"#020617","paused":true,"soundEnabled":false,"soundType":"soft","x":400,"y":300,"vx":0,"vy":0,"dirX":1,"dirY":0,"viewerScreenSize":{"width":800,"height":600}}}
[VIEWER MSG] 📦 [VIEWER] command extracted: {"speed":30,"radius":20,"colorBall":"#60a5fa","colorBg":"#020617","paused":true,"soundEnabled":false,"soundType":"soft","x":400,"y":300,"vx":0,"vy":0,"dirX":1,"dirY":0,"viewerScreenSize":{"width":800,"height":600}}
[VIEWER MSG] 📦 [VIEWER] command.controllerConnected: 
[VIEWER MSG] 📦 [VIEWER] onStateUpdate received: {"type":"state_update","timestamp":1769601733438,"payload":{"speed":30,"radius":20,"colorBall":"#60a5fa","colorBg":"#020617","paused":true,"soundEnabled":false,"soundType":"soft","x":400,"y":300,"vx":0,"vy":0,"dirX":1,"dirY":0,"viewerScreenSize":{"width":800,"height":600}}}
[VIEWER MSG] 📦 [VIEWER] command extracted: {"speed":30,"radius":20,"colorBall":"#60a5fa","colorBg":"#020617","paused":true,"soundEnabled":false,"soundType":"soft","x":400,"y":300,"vx":0,"vy":0,"dirX":1,"dirY":0,"viewerScreenSize":{"width":800,"height":600}}
[VIEWER MSG] 📦 [VIEWER] command.controllerConnected: 
[VIEWER MSG] 📦 [VIEWER] onStateUpdate received: {"type":"state_update","timestamp":1769601733455,"payload":{"speed":30,"radius":20,"colorBall":"#60a5fa","colorBg":"#020617","paused":true,"soundEnabled":false,"soundType":"soft","x":400,"y":300,"vx":0,"vy":0,"dirX":1,"dirY":0,"viewerScreenSize":{"width":800,"height":600}}}
[VIEWER MSG] 📦 [VIEWER] command extracted: {"speed":30,"radius":20,"colorBall":"#60a5fa","colorBg":"#020617","paused":true,"soundEnabled":false,"soundType":"soft","x":400,"y":300,"vx":0,"vy":0,"dirX":1,"dirY":0,"viewerScreenSize":{"width":800,"height":600}}
[VIEWER MSG] 📦 [VIEWER] command.controllerConnected: 
[VIEWER MSG] 📦 [VIEWER] onStateUpdate received: {"type":"state_update","timestamp":1769601733471,"payload":{"speed":30,"radius":20,"colorBall":"#60a5fa","colorBg":"#020617","paused":true,"soundEnabled":false,"soundType":"soft","x":400,"y":300,"vx":0,"vy":0,"dirX":1,"dirY":0,"viewerScreenSize":{"width":800,"height":600}}}
[VIEWER MSG] 📦 [VIEWER] command extracted: {"speed":30,"radius":20,"colorBall":"#60a5fa","colorBg":"#020617","paused":true,"soundEnabled":false,"soundType":"soft","x":400,"y":300,"vx":0,"vy":0,"dirX":1,"dirY":0,"viewerScreenSize":{"width":800,"height":600}}
[VIEWER MSG] 📦 [VIEWER] command.controllerConnected: 
[VIEWER MSG] 📦 [VIEWER] onStateUpdate received: {"type":"state_update","timestamp":1769601733488,"payload":{"speed":30,"radius":20,"colorBall":"#60a5fa","colorBg":"#020617","paused":true,"soundEnabled":false,"soundType":"soft","x":400,"y":300,"vx":0,"vy":0,"dirX":1,"dirY":0,"viewerScreenSize":{"width":800,"height":600}}}
[VIEWER MSG] 📦 [VIEWER] command extracted: {"speed":30,"radius":20,"colorBall":"#60a5fa","colorBg":"#020617","paused":true,"soundEnabled":false,"soundType":"soft","x":400,"y":300,"vx":0,"vy":0,"dirX":1,"dirY":0,"viewerScreenSize":{"width":800,"height":600}}
[VIEWER MSG] 📦 [VIEWER] command.controllerConnected: 
[VIEWER MSG] 📦 [VIEWER] onStateUpdate received: {"type":"state_update","timestamp":1769601733504,"payload":{"speed":30,"radius":20,"colorBall":"#60a5fa","colorBg":"#020617","paused":true,"soundEnabled":false,"soundType":"soft","x":400,"y":300,"vx":0,"vy":0,"dirX":1,"dirY":0,"viewerScreenSize":{"width":800,"height":600}}}
[VIEWER MSG] 📦 [VIEWER] command extracted: {"speed":30,"radius":20,"colorBall":"#60a5fa","colorBg":"#020617","paused":true,"soundEnabled":false,"soundType":"soft","x":400,"y":300,"vx":0,"vy":0,"dirX":1,"dirY":0,"viewerScreenSize":{"width":800,"height":600}}
[VIEWER MSG] 📦 [VIEWER] command.controllerConnected: 
[VIEWER MSG] 📦 [VIEWER] onStateUpdate received: {"type":"state_update","timestamp":1769601733520,"payload":{"speed":30,"radius":20,"colorBall":"#60a5fa","colorBg":"#020617","paused":true,"soundEnabled":false,"soundType":"soft","x":400,"y":300,"vx":0,"vy":0,"dirX":1,"dirY":0,"viewerScreenSize":{"width":800,"height":600}}}
[VIEWER MSG] 📦 [VIEWER] command extracted: {"speed":30,"radius":20,"colorBall":"#60a5fa","colorBg":"#020617","paused":true,"soundEnabled":false,"soundType":"soft","x":400,"y":300,"vx":0,"vy":0,"dirX":1,"dirY":0,"viewerScreenSize":{"width":800,"height":600}}
[VIEWER MSG] 📦 [VIEWER] command.controllerConnected: 
[VIEWER MSG] 📦 [VIEWER] onStateUpdate received: {"type":"state_update","timestamp":1769601733537,"payload":{"speed":30,"radius":20,"colorBall":"#60a5fa","colorBg":"#020617","paused":true,"soundEnabled":false,"soundType":"soft","x":400,"y":300,"vx":0,"vy":0,"dirX":1,"dirY":0,"viewerScreenSize":{"width":800,"height":600}}}
[VIEWER MSG] 📦 [VIEWER] command extracted: {"speed":30,"radius":20,"colorBall":"#60a5fa","colorBg":"#020617","paused":true,"soundEnabled":false,"soundType":"soft","x":400,"y":300,"vx":0,"vy":0,"dirX":1,"dirY":0,"viewerScreenSize":{"width":800,"height":600}}
[VIEWER MSG] 📦 [VIEWER] command.controllerConnected: 
[VIEWER MSG] 📦 [VIEWER] onStateUpdate received: {"type":"state_update","timestamp":1769601733552,"payload":{"speed":30,"radius":20,"colorBall":"#60a5fa","colorBg":"#020617","paused":true,"soundEnabled":false,"soundType":"soft","x":400,"y":300,"vx":0,"vy":0,"dirX":1,"dirY":0,"viewerScreenSize":{"width":800,"height":600}}}
[VIEWER MSG] 📦 [VIEWER] command extracted: {"speed":30,"radius":20,"colorBall":"#60a5fa","colorBg":"#020617","paused":true,"soundEnabled":false,"soundType":"soft","x":400,"y":300,"vx":0,"vy":0,"dirX":1,"dirY":0,"viewerScreenSize":{"width":800,"height":600}}
[VIEWER MSG] 📦 [VIEWER] command.controllerConnected: 
[VIEWER MSG] 📦 [VIEWER] onStateUpdate received: {"type":"state_update","timestamp":1769601733569,"payload":{"speed":30,"radius":20,"colorBall":"#60a5fa","colorBg":"#020617","paused":true,"soundEnabled":false,"soundType":"soft","x":400,"y":300,"vx":0,"vy":0,"dirX":1,"dirY":0,"viewerScreenSize":{"width":800,"height":600}}}
[VIEWER MSG] 📦 [VIEWER] command extracted: {"speed":30,"radius":20,"colorBall":"#60a5fa","colorBg":"#020617","paused":true,"soundEnabled":false,"soundType":"soft","x":400,"y":300,"vx":0,"vy":0,"dirX":1,"dirY":0,"viewerScreenSize":{"width":800,"height":600}}
[VIEWER MSG] 📦 [VIEWER] command.controllerConnected: 
[VIEWER MSG] 📦 [VIEWER] onStateUpdate received: {"type":"state_update","timestamp":1769601733585,"payload":{"speed":30,"radius":20,"colorBall":"#60a5fa","colorBg":"#020617","paused":true,"soundEnabled":false,"soundType":"soft","x":400,"y":300,"vx":0,"vy":0,"dirX":1,"dirY":0,"viewerScreenSize":{"width":800,"height":600}}}
[VIEWER MSG] 📦 [VIEWER] command extracted: {"speed":30,"radius":20,"colorBall":"#60a5fa","colorBg":"#020617","paused":true,"soundEnabled":false,"soundType":"soft","x":400,"y":300,"vx":0,"vy":0,"dirX":1,"dirY":0,"viewerScreenSize":{"width":800,"height":600}}
[VIEWER MSG] 📦 [VIEWER] command.controllerConnected: 
[VIEWER MSG] 📦 [VIEWER] onStateUpdate received: {"type":"state_update","timestamp":1769601733602,"payload":{"speed":30,"radius":20,"colorBall":"#60a5fa","colorBg":"#020617","paused":true,"soundEnabled":false,"soundType":"soft","x":400,"y":300,"vx":0,"vy":0,"dirX":1,"dirY":0,"viewerScreenSize":{"width":800,"height":600}}}
[VIEWER MSG] 📦 [VIEWER] command extracted: {"speed":30,"radius":20,"colorBall":"#60a5fa","colorBg":"#020617","paused":true,"soundEnabled":false,"soundType":"soft","x":400,"y":300,"vx":0,"vy":0,"dirX":1,"dirY":0,"viewerScreenSize":{"width":800,"height":600}}
[VIEWER MSG] 📦 [VIEWER] command.controllerConnected: 
[VIEWER MSG] 📦 [VIEWER] onStateUpdate received: {"type":"state_update","timestamp":1769601733618,"payload":{"speed":30,"radius":20,"colorBall":"#60a5fa","colorBg":"#020617","paused":true,"soundEnabled":false,"soundType":"soft","x":400,"y":300,"vx":0,"vy":0,"dirX":1,"dirY":0,"viewerScreenSize":{"width":800,"height":600}}}
[VIEWER MSG] 📦 [VIEWER] command extracted: {"speed":30,"radius":20,"colorBall":"#60a5fa","colorBg":"#020617","paused":true,"soundEnabled":false,"soundType":"soft","x":400,"y":300,"vx":0,"vy":0,"dirX":1,"dirY":0,"viewerScreenSize":{"width":800,"height":600}}
[VIEWER MSG] 📦 [VIEWER] command.controllerConnected: 
[VIEWER MSG] 📦 [VIEWER] onStateUpdate received: {"type":"state_update","timestamp":1769601733635,"payload":{"speed":30,"radius":20,"colorBall":"#60a5fa","colorBg":"#020617","paused":true,"soundEnabled":false,"soundType":"soft","x":400,"y":300,"vx":0,"vy":0,"dirX":1,"dirY":0,"viewerScreenSize":{"width":800,"height":600}}}
[VIEWER MSG] 📦 [VIEWER] command extracted: {"speed":30,"radius":20,"colorBall":"#60a5fa","colorBg":"#020617","paused":true,"soundEnabled":false,"soundType":"soft","x":400,"y":300,"vx":0,"vy":0,"dirX":1,"dirY":0,"viewerScreenSize":{"width":800,"height":600}}
[VIEWER MSG] 📦 [VIEWER] command.controllerConnected: 
[VIEWER MSG] 📦 [VIEWER] onStateUpdate received: {"type":"state_update","timestamp":1769601733651,"payload":{"speed":30,"radius":20,"colorBall":"#60a5fa","colorBg":"#020617","paused":true,"soundEnabled":false,"soundType":"soft","x":400,"y":300,"vx":0,"vy":0,"dirX":1,"dirY":0,"viewerScreenSize":{"width":800,"height":600}}}
[VIEWER MSG] 📦 [VIEWER] command extracted: {"speed":30,"radius":20,"colorBall":"#60a5fa","colorBg":"#020617","paused":true,"soundEnabled":false,"soundType":"soft","x":400,"y":300,"vx":0,"vy":0,"dirX":1,"dirY":0,"viewerScreenSize":{"width":800,"height":600}}
[VIEWER MSG] 📦 [VIEWER] command.controllerConnected: 
[VIEWER MSG] 📦 [VIEWER] onStateUpdate received: {"type":"state_update","timestamp":1769601733668,"payload":{"speed":30,"radius":20,"colorBall":"#60a5fa","colorBg":"#020617","paused":true,"soundEnabled":false,"soundType":"soft","x":400,"y":300,"vx":0,"vy":0,"dirX":1,"dirY":0,"viewerScreenSize":{"width":800,"height":600}}}
[VIEWER MSG] 📦 [VIEWER] command extracted: {"speed":30,"radius":20,"colorBall":"#60a5fa","colorBg":"#020617","paused":true,"soundEnabled":false,"soundType":"soft","x":400,"y":300,"vx":0,"vy":0,"dirX":1,"dirY":0,"viewerScreenSize":{"width":800,"height":600}}
[VIEWER MSG] 📦 [VIEWER] command.controllerConnected: 
[VIEWER MSG] 📦 [VIEWER] onStateUpdate received: {"type":"state_update","timestamp":1769601733684,"payload":{"speed":30,"radius":20,"colorBall":"#60a5fa","colorBg":"#020617","paused":true,"soundEnabled":false,"soundType":"soft","x":400,"y":300,"vx":0,"vy":0,"dirX":1,"dirY":0,"viewerScreenSize":{"width":800,"height":600}}}
[VIEWER MSG] 📦 [VIEWER] command extracted: {"speed":30,"radius":20,"colorBall":"#60a5fa","colorBg":"#020617","paused":true,"soundEnabled":false,"soundType":"soft","x":400,"y":300,"vx":0,"vy":0,"dirX":1,"dirY":0,"viewerScreenSize":{"width":800,"height":600}}
[VIEWER MSG] 📦 [VIEWER] command.controllerConnected: 
[VIEWER MSG] 📦 [VIEWER] onStateUpdate received: {"type":"state_update","timestamp":1769601733701,"payload":{"speed":30,"radius":20,"colorBall":"#60a5fa","colorBg":"#020617","paused":true,"soundEnabled":false,"soundType":"soft","x":400,"y":300,"vx":0,"vy":0,"dirX":1,"dirY":0,"viewerScreenSize":{"width":800,"height":600}}}
[VIEWER MSG] 📦 [VIEWER] command extracted: {"speed":30,"radius":20,"colorBall":"#60a5fa","colorBg":"#020617","paused":true,"soundEnabled":false,"soundType":"soft","x":400,"y":300,"vx":0,"vy":0,"dirX":1,"dirY":0,"viewerScreenSize":{"width":800,"height":600}}
[VIEWER MSG] 📦 [VIEWER] command.controllerConnected: 
[VIEWER MSG] 📦 [VIEWER] onStateUpdate received: {"type":"state_update","timestamp":1769601733717,"payload":{"speed":30,"radius":20,"colorBall":"#60a5fa","colorBg":"#020617","paused":true,"soundEnabled":false,"soundType":"soft","x":400,"y":300,"vx":0,"vy":0,"dirX":1,"dirY":0,"viewerScreenSize":{"width":800,"height":600}}}
[VIEWER MSG] 📦 [VIEWER] command extracted: {"speed":30,"radius":20,"colorBall":"#60a5fa","colorBg":"#020617","paused":true,"soundEnabled":false,"soundType":"soft","x":400,"y":300,"vx":0,"vy":0,"dirX":1,"dirY":0,"viewerScreenSize":{"width":800,"height":600}}
[VIEWER MSG] 📦 [VIEWER] command.controllerConnected: 
[VIEWER MSG] 📦 [VIEWER] onStateUpdate received: {"type":"state_update","timestamp":1769601733734,"payload":{"speed":30,"radius":20,"colorBall":"#60a5fa","colorBg":"#020617","paused":true,"soundEnabled":false,"soundType":"soft","x":400,"y":300,"vx":0,"vy":0,"dirX":1,"dirY":0,"viewerScreenSize":{"width":800,"height":600}}}
[VIEWER MSG] 📦 [VIEWER] command extracted: {"speed":30,"radius":20,"colorBall":"#60a5fa","colorBg":"#020617","paused":true,"soundEnabled":false,"soundType":"soft","x":400,"y":300,"vx":0,"vy":0,"dirX":1,"dirY":0,"viewerScreenSize":{"width":800,"height":600}}
[VIEWER MSG] 📦 [VIEWER] command.controllerConnected: 
[VIEWER MSG] 📦 [VIEWER] onStateUpdate received: {"type":"state_update","timestamp":1769601733750,"payload":{"speed":30,"radius":20,"colorBall":"#60a5fa","colorBg":"#020617","paused":true,"soundEnabled":false,"soundType":"soft","x":400,"y":300,"vx":0,"vy":0,"dirX":1,"dirY":0,"viewerScreenSize":{"width":800,"height":600}}}
[VIEWER MSG] 📦 [VIEWER] command extracted: {"speed":30,"radius":20,"colorBall":"#60a5fa","colorBg":"#020617","paused":true,"soundEnabled":false,"soundType":"soft","x":400,"y":300,"vx":0,"vy":0,"dirX":1,"dirY":0,"viewerScreenSize":{"width":800,"height":600}}
[VIEWER MSG] 📦 [VIEWER] command.controllerConnected: 
[VIEWER MSG] 📦 [VIEWER] onStateUpdate received: {"type":"state_update","timestamp":1769601733767,"payload":{"speed":30,"radius":20,"colorBall":"#60a5fa","colorBg":"#020617","paused":true,"soundEnabled":false,"soundType":"soft","x":400,"y":300,"vx":0,"vy":0,"dirX":1,"dirY":0,"viewerScreenSize":{"width":800,"height":600}}}
[VIEWER MSG] 📦 [VIEWER] command extracted: {"speed":30,"radius":20,"colorBall":"#60a5fa","colorBg":"#020617","paused":true,"soundEnabled":false,"soundType":"soft","x":400,"y":300,"vx":0,"vy":0,"dirX":1,"dirY":0,"viewerScreenSize":{"width":800,"height":600}}
[VIEWER MSG] 📦 [VIEWER] command.controllerConnected: 
[VIEWER MSG] 📦 [VIEWER] onStateUpdate received: {"type":"state_update","timestamp":1769601733783,"payload":{"speed":30,"radius":20,"colorBall":"#60a5fa","colorBg":"#020617","paused":true,"soundEnabled":false,"soundType":"soft","x":400,"y":300,"vx":0,"vy":0,"dirX":1,"dirY":0,"viewerScreenSize":{"width":800,"height":600}}}
[VIEWER MSG] 📦 [VIEWER] command extracted: {"speed":30,"radius":20,"colorBall":"#60a5fa","colorBg":"#020617","paused":true,"soundEnabled":false,"soundType":"soft","x":400,"y":300,"vx":0,"vy":0,"dirX":1,"dirY":0,"viewerScreenSize":{"width":800,"height":600}}
[VIEWER MSG] 📦 [VIEWER] command.controllerConnected: 
[VIEWER MSG] 📦 [VIEWER] onStateUpdate received: {"type":"state_update","timestamp":1769601733799,"payload":{"speed":30,"radius":20,"colorBall":"#60a5fa","colorBg":"#020617","paused":true,"soundEnabled":false,"soundType":"soft","x":400,"y":300,"vx":0,"vy":0,"dirX":1,"dirY":0,"viewerScreenSize":{"width":800,"height":600}}}
[VIEWER MSG] 📦 [VIEWER] command extracted: {"speed":30,"radius":20,"colorBall":"#60a5fa","colorBg":"#020617","paused":true,"soundEnabled":false,"soundType":"soft","x":400,"y":300,"vx":0,"vy":0,"dirX":1,"dirY":0,"viewerScreenSize":{"width":800,"height":600}}
[VIEWER MSG] 📦 [VIEWER] command.controllerConnected: 
[VIEWER MSG] 📦 [VIEWER] onStateUpdate received: {"type":"state_update","timestamp":1769601733816,"payload":{"speed":30,"radius":20,"colorBall":"#60a5fa","colorBg":"#020617","paused":true,"soundEnabled":false,"soundType":"soft","x":400,"y":300,"vx":0,"vy":0,"dirX":1,"dirY":0,"viewerScreenSize":{"width":800,"height":600}}}
[VIEWER MSG] 📦 [VIEWER] command extracted: {"speed":30,"radius":20,"colorBall":"#60a5fa","colorBg":"#020617","paused":true,"soundEnabled":false,"soundType":"soft","x":400,"y":300,"vx":0,"vy":0,"dirX":1,"dirY":0,"viewerScreenSize":{"width":800,"height":600}}
[VIEWER MSG] 📦 [VIEWER] command.controllerConnected: 
[VIEWER MSG] 📦 [VIEWER] onStateUpdate received: {"type":"state_update","timestamp":1769601733832,"payload":{"speed":30,"radius":20,"colorBall":"#60a5fa","colorBg":"#020617","paused":true,"soundEnabled":false,"soundType":"soft","x":400,"y":300,"vx":0,"vy":0,"dirX":1,"dirY":0,"viewerScreenSize":{"width":800,"height":600}}}
[VIEWER MSG] 📦 [VIEWER] command extracted: {"speed":30,"radius":20,"colorBall":"#60a5fa","colorBg":"#020617","paused":true,"soundEnabled":false,"soundType":"soft","x":400,"y":300,"vx":0,"vy":0,"dirX":1,"dirY":0,"viewerScreenSize":{"width":800,"height":600}}
[VIEWER MSG] 📦 [VIEWER] command.controllerConnected: 
[VIEWER MSG] 📦 [VIEWER] onStateUpdate received: {"type":"state_update","timestamp":1769601733849,"payload":{"speed":30,"radius":20,"colorBall":"#60a5fa","colorBg":"#020617","paused":true,"soundEnabled":false,"soundType":"soft","x":400,"y":300,"vx":0,"vy":0,"dirX":1,"dirY":0,"viewerScreenSize":{"width":800,"height":600}}}
[VIEWER MSG] 📦 [VIEWER] command extracted: {"speed":30,"radius":20,"colorBall":"#60a5fa","colorBg":"#020617","paused":true,"soundEnabled":false,"soundType":"soft","x":400,"y":300,"vx":0,"vy":0,"dirX":1,"dirY":0,"viewerScreenSize":{"width":800,"height":600}}
[VIEWER MSG] 📦 [VIEWER] command.controllerConnected: 

🧪 Test 1: Movement Start
[VIEWER MSG] 📦 [VIEWER] onStateUpdate received: {"type":"state_update","timestamp":1769601733865,"payload":{"speed":30,"radius":20,"colorBall":"#60a5fa","colorBg":"#020617","paused":true,"soundEnabled":false,"soundType":"soft","x":400,"y":300,"vx":0,"vy":0,"dirX":1,"dirY":0,"viewerScreenSize":{"width":800,"height":600}}}
[VIEWER MSG] 📦 [VIEWER] command extracted: {"speed":30,"radius":20,"colorBall":"#60a5fa","colorBg":"#020617","paused":true,"soundEnabled":false,"soundType":"soft","x":400,"y":300,"vx":0,"vy":0,"dirX":1,"dirY":0,"viewerScreenSize":{"width":800,"height":600}}
[VIEWER MSG] 📦 [VIEWER] command.controllerConnected: 
[VIEWER MSG] 📦 [VIEWER] onStateUpdate received: {"type":"state_update","timestamp":1769601733882,"payload":{"speed":30,"radius":20,"colorBall":"#60a5fa","colorBg":"#020617","paused":true,"soundEnabled":false,"soundType":"soft","x":400,"y":300,"vx":0,"vy":0,"dirX":1,"dirY":0,"viewerScreenSize":{"width":800,"height":600}}}
[VIEWER MSG] 📦 [VIEWER] command extracted: {"speed":30,"radius":20,"colorBall":"#60a5fa","colorBg":"#020617","paused":true,"soundEnabled":false,"soundType":"soft","x":400,"y":300,"vx":0,"vy":0,"dirX":1,"dirY":0,"viewerScreenSize":{"width":800,"height":600}}
[VIEWER MSG] 📦 [VIEWER] command.controllerConnected: 
[VIEWER MSG] 📦 [VIEWER] onStateUpdate received: {"type":"state_update","timestamp":1769601733898,"payload":{"speed":30,"radius":20,"colorBall":"#60a5fa","colorBg":"#020617","paused":true,"soundEnabled":false,"soundType":"soft","x":400,"y":300,"vx":0,"vy":0,"dirX":1,"dirY":0,"viewerScreenSize":{"width":800,"height":600}}}
[VIEWER MSG] 📦 [VIEWER] command extracted: {"speed":30,"radius":20,"colorBall":"#60a5fa","colorBg":"#020617","paused":true,"soundEnabled":false,"soundType":"soft","x":400,"y":300,"vx":0,"vy":0,"dirX":1,"dirY":0,"viewerScreenSize":{"width":800,"height":600}}
[VIEWER MSG] 📦 [VIEWER] command.controllerConnected: 
[VIEWER MSG] 📦 [VIEWER] onStateUpdate received: {"type":"state_update","timestamp":1769601733915,"payload":{"speed":30,"radius":20,"colorBall":"#60a5fa","colorBg":"#020617","paused":true,"soundEnabled":false,"soundType":"soft","x":400,"y":300,"vx":0,"vy":0,"dirX":1,"dirY":0,"viewerScreenSize":{"width":800,"height":600}}}
[VIEWER MSG] 📦 [VIEWER] command extracted: {"speed":30,"radius":20,"colorBall":"#60a5fa","colorBg":"#020617","paused":true,"soundEnabled":false,"soundType":"soft","x":400,"y":300,"vx":0,"vy":0,"dirX":1,"dirY":0,"viewerScreenSize":{"width":800,"height":600}}
[VIEWER MSG] 📦 [VIEWER] command.controllerConnected: 
[VIEWER MSG] 📦 [VIEWER] onStateUpdate received: {"type":"state_update","timestamp":1769601733931,"payload":{"speed":30,"radius":20,"colorBall":"#60a5fa","colorBg":"#020617","paused":true,"soundEnabled":false,"soundType":"soft","x":400,"y":300,"vx":0,"vy":0,"dirX":1,"dirY":0,"viewerScreenSize":{"width":800,"height":600}}}
[VIEWER MSG] 📦 [VIEWER] command extracted: {"speed":30,"radius":20,"colorBall":"#60a5fa","colorBg":"#020617","paused":true,"soundEnabled":false,"soundType":"soft","x":400,"y":300,"vx":0,"vy":0,"dirX":1,"dirY":0,"viewerScreenSize":{"width":800,"height":600}}
[VIEWER MSG] 📦 [VIEWER] command.controllerConnected: 
[VIEWER MSG] 📦 [VIEWER] onStateUpdate received: {"type":"state_update","timestamp":1769601733948,"payload":{"speed":30,"radius":20,"colorBall":"#60a5fa","colorBg":"#020617","paused":true,"soundEnabled":false,"soundType":"soft","x":400,"y":300,"vx":0,"vy":0,"dirX":1,"dirY":0,"viewerScreenSize":{"width":800,"height":600}}}
[VIEWER MSG] 📦 [VIEWER] command extracted: {"speed":30,"radius":20,"colorBall":"#60a5fa","colorBg":"#020617","paused":true,"soundEnabled":false,"soundType":"soft","x":400,"y":300,"vx":0,"vy":0,"dirX":1,"dirY":0,"viewerScreenSize":{"width":800,"height":600}}
[VIEWER MSG] 📦 [VIEWER] command.controllerConnected: 
[VIEWER MSG] 📦 [VIEWER] onStateUpdate received: {"type":"state_update","timestamp":1769601733964,"payload":{"speed":30,"radius":20,"colorBall":"#60a5fa","colorBg":"#020617","paused":true,"soundEnabled":false,"soundType":"soft","x":400,"y":300,"vx":0,"vy":0,"dirX":1,"dirY":0,"viewerScreenSize":{"width":800,"height":600}}}
[VIEWER MSG] 📦 [VIEWER] command extracted: {"speed":30,"radius":20,"colorBall":"#60a5fa","colorBg":"#020617","paused":true,"soundEnabled":false,"soundType":"soft","x":400,"y":300,"vx":0,"vy":0,"dirX":1,"dirY":0,"viewerScreenSize":{"width":800,"height":600}}
[VIEWER MSG] 📦 [VIEWER] command.controllerConnected: 
[VIEWER MSG] 📦 [VIEWER] onStateUpdate received: {"type":"state_update","timestamp":1769601733980,"payload":{"speed":30,"radius":20,"colorBall":"#60a5fa","colorBg":"#020617","paused":true,"soundEnabled":false,"soundType":"soft","x":400,"y":300,"vx":0,"vy":0,"dirX":1,"dirY":0,"viewerScreenSize":{"width":800,"height":600}}}
[VIEWER MSG] 📦 [VIEWER] command extracted: {"speed":30,"radius":20,"colorBall":"#60a5fa","colorBg":"#020617","paused":true,"soundEnabled":false,"soundType":"soft","x":400,"y":300,"vx":0,"vy":0,"dirX":1,"dirY":0,"viewerScreenSize":{"width":800,"height":600}}
[VIEWER MSG] 📦 [VIEWER] command.controllerConnected: 
[VIEWER MSG] 📦 [VIEWER] onStateUpdate received: {"type":"state_update","timestamp":1769601733997,"payload":{"speed":30,"radius":20,"colorBall":"#60a5fa","colorBg":"#020617","paused":true,"soundEnabled":false,"soundType":"soft","x":400,"y":300,"vx":0,"vy":0,"dirX":1,"dirY":0,"viewerScreenSize":{"width":800,"height":600}}}
[VIEWER MSG] 📦 [VIEWER] command extracted: {"speed":30,"radius":20,"colorBall":"#60a5fa","colorBg":"#020617","paused":true,"soundEnabled":false,"soundType":"soft","x":400,"y":300,"vx":0,"vy":0,"dirX":1,"dirY":0,"viewerScreenSize":{"width":800,"height":600}}
[VIEWER MSG] 📦 [VIEWER] command.controllerConnected: 
[VIEWER MSG] 📦 [VIEWER] onStateUpdate received: {"type":"state_update","timestamp":1769601734013,"payload":{"speed":30,"radius":20,"colorBall":"#60a5fa","colorBg":"#020617","paused":true,"soundEnabled":false,"soundType":"soft","x":400,"y":300,"vx":0,"vy":0,"dirX":1,"dirY":0,"viewerScreenSize":{"width":800,"height":600}}}
[VIEWER MSG] 📦 [VIEWER] command extracted: {"speed":30,"radius":20,"colorBall":"#60a5fa","colorBg":"#020617","paused":true,"soundEnabled":false,"soundType":"soft","x":400,"y":300,"vx":0,"vy":0,"dirX":1,"dirY":0,"viewerScreenSize":{"width":800,"height":600}}
[VIEWER MSG] 📦 [VIEWER] command.controllerConnected: 
[VIEWER MSG] 📦 [VIEWER] onStateUpdate received: {"type":"state_update","timestamp":1769601734030,"payload":{"speed":30,"radius":20,"colorBall":"#60a5fa","colorBg":"#020617","paused":true,"soundEnabled":false,"soundType":"soft","x":400,"y":300,"vx":0,"vy":0,"dirX":1,"dirY":0,"viewerScreenSize":{"width":800,"height":600}}}
[VIEWER MSG] 📦 [VIEWER] command extracted: {"speed":30,"radius":20,"colorBall":"#60a5fa","colorBg":"#020617","paused":true,"soundEnabled":false,"soundType":"soft","x":400,"y":300,"vx":0,"vy":0,"dirX":1,"dirY":0,"viewerScreenSize":{"width":800,"height":600}}
[VIEWER MSG] 📦 [VIEWER] command.controllerConnected: 
[VIEWER MSG] 📦 [VIEWER] onStateUpdate received: {"type":"state_update","timestamp":1769601734047,"payload":{"speed":30,"radius":20,"colorBall":"#60a5fa","colorBg":"#020617","paused":true,"soundEnabled":false,"soundType":"soft","x":400,"y":300,"vx":0,"vy":0,"dirX":1,"dirY":0,"viewerScreenSize":{"width":800,"height":600}}}
[VIEWER MSG] 📦 [VIEWER] command extracted: {"speed":30,"radius":20,"colorBall":"#60a5fa","colorBg":"#020617","paused":true,"soundEnabled":false,"soundType":"soft","x":400,"y":300,"vx":0,"vy":0,"dirX":1,"dirY":0,"viewerScreenSize":{"width":800,"height":600}}
[VIEWER MSG] 📦 [VIEWER] command.controllerConnected: 
[VIEWER MSG] 📦 [VIEWER] onStateUpdate received: {"type":"state_update","timestamp":1769601734064,"payload":{"speed":30,"radius":20,"colorBall":"#60a5fa","colorBg":"#020617","paused":true,"soundEnabled":false,"soundType":"soft","x":400,"y":300,"vx":0,"vy":0,"dirX":1,"dirY":0,"viewerScreenSize":{"width":800,"height":600}}}
[VIEWER MSG] 📦 [VIEWER] command extracted: {"speed":30,"radius":20,"colorBall":"#60a5fa","colorBg":"#020617","paused":true,"soundEnabled":false,"soundType":"soft","x":400,"y":300,"vx":0,"vy":0,"dirX":1,"dirY":0,"viewerScreenSize":{"width":800,"height":600}}
[VIEWER MSG] 📦 [VIEWER] command.controllerConnected: 
[VIEWER MSG] 📦 [VIEWER] onStateUpdate received: {"type":"state_update","timestamp":1769601734080,"payload":{"speed":30,"radius":20,"colorBall":"#60a5fa","colorBg":"#020617","paused":true,"soundEnabled":false,"soundType":"soft","x":400,"y":300,"vx":0,"vy":0,"dirX":1,"dirY":0,"viewerScreenSize":{"width":800,"height":600}}}
[VIEWER MSG] 📦 [VIEWER] command extracted: {"speed":30,"radius":20,"colorBall":"#60a5fa","colorBg":"#020617","paused":true,"soundEnabled":false,"soundType":"soft","x":400,"y":300,"vx":0,"vy":0,"dirX":1,"dirY":0,"viewerScreenSize":{"width":800,"height":600}}
[VIEWER MSG] 📦 [VIEWER] command.controllerConnected: 
[VIEWER MSG] 📦 [VIEWER] onStateUpdate received: {"type":"state_update","timestamp":1769601734096,"payload":{"speed":30,"radius":20,"colorBall":"#60a5fa","colorBg":"#020617","paused":true,"soundEnabled":false,"soundType":"soft","x":400,"y":300,"vx":0,"vy":0,"dirX":1,"dirY":0,"viewerScreenSize":{"width":800,"height":600}}}
[VIEWER MSG] 📦 [VIEWER] command extracted: {"speed":30,"radius":20,"colorBall":"#60a5fa","colorBg":"#020617","paused":true,"soundEnabled":false,"soundType":"soft","x":400,"y":300,"vx":0,"vy":0,"dirX":1,"dirY":0,"viewerScreenSize":{"width":800,"height":600}}
[VIEWER MSG] 📦 [VIEWER] command.controllerConnected: 
[VIEWER MSG] 📦 [VIEWER] onStateUpdate received: {"type":"state_update","timestamp":1769601734112,"payload":{"speed":30,"radius":20,"colorBall":"#60a5fa","colorBg":"#020617","paused":true,"soundEnabled":false,"soundType":"soft","x":400,"y":300,"vx":0,"vy":0,"dirX":1,"dirY":0,"viewerScreenSize":{"width":800,"height":600}}}
[VIEWER MSG] 📦 [VIEWER] command extracted: {"speed":30,"radius":20,"colorBall":"#60a5fa","colorBg":"#020617","paused":true,"soundEnabled":false,"soundType":"soft","x":400,"y":300,"vx":0,"vy":0,"dirX":1,"dirY":0,"viewerScreenSize":{"width":800,"height":600}}
[VIEWER MSG] 📦 [VIEWER] command.controllerConnected: 
[VIEWER MSG] 📦 [VIEWER] onStateUpdate received: {"type":"state_update","timestamp":1769601734127,"payload":{"speed":30,"radius":20,"colorBall":"#60a5fa","colorBg":"#020617","paused":true,"soundEnabled":false,"soundType":"soft","x":400,"y":300,"vx":0,"vy":0,"dirX":1,"dirY":0,"viewerScreenSize":{"width":800,"height":600}}}
[VIEWER MSG] 📦 [VIEWER] command extracted: {"speed":30,"radius":20,"colorBall":"#60a5fa","colorBg":"#020617","paused":true,"soundEnabled":false,"soundType":"soft","x":400,"y":300,"vx":0,"vy":0,"dirX":1,"dirY":0,"viewerScreenSize":{"width":800,"height":600}}
[VIEWER MSG] 📦 [VIEWER] command.controllerConnected: 
[VIEWER MSG] 📦 [VIEWER] onStateUpdate received: {"type":"state_update","timestamp":1769601734144,"payload":{"speed":30,"radius":20,"colorBall":"#60a5fa","colorBg":"#020617","paused":true,"soundEnabled":false,"soundType":"soft","x":400,"y":300,"vx":0,"vy":0,"dirX":1,"dirY":0,"viewerScreenSize":{"width":800,"height":600}}}
[VIEWER MSG] 📦 [VIEWER] command extracted: {"speed":30,"radius":20,"colorBall":"#60a5fa","colorBg":"#020617","paused":true,"soundEnabled":false,"soundType":"soft","x":400,"y":300,"vx":0,"vy":0,"dirX":1,"dirY":0,"viewerScreenSize":{"width":800,"height":600}}
[VIEWER MSG] 📦 [VIEWER] command.controllerConnected: 
[VIEWER MSG] 📦 [VIEWER] onStateUpdate received: {"type":"state_update","timestamp":1769601734161,"payload":{"speed":30,"radius":20,"colorBall":"#60a5fa","colorBg":"#020617","paused":true,"soundEnabled":false,"soundType":"soft","x":400,"y":300,"vx":0,"vy":0,"dirX":1,"dirY":0,"viewerScreenSize":{"width":800,"height":600}}}
[VIEWER MSG] 📦 [VIEWER] command extracted: {"speed":30,"radius":20,"colorBall":"#60a5fa","colorBg":"#020617","paused":true,"soundEnabled":false,"soundType":"soft","x":400,"y":300,"vx":0,"vy":0,"dirX":1,"dirY":0,"viewerScreenSize":{"width":800,"height":600}}
[VIEWER MSG] 📦 [VIEWER] command.controllerConnected: 
[VIEWER MSG] 📦 [VIEWER] onStateUpdate received: {"type":"state_update","timestamp":1769601734177,"payload":{"speed":30,"radius":20,"colorBall":"#60a5fa","colorBg":"#020617","paused":true,"soundEnabled":false,"soundType":"soft","x":400,"y":300,"vx":0,"vy":0,"dirX":1,"dirY":0,"viewerScreenSize":{"width":800,"height":600}}}
[VIEWER MSG] 📦 [VIEWER] command extracted: {"speed":30,"radius":20,"colorBall":"#60a5fa","colorBg":"#020617","paused":true,"soundEnabled":false,"soundType":"soft","x":400,"y":300,"vx":0,"vy":0,"dirX":1,"dirY":0,"viewerScreenSize":{"width":800,"height":600}}
[VIEWER MSG] 📦 [VIEWER] command.controllerConnected: 
[VIEWER MSG] 📦 [VIEWER] onStateUpdate received: {"type":"state_update","timestamp":1769601734193,"payload":{"speed":30,"radius":20,"colorBall":"#60a5fa","colorBg":"#020617","paused":true,"soundEnabled":false,"soundType":"soft","x":400,"y":300,"vx":0,"vy":0,"dirX":1,"dirY":0,"viewerScreenSize":{"width":800,"height":600}}}
[VIEWER MSG] 📦 [VIEWER] command extracted: {"speed":30,"radius":20,"colorBall":"#60a5fa","colorBg":"#020617","paused":true,"soundEnabled":false,"soundType":"soft","x":400,"y":300,"vx":0,"vy":0,"dirX":1,"dirY":0,"viewerScreenSize":{"width":800,"height":600}}
[VIEWER MSG] 📦 [VIEWER] command.controllerConnected: 
[VIEWER MSG] 📦 [VIEWER] onStateUpdate received: {"type":"state_update","timestamp":1769601734210,"payload":{"speed":30,"radius":20,"colorBall":"#60a5fa","colorBg":"#020617","paused":true,"soundEnabled":false,"soundType":"soft","x":400,"y":300,"vx":0,"vy":0,"dirX":1,"dirY":0,"viewerScreenSize":{"width":800,"height":600}}}
[VIEWER MSG] 📦 [VIEWER] command extracted: {"speed":30,"radius":20,"colorBall":"#60a5fa","colorBg":"#020617","paused":true,"soundEnabled":false,"soundType":"soft","x":400,"y":300,"vx":0,"vy":0,"dirX":1,"dirY":0,"viewerScreenSize":{"width":800,"height":600}}
[VIEWER MSG] 📦 [VIEWER] command.controllerConnected: 
[VIEWER MSG] 📦 [VIEWER] onStateUpdate received: {"type":"state_update","timestamp":1769601734226,"payload":{"speed":30,"radius":20,"colorBall":"#60a5fa","colorBg":"#020617","paused":true,"soundEnabled":false,"soundType":"soft","x":400,"y":300,"vx":0,"vy":0,"dirX":1,"dirY":0,"viewerScreenSize":{"width":800,"height":600}}}
[VIEWER MSG] 📦 [VIEWER] command extracted: {"speed":30,"radius":20,"colorBall":"#60a5fa","colorBg":"#020617","paused":true,"soundEnabled":false,"soundType":"soft","x":400,"y":300,"vx":0,"vy":0,"dirX":1,"dirY":0,"viewerScreenSize":{"width":800,"height":600}}
[VIEWER MSG] 📦 [VIEWER] command.controllerConnected: 
[VIEWER MSG] 📦 [VIEWER] onStateUpdate received: {"type":"state_update","timestamp":1769601734243,"payload":{"speed":30,"radius":20,"colorBall":"#60a5fa","colorBg":"#020617","paused":true,"soundEnabled":false,"soundType":"soft","x":400,"y":300,"vx":0,"vy":0,"dirX":1,"dirY":0,"viewerScreenSize":{"width":800,"height":600}}}
[VIEWER MSG] 📦 [VIEWER] command extracted: {"speed":30,"radius":20,"colorBall":"#60a5fa","colorBg":"#020617","paused":true,"soundEnabled":false,"soundType":"soft","x":400,"y":300,"vx":0,"vy":0,"dirX":1,"dirY":0,"viewerScreenSize":{"width":800,"height":600}}
[VIEWER MSG] 📦 [VIEWER] command.controllerConnected: 
[VIEWER MSG] 📦 [VIEWER] onStateUpdate received: {"type":"state_update","timestamp":1769601734259,"payload":{"speed":30,"radius":20,"colorBall":"#60a5fa","colorBg":"#020617","paused":true,"soundEnabled":false,"soundType":"soft","x":400,"y":300,"vx":0,"vy":0,"dirX":1,"dirY":0,"viewerScreenSize":{"width":800,"height":600}}}
[VIEWER MSG] 📦 [VIEWER] command extracted: {"speed":30,"radius":20,"colorBall":"#60a5fa","colorBg":"#020617","paused":true,"soundEnabled":false,"soundType":"soft","x":400,"y":300,"vx":0,"vy":0,"dirX":1,"dirY":0,"viewerScreenSize":{"width":800,"height":600}}
[VIEWER MSG] 📦 [VIEWER] command.controllerConnected: 
[VIEWER MSG] 📦 [VIEWER] onStateUpdate received: {"type":"state_update","timestamp":1769601734276,"payload":{"speed":30,"radius":20,"colorBall":"#60a5fa","colorBg":"#020617","paused":true,"soundEnabled":false,"soundType":"soft","x":400,"y":300,"vx":0,"vy":0,"dirX":1,"dirY":0,"viewerScreenSize":{"width":800,"height":600}}}
[VIEWER MSG] 📦 [VIEWER] command extracted: {"speed":30,"radius":20,"colorBall":"#60a5fa","colorBg":"#020617","paused":true,"soundEnabled":false,"soundType":"soft","x":400,"y":300,"vx":0,"vy":0,"dirX":1,"dirY":0,"viewerScreenSize":{"width":800,"height":600}}
[VIEWER MSG] 📦 [VIEWER] command.controllerConnected: 
[VIEWER MSG] 📦 [VIEWER] onStateUpdate received: {"type":"state_update","timestamp":1769601734292,"payload":{"speed":30,"radius":20,"colorBall":"#60a5fa","colorBg":"#020617","paused":true,"soundEnabled":false,"soundType":"soft","x":400,"y":300,"vx":0,"vy":0,"dirX":1,"dirY":0,"viewerScreenSize":{"width":800,"height":600}}}
[VIEWER MSG] 📦 [VIEWER] command extracted: {"speed":30,"radius":20,"colorBall":"#60a5fa","colorBg":"#020617","paused":true,"soundEnabled":false,"soundType":"soft","x":400,"y":300,"vx":0,"vy":0,"dirX":1,"dirY":0,"viewerScreenSize":{"width":800,"height":600}}
[VIEWER MSG] 📦 [VIEWER] command.controllerConnected: 
[VIEWER MSG] 📦 [VIEWER] onStateUpdate received: {"type":"state_update","timestamp":1769601734309,"payload":{"speed":30,"radius":20,"colorBall":"#60a5fa","colorBg":"#020617","paused":true,"soundEnabled":false,"soundType":"soft","x":400,"y":300,"vx":0,"vy":0,"dirX":1,"dirY":0,"viewerScreenSize":{"width":800,"height":600}}}
[VIEWER MSG] 📦 [VIEWER] command extracted: {"speed":30,"radius":20,"colorBall":"#60a5fa","colorBg":"#020617","paused":true,"soundEnabled":false,"soundType":"soft","x":400,"y":300,"vx":0,"vy":0,"dirX":1,"dirY":0,"viewerScreenSize":{"width":800,"height":600}}
[VIEWER MSG] 📦 [VIEWER] command.controllerConnected: 
[VIEWER MSG] 📦 [VIEWER] onStateUpdate received: {"type":"state_update","timestamp":1769601734325,"payload":{"speed":30,"radius":20,"colorBall":"#60a5fa","colorBg":"#020617","paused":true,"soundEnabled":false,"soundType":"soft","x":400,"y":300,"vx":0,"vy":0,"dirX":1,"dirY":0,"viewerScreenSize":{"width":800,"height":600}}}
[VIEWER MSG] 📦 [VIEWER] command extracted: {"speed":30,"radius":20,"colorBall":"#60a5fa","colorBg":"#020617","paused":true,"soundEnabled":false,"soundType":"soft","x":400,"y":300,"vx":0,"vy":0,"dirX":1,"dirY":0,"viewerScreenSize":{"width":800,"height":600}}
[VIEWER MSG] 📦 [VIEWER] command.controllerConnected: 
[VIEWER MSG] 📦 [VIEWER] onStateUpdate received: {"type":"state_update","timestamp":1769601734341,"payload":{"speed":30,"radius":20,"colorBall":"#60a5fa","colorBg":"#020617","paused":true,"soundEnabled":false,"soundType":"soft","x":400,"y":300,"vx":0,"vy":0,"dirX":1,"dirY":0,"viewerScreenSize":{"width":800,"height":600}}}
[VIEWER MSG] 📦 [VIEWER] command extracted: {"speed":30,"radius":20,"colorBall":"#60a5fa","colorBg":"#020617","paused":true,"soundEnabled":false,"soundType":"soft","x":400,"y":300,"vx":0,"vy":0,"dirX":1,"dirY":0,"viewerScreenSize":{"width":800,"height":600}}
[VIEWER MSG] 📦 [VIEWER] command.controllerConnected: 
[VIEWER MSG] 📦 [VIEWER] onStateUpdate received: {"type":"state_update","timestamp":1769601734358,"payload":{"speed":30,"radius":20,"colorBall":"#60a5fa","colorBg":"#020617","paused":true,"soundEnabled":false,"soundType":"soft","x":400,"y":300,"vx":0,"vy":0,"dirX":1,"dirY":0,"viewerScreenSize":{"width":800,"height":600}}}
[VIEWER MSG] 📦 [VIEWER] command extracted: {"speed":30,"radius":20,"colorBall":"#60a5fa","colorBg":"#020617","paused":true,"soundEnabled":false,"soundType":"soft","x":400,"y":300,"vx":0,"vy":0,"dirX":1,"dirY":0,"viewerScreenSize":{"width":800,"height":600}}
[VIEWER MSG] 📦 [VIEWER] command.controllerConnected: 
[VIEWER MSG] 📦 [VIEWER] onStateUpdate received: {"type":"state_update","timestamp":1769601734374,"payload":{"speed":30,"radius":20,"colorBall":"#60a5fa","colorBg":"#020617","paused":true,"soundEnabled":false,"soundType":"soft","x":400,"y":300,"vx":0,"vy":0,"dirX":1,"dirY":0,"viewerScreenSize":{"width":800,"height":600}}}
[VIEWER MSG] 📦 [VIEWER] command extracted: {"speed":30,"radius":20,"colorBall":"#60a5fa","colorBg":"#020617","paused":true,"soundEnabled":false,"soundType":"soft","x":400,"y":300,"vx":0,"vy":0,"dirX":1,"dirY":0,"viewerScreenSize":{"width":800,"height":600}}
[VIEWER MSG] 📦 [VIEWER] command.controllerConnected: 
[VIEWER MSG] 📦 [VIEWER] onStateUpdate received: {"type":"state_update","timestamp":1769601734390,"payload":{"speed":30,"radius":20,"colorBall":"#60a5fa","colorBg":"#020617","paused":true,"soundEnabled":false,"soundType":"soft","x":400,"y":300,"vx":0,"vy":0,"dirX":1,"dirY":0,"viewerScreenSize":{"width":800,"height":600}}}
[VIEWER MSG] 📦 [VIEWER] command extracted: {"speed":30,"radius":20,"colorBall":"#60a5fa","colorBg":"#020617","paused":true,"soundEnabled":false,"soundType":"soft","x":400,"y":300,"vx":0,"vy":0,"dirX":1,"dirY":0,"viewerScreenSize":{"width":800,"height":600}}
[VIEWER MSG] 📦 [VIEWER] command.controllerConnected: 
[VIEWER MSG] 📦 [VIEWER] onStateUpdate received: {"type":"state_update","timestamp":1769601734406,"payload":{"speed":30,"radius":20,"colorBall":"#60a5fa","colorBg":"#020617","paused":true,"soundEnabled":false,"soundType":"soft","x":400,"y":300,"vx":0,"vy":0,"dirX":1,"dirY":0,"viewerScreenSize":{"width":800,"height":600}}}
[VIEWER MSG] 📦 [VIEWER] command extracted: {"speed":30,"radius":20,"colorBall":"#60a5fa","colorBg":"#020617","paused":true,"soundEnabled":false,"soundType":"soft","x":400,"y":300,"vx":0,"vy":0,"dirX":1,"dirY":0,"viewerScreenSize":{"width":800,"height":600}}
[VIEWER MSG] 📦 [VIEWER] command.controllerConnected: 
[VIEWER MSG] 📦 [VIEWER] onStateUpdate received: {"type":"state_update","timestamp":1769601734422,"payload":{"speed":30,"radius":20,"colorBall":"#60a5fa","colorBg":"#020617","paused":true,"soundEnabled":false,"soundType":"soft","x":400,"y":300,"vx":0,"vy":0,"dirX":1,"dirY":0,"viewerScreenSize":{"width":800,"height":600}}}
[VIEWER MSG] 📦 [VIEWER] command extracted: {"speed":30,"radius":20,"colorBall":"#60a5fa","colorBg":"#020617","paused":true,"soundEnabled":false,"soundType":"soft","x":400,"y":300,"vx":0,"vy":0,"dirX":1,"dirY":0,"viewerScreenSize":{"width":800,"height":600}}
[VIEWER MSG] 📦 [VIEWER] command.controllerConnected: 
[VIEWER MSG] 📦 [VIEWER] onStateUpdate received: {"type":"state_update","timestamp":1769601734439,"payload":{"speed":30,"radius":20,"colorBall":"#60a5fa","colorBg":"#020617","paused":true,"soundEnabled":false,"soundType":"soft","x":400,"y":300,"vx":0,"vy":0,"dirX":1,"dirY":0,"viewerScreenSize":{"width":800,"height":600}}}
[VIEWER MSG] 📦 [VIEWER] command extracted: {"speed":30,"radius":20,"colorBall":"#60a5fa","colorBg":"#020617","paused":true,"soundEnabled":false,"soundType":"soft","x":400,"y":300,"vx":0,"vy":0,"dirX":1,"dirY":0,"viewerScreenSize":{"width":800,"height":600}}
[VIEWER MSG] 📦 [VIEWER] command.controllerConnected: 
[VIEWER MSG] 📦 [VIEWER] onStateUpdate received: {"type":"state_update","timestamp":1769601734455,"payload":{"speed":30,"radius":20,"colorBall":"#60a5fa","colorBg":"#020617","paused":true,"soundEnabled":false,"soundType":"soft","x":400,"y":300,"vx":0,"vy":0,"dirX":1,"dirY":0,"viewerScreenSize":{"width":800,"height":600}}}
[VIEWER MSG] 📦 [VIEWER] command extracted: {"speed":30,"radius":20,"colorBall":"#60a5fa","colorBg":"#020617","paused":true,"soundEnabled":false,"soundType":"soft","x":400,"y":300,"vx":0,"vy":0,"dirX":1,"dirY":0,"viewerScreenSize":{"width":800,"height":600}}
[VIEWER MSG] 📦 [VIEWER] command.controllerConnected: 
[VIEWER MSG] 📦 [VIEWER] onStateUpdate received: {"type":"state_update","timestamp":1769601734472,"payload":{"speed":30,"radius":20,"colorBall":"#60a5fa","colorBg":"#020617","paused":true,"soundEnabled":false,"soundType":"soft","x":400,"y":300,"vx":0,"vy":0,"dirX":1,"dirY":0,"viewerScreenSize":{"width":800,"height":600}}}
[VIEWER MSG] 📦 [VIEWER] command extracted: {"speed":30,"radius":20,"colorBall":"#60a5fa","colorBg":"#020617","paused":true,"soundEnabled":false,"soundType":"soft","x":400,"y":300,"vx":0,"vy":0,"dirX":1,"dirY":0,"viewerScreenSize":{"width":800,"height":600}}
[VIEWER MSG] 📦 [VIEWER] command.controllerConnected: 
[VIEWER MSG] 📦 [VIEWER] onStateUpdate received: {"type":"state_update","timestamp":1769601734488,"payload":{"speed":30,"radius":20,"colorBall":"#60a5fa","colorBg":"#020617","paused":true,"soundEnabled":false,"soundType":"soft","x":400,"y":300,"vx":0,"vy":0,"dirX":1,"dirY":0,"viewerScreenSize":{"width":800,"height":600}}}
[VIEWER MSG] 📦 [VIEWER] command extracted: {"speed":30,"radius":20,"colorBall":"#60a5fa","colorBg":"#020617","paused":true,"soundEnabled":false,"soundType":"soft","x":400,"y":300,"vx":0,"vy":0,"dirX":1,"dirY":0,"viewerScreenSize":{"width":800,"height":600}}
[VIEWER MSG] 📦 [VIEWER] command.controllerConnected: 
[VIEWER MSG] 📦 [VIEWER] onStateUpdate received: {"type":"state_update","timestamp":1769601734505,"payload":{"speed":30,"radius":20,"colorBall":"#60a5fa","colorBg":"#020617","paused":true,"soundEnabled":false,"soundType":"soft","x":400,"y":300,"vx":0,"vy":0,"dirX":1,"dirY":0,"viewerScreenSize":{"width":800,"height":600}}}
[VIEWER MSG] 📦 [VIEWER] command extracted: {"speed":30,"radius":20,"colorBall":"#60a5fa","colorBg":"#020617","paused":true,"soundEnabled":false,"soundType":"soft","x":400,"y":300,"vx":0,"vy":0,"dirX":1,"dirY":0,"viewerScreenSize":{"width":800,"height":600}}
[VIEWER MSG] 📦 [VIEWER] command.controllerConnected: 
[VIEWER MSG] 📦 [VIEWER] onStateUpdate received: {"type":"state_update","timestamp":1769601734521,"payload":{"speed":30,"radius":20,"colorBall":"#60a5fa","colorBg":"#020617","paused":true,"soundEnabled":false,"soundType":"soft","x":400,"y":300,"vx":0,"vy":0,"dirX":1,"dirY":0,"viewerScreenSize":{"width":800,"height":600}}}
[VIEWER MSG] 📦 [VIEWER] command extracted: {"speed":30,"radius":20,"colorBall":"#60a5fa","colorBg":"#020617","paused":true,"soundEnabled":false,"soundType":"soft","x":400,"y":300,"vx":0,"vy":0,"dirX":1,"dirY":0,"viewerScreenSize":{"width":800,"height":600}}
[VIEWER MSG] 📦 [VIEWER] command.controllerConnected: 
[VIEWER MSG] 📦 [VIEWER] onStateUpdate received: {"type":"state_update","timestamp":1769601734537,"payload":{"speed":30,"radius":20,"colorBall":"#60a5fa","colorBg":"#020617","paused":true,"soundEnabled":false,"soundType":"soft","x":400,"y":300,"vx":0,"vy":0,"dirX":1,"dirY":0,"viewerScreenSize":{"width":800,"height":600}}}
[VIEWER MSG] 📦 [VIEWER] command extracted: {"speed":30,"radius":20,"colorBall":"#60a5fa","colorBg":"#020617","paused":true,"soundEnabled":false,"soundType":"soft","x":400,"y":300,"vx":0,"vy":0,"dirX":1,"dirY":0,"viewerScreenSize":{"width":800,"height":600}}
[VIEWER MSG] 📦 [VIEWER] command.controllerConnected: 
[VIEWER MSG] 📦 [VIEWER] onStateUpdate received: {"type":"state_update","timestamp":1769601734554,"payload":{"speed":30,"radius":20,"colorBall":"#60a5fa","colorBg":"#020617","paused":true,"soundEnabled":false,"soundType":"soft","x":400,"y":300,"vx":0,"vy":0,"dirX":1,"dirY":0,"viewerScreenSize":{"width":800,"height":600}}}
[VIEWER MSG] 📦 [VIEWER] command extracted: {"speed":30,"radius":20,"colorBall":"#60a5fa","colorBg":"#020617","paused":true,"soundEnabled":false,"soundType":"soft","x":400,"y":300,"vx":0,"vy":0,"dirX":1,"dirY":0,"viewerScreenSize":{"width":800,"height":600}}
[VIEWER MSG] 📦 [VIEWER] command.controllerConnected: 
[VIEWER MSG] 📦 [VIEWER] onStateUpdate received: {"type":"state_update","timestamp":1769601734570,"payload":{"speed":30,"radius":20,"colorBall":"#60a5fa","colorBg":"#020617","paused":true,"soundEnabled":false,"soundType":"soft","x":400,"y":300,"vx":0,"vy":0,"dirX":1,"dirY":0,"viewerScreenSize":{"width":800,"height":600}}}
[VIEWER MSG] 📦 [VIEWER] command extracted: {"speed":30,"radius":20,"colorBall":"#60a5fa","colorBg":"#020617","paused":true,"soundEnabled":false,"soundType":"soft","x":400,"y":300,"vx":0,"vy":0,"dirX":1,"dirY":0,"viewerScreenSize":{"width":800,"height":600}}
[VIEWER MSG] 📦 [VIEWER] command.controllerConnected: 
[VIEWER MSG] 📦 [VIEWER] onStateUpdate received: {"type":"state_update","timestamp":1769601734587,"payload":{"speed":30,"radius":20,"colorBall":"#60a5fa","colorBg":"#020617","paused":true,"soundEnabled":false,"soundType":"soft","x":400,"y":300,"vx":0,"vy":0,"dirX":1,"dirY":0,"viewerScreenSize":{"width":800,"height":600}}}
[VIEWER MSG] 📦 [VIEWER] command extracted: {"speed":30,"radius":20,"colorBall":"#60a5fa","colorBg":"#020617","paused":true,"soundEnabled":false,"soundType":"soft","x":400,"y":300,"vx":0,"vy":0,"dirX":1,"dirY":0,"viewerScreenSize":{"width":800,"height":600}}
[VIEWER MSG] 📦 [VIEWER] command.controllerConnected: 
[VIEWER MSG] 📦 [VIEWER] onStateUpdate received: {"type":"state_update","timestamp":1769601734603,"payload":{"speed":30,"radius":20,"colorBall":"#60a5fa","colorBg":"#020617","paused":true,"soundEnabled":false,"soundType":"soft","x":400,"y":300,"vx":0,"vy":0,"dirX":1,"dirY":0,"viewerScreenSize":{"width":800,"height":600}}}
[VIEWER MSG] 📦 [VIEWER] command extracted: {"speed":30,"radius":20,"colorBall":"#60a5fa","colorBg":"#020617","paused":true,"soundEnabled":false,"soundType":"soft","x":400,"y":300,"vx":0,"vy":0,"dirX":1,"dirY":0,"viewerScreenSize":{"width":800,"height":600}}
[VIEWER MSG] 📦 [VIEWER] command.controllerConnected: 
[VIEWER MSG] 📦 [VIEWER] onStateUpdate received: {"type":"state_update","timestamp":1769601734619,"payload":{"speed":30,"radius":20,"colorBall":"#60a5fa","colorBg":"#020617","paused":true,"soundEnabled":false,"soundType":"soft","x":400,"y":300,"vx":0,"vy":0,"dirX":1,"dirY":0,"viewerScreenSize":{"width":800,"height":600}}}
[VIEWER MSG] 📦 [VIEWER] command extracted: {"speed":30,"radius":20,"colorBall":"#60a5fa","colorBg":"#020617","paused":true,"soundEnabled":false,"soundType":"soft","x":400,"y":300,"vx":0,"vy":0,"dirX":1,"dirY":0,"viewerScreenSize":{"width":800,"height":600}}
[VIEWER MSG] 📦 [VIEWER] command.controllerConnected: 
[VIEWER MSG] 📦 [VIEWER] onStateUpdate received: {"type":"state_update","timestamp":1769601734636,"payload":{"speed":30,"radius":20,"colorBall":"#60a5fa","colorBg":"#020617","paused":true,"soundEnabled":false,"soundType":"soft","x":400,"y":300,"vx":0,"vy":0,"dirX":1,"dirY":0,"viewerScreenSize":{"width":800,"height":600}}}
[VIEWER MSG] 📦 [VIEWER] command extracted: {"speed":30,"radius":20,"colorBall":"#60a5fa","colorBg":"#020617","paused":true,"soundEnabled":false,"soundType":"soft","x":400,"y":300,"vx":0,"vy":0,"dirX":1,"dirY":0,"viewerScreenSize":{"width":800,"height":600}}
[VIEWER MSG] 📦 [VIEWER] command.controllerConnected: 
[VIEWER MSG] 📦 [VIEWER] onStateUpdate received: {"type":"state_update","timestamp":1769601734653,"payload":{"speed":30,"radius":20,"colorBall":"#60a5fa","colorBg":"#020617","paused":true,"soundEnabled":false,"soundType":"soft","x":400,"y":300,"vx":0,"vy":0,"dirX":1,"dirY":0,"viewerScreenSize":{"width":800,"height":600}}}
[VIEWER MSG] 📦 [VIEWER] command extracted: {"speed":30,"radius":20,"colorBall":"#60a5fa","colorBg":"#020617","paused":true,"soundEnabled":false,"soundType":"soft","x":400,"y":300,"vx":0,"vy":0,"dirX":1,"dirY":0,"viewerScreenSize":{"width":800,"height":600}}
[VIEWER MSG] 📦 [VIEWER] command.controllerConnected: 
[VIEWER MSG] 📦 [VIEWER] onStateUpdate received: {"type":"state_update","timestamp":1769601734670,"payload":{"speed":30,"radius":20,"colorBall":"#60a5fa","colorBg":"#020617","paused":true,"soundEnabled":false,"soundType":"soft","x":400,"y":300,"vx":0,"vy":0,"dirX":1,"dirY":0,"viewerScreenSize":{"width":800,"height":600}}}
[VIEWER MSG] 📦 [VIEWER] command extracted: {"speed":30,"radius":20,"colorBall":"#60a5fa","colorBg":"#020617","paused":true,"soundEnabled":false,"soundType":"soft","x":400,"y":300,"vx":0,"vy":0,"dirX":1,"dirY":0,"viewerScreenSize":{"width":800,"height":600}}
[VIEWER MSG] 📦 [VIEWER] command.controllerConnected: 
[VIEWER MSG] 📦 [VIEWER] onStateUpdate received: {"type":"state_update","timestamp":1769601734686,"payload":{"speed":30,"radius":20,"colorBall":"#60a5fa","colorBg":"#020617","paused":true,"soundEnabled":false,"soundType":"soft","x":400,"y":300,"vx":0,"vy":0,"dirX":1,"dirY":0,"viewerScreenSize":{"width":800,"height":600}}}
[VIEWER MSG] 📦 [VIEWER] command extracted: {"speed":30,"radius":20,"colorBall":"#60a5fa","colorBg":"#020617","paused":true,"soundEnabled":false,"soundType":"soft","x":400,"y":300,"vx":0,"vy":0,"dirX":1,"dirY":0,"viewerScreenSize":{"width":800,"height":600}}
[VIEWER MSG] 📦 [VIEWER] command.controllerConnected: 
[VIEWER MSG] 📦 [VIEWER] onStateUpdate received: {"type":"state_update","timestamp":1769601734703,"payload":{"speed":30,"radius":20,"colorBall":"#60a5fa","colorBg":"#020617","paused":true,"soundEnabled":false,"soundType":"soft","x":400,"y":300,"vx":0,"vy":0,"dirX":1,"dirY":0,"viewerScreenSize":{"width":800,"height":600}}}
[VIEWER MSG] 📦 [VIEWER] command extracted: {"speed":30,"radius":20,"colorBall":"#60a5fa","colorBg":"#020617","paused":true,"soundEnabled":false,"soundType":"soft","x":400,"y":300,"vx":0,"vy":0,"dirX":1,"dirY":0,"viewerScreenSize":{"width":800,"height":600}}
[VIEWER MSG] 📦 [VIEWER] command.controllerConnected: 
[VIEWER MSG] 📦 [VIEWER] onStateUpdate received: {"type":"state_update","timestamp":1769601734719,"payload":{"speed":30,"radius":20,"colorBall":"#60a5fa","colorBg":"#020617","paused":true,"soundEnabled":false,"soundType":"soft","x":400,"y":300,"vx":0,"vy":0,"dirX":1,"dirY":0,"viewerScreenSize":{"width":800,"height":600}}}
[VIEWER MSG] 📦 [VIEWER] command extracted: {"speed":30,"radius":20,"colorBall":"#60a5fa","colorBg":"#020617","paused":true,"soundEnabled":false,"soundType":"soft","x":400,"y":300,"vx":0,"vy":0,"dirX":1,"dirY":0,"viewerScreenSize":{"width":800,"height":600}}
[VIEWER MSG] 📦 [VIEWER] command.controllerConnected: 
[VIEWER MSG] 📦 [VIEWER] onStateUpdate received: {"type":"state_update","timestamp":1769601734735,"payload":{"speed":30,"radius":20,"colorBall":"#60a5fa","colorBg":"#020617","paused":true,"soundEnabled":false,"soundType":"soft","x":400,"y":300,"vx":0,"vy":0,"dirX":1,"dirY":0,"viewerScreenSize":{"width":800,"height":600}}}
[VIEWER MSG] 📦 [VIEWER] command extracted: {"speed":30,"radius":20,"colorBall":"#60a5fa","colorBg":"#020617","paused":true,"soundEnabled":false,"soundType":"soft","x":400,"y":300,"vx":0,"vy":0,"dirX":1,"dirY":0,"viewerScreenSize":{"width":800,"height":600}}
[VIEWER MSG] 📦 [VIEWER] command.controllerConnected: 
[VIEWER MSG] 📦 [VIEWER] onStateUpdate received: {"type":"state_update","timestamp":1769601734752,"payload":{"speed":30,"radius":20,"colorBall":"#60a5fa","colorBg":"#020617","paused":true,"soundEnabled":false,"soundType":"soft","x":400,"y":300,"vx":0,"vy":0,"dirX":1,"dirY":0,"viewerScreenSize":{"width":800,"height":600}}}
[VIEWER MSG] 📦 [VIEWER] command extracted: {"speed":30,"radius":20,"colorBall":"#60a5fa","colorBg":"#020617","paused":true,"soundEnabled":false,"soundType":"soft","x":400,"y":300,"vx":0,"vy":0,"dirX":1,"dirY":0,"viewerScreenSize":{"width":800,"height":600}}
[VIEWER MSG] 📦 [VIEWER] command.controllerConnected: 
[VIEWER MSG] 📦 [VIEWER] onStateUpdate received: {"type":"state_update","timestamp":1769601734768,"payload":{"speed":30,"radius":20,"colorBall":"#60a5fa","colorBg":"#020617","paused":true,"soundEnabled":false,"soundType":"soft","x":400,"y":300,"vx":0,"vy":0,"dirX":1,"dirY":0,"viewerScreenSize":{"width":800,"height":600}}}
[VIEWER MSG] 📦 [VIEWER] command extracted: {"speed":30,"radius":20,"colorBall":"#60a5fa","colorBg":"#020617","paused":true,"soundEnabled":false,"soundType":"soft","x":400,"y":300,"vx":0,"vy":0,"dirX":1,"dirY":0,"viewerScreenSize":{"width":800,"height":600}}
[VIEWER MSG] 📦 [VIEWER] command.controllerConnected: 
[VIEWER MSG] 📦 [VIEWER] onStateUpdate received: {"type":"state_update","timestamp":1769601734785,"payload":{"speed":30,"radius":20,"colorBall":"#60a5fa","colorBg":"#020617","paused":true,"soundEnabled":false,"soundType":"soft","x":400,"y":300,"vx":0,"vy":0,"dirX":1,"dirY":0,"viewerScreenSize":{"width":800,"height":600}}}
[VIEWER MSG] 📦 [VIEWER] command extracted: {"speed":30,"radius":20,"colorBall":"#60a5fa","colorBg":"#020617","paused":true,"soundEnabled":false,"soundType":"soft","x":400,"y":300,"vx":0,"vy":0,"dirX":1,"dirY":0,"viewerScreenSize":{"width":800,"height":600}}
[VIEWER MSG] 📦 [VIEWER] command.controllerConnected: 
[VIEWER MSG] 📦 [VIEWER] onStateUpdate received: {"type":"state_update","timestamp":1769601734801,"payload":{"speed":30,"radius":20,"colorBall":"#60a5fa","colorBg":"#020617","paused":true,"soundEnabled":false,"soundType":"soft","x":400,"y":300,"vx":0,"vy":0,"dirX":1,"dirY":0,"viewerScreenSize":{"width":800,"height":600}}}
[VIEWER MSG] 📦 [VIEWER] command extracted: {"speed":30,"radius":20,"colorBall":"#60a5fa","colorBg":"#020617","paused":true,"soundEnabled":false,"soundType":"soft","x":400,"y":300,"vx":0,"vy":0,"dirX":1,"dirY":0,"viewerScreenSize":{"width":800,"height":600}}
[VIEWER MSG] 📦 [VIEWER] command.controllerConnected: 
[VIEWER MSG] 📦 [VIEWER] onStateUpdate received: {"type":"state_update","timestamp":1769601734818,"payload":{"speed":30,"radius":20,"colorBall":"#60a5fa","colorBg":"#020617","paused":true,"soundEnabled":false,"soundType":"soft","x":400,"y":300,"vx":0,"vy":0,"dirX":1,"dirY":0,"viewerScreenSize":{"width":800,"height":600}}}
[VIEWER MSG] 📦 [VIEWER] command extracted: {"speed":30,"radius":20,"colorBall":"#60a5fa","colorBg":"#020617","paused":true,"soundEnabled":false,"soundType":"soft","x":400,"y":300,"vx":0,"vy":0,"dirX":1,"dirY":0,"viewerScreenSize":{"width":800,"height":600}}
[VIEWER MSG] 📦 [VIEWER] command.controllerConnected: 
[VIEWER MSG] 📦 [VIEWER] onStateUpdate received: {"type":"state_update","timestamp":1769601734834,"payload":{"speed":30,"radius":20,"colorBall":"#60a5fa","colorBg":"#020617","paused":true,"soundEnabled":false,"soundType":"soft","x":400,"y":300,"vx":0,"vy":0,"dirX":1,"dirY":0,"viewerScreenSize":{"width":800,"height":600}}}
[VIEWER MSG] 📦 [VIEWER] command extracted: {"speed":30,"radius":20,"colorBall":"#60a5fa","colorBg":"#020617","paused":true,"soundEnabled":false,"soundType":"soft","x":400,"y":300,"vx":0,"vy":0,"dirX":1,"dirY":0,"viewerScreenSize":{"width":800,"height":600}}
[VIEWER MSG] 📦 [VIEWER] command.controllerConnected: 
[VIEWER MSG] 📦 [VIEWER] onStateUpdate received: {"type":"state_update","timestamp":1769601734850,"payload":{"speed":30,"radius":20,"colorBall":"#60a5fa","colorBg":"#020617","paused":true,"soundEnabled":false,"soundType":"soft","x":400,"y":300,"vx":0,"vy":0,"dirX":1,"dirY":0,"viewerScreenSize":{"width":800,"height":600}}}
[VIEWER MSG] 📦 [VIEWER] command extracted: {"speed":30,"radius":20,"colorBall":"#60a5fa","colorBg":"#020617","paused":true,"soundEnabled":false,"soundType":"soft","x":400,"y":300,"vx":0,"vy":0,"dirX":1,"dirY":0,"viewerScreenSize":{"width":800,"height":600}}
[VIEWER MSG] 📦 [VIEWER] command.controllerConnected: 
[VIEWER MSG] 📦 [VIEWER] onStateUpdate received: {"type":"state_update","timestamp":1769601734867,"payload":{"speed":30,"radius":20,"colorBall":"#60a5fa","colorBg":"#020617","paused":true,"soundEnabled":false,"soundType":"soft","x":400,"y":300,"vx":0,"vy":0,"dirX":1,"dirY":0,"viewerScreenSize":{"width":800,"height":600}}}
[VIEWER MSG] 📦 [VIEWER] command extracted: {"speed":30,"radius":20,"colorBall":"#60a5fa","colorBg":"#020617","paused":true,"soundEnabled":false,"soundType":"soft","x":400,"y":300,"vx":0,"vy":0,"dirX":1,"dirY":0,"viewerScreenSize":{"width":800,"height":600}}
[VIEWER MSG] 📦 [VIEWER] command.controllerConnected: 
[VIEWER MSG] 📦 [VIEWER] onStateUpdate received: {"type":"state_update","timestamp":1769601734884,"payload":{"speed":30,"radius":20,"colorBall":"#60a5fa","colorBg":"#020617","paused":true,"soundEnabled":false,"soundType":"soft","x":400,"y":300,"vx":0,"vy":0,"dirX":1,"dirY":0,"viewerScreenSize":{"width":800,"height":600}}}
[VIEWER MSG] 📦 [VIEWER] command extracted: {"speed":30,"radius":20,"colorBall":"#60a5fa","colorBg":"#020617","paused":true,"soundEnabled":false,"soundType":"soft","x":400,"y":300,"vx":0,"vy":0,"dirX":1,"dirY":0,"viewerScreenSize":{"width":800,"height":600}}
[VIEWER MSG] 📦 [VIEWER] command.controllerConnected: 
[VIEWER MSG] 📦 [VIEWER] onStateUpdate received: {"type":"state_update","timestamp":1769601734900,"payload":{"speed":30,"radius":20,"colorBall":"#60a5fa","colorBg":"#020617","paused":true,"soundEnabled":false,"soundType":"soft","x":400,"y":300,"vx":0,"vy":0,"dirX":1,"dirY":0,"viewerScreenSize":{"width":800,"height":600}}}
[VIEWER MSG] 📦 [VIEWER] command extracted: {"speed":30,"radius":20,"colorBall":"#60a5fa","colorBg":"#020617","paused":true,"soundEnabled":false,"soundType":"soft","x":400,"y":300,"vx":0,"vy":0,"dirX":1,"dirY":0,"viewerScreenSize":{"width":800,"height":600}}
[VIEWER MSG] 📦 [VIEWER] command.controllerConnected: 
[VIEWER MSG] 📦 [VIEWER] onStateUpdate received: {"type":"state_update","timestamp":1769601734916,"payload":{"speed":30,"radius":20,"colorBall":"#60a5fa","colorBg":"#020617","paused":true,"soundEnabled":false,"soundType":"soft","x":400,"y":300,"vx":0,"vy":0,"dirX":1,"dirY":0,"viewerScreenSize":{"width":800,"height":600}}}
[VIEWER MSG] 📦 [VIEWER] command extracted: {"speed":30,"radius":20,"colorBall":"#60a5fa","colorBg":"#020617","paused":true,"soundEnabled":false,"soundType":"soft","x":400,"y":300,"vx":0,"vy":0,"dirX":1,"dirY":0,"viewerScreenSize":{"width":800,"height":600}}
[VIEWER MSG] 📦 [VIEWER] command.controllerConnected: 
[VIEWER MSG] 📦 [VIEWER] onStateUpdate received: {"type":"state_update","timestamp":1769601734932,"payload":{"speed":30,"radius":20,"colorBall":"#60a5fa","colorBg":"#020617","paused":true,"soundEnabled":false,"soundType":"soft","x":400,"y":300,"vx":0,"vy":0,"dirX":1,"dirY":0,"viewerScreenSize":{"width":800,"height":600}}}
[VIEWER MSG] 📦 [VIEWER] command extracted: {"speed":30,"radius":20,"colorBall":"#60a5fa","colorBg":"#020617","paused":true,"soundEnabled":false,"soundType":"soft","x":400,"y":300,"vx":0,"vy":0,"dirX":1,"dirY":0,"viewerScreenSize":{"width":800,"height":600}}
[VIEWER MSG] 📦 [VIEWER] command.controllerConnected: 
[VIEWER MSG] 📦 [VIEWER] onStateUpdate received: {"type":"state_update","timestamp":1769601734948,"payload":{"speed":30,"radius":20,"colorBall":"#60a5fa","colorBg":"#020617","paused":true,"soundEnabled":false,"soundType":"soft","x":400,"y":300,"vx":0,"vy":0,"dirX":1,"dirY":0,"viewerScreenSize":{"width":800,"height":600}}}
[VIEWER MSG] 📦 [VIEWER] command extracted: {"speed":30,"radius":20,"colorBall":"#60a5fa","colorBg":"#020617","paused":true,"soundEnabled":false,"soundType":"soft","x":400,"y":300,"vx":0,"vy":0,"dirX":1,"dirY":0,"viewerScreenSize":{"width":800,"height":600}}
[VIEWER MSG] 📦 [VIEWER] command.controllerConnected: 
[VIEWER MSG] 📦 [VIEWER] onStateUpdate received: {"type":"state_update","timestamp":1769601734964,"payload":{"speed":30,"radius":20,"colorBall":"#60a5fa","colorBg":"#020617","paused":true,"soundEnabled":false,"soundType":"soft","x":400,"y":300,"vx":0,"vy":0,"dirX":1,"dirY":0,"viewerScreenSize":{"width":800,"height":600}}}
[VIEWER MSG] 📦 [VIEWER] command extracted: {"speed":30,"radius":20,"colorBall":"#60a5fa","colorBg":"#020617","paused":true,"soundEnabled":false,"soundType":"soft","x":400,"y":300,"vx":0,"vy":0,"dirX":1,"dirY":0,"viewerScreenSize":{"width":800,"height":600}}
[VIEWER MSG] 📦 [VIEWER] command.controllerConnected: 
[VIEWER MSG] 📦 [VIEWER] onStateUpdate received: {"type":"state_update","timestamp":1769601734980,"payload":{"speed":30,"radius":20,"colorBall":"#60a5fa","colorBg":"#020617","paused":true,"soundEnabled":false,"soundType":"soft","x":400,"y":300,"vx":0,"vy":0,"dirX":1,"dirY":0,"viewerScreenSize":{"width":800,"height":600}}}
[VIEWER MSG] 📦 [VIEWER] command extracted: {"speed":30,"radius":20,"colorBall":"#60a5fa","colorBg":"#020617","paused":true,"soundEnabled":false,"soundType":"soft","x":400,"y":300,"vx":0,"vy":0,"dirX":1,"dirY":0,"viewerScreenSize":{"width":800,"height":600}}
[VIEWER MSG] 📦 [VIEWER] command.controllerConnected: 
[VIEWER MSG] 📦 [VIEWER] onStateUpdate received: {"type":"state_update","timestamp":1769601734997,"payload":{"speed":30,"radius":20,"colorBall":"#60a5fa","colorBg":"#020617","paused":true,"soundEnabled":false,"soundType":"soft","x":400,"y":300,"vx":0,"vy":0,"dirX":1,"dirY":0,"viewerScreenSize":{"width":800,"height":600}}}
[VIEWER MSG] 📦 [VIEWER] command extracted: {"speed":30,"radius":20,"colorBall":"#60a5fa","colorBg":"#020617","paused":true,"soundEnabled":false,"soundType":"soft","x":400,"y":300,"vx":0,"vy":0,"dirX":1,"dirY":0,"viewerScreenSize":{"width":800,"height":600}}
[VIEWER MSG] 📦 [VIEWER] command.controllerConnected: 
[VIEWER MSG] 📦 [VIEWER] onStateUpdate received: {"type":"state_update","timestamp":1769601735013,"payload":{"speed":30,"radius":20,"colorBall":"#60a5fa","colorBg":"#020617","paused":true,"soundEnabled":false,"soundType":"soft","x":400,"y":300,"vx":0,"vy":0,"dirX":1,"dirY":0,"viewerScreenSize":{"width":800,"height":600}}}
[VIEWER MSG] 📦 [VIEWER] command extracted: {"speed":30,"radius":20,"colorBall":"#60a5fa","colorBg":"#020617","paused":true,"soundEnabled":false,"soundType":"soft","x":400,"y":300,"vx":0,"vy":0,"dirX":1,"dirY":0,"viewerScreenSize":{"width":800,"height":600}}
[VIEWER MSG] 📦 [VIEWER] command.controllerConnected: 
[VIEWER MSG] 📦 [VIEWER] onStateUpdate received: {"type":"state_update","timestamp":1769601735029,"payload":{"speed":30,"radius":20,"colorBall":"#60a5fa","colorBg":"#020617","paused":true,"soundEnabled":false,"soundType":"soft","x":400,"y":300,"vx":0,"vy":0,"dirX":1,"dirY":0,"viewerScreenSize":{"width":800,"height":600}}}
[VIEWER MSG] 📦 [VIEWER] command extracted: {"speed":30,"radius":20,"colorBall":"#60a5fa","colorBg":"#020617","paused":true,"soundEnabled":false,"soundType":"soft","x":400,"y":300,"vx":0,"vy":0,"dirX":1,"dirY":0,"viewerScreenSize":{"width":800,"height":600}}
[VIEWER MSG] 📦 [VIEWER] command.controllerConnected: 
[VIEWER MSG] 📦 [VIEWER] onStateUpdate received: {"type":"state_update","timestamp":1769601735046,"payload":{"speed":30,"radius":20,"colorBall":"#60a5fa","colorBg":"#020617","paused":true,"soundEnabled":false,"soundType":"soft","x":400,"y":300,"vx":0,"vy":0,"dirX":1,"dirY":0,"viewerScreenSize":{"width":800,"height":600}}}
[VIEWER MSG] 📦 [VIEWER] command extracted: {"speed":30,"radius":20,"colorBall":"#60a5fa","colorBg":"#020617","paused":true,"soundEnabled":false,"soundType":"soft","x":400,"y":300,"vx":0,"vy":0,"dirX":1,"dirY":0,"viewerScreenSize":{"width":800,"height":600}}
[VIEWER MSG] 📦 [VIEWER] command.controllerConnected: 
[VIEWER MSG] 📦 [VIEWER] onStateUpdate received: {"type":"state_update","timestamp":1769601735062,"payload":{"speed":30,"radius":20,"colorBall":"#60a5fa","colorBg":"#020617","paused":true,"soundEnabled":false,"soundType":"soft","x":400,"y":300,"vx":0,"vy":0,"dirX":1,"dirY":0,"viewerScreenSize":{"width":800,"height":600}}}
[VIEWER MSG] 📦 [VIEWER] command extracted: {"speed":30,"radius":20,"colorBall":"#60a5fa","colorBg":"#020617","paused":true,"soundEnabled":false,"soundType":"soft","x":400,"y":300,"vx":0,"vy":0,"dirX":1,"dirY":0,"viewerScreenSize":{"width":800,"height":600}}
[VIEWER MSG] 📦 [VIEWER] command.controllerConnected: 
[VIEWER MSG] 📦 [VIEWER] onStateUpdate received: {"type":"state_update","timestamp":1769601735079,"payload":{"speed":30,"radius":20,"colorBall":"#60a5fa","colorBg":"#020617","paused":true,"soundEnabled":false,"soundType":"soft","x":400,"y":300,"vx":0,"vy":0,"dirX":1,"dirY":0,"viewerScreenSize":{"width":800,"height":600}}}
[VIEWER MSG] 📦 [VIEWER] command extracted: {"speed":30,"radius":20,"colorBall":"#60a5fa","colorBg":"#020617","paused":true,"soundEnabled":false,"soundType":"soft","x":400,"y":300,"vx":0,"vy":0,"dirX":1,"dirY":0,"viewerScreenSize":{"width":800,"height":600}}
[VIEWER MSG] 📦 [VIEWER] command.controllerConnected: 
[VIEWER MSG] 📦 [VIEWER] onStateUpdate received: {"type":"state_update","timestamp":1769601735096,"payload":{"speed":30,"radius":20,"colorBall":"#60a5fa","colorBg":"#020617","paused":true,"soundEnabled":false,"soundType":"soft","x":400,"y":300,"vx":0,"vy":0,"dirX":1,"dirY":0,"viewerScreenSize":{"width":800,"height":600}}}
[VIEWER MSG] 📦 [VIEWER] command extracted: {"speed":30,"radius":20,"colorBall":"#60a5fa","colorBg":"#020617","paused":true,"soundEnabled":false,"soundType":"soft","x":400,"y":300,"vx":0,"vy":0,"dirX":1,"dirY":0,"viewerScreenSize":{"width":800,"height":600}}
[VIEWER MSG] 📦 [VIEWER] command.controllerConnected: 
[VIEWER MSG] 📦 [VIEWER] onStateUpdate received: {"type":"state_update","timestamp":1769601735112,"payload":{"speed":30,"radius":20,"colorBall":"#60a5fa","colorBg":"#020617","paused":true,"soundEnabled":false,"soundType":"soft","x":400,"y":300,"vx":0,"vy":0,"dirX":1,"dirY":0,"viewerScreenSize":{"width":800,"height":600}}}
[VIEWER MSG] 📦 [VIEWER] command extracted: {"speed":30,"radius":20,"colorBall":"#60a5fa","colorBg":"#020617","paused":true,"soundEnabled":false,"soundType":"soft","x":400,"y":300,"vx":0,"vy":0,"dirX":1,"dirY":0,"viewerScreenSize":{"width":800,"height":600}}
[VIEWER MSG] 📦 [VIEWER] command.controllerConnected: 
[VIEWER MSG] 📦 [VIEWER] onStateUpdate received: {"type":"state_update","timestamp":1769601735129,"payload":{"speed":30,"radius":20,"colorBall":"#60a5fa","colorBg":"#020617","paused":true,"soundEnabled":false,"soundType":"soft","x":400,"y":300,"vx":0,"vy":0,"dirX":1,"dirY":0,"viewerScreenSize":{"width":800,"height":600}}}
[VIEWER MSG] 📦 [VIEWER] command extracted: {"speed":30,"radius":20,"colorBall":"#60a5fa","colorBg":"#020617","paused":true,"soundEnabled":false,"soundType":"soft","x":400,"y":300,"vx":0,"vy":0,"dirX":1,"dirY":0,"viewerScreenSize":{"width":800,"height":600}}
[VIEWER MSG] 📦 [VIEWER] command.controllerConnected: 
[VIEWER MSG] 📦 [VIEWER] onStateUpdate received: {"type":"state_update","timestamp":1769601735145,"payload":{"speed":30,"radius":20,"colorBall":"#60a5fa","colorBg":"#020617","paused":true,"soundEnabled":false,"soundType":"soft","x":400,"y":300,"vx":0,"vy":0,"dirX":1,"dirY":0,"viewerScreenSize":{"width":800,"height":600}}}
[VIEWER MSG] 📦 [VIEWER] command extracted: {"speed":30,"radius":20,"colorBall":"#60a5fa","colorBg":"#020617","paused":true,"soundEnabled":false,"soundType":"soft","x":400,"y":300,"vx":0,"vy":0,"dirX":1,"dirY":0,"viewerScreenSize":{"width":800,"height":600}}
[VIEWER MSG] 📦 [VIEWER] command.controllerConnected: 
[VIEWER MSG] 📦 [VIEWER] onStateUpdate received: {"type":"state_update","timestamp":1769601735161,"payload":{"speed":30,"radius":20,"colorBall":"#60a5fa","colorBg":"#020617","paused":true,"soundEnabled":false,"soundType":"soft","x":400,"y":300,"vx":0,"vy":0,"dirX":1,"dirY":0,"viewerScreenSize":{"width":800,"height":600}}}
[VIEWER MSG] 📦 [VIEWER] command extracted: {"speed":30,"radius":20,"colorBall":"#60a5fa","colorBg":"#020617","paused":true,"soundEnabled":false,"soundType":"soft","x":400,"y":300,"vx":0,"vy":0,"dirX":1,"dirY":0,"viewerScreenSize":{"width":800,"height":600}}
[VIEWER MSG] 📦 [VIEWER] command.controllerConnected: 
[VIEWER MSG] 📦 [VIEWER] onStateUpdate received: {"type":"state_update","timestamp":1769601735178,"payload":{"speed":30,"radius":20,"colorBall":"#60a5fa","colorBg":"#020617","paused":true,"soundEnabled":false,"soundType":"soft","x":400,"y":300,"vx":0,"vy":0,"dirX":1,"dirY":0,"viewerScreenSize":{"width":800,"height":600}}}
[VIEWER MSG] 📦 [VIEWER] command extracted: {"speed":30,"radius":20,"colorBall":"#60a5fa","colorBg":"#020617","paused":true,"soundEnabled":false,"soundType":"soft","x":400,"y":300,"vx":0,"vy":0,"dirX":1,"dirY":0,"viewerScreenSize":{"width":800,"height":600}}
[VIEWER MSG] 📦 [VIEWER] command.controllerConnected: 
[VIEWER MSG] 📦 [VIEWER] onStateUpdate received: {"type":"state_update","timestamp":1769601735194,"payload":{"speed":30,"radius":20,"colorBall":"#60a5fa","colorBg":"#020617","paused":true,"soundEnabled":false,"soundType":"soft","x":400,"y":300,"vx":0,"vy":0,"dirX":1,"dirY":0,"viewerScreenSize":{"width":800,"height":600}}}
[VIEWER MSG] 📦 [VIEWER] command extracted: {"speed":30,"radius":20,"colorBall":"#60a5fa","colorBg":"#020617","paused":true,"soundEnabled":false,"soundType":"soft","x":400,"y":300,"vx":0,"vy":0,"dirX":1,"dirY":0,"viewerScreenSize":{"width":800,"height":600}}
[VIEWER MSG] 📦 [VIEWER] command.controllerConnected: 
[VIEWER MSG] 📦 [VIEWER] onStateUpdate received: {"type":"state_update","timestamp":1769601735211,"payload":{"speed":30,"radius":20,"colorBall":"#60a5fa","colorBg":"#020617","paused":true,"soundEnabled":false,"soundType":"soft","x":400,"y":300,"vx":0,"vy":0,"dirX":1,"dirY":0,"viewerScreenSize":{"width":800,"height":600}}}
[VIEWER MSG] 📦 [VIEWER] command extracted: {"speed":30,"radius":20,"colorBall":"#60a5fa","colorBg":"#020617","paused":true,"soundEnabled":false,"soundType":"soft","x":400,"y":300,"vx":0,"vy":0,"dirX":1,"dirY":0,"viewerScreenSize":{"width":800,"height":600}}
[VIEWER MSG] 📦 [VIEWER] command.controllerConnected: 
[VIEWER MSG] 📦 [VIEWER] onStateUpdate received: {"type":"state_update","timestamp":1769601735227,"payload":{"speed":30,"radius":20,"colorBall":"#60a5fa","colorBg":"#020617","paused":true,"soundEnabled":false,"soundType":"soft","x":400,"y":300,"vx":0,"vy":0,"dirX":1,"dirY":0,"viewerScreenSize":{"width":800,"height":600}}}
[VIEWER MSG] 📦 [VIEWER] command extracted: {"speed":30,"radius":20,"colorBall":"#60a5fa","colorBg":"#020617","paused":true,"soundEnabled":false,"soundType":"soft","x":400,"y":300,"vx":0,"vy":0,"dirX":1,"dirY":0,"viewerScreenSize":{"width":800,"height":600}}
[VIEWER MSG] 📦 [VIEWER] command.controllerConnected: 
[VIEWER MSG] 📦 [VIEWER] onStateUpdate received: {"type":"state_update","timestamp":1769601735244,"payload":{"speed":30,"radius":20,"colorBall":"#60a5fa","colorBg":"#020617","paused":true,"soundEnabled":false,"soundType":"soft","x":400,"y":300,"vx":0,"vy":0,"dirX":1,"dirY":0,"viewerScreenSize":{"width":800,"height":600}}}
[VIEWER MSG] 📦 [VIEWER] command extracted: {"speed":30,"radius":20,"colorBall":"#60a5fa","colorBg":"#020617","paused":true,"soundEnabled":false,"soundType":"soft","x":400,"y":300,"vx":0,"vy":0,"dirX":1,"dirY":0,"viewerScreenSize":{"width":800,"height":600}}
[VIEWER MSG] 📦 [VIEWER] command.controllerConnected: 
[VIEWER MSG] 📦 [VIEWER] onStateUpdate received: {"type":"state_update","timestamp":1769601735260,"payload":{"speed":30,"radius":20,"colorBall":"#60a5fa","colorBg":"#020617","paused":true,"soundEnabled":false,"soundType":"soft","x":400,"y":300,"vx":0,"vy":0,"dirX":1,"dirY":0,"viewerScreenSize":{"width":800,"height":600}}}
[VIEWER MSG] 📦 [VIEWER] command extracted: {"speed":30,"radius":20,"colorBall":"#60a5fa","colorBg":"#020617","paused":true,"soundEnabled":false,"soundType":"soft","x":400,"y":300,"vx":0,"vy":0,"dirX":1,"dirY":0,"viewerScreenSize":{"width":800,"height":600}}
[VIEWER MSG] 📦 [VIEWER] command.controllerConnected: 
[VIEWER MSG] 📦 [VIEWER] onStateUpdate received: {"type":"state_update","timestamp":1769601735277,"payload":{"speed":30,"radius":20,"colorBall":"#60a5fa","colorBg":"#020617","paused":true,"soundEnabled":false,"soundType":"soft","x":400,"y":300,"vx":0,"vy":0,"dirX":1,"dirY":0,"viewerScreenSize":{"width":800,"height":600}}}
[VIEWER MSG] 📦 [VIEWER] command extracted: {"speed":30,"radius":20,"colorBall":"#60a5fa","colorBg":"#020617","paused":true,"soundEnabled":false,"soundType":"soft","x":400,"y":300,"vx":0,"vy":0,"dirX":1,"dirY":0,"viewerScreenSize":{"width":800,"height":600}}
[VIEWER MSG] 📦 [VIEWER] command.controllerConnected: 
[VIEWER MSG] 📦 [VIEWER] onStateUpdate received: {"type":"state_update","timestamp":1769601735293,"payload":{"speed":30,"radius":20,"colorBall":"#60a5fa","colorBg":"#020617","paused":true,"soundEnabled":false,"soundType":"soft","x":400,"y":300,"vx":0,"vy":0,"dirX":1,"dirY":0,"viewerScreenSize":{"width":800,"height":600}}}
[VIEWER MSG] 📦 [VIEWER] command extracted: {"speed":30,"radius":20,"colorBall":"#60a5fa","colorBg":"#020617","paused":true,"soundEnabled":false,"soundType":"soft","x":400,"y":300,"vx":0,"vy":0,"dirX":1,"dirY":0,"viewerScreenSize":{"width":800,"height":600}}
[VIEWER MSG] 📦 [VIEWER] command.controllerConnected: 
[VIEWER MSG] 📦 [VIEWER] onStateUpdate received: {"type":"state_update","timestamp":1769601735313,"payload":{"speed":30,"radius":20,"colorBall":"#60a5fa","colorBg":"#020617","paused":true,"soundEnabled":false,"soundType":"soft","x":400,"y":300,"vx":0,"vy":0,"dirX":1,"dirY":0,"viewerScreenSize":{"width":800,"height":600}}}
[VIEWER MSG] 📦 [VIEWER] command extracted: {"speed":30,"radius":20,"colorBall":"#60a5fa","colorBg":"#020617","paused":true,"soundEnabled":false,"soundType":"soft","x":400,"y":300,"vx":0,"vy":0,"dirX":1,"dirY":0,"viewerScreenSize":{"width":800,"height":600}}
[VIEWER MSG] 📦 [VIEWER] command.controllerConnected: 
[VIEWER MSG] 📦 [VIEWER] onStateUpdate received: {"type":"state_update","timestamp":1769601735329,"payload":{"speed":30,"radius":20,"colorBall":"#60a5fa","colorBg":"#020617","paused":true,"soundEnabled":false,"soundType":"soft","x":400,"y":300,"vx":0,"vy":0,"dirX":1,"dirY":0,"viewerScreenSize":{"width":800,"height":600}}}
[VIEWER MSG] 📦 [VIEWER] command extracted: {"speed":30,"radius":20,"colorBall":"#60a5fa","colorBg":"#020617","paused":true,"soundEnabled":false,"soundType":"soft","x":400,"y":300,"vx":0,"vy":0,"dirX":1,"dirY":0,"viewerScreenSize":{"width":800,"height":600}}
[VIEWER MSG] 📦 [VIEWER] command.controllerConnected: 
[VIEWER MSG] 📦 [VIEWER] onStateUpdate received: {"type":"state_update","timestamp":1769601735345,"payload":{"speed":30,"radius":20,"colorBall":"#60a5fa","colorBg":"#020617","paused":true,"soundEnabled":false,"soundType":"soft","x":400,"y":300,"vx":0,"vy":0,"dirX":1,"dirY":0,"viewerScreenSize":{"width":800,"height":600}}}
[VIEWER MSG] 📦 [VIEWER] command extracted: {"speed":30,"radius":20,"colorBall":"#60a5fa","colorBg":"#020617","paused":true,"soundEnabled":false,"soundType":"soft","x":400,"y":300,"vx":0,"vy":0,"dirX":1,"dirY":0,"viewerScreenSize":{"width":800,"height":600}}
[VIEWER MSG] 📦 [VIEWER] command.controllerConnected: 
[VIEWER MSG] 📦 [VIEWER] onStateUpdate received: {"type":"state_update","timestamp":1769601735362,"payload":{"speed":30,"radius":20,"colorBall":"#60a5fa","colorBg":"#020617","paused":true,"soundEnabled":false,"soundType":"soft","x":400,"y":300,"vx":0,"vy":0,"dirX":1,"dirY":0,"viewerScreenSize":{"width":800,"height":600}}}
[VIEWER MSG] 📦 [VIEWER] command extracted: {"speed":30,"radius":20,"colorBall":"#60a5fa","colorBg":"#020617","paused":true,"soundEnabled":false,"soundType":"soft","x":400,"y":300,"vx":0,"vy":0,"dirX":1,"dirY":0,"viewerScreenSize":{"width":800,"height":600}}
[VIEWER MSG] 📦 [VIEWER] command.controllerConnected: 
[VIEWER MSG] 📦 [VIEWER] onStateUpdate received: {"type":"state_update","timestamp":1769601735378,"payload":{"speed":30,"radius":20,"colorBall":"#60a5fa","colorBg":"#020617","paused":true,"soundEnabled":false,"soundType":"soft","x":400,"y":300,"vx":0,"vy":0,"dirX":1,"dirY":0,"viewerScreenSize":{"width":800,"height":600}}}
[VIEWER MSG] 📦 [VIEWER] command extracted: {"speed":30,"radius":20,"colorBall":"#60a5fa","colorBg":"#020617","paused":true,"soundEnabled":false,"soundType":"soft","x":400,"y":300,"vx":0,"vy":0,"dirX":1,"dirY":0,"viewerScreenSize":{"width":800,"height":600}}
[VIEWER MSG] 📦 [VIEWER] command.controllerConnected: 
[VIEWER MSG] 📦 [VIEWER] onStateUpdate received: {"type":"state_update","timestamp":1769601735394,"payload":{"speed":30,"radius":20,"colorBall":"#60a5fa","colorBg":"#020617","paused":true,"soundEnabled":false,"soundType":"soft","x":400,"y":300,"vx":0,"vy":0,"dirX":1,"dirY":0,"viewerScreenSize":{"width":800,"height":600}}}
[VIEWER MSG] 📦 [VIEWER] command extracted: {"speed":30,"radius":20,"colorBall":"#60a5fa","colorBg":"#020617","paused":true,"soundEnabled":false,"soundType":"soft","x":400,"y":300,"vx":0,"vy":0,"dirX":1,"dirY":0,"viewerScreenSize":{"width":800,"height":600}}
[VIEWER MSG] 📦 [VIEWER] command.controllerConnected: 
[VIEWER MSG] 📦 [VIEWER] onStateUpdate received: {"type":"state_update","timestamp":1769601735411,"payload":{"speed":30,"radius":20,"colorBall":"#60a5fa","colorBg":"#020617","paused":true,"soundEnabled":false,"soundType":"soft","x":400,"y":300,"vx":0,"vy":0,"dirX":1,"dirY":0,"viewerScreenSize":{"width":800,"height":600}}}
[VIEWER MSG] 📦 [VIEWER] command extracted: {"speed":30,"radius":20,"colorBall":"#60a5fa","colorBg":"#020617","paused":true,"soundEnabled":false,"soundType":"soft","x":400,"y":300,"vx":0,"vy":0,"dirX":1,"dirY":0,"viewerScreenSize":{"width":800,"height":600}}
[VIEWER MSG] 📦 [VIEWER] command.controllerConnected: 
[VIEWER MSG] 📦 [VIEWER] onStateUpdate received: {"type":"state_update","timestamp":1769601735427,"payload":{"speed":30,"radius":20,"colorBall":"#60a5fa","colorBg":"#020617","paused":true,"soundEnabled":false,"soundType":"soft","x":400,"y":300,"vx":0,"vy":0,"dirX":1,"dirY":0,"viewerScreenSize":{"width":800,"height":600}}}
[VIEWER MSG] 📦 [VIEWER] command extracted: {"speed":30,"radius":20,"colorBall":"#60a5fa","colorBg":"#020617","paused":true,"soundEnabled":false,"soundType":"soft","x":400,"y":300,"vx":0,"vy":0,"dirX":1,"dirY":0,"viewerScreenSize":{"width":800,"height":600}}
[VIEWER MSG] 📦 [VIEWER] command.controllerConnected: 
[VIEWER MSG] 📦 [VIEWER] onStateUpdate received: {"type":"state_update","timestamp":1769601735444,"payload":{"speed":30,"radius":20,"colorBall":"#60a5fa","colorBg":"#020617","paused":true,"soundEnabled":false,"soundType":"soft","x":400,"y":300,"vx":0,"vy":0,"dirX":1,"dirY":0,"viewerScreenSize":{"width":800,"height":600}}}
[VIEWER MSG] 📦 [VIEWER] command extracted: {"speed":30,"radius":20,"colorBall":"#60a5fa","colorBg":"#020617","paused":true,"soundEnabled":false,"soundType":"soft","x":400,"y":300,"vx":0,"vy":0,"dirX":1,"dirY":0,"viewerScreenSize":{"width":800,"height":600}}
[VIEWER MSG] 📦 [VIEWER] command.controllerConnected: 
[VIEWER MSG] 📦 [VIEWER] onStateUpdate received: {"type":"state_update","timestamp":1769601735460,"payload":{"speed":30,"radius":20,"colorBall":"#60a5fa","colorBg":"#020617","paused":true,"soundEnabled":false,"soundType":"soft","x":400,"y":300,"vx":0,"vy":0,"dirX":1,"dirY":0,"viewerScreenSize":{"width":800,"height":600}}}
[VIEWER MSG] 📦 [VIEWER] command extracted: {"speed":30,"radius":20,"colorBall":"#60a5fa","colorBg":"#020617","paused":true,"soundEnabled":false,"soundType":"soft","x":400,"y":300,"vx":0,"vy":0,"dirX":1,"dirY":0,"viewerScreenSize":{"width":800,"height":600}}
[VIEWER MSG] 📦 [VIEWER] command.controllerConnected: 
[VIEWER MSG] 📦 [VIEWER] onStateUpdate received: {"type":"state_update","timestamp":1769601735476,"payload":{"speed":30,"radius":20,"colorBall":"#60a5fa","colorBg":"#020617","paused":true,"soundEnabled":false,"soundType":"soft","x":400,"y":300,"vx":0,"vy":0,"dirX":1,"dirY":0,"viewerScreenSize":{"width":800,"height":600}}}
[VIEWER MSG] 📦 [VIEWER] command extracted: {"speed":30,"radius":20,"colorBall":"#60a5fa","colorBg":"#020617","paused":true,"soundEnabled":false,"soundType":"soft","x":400,"y":300,"vx":0,"vy":0,"dirX":1,"dirY":0,"viewerScreenSize":{"width":800,"height":600}}
[VIEWER MSG] 📦 [VIEWER] command.controllerConnected: 
[VIEWER MSG] 📦 [VIEWER] onStateUpdate received: {"type":"state_update","timestamp":1769601735493,"payload":{"speed":30,"radius":20,"colorBall":"#60a5fa","colorBg":"#020617","paused":true,"soundEnabled":false,"soundType":"soft","x":400,"y":300,"vx":0,"vy":0,"dirX":1,"dirY":0,"viewerScreenSize":{"width":800,"height":600}}}
[VIEWER MSG] 📦 [VIEWER] command extracted: {"speed":30,"radius":20,"colorBall":"#60a5fa","colorBg":"#020617","paused":true,"soundEnabled":false,"soundType":"soft","x":400,"y":300,"vx":0,"vy":0,"dirX":1,"dirY":0,"viewerScreenSize":{"width":800,"height":600}}
[VIEWER MSG] 📦 [VIEWER] command.controllerConnected: 
[VIEWER MSG] 📦 [VIEWER] onStateUpdate received: {"type":"state_update","timestamp":1769601735509,"payload":{"speed":30,"radius":20,"colorBall":"#60a5fa","colorBg":"#020617","paused":true,"soundEnabled":false,"soundType":"soft","x":400,"y":300,"vx":0,"vy":0,"dirX":1,"dirY":0,"viewerScreenSize":{"width":800,"height":600}}}
[VIEWER MSG] 📦 [VIEWER] command extracted: {"speed":30,"radius":20,"colorBall":"#60a5fa","colorBg":"#020617","paused":true,"soundEnabled":false,"soundType":"soft","x":400,"y":300,"vx":0,"vy":0,"dirX":1,"dirY":0,"viewerScreenSize":{"width":800,"height":600}}
[VIEWER MSG] 📦 [VIEWER] command.controllerConnected: 
[VIEWER MSG] 📦 [VIEWER] onStateUpdate received: {"type":"state_update","timestamp":1769601735525,"payload":{"speed":30,"radius":20,"colorBall":"#60a5fa","colorBg":"#020617","paused":true,"soundEnabled":false,"soundType":"soft","x":400,"y":300,"vx":0,"vy":0,"dirX":1,"dirY":0,"viewerScreenSize":{"width":800,"height":600}}}
[VIEWER MSG] 📦 [VIEWER] command extracted: {"speed":30,"radius":20,"colorBall":"#60a5fa","colorBg":"#020617","paused":true,"soundEnabled":false,"soundType":"soft","x":400,"y":300,"vx":0,"vy":0,"dirX":1,"dirY":0,"viewerScreenSize":{"width":800,"height":600}}
[VIEWER MSG] 📦 [VIEWER] command.controllerConnected: 
[VIEWER MSG] 📦 [VIEWER] onStateUpdate received: {"type":"state_update","timestamp":1769601735541,"payload":{"speed":30,"radius":20,"colorBall":"#60a5fa","colorBg":"#020617","paused":true,"soundEnabled":false,"soundType":"soft","x":400,"y":300,"vx":0,"vy":0,"dirX":1,"dirY":0,"viewerScreenSize":{"width":800,"height":600}}}
[VIEWER MSG] 📦 [VIEWER] command extracted: {"speed":30,"radius":20,"colorBall":"#60a5fa","colorBg":"#020617","paused":true,"soundEnabled":false,"soundType":"soft","x":400,"y":300,"vx":0,"vy":0,"dirX":1,"dirY":0,"viewerScreenSize":{"width":800,"height":600}}
[VIEWER MSG] 📦 [VIEWER] command.controllerConnected: 
[VIEWER MSG] 📦 [VIEWER] onStateUpdate received: {"type":"state_update","timestamp":1769601735558,"payload":{"speed":30,"radius":20,"colorBall":"#60a5fa","colorBg":"#020617","paused":true,"soundEnabled":false,"soundType":"soft","x":400,"y":300,"vx":0,"vy":0,"dirX":1,"dirY":0,"viewerScreenSize":{"width":800,"height":600}}}
[VIEWER MSG] 📦 [VIEWER] command extracted: {"speed":30,"radius":20,"colorBall":"#60a5fa","colorBg":"#020617","paused":true,"soundEnabled":false,"soundType":"soft","x":400,"y":300,"vx":0,"vy":0,"dirX":1,"dirY":0,"viewerScreenSize":{"width":800,"height":600}}
[VIEWER MSG] 📦 [VIEWER] command.controllerConnected: 
[VIEWER MSG] 📦 [VIEWER] onStateUpdate received: {"type":"state_update","timestamp":1769601735574,"payload":{"speed":30,"radius":20,"colorBall":"#60a5fa","colorBg":"#020617","paused":true,"soundEnabled":false,"soundType":"soft","x":400,"y":300,"vx":0,"vy":0,"dirX":1,"dirY":0,"viewerScreenSize":{"width":800,"height":600}}}
[VIEWER MSG] 📦 [VIEWER] command extracted: {"speed":30,"radius":20,"colorBall":"#60a5fa","colorBg":"#020617","paused":true,"soundEnabled":false,"soundType":"soft","x":400,"y":300,"vx":0,"vy":0,"dirX":1,"dirY":0,"viewerScreenSize":{"width":800,"height":600}}
[VIEWER MSG] 📦 [VIEWER] command.controllerConnected: 
[VIEWER MSG] 📦 [VIEWER] onStateUpdate received: {"type":"state_update","timestamp":1769601735591,"payload":{"speed":30,"radius":20,"colorBall":"#60a5fa","colorBg":"#020617","paused":true,"soundEnabled":false,"soundType":"soft","x":400,"y":300,"vx":0,"vy":0,"dirX":1,"dirY":0,"viewerScreenSize":{"width":800,"height":600}}}
[VIEWER MSG] 📦 [VIEWER] command extracted: {"speed":30,"radius":20,"colorBall":"#60a5fa","colorBg":"#020617","paused":true,"soundEnabled":false,"soundType":"soft","x":400,"y":300,"vx":0,"vy":0,"dirX":1,"dirY":0,"viewerScreenSize":{"width":800,"height":600}}
[VIEWER MSG] 📦 [VIEWER] command.controllerConnected: 
[VIEWER MSG] 📦 [VIEWER] onStateUpdate received: {"type":"state_update","timestamp":1769601735607,"payload":{"speed":30,"radius":20,"colorBall":"#60a5fa","colorBg":"#020617","paused":true,"soundEnabled":false,"soundType":"soft","x":400,"y":300,"vx":0,"vy":0,"dirX":1,"dirY":0,"viewerScreenSize":{"width":800,"height":600}}}
[VIEWER MSG] 📦 [VIEWER] command extracted: {"speed":30,"radius":20,"colorBall":"#60a5fa","colorBg":"#020617","paused":true,"soundEnabled":false,"soundType":"soft","x":400,"y":300,"vx":0,"vy":0,"dirX":1,"dirY":0,"viewerScreenSize":{"width":800,"height":600}}
[VIEWER MSG] 📦 [VIEWER] command.controllerConnected: 
[VIEWER MSG] 📦 [VIEWER] onStateUpdate received: {"type":"state_update","timestamp":1769601735624,"payload":{"speed":30,"radius":20,"colorBall":"#60a5fa","colorBg":"#020617","paused":true,"soundEnabled":false,"soundType":"soft","x":400,"y":300,"vx":0,"vy":0,"dirX":1,"dirY":0,"viewerScreenSize":{"width":800,"height":600}}}
[VIEWER MSG] 📦 [VIEWER] command extracted: {"speed":30,"radius":20,"colorBall":"#60a5fa","colorBg":"#020617","paused":true,"soundEnabled":false,"soundType":"soft","x":400,"y":300,"vx":0,"vy":0,"dirX":1,"dirY":0,"viewerScreenSize":{"width":800,"height":600}}
[VIEWER MSG] 📦 [VIEWER] command.controllerConnected: 
[VIEWER MSG] 📦 [VIEWER] onStateUpdate received: {"type":"state_update","timestamp":1769601735641,"payload":{"speed":30,"radius":20,"colorBall":"#60a5fa","colorBg":"#020617","paused":true,"soundEnabled":false,"soundType":"soft","x":400,"y":300,"vx":0,"vy":0,"dirX":1,"dirY":0,"viewerScreenSize":{"width":800,"height":600}}}
[VIEWER MSG] 📦 [VIEWER] command extracted: {"speed":30,"radius":20,"colorBall":"#60a5fa","colorBg":"#020617","paused":true,"soundEnabled":false,"soundType":"soft","x":400,"y":300,"vx":0,"vy":0,"dirX":1,"dirY":0,"viewerScreenSize":{"width":800,"height":600}}
[VIEWER MSG] 📦 [VIEWER] command.controllerConnected: 
[VIEWER MSG] 📦 [VIEWER] onStateUpdate received: {"type":"state_update","timestamp":1769601735658,"payload":{"speed":30,"radius":20,"colorBall":"#60a5fa","colorBg":"#020617","paused":true,"soundEnabled":false,"soundType":"soft","x":400,"y":300,"vx":0,"vy":0,"dirX":1,"dirY":0,"viewerScreenSize":{"width":800,"height":600}}}
[VIEWER MSG] 📦 [VIEWER] command extracted: {"speed":30,"radius":20,"colorBall":"#60a5fa","colorBg":"#020617","paused":true,"soundEnabled":false,"soundType":"soft","x":400,"y":300,"vx":0,"vy":0,"dirX":1,"dirY":0,"viewerScreenSize":{"width":800,"height":600}}
[VIEWER MSG] 📦 [VIEWER] command.controllerConnected: 
[VIEWER MSG] 📦 [VIEWER] onStateUpdate received: {"type":"state_update","timestamp":1769601735674,"payload":{"speed":30,"radius":20,"colorBall":"#60a5fa","colorBg":"#020617","paused":true,"soundEnabled":false,"soundType":"soft","x":400,"y":300,"vx":0,"vy":0,"dirX":1,"dirY":0,"viewerScreenSize":{"width":800,"height":600}}}
[VIEWER MSG] 📦 [VIEWER] command extracted: {"speed":30,"radius":20,"colorBall":"#60a5fa","colorBg":"#020617","paused":true,"soundEnabled":false,"soundType":"soft","x":400,"y":300,"vx":0,"vy":0,"dirX":1,"dirY":0,"viewerScreenSize":{"width":800,"height":600}}
[VIEWER MSG] 📦 [VIEWER] command.controllerConnected: 
[VIEWER MSG] 📦 [VIEWER] onStateUpdate received: {"type":"state_update","timestamp":1769601735691,"payload":{"speed":30,"radius":20,"colorBall":"#60a5fa","colorBg":"#020617","paused":true,"soundEnabled":false,"soundType":"soft","x":400,"y":300,"vx":0,"vy":0,"dirX":1,"dirY":0,"viewerScreenSize":{"width":800,"height":600}}}
[VIEWER MSG] 📦 [VIEWER] command extracted: {"speed":30,"radius":20,"colorBall":"#60a5fa","colorBg":"#020617","paused":true,"soundEnabled":false,"soundType":"soft","x":400,"y":300,"vx":0,"vy":0,"dirX":1,"dirY":0,"viewerScreenSize":{"width":800,"height":600}}
[VIEWER MSG] 📦 [VIEWER] command.controllerConnected: 
[VIEWER MSG] 📦 [VIEWER] onStateUpdate received: {"type":"state_update","timestamp":1769601735707,"payload":{"speed":30,"radius":20,"colorBall":"#60a5fa","colorBg":"#020617","paused":true,"soundEnabled":false,"soundType":"soft","x":400,"y":300,"vx":0,"vy":0,"dirX":1,"dirY":0,"viewerScreenSize":{"width":800,"height":600}}}
[VIEWER MSG] 📦 [VIEWER] command extracted: {"speed":30,"radius":20,"colorBall":"#60a5fa","colorBg":"#020617","paused":true,"soundEnabled":false,"soundType":"soft","x":400,"y":300,"vx":0,"vy":0,"dirX":1,"dirY":0,"viewerScreenSize":{"width":800,"height":600}}
[VIEWER MSG] 📦 [VIEWER] command.controllerConnected: 
[VIEWER MSG] 📦 [VIEWER] onStateUpdate received: {"type":"state_update","timestamp":1769601735724,"payload":{"speed":30,"radius":20,"colorBall":"#60a5fa","colorBg":"#020617","paused":true,"soundEnabled":false,"soundType":"soft","x":400,"y":300,"vx":0,"vy":0,"dirX":1,"dirY":0,"viewerScreenSize":{"width":800,"height":600}}}
[VIEWER MSG] 📦 [VIEWER] command extracted: {"speed":30,"radius":20,"colorBall":"#60a5fa","colorBg":"#020617","paused":true,"soundEnabled":false,"soundType":"soft","x":400,"y":300,"vx":0,"vy":0,"dirX":1,"dirY":0,"viewerScreenSize":{"width":800,"height":600}}
[VIEWER MSG] 📦 [VIEWER] command.controllerConnected: 
[VIEWER MSG] 📦 [VIEWER] onStateUpdate received: {"type":"state_update","timestamp":1769601735740,"payload":{"speed":30,"radius":20,"colorBall":"#60a5fa","colorBg":"#020617","paused":true,"soundEnabled":false,"soundType":"soft","x":400,"y":300,"vx":0,"vy":0,"dirX":1,"dirY":0,"viewerScreenSize":{"width":800,"height":600}}}
[VIEWER MSG] 📦 [VIEWER] command extracted: {"speed":30,"radius":20,"colorBall":"#60a5fa","colorBg":"#020617","paused":true,"soundEnabled":false,"soundType":"soft","x":400,"y":300,"vx":0,"vy":0,"dirX":1,"dirY":0,"viewerScreenSize":{"width":800,"height":600}}
[VIEWER MSG] 📦 [VIEWER] command.controllerConnected: 
[VIEWER MSG] 📦 [VIEWER] onStateUpdate received: {"type":"state_update","timestamp":1769601735757,"payload":{"speed":30,"radius":20,"colorBall":"#60a5fa","colorBg":"#020617","paused":true,"soundEnabled":false,"soundType":"soft","x":400,"y":300,"vx":0,"vy":0,"dirX":1,"dirY":0,"viewerScreenSize":{"width":800,"height":600}}}
[VIEWER MSG] 📦 [VIEWER] command extracted: {"speed":30,"radius":20,"colorBall":"#60a5fa","colorBg":"#020617","paused":true,"soundEnabled":false,"soundType":"soft","x":400,"y":300,"vx":0,"vy":0,"dirX":1,"dirY":0,"viewerScreenSize":{"width":800,"height":600}}
[VIEWER MSG] 📦 [VIEWER] command.controllerConnected: 
[VIEWER MSG] 📦 [VIEWER] onStateUpdate received: {"type":"state_update","timestamp":1769601735773,"payload":{"speed":30,"radius":20,"colorBall":"#60a5fa","colorBg":"#020617","paused":true,"soundEnabled":false,"soundType":"soft","x":400,"y":300,"vx":0,"vy":0,"dirX":1,"dirY":0,"viewerScreenSize":{"width":800,"height":600}}}
[VIEWER MSG] 📦 [VIEWER] command extracted: {"speed":30,"radius":20,"colorBall":"#60a5fa","colorBg":"#020617","paused":true,"soundEnabled":false,"soundType":"soft","x":400,"y":300,"vx":0,"vy":0,"dirX":1,"dirY":0,"viewerScreenSize":{"width":800,"height":600}}
[VIEWER MSG] 📦 [VIEWER] command.controllerConnected: 
[VIEWER MSG] 📦 [VIEWER] onStateUpdate received: {"type":"state_update","timestamp":1769601735789,"payload":{"speed":30,"radius":20,"colorBall":"#60a5fa","colorBg":"#020617","paused":true,"soundEnabled":false,"soundType":"soft","x":400,"y":300,"vx":0,"vy":0,"dirX":1,"dirY":0,"viewerScreenSize":{"width":800,"height":600}}}
[VIEWER MSG] 📦 [VIEWER] command extracted: {"speed":30,"radius":20,"colorBall":"#60a5fa","colorBg":"#020617","paused":true,"soundEnabled":false,"soundType":"soft","x":400,"y":300,"vx":0,"vy":0,"dirX":1,"dirY":0,"viewerScreenSize":{"width":800,"height":600}}
[VIEWER MSG] 📦 [VIEWER] command.controllerConnected: 
[VIEWER MSG] 📦 [VIEWER] onStateUpdate received: {"type":"state_update","timestamp":1769601735806,"payload":{"speed":30,"radius":20,"colorBall":"#60a5fa","colorBg":"#020617","paused":true,"soundEnabled":false,"soundType":"soft","x":400,"y":300,"vx":0,"vy":0,"dirX":1,"dirY":0,"viewerScreenSize":{"width":800,"height":600}}}
[VIEWER MSG] 📦 [VIEWER] command extracted: {"speed":30,"radius":20,"colorBall":"#60a5fa","colorBg":"#020617","paused":true,"soundEnabled":false,"soundType":"soft","x":400,"y":300,"vx":0,"vy":0,"dirX":1,"dirY":0,"viewerScreenSize":{"width":800,"height":600}}
[VIEWER MSG] 📦 [VIEWER] command.controllerConnected: 
[VIEWER MSG] 📦 [VIEWER] onStateUpdate received: {"type":"state_update","timestamp":1769601735822,"payload":{"speed":30,"radius":20,"colorBall":"#60a5fa","colorBg":"#020617","paused":true,"soundEnabled":false,"soundType":"soft","x":400,"y":300,"vx":0,"vy":0,"dirX":1,"dirY":0,"viewerScreenSize":{"width":800,"height":600}}}
[VIEWER MSG] 📦 [VIEWER] command extracted: {"speed":30,"radius":20,"colorBall":"#60a5fa","colorBg":"#020617","paused":true,"soundEnabled":false,"soundType":"soft","x":400,"y":300,"vx":0,"vy":0,"dirX":1,"dirY":0,"viewerScreenSize":{"width":800,"height":600}}
[VIEWER MSG] 📦 [VIEWER] command.controllerConnected: 
[VIEWER MSG] 📦 [VIEWER] onStateUpdate received: {"type":"state_update","timestamp":1769601735839,"payload":{"speed":30,"radius":20,"colorBall":"#60a5fa","colorBg":"#020617","paused":true,"soundEnabled":false,"soundType":"soft","x":400,"y":300,"vx":0,"vy":0,"dirX":1,"dirY":0,"viewerScreenSize":{"width":800,"height":600}}}
[VIEWER MSG] 📦 [VIEWER] command extracted: {"speed":30,"radius":20,"colorBall":"#60a5fa","colorBg":"#020617","paused":true,"soundEnabled":false,"soundType":"soft","x":400,"y":300,"vx":0,"vy":0,"dirX":1,"dirY":0,"viewerScreenSize":{"width":800,"height":600}}
[VIEWER MSG] 📦 [VIEWER] command.controllerConnected: 
[VIEWER MSG] 📦 [VIEWER] onStateUpdate received: {"type":"state_update","timestamp":1769601735855,"payload":{"speed":30,"radius":20,"colorBall":"#60a5fa","colorBg":"#020617","paused":true,"soundEnabled":false,"soundType":"soft","x":400,"y":300,"vx":0,"vy":0,"dirX":1,"dirY":0,"viewerScreenSize":{"width":800,"height":600}}}
[VIEWER MSG] 📦 [VIEWER] command extracted: {"speed":30,"radius":20,"colorBall":"#60a5fa","colorBg":"#020617","paused":true,"soundEnabled":false,"soundType":"soft","x":400,"y":300,"vx":0,"vy":0,"dirX":1,"dirY":0,"viewerScreenSize":{"width":800,"height":600}}
[VIEWER MSG] 📦 [VIEWER] command.controllerConnected: 
[VIEWER MSG] 📦 [VIEWER] onStateUpdate received: {"type":"state_update","timestamp":1769601735872,"payload":{"speed":30,"radius":20,"colorBall":"#60a5fa","colorBg":"#020617","paused":true,"soundEnabled":false,"soundType":"soft","x":400,"y":300,"vx":0,"vy":0,"dirX":1,"dirY":0,"viewerScreenSize":{"width":800,"height":600}}}
[VIEWER MSG] 📦 [VIEWER] command extracted: {"speed":30,"radius":20,"colorBall":"#60a5fa","colorBg":"#020617","paused":true,"soundEnabled":false,"soundType":"soft","x":400,"y":300,"vx":0,"vy":0,"dirX":1,"dirY":0,"viewerScreenSize":{"width":800,"height":600}}
[VIEWER MSG] 📦 [VIEWER] command.controllerConnected: 
[VIEWER MSG] 📦 [VIEWER] onStateUpdate received: {"type":"state_update","timestamp":1769601735888,"payload":{"speed":30,"radius":20,"colorBall":"#60a5fa","colorBg":"#020617","paused":true,"soundEnabled":false,"soundType":"soft","x":400,"y":300,"vx":0,"vy":0,"dirX":1,"dirY":0,"viewerScreenSize":{"width":800,"height":600}}}
[VIEWER MSG] 📦 [VIEWER] command extracted: {"speed":30,"radius":20,"colorBall":"#60a5fa","colorBg":"#020617","paused":true,"soundEnabled":false,"soundType":"soft","x":400,"y":300,"vx":0,"vy":0,"dirX":1,"dirY":0,"viewerScreenSize":{"width":800,"height":600}}
[VIEWER MSG] 📦 [VIEWER] command.controllerConnected: 
❌ FAILED: Viewer ball is NOT moving { vx: 0, vy: 0, x: 400, y: 300 }

🧪 Test 2: Actual Movement
[VIEWER MSG] 📦 [VIEWER] onStateUpdate received: {"type":"state_update","timestamp":1769601735905,"payload":{"speed":30,"radius":20,"colorBall":"#60a5fa","colorBg":"#020617","paused":true,"soundEnabled":false,"soundType":"soft","x":400,"y":300,"vx":0,"vy":0,"dirX":1,"dirY":0,"viewerScreenSize":{"width":800,"height":600}}}
[VIEWER MSG] 📦 [VIEWER] command extracted: {"speed":30,"radius":20,"colorBall":"#60a5fa","colorBg":"#020617","paused":true,"soundEnabled":false,"soundType":"soft","x":400,"y":300,"vx":0,"vy":0,"dirX":1,"dirY":0,"viewerScreenSize":{"width":800,"height":600}}
[VIEWER MSG] 📦 [VIEWER] command.controllerConnected: 
[VIEWER MSG] 📦 [VIEWER] onStateUpdate received: {"type":"state_update","timestamp":1769601735921,"payload":{"speed":30,"radius":20,"colorBall":"#60a5fa","colorBg":"#020617","paused":true,"soundEnabled":false,"soundType":"soft","x":400,"y":300,"vx":0,"vy":0,"dirX":1,"dirY":0,"viewerScreenSize":{"width":800,"height":600}}}
[VIEWER MSG] 📦 [VIEWER] command extracted: {"speed":30,"radius":20,"colorBall":"#60a5fa","colorBg":"#020617","paused":true,"soundEnabled":false,"soundType":"soft","x":400,"y":300,"vx":0,"vy":0,"dirX":1,"dirY":0,"viewerScreenSize":{"width":800,"height":600}}
[VIEWER MSG] 📦 [VIEWER] command.controllerConnected: 
[VIEWER MSG] 📦 [VIEWER] onStateUpdate received: {"type":"state_update","timestamp":1769601735938,"payload":{"speed":30,"radius":20,"colorBall":"#60a5fa","colorBg":"#020617","paused":true,"soundEnabled":false,"soundType":"soft","x":400,"y":300,"vx":0,"vy":0,"dirX":1,"dirY":0,"viewerScreenSize":{"width":800,"height":600}}}
[VIEWER MSG] 📦 [VIEWER] command extracted: {"speed":30,"radius":20,"colorBall":"#60a5fa","colorBg":"#020617","paused":true,"soundEnabled":false,"soundType":"soft","x":400,"y":300,"vx":0,"vy":0,"dirX":1,"dirY":0,"viewerScreenSize":{"width":800,"height":600}}
[VIEWER MSG] 📦 [VIEWER] command.controllerConnected: 
[VIEWER MSG] 📦 [VIEWER] onStateUpdate received: {"type":"state_update","timestamp":1769601735954,"payload":{"speed":30,"radius":20,"colorBall":"#60a5fa","colorBg":"#020617","paused":true,"soundEnabled":false,"soundType":"soft","x":400,"y":300,"vx":0,"vy":0,"dirX":1,"dirY":0,"viewerScreenSize":{"width":800,"height":600}}}
[VIEWER MSG] 📦 [VIEWER] command extracted: {"speed":30,"radius":20,"colorBall":"#60a5fa","colorBg":"#020617","paused":true,"soundEnabled":false,"soundType":"soft","x":400,"y":300,"vx":0,"vy":0,"dirX":1,"dirY":0,"viewerScreenSize":{"width":800,"height":600}}
[VIEWER MSG] 📦 [VIEWER] command.controllerConnected: 
[VIEWER MSG] 📦 [VIEWER] onStateUpdate received: {"type":"state_update","timestamp":1769601735971,"payload":{"speed":30,"radius":20,"colorBall":"#60a5fa","colorBg":"#020617","paused":true,"soundEnabled":false,"soundType":"soft","x":400,"y":300,"vx":0,"vy":0,"dirX":1,"dirY":0,"viewerScreenSize":{"width":800,"height":600}}}
[VIEWER MSG] 📦 [VIEWER] command extracted: {"speed":30,"radius":20,"colorBall":"#60a5fa","colorBg":"#020617","paused":true,"soundEnabled":false,"soundType":"soft","x":400,"y":300,"vx":0,"vy":0,"dirX":1,"dirY":0,"viewerScreenSize":{"width":800,"height":600}}
[VIEWER MSG] 📦 [VIEWER] command.controllerConnected: 
[VIEWER MSG] 📦 [VIEWER] onStateUpdate received: {"type":"state_update","timestamp":1769601735988,"payload":{"speed":30,"radius":20,"colorBall":"#60a5fa","colorBg":"#020617","paused":true,"soundEnabled":false,"soundType":"soft","x":400,"y":300,"vx":0,"vy":0,"dirX":1,"dirY":0,"viewerScreenSize":{"width":800,"height":600}}}
[VIEWER MSG] 📦 [VIEWER] command extracted: {"speed":30,"radius":20,"colorBall":"#60a5fa","colorBg":"#020617","paused":true,"soundEnabled":false,"soundType":"soft","x":400,"y":300,"vx":0,"vy":0,"dirX":1,"dirY":0,"viewerScreenSize":{"width":800,"height":600}}
[VIEWER MSG] 📦 [VIEWER] command.controllerConnected: 
[VIEWER MSG] 📦 [VIEWER] onStateUpdate received: {"type":"state_update","timestamp":1769601736004,"payload":{"speed":30,"radius":20,"colorBall":"#60a5fa","colorBg":"#020617","paused":true,"soundEnabled":false,"soundType":"soft","x":400,"y":300,"vx":0,"vy":0,"dirX":1,"dirY":0,"viewerScreenSize":{"width":800,"height":600}}}
[VIEWER MSG] 📦 [VIEWER] command extracted: {"speed":30,"radius":20,"colorBall":"#60a5fa","colorBg":"#020617","paused":true,"soundEnabled":false,"soundType":"soft","x":400,"y":300,"vx":0,"vy":0,"dirX":1,"dirY":0,"viewerScreenSize":{"width":800,"height":600}}
[VIEWER MSG] 📦 [VIEWER] command.controllerConnected: 
[VIEWER MSG] 📦 [VIEWER] onStateUpdate received: {"type":"state_update","timestamp":1769601736021,"payload":{"speed":30,"radius":20,"colorBall":"#60a5fa","colorBg":"#020617","paused":true,"soundEnabled":false,"soundType":"soft","x":400,"y":300,"vx":0,"vy":0,"dirX":1,"dirY":0,"viewerScreenSize":{"width":800,"height":600}}}
[VIEWER MSG] 📦 [VIEWER] command extracted: {"speed":30,"radius":20,"colorBall":"#60a5fa","colorBg":"#020617","paused":true,"soundEnabled":false,"soundType":"soft","x":400,"y":300,"vx":0,"vy":0,"dirX":1,"dirY":0,"viewerScreenSize":{"width":800,"height":600}}
[VIEWER MSG] 📦 [VIEWER] command.controllerConnected: 
[VIEWER MSG] 📦 [VIEWER] onStateUpdate received: {"type":"state_update","timestamp":1769601736037,"payload":{"speed":30,"radius":20,"colorBall":"#60a5fa","colorBg":"#020617","paused":true,"soundEnabled":false,"soundType":"soft","x":400,"y":300,"vx":0,"vy":0,"dirX":1,"dirY":0,"viewerScreenSize":{"width":800,"height":600}}}
[VIEWER MSG] 📦 [VIEWER] command extracted: {"speed":30,"radius":20,"colorBall":"#60a5fa","colorBg":"#020617","paused":true,"soundEnabled":false,"soundType":"soft","x":400,"y":300,"vx":0,"vy":0,"dirX":1,"dirY":0,"viewerScreenSize":{"width":800,"height":600}}
[VIEWER MSG] 📦 [VIEWER] command.controllerConnected: 
[VIEWER MSG] 📦 [VIEWER] onStateUpdate received: {"type":"state_update","timestamp":1769601736053,"payload":{"speed":30,"radius":20,"colorBall":"#60a5fa","colorBg":"#020617","paused":true,"soundEnabled":false,"soundType":"soft","x":400,"y":300,"vx":0,"vy":0,"dirX":1,"dirY":0,"viewerScreenSize":{"width":800,"height":600}}}
[VIEWER MSG] 📦 [VIEWER] command extracted: {"speed":30,"radius":20,"colorBall":"#60a5fa","colorBg":"#020617","paused":true,"soundEnabled":false,"soundType":"soft","x":400,"y":300,"vx":0,"vy":0,"dirX":1,"dirY":0,"viewerScreenSize":{"width":800,"height":600}}
[VIEWER MSG] 📦 [VIEWER] command.controllerConnected: 
[VIEWER MSG] 📦 [VIEWER] onStateUpdate received: {"type":"state_update","timestamp":1769601736069,"payload":{"speed":30,"radius":20,"colorBall":"#60a5fa","colorBg":"#020617","paused":true,"soundEnabled":false,"soundType":"soft","x":400,"y":300,"vx":0,"vy":0,"dirX":1,"dirY":0,"viewerScreenSize":{"width":800,"height":600}}}
[VIEWER MSG] 📦 [VIEWER] command extracted: {"speed":30,"radius":20,"colorBall":"#60a5fa","colorBg":"#020617","paused":true,"soundEnabled":false,"soundType":"soft","x":400,"y":300,"vx":0,"vy":0,"dirX":1,"dirY":0,"viewerScreenSize":{"width":800,"height":600}}
[VIEWER MSG] 📦 [VIEWER] command.controllerConnected: 
[VIEWER MSG] 📦 [VIEWER] onStateUpdate received: {"type":"state_update","timestamp":1769601736086,"payload":{"speed":30,"radius":20,"colorBall":"#60a5fa","colorBg":"#020617","paused":true,"soundEnabled":false,"soundType":"soft","x":400,"y":300,"vx":0,"vy":0,"dirX":1,"dirY":0,"viewerScreenSize":{"width":800,"height":600}}}
[VIEWER MSG] 📦 [VIEWER] command extracted: {"speed":30,"radius":20,"colorBall":"#60a5fa","colorBg":"#020617","paused":true,"soundEnabled":false,"soundType":"soft","x":400,"y":300,"vx":0,"vy":0,"dirX":1,"dirY":0,"viewerScreenSize":{"width":800,"height":600}}
[VIEWER MSG] 📦 [VIEWER] command.controllerConnected: 
[VIEWER MSG] 📦 [VIEWER] onStateUpdate received: {"type":"state_update","timestamp":1769601736103,"payload":{"speed":30,"radius":20,"colorBall":"#60a5fa","colorBg":"#020617","paused":true,"soundEnabled":false,"soundType":"soft","x":400,"y":300,"vx":0,"vy":0,"dirX":1,"dirY":0,"viewerScreenSize":{"width":800,"height":600}}}
[VIEWER MSG] 📦 [VIEWER] command extracted: {"speed":30,"radius":20,"colorBall":"#60a5fa","colorBg":"#020617","paused":true,"soundEnabled":false,"soundType":"soft","x":400,"y":300,"vx":0,"vy":0,"dirX":1,"dirY":0,"viewerScreenSize":{"width":800,"height":600}}
[VIEWER MSG] 📦 [VIEWER] command.controllerConnected: 
[VIEWER MSG] 📦 [VIEWER] onStateUpdate received: {"type":"state_update","timestamp":1769601736120,"payload":{"speed":30,"radius":20,"colorBall":"#60a5fa","colorBg":"#020617","paused":true,"soundEnabled":false,"soundType":"soft","x":400,"y":300,"vx":0,"vy":0,"dirX":1,"dirY":0,"viewerScreenSize":{"width":800,"height":600}}}
[VIEWER MSG] 📦 [VIEWER] command extracted: {"speed":30,"radius":20,"colorBall":"#60a5fa","colorBg":"#020617","paused":true,"soundEnabled":false,"soundType":"soft","x":400,"y":300,"vx":0,"vy":0,"dirX":1,"dirY":0,"viewerScreenSize":{"width":800,"height":600}}
[VIEWER MSG] 📦 [VIEWER] command.controllerConnected: 
[VIEWER MSG] 📦 [VIEWER] onStateUpdate received: {"type":"state_update","timestamp":1769601736136,"payload":{"speed":30,"radius":20,"colorBall":"#60a5fa","colorBg":"#020617","paused":true,"soundEnabled":false,"soundType":"soft","x":400,"y":300,"vx":0,"vy":0,"dirX":1,"dirY":0,"viewerScreenSize":{"width":800,"height":600}}}
[VIEWER MSG] 📦 [VIEWER] command extracted: {"speed":30,"radius":20,"colorBall":"#60a5fa","colorBg":"#020617","paused":true,"soundEnabled":false,"soundType":"soft","x":400,"y":300,"vx":0,"vy":0,"dirX":1,"dirY":0,"viewerScreenSize":{"width":800,"height":600}}
[VIEWER MSG] 📦 [VIEWER] command.controllerConnected: 
[VIEWER MSG] 📦 [VIEWER] onStateUpdate received: {"type":"state_update","timestamp":1769601736153,"payload":{"speed":30,"radius":20,"colorBall":"#60a5fa","colorBg":"#020617","paused":true,"soundEnabled":false,"soundType":"soft","x":400,"y":300,"vx":0,"vy":0,"dirX":1,"dirY":0,"viewerScreenSize":{"width":800,"height":600}}}
[VIEWER MSG] 📦 [VIEWER] command extracted: {"speed":30,"radius":20,"colorBall":"#60a5fa","colorBg":"#020617","paused":true,"soundEnabled":false,"soundType":"soft","x":400,"y":300,"vx":0,"vy":0,"dirX":1,"dirY":0,"viewerScreenSize":{"width":800,"height":600}}
[VIEWER MSG] 📦 [VIEWER] command.controllerConnected: 
[VIEWER MSG] 📦 [VIEWER] onStateUpdate received: {"type":"state_update","timestamp":1769601736170,"payload":{"speed":30,"radius":20,"colorBall":"#60a5fa","colorBg":"#020617","paused":true,"soundEnabled":false,"soundType":"soft","x":400,"y":300,"vx":0,"vy":0,"dirX":1,"dirY":0,"viewerScreenSize":{"width":800,"height":600}}}
[VIEWER MSG] 📦 [VIEWER] command extracted: {"speed":30,"radius":20,"colorBall":"#60a5fa","colorBg":"#020617","paused":true,"soundEnabled":false,"soundType":"soft","x":400,"y":300,"vx":0,"vy":0,"dirX":1,"dirY":0,"viewerScreenSize":{"width":800,"height":600}}
[VIEWER MSG] 📦 [VIEWER] command.controllerConnected: 
[VIEWER MSG] 📦 [VIEWER] onStateUpdate received: {"type":"state_update","timestamp":1769601736187,"payload":{"speed":30,"radius":20,"colorBall":"#60a5fa","colorBg":"#020617","paused":true,"soundEnabled":false,"soundType":"soft","x":400,"y":300,"vx":0,"vy":0,"dirX":1,"dirY":0,"viewerScreenSize":{"width":800,"height":600}}}
[VIEWER MSG] 📦 [VIEWER] command extracted: {"speed":30,"radius":20,"colorBall":"#60a5fa","colorBg":"#020617","paused":true,"soundEnabled":false,"soundType":"soft","x":400,"y":300,"vx":0,"vy":0,"dirX":1,"dirY":0,"viewerScreenSize":{"width":800,"height":600}}
[VIEWER MSG] 📦 [VIEWER] command.controllerConnected: 
[VIEWER MSG] 📦 [VIEWER] onStateUpdate received: {"type":"state_update","timestamp":1769601736203,"payload":{"speed":30,"radius":20,"colorBall":"#60a5fa","colorBg":"#020617","paused":true,"soundEnabled":false,"soundType":"soft","x":400,"y":300,"vx":0,"vy":0,"dirX":1,"dirY":0,"viewerScreenSize":{"width":800,"height":600}}}
[VIEWER MSG] 📦 [VIEWER] command extracted: {"speed":30,"radius":20,"colorBall":"#60a5fa","colorBg":"#020617","paused":true,"soundEnabled":false,"soundType":"soft","x":400,"y":300,"vx":0,"vy":0,"dirX":1,"dirY":0,"viewerScreenSize":{"width":800,"height":600}}
[VIEWER MSG] 📦 [VIEWER] command.controllerConnected: 
[VIEWER MSG] 📦 [VIEWER] onStateUpdate received: {"type":"state_update","timestamp":1769601736220,"payload":{"speed":30,"radius":20,"colorBall":"#60a5fa","colorBg":"#020617","paused":true,"soundEnabled":false,"soundType":"soft","x":400,"y":300,"vx":0,"vy":0,"dirX":1,"dirY":0,"viewerScreenSize":{"width":800,"height":600}}}
[VIEWER MSG] 📦 [VIEWER] command extracted: {"speed":30,"radius":20,"colorBall":"#60a5fa","colorBg":"#020617","paused":true,"soundEnabled":false,"soundType":"soft","x":400,"y":300,"vx":0,"vy":0,"dirX":1,"dirY":0,"viewerScreenSize":{"width":800,"height":600}}
[VIEWER MSG] 📦 [VIEWER] command.controllerConnected: 
[VIEWER MSG] 📦 [VIEWER] onStateUpdate received: {"type":"state_update","timestamp":1769601736236,"payload":{"speed":30,"radius":20,"colorBall":"#60a5fa","colorBg":"#020617","paused":true,"soundEnabled":false,"soundType":"soft","x":400,"y":300,"vx":0,"vy":0,"dirX":1,"dirY":0,"viewerScreenSize":{"width":800,"height":600}}}
[VIEWER MSG] 📦 [VIEWER] command extracted: {"speed":30,"radius":20,"colorBall":"#60a5fa","colorBg":"#020617","paused":true,"soundEnabled":false,"soundType":"soft","x":400,"y":300,"vx":0,"vy":0,"dirX":1,"dirY":0,"viewerScreenSize":{"width":800,"height":600}}
[VIEWER MSG] 📦 [VIEWER] command.controllerConnected: 
[VIEWER MSG] 📦 [VIEWER] onStateUpdate received: {"type":"state_update","timestamp":1769601736251,"payload":{"speed":30,"radius":20,"colorBall":"#60a5fa","colorBg":"#020617","paused":true,"soundEnabled":false,"soundType":"soft","x":400,"y":300,"vx":0,"vy":0,"dirX":1,"dirY":0,"viewerScreenSize":{"width":800,"height":600}}}
[VIEWER MSG] 📦 [VIEWER] command extracted: {"speed":30,"radius":20,"colorBall":"#60a5fa","colorBg":"#020617","paused":true,"soundEnabled":false,"soundType":"soft","x":400,"y":300,"vx":0,"vy":0,"dirX":1,"dirY":0,"viewerScreenSize":{"width":800,"height":600}}
[VIEWER MSG] 📦 [VIEWER] command.controllerConnected: 
[VIEWER MSG] 📦 [VIEWER] onStateUpdate received: {"type":"state_update","timestamp":1769601736268,"payload":{"speed":30,"radius":20,"colorBall":"#60a5fa","colorBg":"#020617","paused":true,"soundEnabled":false,"soundType":"soft","x":400,"y":300,"vx":0,"vy":0,"dirX":1,"dirY":0,"viewerScreenSize":{"width":800,"height":600}}}
[VIEWER MSG] 📦 [VIEWER] command extracted: {"speed":30,"radius":20,"colorBall":"#60a5fa","colorBg":"#020617","paused":true,"soundEnabled":false,"soundType":"soft","x":400,"y":300,"vx":0,"vy":0,"dirX":1,"dirY":0,"viewerScreenSize":{"width":800,"height":600}}
[VIEWER MSG] 📦 [VIEWER] command.controllerConnected: 
[VIEWER MSG] 📦 [VIEWER] onStateUpdate received: {"type":"state_update","timestamp":1769601736285,"payload":{"speed":30,"radius":20,"colorBall":"#60a5fa","colorBg":"#020617","paused":true,"soundEnabled":false,"soundType":"soft","x":400,"y":300,"vx":0,"vy":0,"dirX":1,"dirY":0,"viewerScreenSize":{"width":800,"height":600}}}
[VIEWER MSG] 📦 [VIEWER] command extracted: {"speed":30,"radius":20,"colorBall":"#60a5fa","colorBg":"#020617","paused":true,"soundEnabled":false,"soundType":"soft","x":400,"y":300,"vx":0,"vy":0,"dirX":1,"dirY":0,"viewerScreenSize":{"width":800,"height":600}}
[VIEWER MSG] 📦 [VIEWER] command.controllerConnected: 
[VIEWER MSG] 📦 [VIEWER] onStateUpdate received: {"type":"state_update","timestamp":1769601736302,"payload":{"speed":30,"radius":20,"colorBall":"#60a5fa","colorBg":"#020617","paused":true,"soundEnabled":false,"soundType":"soft","x":400,"y":300,"vx":0,"vy":0,"dirX":1,"dirY":0,"viewerScreenSize":{"width":800,"height":600}}}
[VIEWER MSG] 📦 [VIEWER] command extracted: {"speed":30,"radius":20,"colorBall":"#60a5fa","colorBg":"#020617","paused":true,"soundEnabled":false,"soundType":"soft","x":400,"y":300,"vx":0,"vy":0,"dirX":1,"dirY":0,"viewerScreenSize":{"width":800,"height":600}}
[VIEWER MSG] 📦 [VIEWER] command.controllerConnected: 
[VIEWER MSG] 📦 [VIEWER] onStateUpdate received: {"type":"state_update","timestamp":1769601736318,"payload":{"speed":30,"radius":20,"colorBall":"#60a5fa","colorBg":"#020617","paused":true,"soundEnabled":false,"soundType":"soft","x":400,"y":300,"vx":0,"vy":0,"dirX":1,"dirY":0,"viewerScreenSize":{"width":800,"height":600}}}
[VIEWER MSG] 📦 [VIEWER] command extracted: {"speed":30,"radius":20,"colorBall":"#60a5fa","colorBg":"#020617","paused":true,"soundEnabled":false,"soundType":"soft","x":400,"y":300,"vx":0,"vy":0,"dirX":1,"dirY":0,"viewerScreenSize":{"width":800,"height":600}}
[VIEWER MSG] 📦 [VIEWER] command.controllerConnected: 
[VIEWER MSG] 📦 [VIEWER] onStateUpdate received: {"type":"state_update","timestamp":1769601736334,"payload":{"speed":30,"radius":20,"colorBall":"#60a5fa","colorBg":"#020617","paused":true,"soundEnabled":false,"soundType":"soft","x":400,"y":300,"vx":0,"vy":0,"dirX":1,"dirY":0,"viewerScreenSize":{"width":800,"height":600}}}
[VIEWER MSG] 📦 [VIEWER] command extracted: {"speed":30,"radius":20,"colorBall":"#60a5fa","colorBg":"#020617","paused":true,"soundEnabled":false,"soundType":"soft","x":400,"y":300,"vx":0,"vy":0,"dirX":1,"dirY":0,"viewerScreenSize":{"width":800,"height":600}}
[VIEWER MSG] 📦 [VIEWER] command.controllerConnected: 
[VIEWER MSG] 📦 [VIEWER] onStateUpdate received: {"type":"state_update","timestamp":1769601736351,"payload":{"speed":30,"radius":20,"colorBall":"#60a5fa","colorBg":"#020617","paused":true,"soundEnabled":false,"soundType":"soft","x":400,"y":300,"vx":0,"vy":0,"dirX":1,"dirY":0,"viewerScreenSize":{"width":800,"height":600}}}
[VIEWER MSG] 📦 [VIEWER] command extracted: {"speed":30,"radius":20,"colorBall":"#60a5fa","colorBg":"#020617","paused":true,"soundEnabled":false,"soundType":"soft","x":400,"y":300,"vx":0,"vy":0,"dirX":1,"dirY":0,"viewerScreenSize":{"width":800,"height":600}}
[VIEWER MSG] 📦 [VIEWER] command.controllerConnected: 
[VIEWER MSG] 📦 [VIEWER] onStateUpdate received: {"type":"state_update","timestamp":1769601736367,"payload":{"speed":30,"radius":20,"colorBall":"#60a5fa","colorBg":"#020617","paused":true,"soundEnabled":false,"soundType":"soft","x":400,"y":300,"vx":0,"vy":0,"dirX":1,"dirY":0,"viewerScreenSize":{"width":800,"height":600}}}
[VIEWER MSG] 📦 [VIEWER] command extracted: {"speed":30,"radius":20,"colorBall":"#60a5fa","colorBg":"#020617","paused":true,"soundEnabled":false,"soundType":"soft","x":400,"y":300,"vx":0,"vy":0,"dirX":1,"dirY":0,"viewerScreenSize":{"width":800,"height":600}}
[VIEWER MSG] 📦 [VIEWER] command.controllerConnected: 
[VIEWER MSG] 📦 [VIEWER] onStateUpdate received: {"type":"state_update","timestamp":1769601736384,"payload":{"speed":30,"radius":20,"colorBall":"#60a5fa","colorBg":"#020617","paused":true,"soundEnabled":false,"soundType":"soft","x":400,"y":300,"vx":0,"vy":0,"dirX":1,"dirY":0,"viewerScreenSize":{"width":800,"height":600}}}
[VIEWER MSG] 📦 [VIEWER] command extracted: {"speed":30,"radius":20,"colorBall":"#60a5fa","colorBg":"#020617","paused":true,"soundEnabled":false,"soundType":"soft","x":400,"y":300,"vx":0,"vy":0,"dirX":1,"dirY":0,"viewerScreenSize":{"width":800,"height":600}}
[VIEWER MSG] 📦 [VIEWER] command.controllerConnected: 
[VIEWER MSG] 📦 [VIEWER] onStateUpdate received: {"type":"state_update","timestamp":1769601736400,"payload":{"speed":30,"radius":20,"colorBall":"#60a5fa","colorBg":"#020617","paused":true,"soundEnabled":false,"soundType":"soft","x":400,"y":300,"vx":0,"vy":0,"dirX":1,"dirY":0,"viewerScreenSize":{"width":800,"height":600}}}
[VIEWER MSG] 📦 [VIEWER] command extracted: {"speed":30,"radius":20,"colorBall":"#60a5fa","colorBg":"#020617","paused":true,"soundEnabled":false,"soundType":"soft","x":400,"y":300,"vx":0,"vy":0,"dirX":1,"dirY":0,"viewerScreenSize":{"width":800,"height":600}}
[VIEWER MSG] 📦 [VIEWER] command.controllerConnected: 
[VIEWER MSG] 📦 [VIEWER] onStateUpdate received: {"type":"state_update","timestamp":1769601736417,"payload":{"speed":30,"radius":20,"colorBall":"#60a5fa","colorBg":"#020617","paused":true,"soundEnabled":false,"soundType":"soft","x":400,"y":300,"vx":0,"vy":0,"dirX":1,"dirY":0,"viewerScreenSize":{"width":800,"height":600}}}
[VIEWER MSG] 📦 [VIEWER] command extracted: {"speed":30,"radius":20,"colorBall":"#60a5fa","colorBg":"#020617","paused":true,"soundEnabled":false,"soundType":"soft","x":400,"y":300,"vx":0,"vy":0,"dirX":1,"dirY":0,"viewerScreenSize":{"width":800,"height":600}}
[VIEWER MSG] 📦 [VIEWER] command.controllerConnected: 
[VIEWER MSG] 📦 [VIEWER] onStateUpdate received: {"type":"state_update","timestamp":1769601736433,"payload":{"speed":30,"radius":20,"colorBall":"#60a5fa","colorBg":"#020617","paused":true,"soundEnabled":false,"soundType":"soft","x":400,"y":300,"vx":0,"vy":0,"dirX":1,"dirY":0,"viewerScreenSize":{"width":800,"height":600}}}
[VIEWER MSG] 📦 [VIEWER] command extracted: {"speed":30,"radius":20,"colorBall":"#60a5fa","colorBg":"#020617","paused":true,"soundEnabled":false,"soundType":"soft","x":400,"y":300,"vx":0,"vy":0,"dirX":1,"dirY":0,"viewerScreenSize":{"width":800,"height":600}}
[VIEWER MSG] 📦 [VIEWER] command.controllerConnected: 
[VIEWER MSG] 📦 [VIEWER] onStateUpdate received: {"type":"state_update","timestamp":1769601736449,"payload":{"speed":30,"radius":20,"colorBall":"#60a5fa","colorBg":"#020617","paused":true,"soundEnabled":false,"soundType":"soft","x":400,"y":300,"vx":0,"vy":0,"dirX":1,"dirY":0,"viewerScreenSize":{"width":800,"height":600}}}
[VIEWER MSG] 📦 [VIEWER] command extracted: {"speed":30,"radius":20,"colorBall":"#60a5fa","colorBg":"#020617","paused":true,"soundEnabled":false,"soundType":"soft","x":400,"y":300,"vx":0,"vy":0,"dirX":1,"dirY":0,"viewerScreenSize":{"width":800,"height":600}}
[VIEWER MSG] 📦 [VIEWER] command.controllerConnected: 
[VIEWER MSG] 📦 [VIEWER] onStateUpdate received: {"type":"state_update","timestamp":1769601736465,"payload":{"speed":30,"radius":20,"colorBall":"#60a5fa","colorBg":"#020617","paused":true,"soundEnabled":false,"soundType":"soft","x":400,"y":300,"vx":0,"vy":0,"dirX":1,"dirY":0,"viewerScreenSize":{"width":800,"height":600}}}
[VIEWER MSG] 📦 [VIEWER] command extracted: {"speed":30,"radius":20,"colorBall":"#60a5fa","colorBg":"#020617","paused":true,"soundEnabled":false,"soundType":"soft","x":400,"y":300,"vx":0,"vy":0,"dirX":1,"dirY":0,"viewerScreenSize":{"width":800,"height":600}}
[VIEWER MSG] 📦 [VIEWER] command.controllerConnected: 
[VIEWER MSG] 📦 [VIEWER] onStateUpdate received: {"type":"state_update","timestamp":1769601736481,"payload":{"speed":30,"radius":20,"colorBall":"#60a5fa","colorBg":"#020617","paused":true,"soundEnabled":false,"soundType":"soft","x":400,"y":300,"vx":0,"vy":0,"dirX":1,"dirY":0,"viewerScreenSize":{"width":800,"height":600}}}
[VIEWER MSG] 📦 [VIEWER] command extracted: {"speed":30,"radius":20,"colorBall":"#60a5fa","colorBg":"#020617","paused":true,"soundEnabled":false,"soundType":"soft","x":400,"y":300,"vx":0,"vy":0,"dirX":1,"dirY":0,"viewerScreenSize":{"width":800,"height":600}}
[VIEWER MSG] 📦 [VIEWER] command.controllerConnected: 
[VIEWER MSG] 📦 [VIEWER] onStateUpdate received: {"type":"state_update","timestamp":1769601736498,"payload":{"speed":30,"radius":20,"colorBall":"#60a5fa","colorBg":"#020617","paused":true,"soundEnabled":false,"soundType":"soft","x":400,"y":300,"vx":0,"vy":0,"dirX":1,"dirY":0,"viewerScreenSize":{"width":800,"height":600}}}
[VIEWER MSG] 📦 [VIEWER] command extracted: {"speed":30,"radius":20,"colorBall":"#60a5fa","colorBg":"#020617","paused":true,"soundEnabled":false,"soundType":"soft","x":400,"y":300,"vx":0,"vy":0,"dirX":1,"dirY":0,"viewerScreenSize":{"width":800,"height":600}}
[VIEWER MSG] 📦 [VIEWER] command.controllerConnected: 
[VIEWER MSG] 📦 [VIEWER] onStateUpdate received: {"type":"state_update","timestamp":1769601736514,"payload":{"speed":30,"radius":20,"colorBall":"#60a5fa","colorBg":"#020617","paused":true,"soundEnabled":false,"soundType":"soft","x":400,"y":300,"vx":0,"vy":0,"dirX":1,"dirY":0,"viewerScreenSize":{"width":800,"height":600}}}
[VIEWER MSG] 📦 [VIEWER] command extracted: {"speed":30,"radius":20,"colorBall":"#60a5fa","colorBg":"#020617","paused":true,"soundEnabled":false,"soundType":"soft","x":400,"y":300,"vx":0,"vy":0,"dirX":1,"dirY":0,"viewerScreenSize":{"width":800,"height":600}}
[VIEWER MSG] 📦 [VIEWER] command.controllerConnected: 
[VIEWER MSG] 📦 [VIEWER] onStateUpdate received: {"type":"state_update","timestamp":1769601736531,"payload":{"speed":30,"radius":20,"colorBall":"#60a5fa","colorBg":"#020617","paused":true,"soundEnabled":false,"soundType":"soft","x":400,"y":300,"vx":0,"vy":0,"dirX":1,"dirY":0,"viewerScreenSize":{"width":800,"height":600}}}
[VIEWER MSG] 📦 [VIEWER] command extracted: {"speed":30,"radius":20,"colorBall":"#60a5fa","colorBg":"#020617","paused":true,"soundEnabled":false,"soundType":"soft","x":400,"y":300,"vx":0,"vy":0,"dirX":1,"dirY":0,"viewerScreenSize":{"width":800,"height":600}}
[VIEWER MSG] 📦 [VIEWER] command.controllerConnected: 
[VIEWER MSG] 📦 [VIEWER] onStateUpdate received: {"type":"state_update","timestamp":1769601736547,"payload":{"speed":30,"radius":20,"colorBall":"#60a5fa","colorBg":"#020617","paused":true,"soundEnabled":false,"soundType":"soft","x":400,"y":300,"vx":0,"vy":0,"dirX":1,"dirY":0,"viewerScreenSize":{"width":800,"height":600}}}
[VIEWER MSG] 📦 [VIEWER] command extracted: {"speed":30,"radius":20,"colorBall":"#60a5fa","colorBg":"#020617","paused":true,"soundEnabled":false,"soundType":"soft","x":400,"y":300,"vx":0,"vy":0,"dirX":1,"dirY":0,"viewerScreenSize":{"width":800,"height":600}}
[VIEWER MSG] 📦 [VIEWER] command.controllerConnected: 
[VIEWER MSG] 📦 [VIEWER] onStateUpdate received: {"type":"state_update","timestamp":1769601736564,"payload":{"speed":30,"radius":20,"colorBall":"#60a5fa","colorBg":"#020617","paused":true,"soundEnabled":false,"soundType":"soft","x":400,"y":300,"vx":0,"vy":0,"dirX":1,"dirY":0,"viewerScreenSize":{"width":800,"height":600}}}
[VIEWER MSG] 📦 [VIEWER] command extracted: {"speed":30,"radius":20,"colorBall":"#60a5fa","colorBg":"#020617","paused":true,"soundEnabled":false,"soundType":"soft","x":400,"y":300,"vx":0,"vy":0,"dirX":1,"dirY":0,"viewerScreenSize":{"width":800,"height":600}}
[VIEWER MSG] 📦 [VIEWER] command.controllerConnected: 
[VIEWER MSG] 📦 [VIEWER] onStateUpdate received: {"type":"state_update","timestamp":1769601736580,"payload":{"speed":30,"radius":20,"colorBall":"#60a5fa","colorBg":"#020617","paused":true,"soundEnabled":false,"soundType":"soft","x":400,"y":300,"vx":0,"vy":0,"dirX":1,"dirY":0,"viewerScreenSize":{"width":800,"height":600}}}
[VIEWER MSG] 📦 [VIEWER] command extracted: {"speed":30,"radius":20,"colorBall":"#60a5fa","colorBg":"#020617","paused":true,"soundEnabled":false,"soundType":"soft","x":400,"y":300,"vx":0,"vy":0,"dirX":1,"dirY":0,"viewerScreenSize":{"width":800,"height":600}}
[VIEWER MSG] 📦 [VIEWER] command.controllerConnected: 
[VIEWER MSG] 📦 [VIEWER] onStateUpdate received: {"type":"state_update","timestamp":1769601736595,"payload":{"speed":30,"radius":20,"colorBall":"#60a5fa","colorBg":"#020617","paused":true,"soundEnabled":false,"soundType":"soft","x":400,"y":300,"vx":0,"vy":0,"dirX":1,"dirY":0,"viewerScreenSize":{"width":800,"height":600}}}
[VIEWER MSG] 📦 [VIEWER] command extracted: {"speed":30,"radius":20,"colorBall":"#60a5fa","colorBg":"#020617","paused":true,"soundEnabled":false,"soundType":"soft","x":400,"y":300,"vx":0,"vy":0,"dirX":1,"dirY":0,"viewerScreenSize":{"width":800,"height":600}}
[VIEWER MSG] 📦 [VIEWER] command.controllerConnected: 
[VIEWER MSG] 📦 [VIEWER] onStateUpdate received: {"type":"state_update","timestamp":1769601736612,"payload":{"speed":30,"radius":20,"colorBall":"#60a5fa","colorBg":"#020617","paused":true,"soundEnabled":false,"soundType":"soft","x":400,"y":300,"vx":0,"vy":0,"dirX":1,"dirY":0,"viewerScreenSize":{"width":800,"height":600}}}
[VIEWER MSG] 📦 [VIEWER] command extracted: {"speed":30,"radius":20,"colorBall":"#60a5fa","colorBg":"#020617","paused":true,"soundEnabled":false,"soundType":"soft","x":400,"y":300,"vx":0,"vy":0,"dirX":1,"dirY":0,"viewerScreenSize":{"width":800,"height":600}}
[VIEWER MSG] 📦 [VIEWER] command.controllerConnected: 
[VIEWER MSG] 📦 [VIEWER] onStateUpdate received: {"type":"state_update","timestamp":1769601736628,"payload":{"speed":30,"radius":20,"colorBall":"#60a5fa","colorBg":"#020617","paused":true,"soundEnabled":false,"soundType":"soft","x":400,"y":300,"vx":0,"vy":0,"dirX":1,"dirY":0,"viewerScreenSize":{"width":800,"height":600}}}
[VIEWER MSG] 📦 [VIEWER] command extracted: {"speed":30,"radius":20,"colorBall":"#60a5fa","colorBg":"#020617","paused":true,"soundEnabled":false,"soundType":"soft","x":400,"y":300,"vx":0,"vy":0,"dirX":1,"dirY":0,"viewerScreenSize":{"width":800,"height":600}}
[VIEWER MSG] 📦 [VIEWER] command.controllerConnected: 
[VIEWER MSG] 📦 [VIEWER] onStateUpdate received: {"type":"state_update","timestamp":1769601736645,"payload":{"speed":30,"radius":20,"colorBall":"#60a5fa","colorBg":"#020617","paused":true,"soundEnabled":false,"soundType":"soft","x":400,"y":300,"vx":0,"vy":0,"dirX":1,"dirY":0,"viewerScreenSize":{"width":800,"height":600}}}
[VIEWER MSG] 📦 [VIEWER] command extracted: {"speed":30,"radius":20,"colorBall":"#60a5fa","colorBg":"#020617","paused":true,"soundEnabled":false,"soundType":"soft","x":400,"y":300,"vx":0,"vy":0,"dirX":1,"dirY":0,"viewerScreenSize":{"width":800,"height":600}}
[VIEWER MSG] 📦 [VIEWER] command.controllerConnected: 
[VIEWER MSG] 📦 [VIEWER] onStateUpdate received: {"type":"state_update","timestamp":1769601736661,"payload":{"speed":30,"radius":20,"colorBall":"#60a5fa","colorBg":"#020617","paused":true,"soundEnabled":false,"soundType":"soft","x":400,"y":300,"vx":0,"vy":0,"dirX":1,"dirY":0,"viewerScreenSize":{"width":800,"height":600}}}
[VIEWER MSG] 📦 [VIEWER] command extracted: {"speed":30,"radius":20,"colorBall":"#60a5fa","colorBg":"#020617","paused":true,"soundEnabled":false,"soundType":"soft","x":400,"y":300,"vx":0,"vy":0,"dirX":1,"dirY":0,"viewerScreenSize":{"width":800,"height":600}}
[VIEWER MSG] 📦 [VIEWER] command.controllerConnected: 
[VIEWER MSG] 📦 [VIEWER] onStateUpdate received: {"type":"state_update","timestamp":1769601736678,"payload":{"speed":30,"radius":20,"colorBall":"#60a5fa","colorBg":"#020617","paused":true,"soundEnabled":false,"soundType":"soft","x":400,"y":300,"vx":0,"vy":0,"dirX":1,"dirY":0,"viewerScreenSize":{"width":800,"height":600}}}
[VIEWER MSG] 📦 [VIEWER] command extracted: {"speed":30,"radius":20,"colorBall":"#60a5fa","colorBg":"#020617","paused":true,"soundEnabled":false,"soundType":"soft","x":400,"y":300,"vx":0,"vy":0,"dirX":1,"dirY":0,"viewerScreenSize":{"width":800,"height":600}}
[VIEWER MSG] 📦 [VIEWER] command.controllerConnected: 
[VIEWER MSG] 📦 [VIEWER] onStateUpdate received: {"type":"state_update","timestamp":1769601736694,"payload":{"speed":30,"radius":20,"colorBall":"#60a5fa","colorBg":"#020617","paused":true,"soundEnabled":false,"soundType":"soft","x":400,"y":300,"vx":0,"vy":0,"dirX":1,"dirY":0,"viewerScreenSize":{"width":800,"height":600}}}
[VIEWER MSG] 📦 [VIEWER] command extracted: {"speed":30,"radius":20,"colorBall":"#60a5fa","colorBg":"#020617","paused":true,"soundEnabled":false,"soundType":"soft","x":400,"y":300,"vx":0,"vy":0,"dirX":1,"dirY":0,"viewerScreenSize":{"width":800,"height":600}}
[VIEWER MSG] 📦 [VIEWER] command.controllerConnected: 
[VIEWER MSG] 📦 [VIEWER] onStateUpdate received: {"type":"state_update","timestamp":1769601736711,"payload":{"speed":30,"radius":20,"colorBall":"#60a5fa","colorBg":"#020617","paused":true,"soundEnabled":false,"soundType":"soft","x":400,"y":300,"vx":0,"vy":0,"dirX":1,"dirY":0,"viewerScreenSize":{"width":800,"height":600}}}
[VIEWER MSG] 📦 [VIEWER] command extracted: {"speed":30,"radius":20,"colorBall":"#60a5fa","colorBg":"#020617","paused":true,"soundEnabled":false,"soundType":"soft","x":400,"y":300,"vx":0,"vy":0,"dirX":1,"dirY":0,"viewerScreenSize":{"width":800,"height":600}}
[VIEWER MSG] 📦 [VIEWER] command.controllerConnected: 
[VIEWER MSG] 📦 [VIEWER] onStateUpdate received: {"type":"state_update","timestamp":1769601736727,"payload":{"speed":30,"radius":20,"colorBall":"#60a5fa","colorBg":"#020617","paused":true,"soundEnabled":false,"soundType":"soft","x":400,"y":300,"vx":0,"vy":0,"dirX":1,"dirY":0,"viewerScreenSize":{"width":800,"height":600}}}
[VIEWER MSG] 📦 [VIEWER] command extracted: {"speed":30,"radius":20,"colorBall":"#60a5fa","colorBg":"#020617","paused":true,"soundEnabled":false,"soundType":"soft","x":400,"y":300,"vx":0,"vy":0,"dirX":1,"dirY":0,"viewerScreenSize":{"width":800,"height":600}}
[VIEWER MSG] 📦 [VIEWER] command.controllerConnected: 
[VIEWER MSG] 📦 [VIEWER] onStateUpdate received: {"type":"state_update","timestamp":1769601736744,"payload":{"speed":30,"radius":20,"colorBall":"#60a5fa","colorBg":"#020617","paused":true,"soundEnabled":false,"soundType":"soft","x":400,"y":300,"vx":0,"vy":0,"dirX":1,"dirY":0,"viewerScreenSize":{"width":800,"height":600}}}
[VIEWER MSG] 📦 [VIEWER] command extracted: {"speed":30,"radius":20,"colorBall":"#60a5fa","colorBg":"#020617","paused":true,"soundEnabled":false,"soundType":"soft","x":400,"y":300,"vx":0,"vy":0,"dirX":1,"dirY":0,"viewerScreenSize":{"width":800,"height":600}}
[VIEWER MSG] 📦 [VIEWER] command.controllerConnected: 
[VIEWER MSG] 📦 [VIEWER] onStateUpdate received: {"type":"state_update","timestamp":1769601736760,"payload":{"speed":30,"radius":20,"colorBall":"#60a5fa","colorBg":"#020617","paused":true,"soundEnabled":false,"soundType":"soft","x":400,"y":300,"vx":0,"vy":0,"dirX":1,"dirY":0,"viewerScreenSize":{"width":800,"height":600}}}
[VIEWER MSG] 📦 [VIEWER] command extracted: {"speed":30,"radius":20,"colorBall":"#60a5fa","colorBg":"#020617","paused":true,"soundEnabled":false,"soundType":"soft","x":400,"y":300,"vx":0,"vy":0,"dirX":1,"dirY":0,"viewerScreenSize":{"width":800,"height":600}}
[VIEWER MSG] 📦 [VIEWER] command.controllerConnected: 
[VIEWER MSG] 📦 [VIEWER] onStateUpdate received: {"type":"state_update","timestamp":1769601736777,"payload":{"speed":30,"radius":20,"colorBall":"#60a5fa","colorBg":"#020617","paused":true,"soundEnabled":false,"soundType":"soft","x":400,"y":300,"vx":0,"vy":0,"dirX":1,"dirY":0,"viewerScreenSize":{"width":800,"height":600}}}
[VIEWER MSG] 📦 [VIEWER] command extracted: {"speed":30,"radius":20,"colorBall":"#60a5fa","colorBg":"#020617","paused":true,"soundEnabled":false,"soundType":"soft","x":400,"y":300,"vx":0,"vy":0,"dirX":1,"dirY":0,"viewerScreenSize":{"width":800,"height":600}}
[VIEWER MSG] 📦 [VIEWER] command.controllerConnected: 
[VIEWER MSG] 📦 [VIEWER] onStateUpdate received: {"type":"state_update","timestamp":1769601736793,"payload":{"speed":30,"radius":20,"colorBall":"#60a5fa","colorBg":"#020617","paused":true,"soundEnabled":false,"soundType":"soft","x":400,"y":300,"vx":0,"vy":0,"dirX":1,"dirY":0,"viewerScreenSize":{"width":800,"height":600}}}
[VIEWER MSG] 📦 [VIEWER] command extracted: {"speed":30,"radius":20,"colorBall":"#60a5fa","colorBg":"#020617","paused":true,"soundEnabled":false,"soundType":"soft","x":400,"y":300,"vx":0,"vy":0,"dirX":1,"dirY":0,"viewerScreenSize":{"width":800,"height":600}}
[VIEWER MSG] 📦 [VIEWER] command.controllerConnected: 
[VIEWER MSG] 📦 [VIEWER] onStateUpdate received: {"type":"state_update","timestamp":1769601736810,"payload":{"speed":30,"radius":20,"colorBall":"#60a5fa","colorBg":"#020617","paused":true,"soundEnabled":false,"soundType":"soft","x":400,"y":300,"vx":0,"vy":0,"dirX":1,"dirY":0,"viewerScreenSize":{"width":800,"height":600}}}
[VIEWER MSG] 📦 [VIEWER] command extracted: {"speed":30,"radius":20,"colorBall":"#60a5fa","colorBg":"#020617","paused":true,"soundEnabled":false,"soundType":"soft","x":400,"y":300,"vx":0,"vy":0,"dirX":1,"dirY":0,"viewerScreenSize":{"width":800,"height":600}}
[VIEWER MSG] 📦 [VIEWER] command.controllerConnected: 
[VIEWER MSG] 📦 [VIEWER] onStateUpdate received: {"type":"state_update","timestamp":1769601736826,"payload":{"speed":30,"radius":20,"colorBall":"#60a5fa","colorBg":"#020617","paused":true,"soundEnabled":false,"soundType":"soft","x":400,"y":300,"vx":0,"vy":0,"dirX":1,"dirY":0,"viewerScreenSize":{"width":800,"height":600}}}
[VIEWER MSG] 📦 [VIEWER] command extracted: {"speed":30,"radius":20,"colorBall":"#60a5fa","colorBg":"#020617","paused":true,"soundEnabled":false,"soundType":"soft","x":400,"y":300,"vx":0,"vy":0,"dirX":1,"dirY":0,"viewerScreenSize":{"width":800,"height":600}}
[VIEWER MSG] 📦 [VIEWER] command.controllerConnected: 
[VIEWER MSG] 📦 [VIEWER] onStateUpdate received: {"type":"state_update","timestamp":1769601736843,"payload":{"speed":30,"radius":20,"colorBall":"#60a5fa","colorBg":"#020617","paused":true,"soundEnabled":false,"soundType":"soft","x":400,"y":300,"vx":0,"vy":0,"dirX":1,"dirY":0,"viewerScreenSize":{"width":800,"height":600}}}
[VIEWER MSG] 📦 [VIEWER] command extracted: {"speed":30,"radius":20,"colorBall":"#60a5fa","colorBg":"#020617","paused":true,"soundEnabled":false,"soundType":"soft","x":400,"y":300,"vx":0,"vy":0,"dirX":1,"dirY":0,"viewerScreenSize":{"width":800,"height":600}}
[VIEWER MSG] 📦 [VIEWER] command.controllerConnected: 
[VIEWER MSG] 📦 [VIEWER] onStateUpdate received: {"type":"state_update","timestamp":1769601736860,"payload":{"speed":30,"radius":20,"colorBall":"#60a5fa","colorBg":"#020617","paused":true,"soundEnabled":false,"soundType":"soft","x":400,"y":300,"vx":0,"vy":0,"dirX":1,"dirY":0,"viewerScreenSize":{"width":800,"height":600}}}
[VIEWER MSG] 📦 [VIEWER] command extracted: {"speed":30,"radius":20,"colorBall":"#60a5fa","colorBg":"#020617","paused":true,"soundEnabled":false,"soundType":"soft","x":400,"y":300,"vx":0,"vy":0,"dirX":1,"dirY":0,"viewerScreenSize":{"width":800,"height":600}}
[VIEWER MSG] 📦 [VIEWER] command.controllerConnected: 
[VIEWER MSG] 📦 [VIEWER] onStateUpdate received: {"type":"state_update","timestamp":1769601736876,"payload":{"speed":30,"radius":20,"colorBall":"#60a5fa","colorBg":"#020617","paused":true,"soundEnabled":false,"soundType":"soft","x":400,"y":300,"vx":0,"vy":0,"dirX":1,"dirY":0,"viewerScreenSize":{"width":800,"height":600}}}
[VIEWER MSG] 📦 [VIEWER] command extracted: {"speed":30,"radius":20,"colorBall":"#60a5fa","colorBg":"#020617","paused":true,"soundEnabled":false,"soundType":"soft","x":400,"y":300,"vx":0,"vy":0,"dirX":1,"dirY":0,"viewerScreenSize":{"width":800,"height":600}}
[VIEWER MSG] 📦 [VIEWER] command.controllerConnected: 
❌ FAILED: Ball stuck at same position

🧪 Test 3: Speed Sync
[VIEWER MSG] 📦 [VIEWER] onStateUpdate received: {"type":"state_update","timestamp":1769601736893,"payload":{"speed":30,"radius":20,"colorBall":"#60a5fa","colorBg":"#020617","paused":true,"soundEnabled":false,"soundType":"soft","x":400,"y":300,"vx":0,"vy":0,"dirX":1,"dirY":0,"viewerScreenSize":{"width":800,"height":600}}}
[VIEWER MSG] 📦 [VIEWER] command extracted: {"speed":30,"radius":20,"colorBall":"#60a5fa","colorBg":"#020617","paused":true,"soundEnabled":false,"soundType":"soft","x":400,"y":300,"vx":0,"vy":0,"dirX":1,"dirY":0,"viewerScreenSize":{"width":800,"height":600}}
[VIEWER MSG] 📦 [VIEWER] command.controllerConnected: 
[VIEWER MSG] 📦 [VIEWER] onStateUpdate received: {"type":"state_update","timestamp":1769601736909,"payload":{"speed":30,"radius":20,"colorBall":"#60a5fa","colorBg":"#020617","paused":true,"soundEnabled":false,"soundType":"soft","x":400,"y":300,"vx":0,"vy":0,"dirX":1,"dirY":0,"viewerScreenSize":{"width":800,"height":600}}}
[VIEWER MSG] 📦 [VIEWER] command extracted: {"speed":30,"radius":20,"colorBall":"#60a5fa","colorBg":"#020617","paused":true,"soundEnabled":false,"soundType":"soft","x":400,"y":300,"vx":0,"vy":0,"dirX":1,"dirY":0,"viewerScreenSize":{"width":800,"height":600}}
[VIEWER MSG] 📦 [VIEWER] command.controllerConnected: 
[VIEWER MSG] 📦 [VIEWER] onStateUpdate received: {"type":"state_update","timestamp":1769601736925,"payload":{"speed":30,"radius":20,"colorBall":"#60a5fa","colorBg":"#020617","paused":true,"soundEnabled":false,"soundType":"soft","x":400,"y":300,"vx":0,"vy":0,"dirX":1,"dirY":0,"viewerScreenSize":{"width":800,"height":600}}}
[VIEWER MSG] 📦 [VIEWER] command extracted: {"speed":30,"radius":20,"colorBall":"#60a5fa","colorBg":"#020617","paused":true,"soundEnabled":false,"soundType":"soft","x":400,"y":300,"vx":0,"vy":0,"dirX":1,"dirY":0,"viewerScreenSize":{"width":800,"height":600}}
[VIEWER MSG] 📦 [VIEWER] command.controllerConnected: 
[VIEWER MSG] 📦 [VIEWER] onStateUpdate received: {"type":"state_update","timestamp":1769601736942,"payload":{"speed":30,"radius":20,"colorBall":"#60a5fa","colorBg":"#020617","paused":true,"soundEnabled":false,"soundType":"soft","x":400,"y":300,"vx":0,"vy":0,"dirX":1,"dirY":0,"viewerScreenSize":{"width":800,"height":600}}}
[VIEWER MSG] 📦 [VIEWER] command extracted: {"speed":30,"radius":20,"colorBall":"#60a5fa","colorBg":"#020617","paused":true,"soundEnabled":false,"soundType":"soft","x":400,"y":300,"vx":0,"vy":0,"dirX":1,"dirY":0,"viewerScreenSize":{"width":800,"height":600}}
[VIEWER MSG] 📦 [VIEWER] command.controllerConnected: 
[VIEWER MSG] 📦 [VIEWER] onStateUpdate received: {"type":"state_update","timestamp":1769601736958,"payload":{"speed":30,"radius":20,"colorBall":"#60a5fa","colorBg":"#020617","paused":true,"soundEnabled":false,"soundType":"soft","x":400,"y":300,"vx":0,"vy":0,"dirX":1,"dirY":0,"viewerScreenSize":{"width":800,"height":600}}}
[VIEWER MSG] 📦 [VIEWER] command extracted: {"speed":30,"radius":20,"colorBall":"#60a5fa","colorBg":"#020617","paused":true,"soundEnabled":false,"soundType":"soft","x":400,"y":300,"vx":0,"vy":0,"dirX":1,"dirY":0,"viewerScreenSize":{"width":800,"height":600}}
[VIEWER MSG] 📦 [VIEWER] command.controllerConnected: 
[VIEWER MSG] 📦 [VIEWER] onStateUpdate received: {"type":"state_update","timestamp":1769601736975,"payload":{"speed":30,"radius":20,"colorBall":"#60a5fa","colorBg":"#020617","paused":true,"soundEnabled":false,"soundType":"soft","x":400,"y":300,"vx":0,"vy":0,"dirX":1,"dirY":0,"viewerScreenSize":{"width":800,"height":600}}}
[VIEWER MSG] 📦 [VIEWER] command extracted: {"speed":30,"radius":20,"colorBall":"#60a5fa","colorBg":"#020617","paused":true,"soundEnabled":false,"soundType":"soft","x":400,"y":300,"vx":0,"vy":0,"dirX":1,"dirY":0,"viewerScreenSize":{"width":800,"height":600}}
[VIEWER MSG] 📦 [VIEWER] command.controllerConnected: 
[VIEWER MSG] 📦 [VIEWER] onStateUpdate received: {"type":"state_update","timestamp":1769601736991,"payload":{"speed":30,"radius":20,"colorBall":"#60a5fa","colorBg":"#020617","paused":true,"soundEnabled":false,"soundType":"soft","x":400,"y":300,"vx":0,"vy":0,"dirX":1,"dirY":0,"viewerScreenSize":{"width":800,"height":600}}}
[VIEWER MSG] 📦 [VIEWER] command extracted: {"speed":30,"radius":20,"colorBall":"#60a5fa","colorBg":"#020617","paused":true,"soundEnabled":false,"soundType":"soft","x":400,"y":300,"vx":0,"vy":0,"dirX":1,"dirY":0,"viewerScreenSize":{"width":800,"height":600}}
[VIEWER MSG] 📦 [VIEWER] command.controllerConnected: 
[VIEWER MSG] 📦 [VIEWER] onStateUpdate received: {"type":"state_update","timestamp":1769601737008,"payload":{"speed":30,"radius":20,"colorBall":"#60a5fa","colorBg":"#020617","paused":true,"soundEnabled":false,"soundType":"soft","x":400,"y":300,"vx":0,"vy":0,"dirX":1,"dirY":0,"viewerScreenSize":{"width":800,"height":600}}}
[VIEWER MSG] 📦 [VIEWER] command extracted: {"speed":30,"radius":20,"colorBall":"#60a5fa","colorBg":"#020617","paused":true,"soundEnabled":false,"soundType":"soft","x":400,"y":300,"vx":0,"vy":0,"dirX":1,"dirY":0,"viewerScreenSize":{"width":800,"height":600}}
[VIEWER MSG] 📦 [VIEWER] command.controllerConnected: 
[VIEWER MSG] 📦 [VIEWER] onStateUpdate received: {"type":"state_update","timestamp":1769601737024,"payload":{"speed":30,"radius":20,"colorBall":"#60a5fa","colorBg":"#020617","paused":true,"soundEnabled":false,"soundType":"soft","x":400,"y":300,"vx":0,"vy":0,"dirX":1,"dirY":0,"viewerScreenSize":{"width":800,"height":600}}}
[VIEWER MSG] 📦 [VIEWER] command extracted: {"speed":30,"radius":20,"colorBall":"#60a5fa","colorBg":"#020617","paused":true,"soundEnabled":false,"soundType":"soft","x":400,"y":300,"vx":0,"vy":0,"dirX":1,"dirY":0,"viewerScreenSize":{"width":800,"height":600}}
[VIEWER MSG] 📦 [VIEWER] command.controllerConnected: 
[VIEWER MSG] 📦 [VIEWER] onStateUpdate received: {"type":"state_update","timestamp":1769601737040,"payload":{"speed":30,"radius":20,"colorBall":"#60a5fa","colorBg":"#020617","paused":true,"soundEnabled":false,"soundType":"soft","x":400,"y":300,"vx":0,"vy":0,"dirX":1,"dirY":0,"viewerScreenSize":{"width":800,"height":600}}}
[VIEWER MSG] 📦 [VIEWER] command extracted: {"speed":30,"radius":20,"colorBall":"#60a5fa","colorBg":"#020617","paused":true,"soundEnabled":false,"soundType":"soft","x":400,"y":300,"vx":0,"vy":0,"dirX":1,"dirY":0,"viewerScreenSize":{"width":800,"height":600}}
[VIEWER MSG] 📦 [VIEWER] command.controllerConnected: 
[VIEWER MSG] 📦 [VIEWER] onStateUpdate received: {"type":"state_update","timestamp":1769601737057,"payload":{"speed":30,"radius":20,"colorBall":"#60a5fa","colorBg":"#020617","paused":true,"soundEnabled":false,"soundType":"soft","x":400,"y":300,"vx":0,"vy":0,"dirX":1,"dirY":0,"viewerScreenSize":{"width":800,"height":600}}}
[VIEWER MSG] 📦 [VIEWER] command extracted: {"speed":30,"radius":20,"colorBall":"#60a5fa","colorBg":"#020617","paused":true,"soundEnabled":false,"soundType":"soft","x":400,"y":300,"vx":0,"vy":0,"dirX":1,"dirY":0,"viewerScreenSize":{"width":800,"height":600}}
[VIEWER MSG] 📦 [VIEWER] command.controllerConnected: 
[VIEWER MSG] 📦 [VIEWER] onStateUpdate received: {"type":"state_update","timestamp":1769601737073,"payload":{"speed":30,"radius":20,"colorBall":"#60a5fa","colorBg":"#020617","paused":true,"soundEnabled":false,"soundType":"soft","x":400,"y":300,"vx":0,"vy":0,"dirX":1,"dirY":0,"viewerScreenSize":{"width":800,"height":600}}}
[VIEWER MSG] 📦 [VIEWER] command extracted: {"speed":30,"radius":20,"colorBall":"#60a5fa","colorBg":"#020617","paused":true,"soundEnabled":false,"soundType":"soft","x":400,"y":300,"vx":0,"vy":0,"dirX":1,"dirY":0,"viewerScreenSize":{"width":800,"height":600}}
[VIEWER MSG] 📦 [VIEWER] command.controllerConnected: 
[VIEWER MSG] 📦 [VIEWER] onStateUpdate received: {"type":"state_update","timestamp":1769601737090,"payload":{"speed":30,"radius":20,"colorBall":"#60a5fa","colorBg":"#020617","paused":true,"soundEnabled":false,"soundType":"soft","x":400,"y":300,"vx":0,"vy":0,"dirX":1,"dirY":0,"viewerScreenSize":{"width":800,"height":600}}}
[VIEWER MSG] 📦 [VIEWER] command extracted: {"speed":30,"radius":20,"colorBall":"#60a5fa","colorBg":"#020617","paused":true,"soundEnabled":false,"soundType":"soft","x":400,"y":300,"vx":0,"vy":0,"dirX":1,"dirY":0,"viewerScreenSize":{"width":800,"height":600}}
[VIEWER MSG] 📦 [VIEWER] command.controllerConnected: 
[VIEWER MSG] 📦 [VIEWER] onStateUpdate received: {"type":"state_update","timestamp":1769601737107,"payload":{"speed":30,"radius":20,"colorBall":"#60a5fa","colorBg":"#020617","paused":true,"soundEnabled":false,"soundType":"soft","x":400,"y":300,"vx":0,"vy":0,"dirX":1,"dirY":0,"viewerScreenSize":{"width":800,"height":600}}}
[VIEWER MSG] 📦 [VIEWER] command extracted: {"speed":30,"radius":20,"colorBall":"#60a5fa","colorBg":"#020617","paused":true,"soundEnabled":false,"soundType":"soft","x":400,"y":300,"vx":0,"vy":0,"dirX":1,"dirY":0,"viewerScreenSize":{"width":800,"height":600}}
[VIEWER MSG] 📦 [VIEWER] command.controllerConnected: 
[VIEWER MSG] 📦 [VIEWER] onStateUpdate received: {"type":"state_update","timestamp":1769601737123,"payload":{"speed":30,"radius":20,"colorBall":"#60a5fa","colorBg":"#020617","paused":true,"soundEnabled":false,"soundType":"soft","x":400,"y":300,"vx":0,"vy":0,"dirX":1,"dirY":0,"viewerScreenSize":{"width":800,"height":600}}}
[VIEWER MSG] 📦 [VIEWER] command extracted: {"speed":30,"radius":20,"colorBall":"#60a5fa","colorBg":"#020617","paused":true,"soundEnabled":false,"soundType":"soft","x":400,"y":300,"vx":0,"vy":0,"dirX":1,"dirY":0,"viewerScreenSize":{"width":800,"height":600}}
[VIEWER MSG] 📦 [VIEWER] command.controllerConnected: 
[VIEWER MSG] 📦 [VIEWER] onStateUpdate received: {"type":"state_update","timestamp":1769601737140,"payload":{"speed":30,"radius":20,"colorBall":"#60a5fa","colorBg":"#020617","paused":true,"soundEnabled":false,"soundType":"soft","x":400,"y":300,"vx":0,"vy":0,"dirX":1,"dirY":0,"viewerScreenSize":{"width":800,"height":600}}}
[VIEWER MSG] 📦 [VIEWER] command extracted: {"speed":30,"radius":20,"colorBall":"#60a5fa","colorBg":"#020617","paused":true,"soundEnabled":false,"soundType":"soft","x":400,"y":300,"vx":0,"vy":0,"dirX":1,"dirY":0,"viewerScreenSize":{"width":800,"height":600}}
[VIEWER MSG] 📦 [VIEWER] command.controllerConnected: 
[VIEWER MSG] 📦 [VIEWER] onStateUpdate received: {"type":"state_update","timestamp":1769601737156,"payload":{"speed":30,"radius":20,"colorBall":"#60a5fa","colorBg":"#020617","paused":true,"soundEnabled":false,"soundType":"soft","x":400,"y":300,"vx":0,"vy":0,"dirX":1,"dirY":0,"viewerScreenSize":{"width":800,"height":600}}}
[VIEWER MSG] 📦 [VIEWER] command extracted: {"speed":30,"radius":20,"colorBall":"#60a5fa","colorBg":"#020617","paused":true,"soundEnabled":false,"soundType":"soft","x":400,"y":300,"vx":0,"vy":0,"dirX":1,"dirY":0,"viewerScreenSize":{"width":800,"height":600}}
[VIEWER MSG] 📦 [VIEWER] command.controllerConnected: 
[VIEWER MSG] 📦 [VIEWER] onStateUpdate received: {"type":"state_update","timestamp":1769601737173,"payload":{"speed":30,"radius":20,"colorBall":"#60a5fa","colorBg":"#020617","paused":true,"soundEnabled":false,"soundType":"soft","x":400,"y":300,"vx":0,"vy":0,"dirX":1,"dirY":0,"viewerScreenSize":{"width":800,"height":600}}}
[VIEWER MSG] 📦 [VIEWER] command extracted: {"speed":30,"radius":20,"colorBall":"#60a5fa","colorBg":"#020617","paused":true,"soundEnabled":false,"soundType":"soft","x":400,"y":300,"vx":0,"vy":0,"dirX":1,"dirY":0,"viewerScreenSize":{"width":800,"height":600}}
[VIEWER MSG] 📦 [VIEWER] command.controllerConnected: 
[VIEWER MSG] 📦 [VIEWER] onStateUpdate received: {"type":"state_update","timestamp":1769601737189,"payload":{"speed":30,"radius":20,"colorBall":"#60a5fa","colorBg":"#020617","paused":true,"soundEnabled":false,"soundType":"soft","x":400,"y":300,"vx":0,"vy":0,"dirX":1,"dirY":0,"viewerScreenSize":{"width":800,"height":600}}}
[VIEWER MSG] 📦 [VIEWER] command extracted: {"speed":30,"radius":20,"colorBall":"#60a5fa","colorBg":"#020617","paused":true,"soundEnabled":false,"soundType":"soft","x":400,"y":300,"vx":0,"vy":0,"dirX":1,"dirY":0,"viewerScreenSize":{"width":800,"height":600}}
[VIEWER MSG] 📦 [VIEWER] command.controllerConnected: 
[VIEWER MSG] 📦 [VIEWER] onStateUpdate received: {"type":"state_update","timestamp":1769601737206,"payload":{"speed":30,"radius":20,"colorBall":"#60a5fa","colorBg":"#020617","paused":true,"soundEnabled":false,"soundType":"soft","x":400,"y":300,"vx":0,"vy":0,"dirX":1,"dirY":0,"viewerScreenSize":{"width":800,"height":600}}}
[VIEWER MSG] 📦 [VIEWER] command extracted: {"speed":30,"radius":20,"colorBall":"#60a5fa","colorBg":"#020617","paused":true,"soundEnabled":false,"soundType":"soft","x":400,"y":300,"vx":0,"vy":0,"dirX":1,"dirY":0,"viewerScreenSize":{"width":800,"height":600}}
[VIEWER MSG] 📦 [VIEWER] command.controllerConnected: 
[VIEWER MSG] 📦 [VIEWER] onStateUpdate received: {"type":"state_update","timestamp":1769601737223,"payload":{"speed":30,"radius":20,"colorBall":"#60a5fa","colorBg":"#020617","paused":true,"soundEnabled":false,"soundType":"soft","x":400,"y":300,"vx":0,"vy":0,"dirX":1,"dirY":0,"viewerScreenSize":{"width":800,"height":600}}}
[VIEWER MSG] 📦 [VIEWER] command extracted: {"speed":30,"radius":20,"colorBall":"#60a5fa","colorBg":"#020617","paused":true,"soundEnabled":false,"soundType":"soft","x":400,"y":300,"vx":0,"vy":0,"dirX":1,"dirY":0,"viewerScreenSize":{"width":800,"height":600}}
[VIEWER MSG] 📦 [VIEWER] command.controllerConnected: 
[VIEWER MSG] 📦 [VIEWER] onStateUpdate received: {"type":"state_update","timestamp":1769601737239,"payload":{"speed":30,"radius":20,"colorBall":"#60a5fa","colorBg":"#020617","paused":true,"soundEnabled":false,"soundType":"soft","x":400,"y":300,"vx":0,"vy":0,"dirX":1,"dirY":0,"viewerScreenSize":{"width":800,"height":600}}}
[VIEWER MSG] 📦 [VIEWER] command extracted: {"speed":30,"radius":20,"colorBall":"#60a5fa","colorBg":"#020617","paused":true,"soundEnabled":false,"soundType":"soft","x":400,"y":300,"vx":0,"vy":0,"dirX":1,"dirY":0,"viewerScreenSize":{"width":800,"height":600}}
[VIEWER MSG] 📦 [VIEWER] command.controllerConnected: 
[VIEWER MSG] 📦 [VIEWER] onStateUpdate received: {"type":"state_update","timestamp":1769601737254,"payload":{"speed":30,"radius":20,"colorBall":"#60a5fa","colorBg":"#020617","paused":true,"soundEnabled":false,"soundType":"soft","x":400,"y":300,"vx":0,"vy":0,"dirX":1,"dirY":0,"viewerScreenSize":{"width":800,"height":600}}}
[VIEWER MSG] 📦 [VIEWER] command extracted: {"speed":30,"radius":20,"colorBall":"#60a5fa","colorBg":"#020617","paused":true,"soundEnabled":false,"soundType":"soft","x":400,"y":300,"vx":0,"vy":0,"dirX":1,"dirY":0,"viewerScreenSize":{"width":800,"height":600}}
[VIEWER MSG] 📦 [VIEWER] command.controllerConnected: 
[VIEWER MSG] 📦 [VIEWER] onStateUpdate received: {"type":"state_update","timestamp":1769601737271,"payload":{"speed":30,"radius":20,"colorBall":"#60a5fa","colorBg":"#020617","paused":true,"soundEnabled":false,"soundType":"soft","x":400,"y":300,"vx":0,"vy":0,"dirX":1,"dirY":0,"viewerScreenSize":{"width":800,"height":600}}}
[VIEWER MSG] 📦 [VIEWER] command extracted: {"speed":30,"radius":20,"colorBall":"#60a5fa","colorBg":"#020617","paused":true,"soundEnabled":false,"soundType":"soft","x":400,"y":300,"vx":0,"vy":0,"dirX":1,"dirY":0,"viewerScreenSize":{"width":800,"height":600}}
[VIEWER MSG] 📦 [VIEWER] command.controllerConnected: 
[VIEWER MSG] 📦 [VIEWER] onStateUpdate received: {"type":"state_update","timestamp":1769601737287,"payload":{"speed":30,"radius":20,"colorBall":"#60a5fa","colorBg":"#020617","paused":true,"soundEnabled":false,"soundType":"soft","x":400,"y":300,"vx":0,"vy":0,"dirX":1,"dirY":0,"viewerScreenSize":{"width":800,"height":600}}}
[VIEWER MSG] 📦 [VIEWER] command extracted: {"speed":30,"radius":20,"colorBall":"#60a5fa","colorBg":"#020617","paused":true,"soundEnabled":false,"soundType":"soft","x":400,"y":300,"vx":0,"vy":0,"dirX":1,"dirY":0,"viewerScreenSize":{"width":800,"height":600}}
[VIEWER MSG] 📦 [VIEWER] command.controllerConnected: 
[VIEWER MSG] 📦 [VIEWER] onStateUpdate received: {"type":"state_update","timestamp":1769601737303,"payload":{"speed":30,"radius":20,"colorBall":"#60a5fa","colorBg":"#020617","paused":true,"soundEnabled":false,"soundType":"soft","x":400,"y":300,"vx":0,"vy":0,"dirX":1,"dirY":0,"viewerScreenSize":{"width":800,"height":600}}}
[VIEWER MSG] 📦 [VIEWER] command extracted: {"speed":30,"radius":20,"colorBall":"#60a5fa","colorBg":"#020617","paused":true,"soundEnabled":false,"soundType":"soft","x":400,"y":300,"vx":0,"vy":0,"dirX":1,"dirY":0,"viewerScreenSize":{"width":800,"height":600}}
[VIEWER MSG] 📦 [VIEWER] command.controllerConnected: 
[VIEWER MSG] 📦 [VIEWER] onStateUpdate received: {"type":"state_update","timestamp":1769601737320,"payload":{"speed":30,"radius":20,"colorBall":"#60a5fa","colorBg":"#020617","paused":true,"soundEnabled":false,"soundType":"soft","x":400,"y":300,"vx":0,"vy":0,"dirX":1,"dirY":0,"viewerScreenSize":{"width":800,"height":600}}}
[VIEWER MSG] 📦 [VIEWER] command extracted: {"speed":30,"radius":20,"colorBall":"#60a5fa","colorBg":"#020617","paused":true,"soundEnabled":false,"soundType":"soft","x":400,"y":300,"vx":0,"vy":0,"dirX":1,"dirY":0,"viewerScreenSize":{"width":800,"height":600}}
[VIEWER MSG] 📦 [VIEWER] command.controllerConnected: 
[VIEWER MSG] 📦 [VIEWER] onStateUpdate received: {"type":"state_update","timestamp":1769601737336,"payload":{"speed":30,"radius":20,"colorBall":"#60a5fa","colorBg":"#020617","paused":true,"soundEnabled":false,"soundType":"soft","x":400,"y":300,"vx":0,"vy":0,"dirX":1,"dirY":0,"viewerScreenSize":{"width":800,"height":600}}}
[VIEWER MSG] 📦 [VIEWER] command extracted: {"speed":30,"radius":20,"colorBall":"#60a5fa","colorBg":"#020617","paused":true,"soundEnabled":false,"soundType":"soft","x":400,"y":300,"vx":0,"vy":0,"dirX":1,"dirY":0,"viewerScreenSize":{"width":800,"height":600}}
[VIEWER MSG] 📦 [VIEWER] command.controllerConnected: 
[VIEWER MSG] 📦 [VIEWER] onStateUpdate received: {"type":"state_update","timestamp":1769601737351,"payload":{"speed":30,"radius":20,"colorBall":"#60a5fa","colorBg":"#020617","paused":true,"soundEnabled":false,"soundType":"soft","x":400,"y":300,"vx":0,"vy":0,"dirX":1,"dirY":0,"viewerScreenSize":{"width":800,"height":600}}}
[VIEWER MSG] 📦 [VIEWER] command extracted: {"speed":30,"radius":20,"colorBall":"#60a5fa","colorBg":"#020617","paused":true,"soundEnabled":false,"soundType":"soft","x":400,"y":300,"vx":0,"vy":0,"dirX":1,"dirY":0,"viewerScreenSize":{"width":800,"height":600}}
[VIEWER MSG] 📦 [VIEWER] command.controllerConnected: 
[VIEWER MSG] 📦 [VIEWER] onStateUpdate received: {"type":"state_update","timestamp":1769601737368,"payload":{"speed":30,"radius":20,"colorBall":"#60a5fa","colorBg":"#020617","paused":true,"soundEnabled":false,"soundType":"soft","x":400,"y":300,"vx":0,"vy":0,"dirX":1,"dirY":0,"viewerScreenSize":{"width":800,"height":600}}}
[VIEWER MSG] 📦 [VIEWER] command extracted: {"speed":30,"radius":20,"colorBall":"#60a5fa","colorBg":"#020617","paused":true,"soundEnabled":false,"soundType":"soft","x":400,"y":300,"vx":0,"vy":0,"dirX":1,"dirY":0,"viewerScreenSize":{"width":800,"height":600}}
[VIEWER MSG] 📦 [VIEWER] command.controllerConnected: 
[VIEWER MSG] 📦 [VIEWER] onStateUpdate received: {"type":"state_update","timestamp":1769601737384,"payload":{"speed":30,"radius":20,"colorBall":"#60a5fa","colorBg":"#020617","paused":true,"soundEnabled":false,"soundType":"soft","x":400,"y":300,"vx":0,"vy":0,"dirX":1,"dirY":0,"viewerScreenSize":{"width":800,"height":600}}}
[VIEWER MSG] 📦 [VIEWER] command extracted: {"speed":30,"radius":20,"colorBall":"#60a5fa","colorBg":"#020617","paused":true,"soundEnabled":false,"soundType":"soft","x":400,"y":300,"vx":0,"vy":0,"dirX":1,"dirY":0,"viewerScreenSize":{"width":800,"height":600}}
[VIEWER MSG] 📦 [VIEWER] command.controllerConnected: 
[VIEWER MSG] 📦 [VIEWER] onStateUpdate received: {"type":"state_update","timestamp":1769601737400,"payload":{"speed":30,"radius":20,"colorBall":"#60a5fa","colorBg":"#020617","paused":true,"soundEnabled":false,"soundType":"soft","x":400,"y":300,"vx":0,"vy":0,"dirX":1,"dirY":0,"viewerScreenSize":{"width":800,"height":600}}}
[VIEWER MSG] 📦 [VIEWER] command extracted: {"speed":30,"radius":20,"colorBall":"#60a5fa","colorBg":"#020617","paused":true,"soundEnabled":false,"soundType":"soft","x":400,"y":300,"vx":0,"vy":0,"dirX":1,"dirY":0,"viewerScreenSize":{"width":800,"height":600}}
[VIEWER MSG] 📦 [VIEWER] command.controllerConnected: 
[VIEWER MSG] 📦 [VIEWER] onStateUpdate received: {"type":"state_update","timestamp":1769601737416,"payload":{"speed":30,"radius":20,"colorBall":"#60a5fa","colorBg":"#020617","paused":true,"soundEnabled":false,"soundType":"soft","x":400,"y":300,"vx":0,"vy":0,"dirX":1,"dirY":0,"viewerScreenSize":{"width":800,"height":600}}}
[VIEWER MSG] 📦 [VIEWER] command extracted: {"speed":30,"radius":20,"colorBall":"#60a5fa","colorBg":"#020617","paused":true,"soundEnabled":false,"soundType":"soft","x":400,"y":300,"vx":0,"vy":0,"dirX":1,"dirY":0,"viewerScreenSize":{"width":800,"height":600}}
[VIEWER MSG] 📦 [VIEWER] command.controllerConnected: 
[VIEWER MSG] 📦 [VIEWER] onStateUpdate received: {"type":"state_update","timestamp":1769601737432,"payload":{"speed":30,"radius":20,"colorBall":"#60a5fa","colorBg":"#020617","paused":true,"soundEnabled":false,"soundType":"soft","x":400,"y":300,"vx":0,"vy":0,"dirX":1,"dirY":0,"viewerScreenSize":{"width":800,"height":600}}}
[VIEWER MSG] 📦 [VIEWER] command extracted: {"speed":30,"radius":20,"colorBall":"#60a5fa","colorBg":"#020617","paused":true,"soundEnabled":false,"soundType":"soft","x":400,"y":300,"vx":0,"vy":0,"dirX":1,"dirY":0,"viewerScreenSize":{"width":800,"height":600}}
[VIEWER MSG] 📦 [VIEWER] command.controllerConnected: 
[VIEWER MSG] 📦 [VIEWER] onStateUpdate received: {"type":"state_update","timestamp":1769601737449,"payload":{"speed":30,"radius":20,"colorBall":"#60a5fa","colorBg":"#020617","paused":true,"soundEnabled":false,"soundType":"soft","x":400,"y":300,"vx":0,"vy":0,"dirX":1,"dirY":0,"viewerScreenSize":{"width":800,"height":600}}}
[VIEWER MSG] 📦 [VIEWER] command extracted: {"speed":30,"radius":20,"colorBall":"#60a5fa","colorBg":"#020617","paused":true,"soundEnabled":false,"soundType":"soft","x":400,"y":300,"vx":0,"vy":0,"dirX":1,"dirY":0,"viewerScreenSize":{"width":800,"height":600}}
[VIEWER MSG] 📦 [VIEWER] command.controllerConnected: 
[VIEWER MSG] 📦 [VIEWER] onStateUpdate received: {"type":"state_update","timestamp":1769601737465,"payload":{"speed":30,"radius":20,"colorBall":"#60a5fa","colorBg":"#020617","paused":true,"soundEnabled":false,"soundType":"soft","x":400,"y":300,"vx":0,"vy":0,"dirX":1,"dirY":0,"viewerScreenSize":{"width":800,"height":600}}}
[VIEWER MSG] 📦 [VIEWER] command extracted: {"speed":30,"radius":20,"colorBall":"#60a5fa","colorBg":"#020617","paused":true,"soundEnabled":false,"soundType":"soft","x":400,"y":300,"vx":0,"vy":0,"dirX":1,"dirY":0,"viewerScreenSize":{"width":800,"height":600}}
[VIEWER MSG] 📦 [VIEWER] command.controllerConnected: 
[VIEWER MSG] 📦 [VIEWER] onStateUpdate received: {"type":"state_update","timestamp":1769601737481,"payload":{"speed":30,"radius":20,"colorBall":"#60a5fa","colorBg":"#020617","paused":true,"soundEnabled":false,"soundType":"soft","x":400,"y":300,"vx":0,"vy":0,"dirX":1,"dirY":0,"viewerScreenSize":{"width":800,"height":600}}}
[VIEWER MSG] 📦 [VIEWER] command extracted: {"speed":30,"radius":20,"colorBall":"#60a5fa","colorBg":"#020617","paused":true,"soundEnabled":false,"soundType":"soft","x":400,"y":300,"vx":0,"vy":0,"dirX":1,"dirY":0,"viewerScreenSize":{"width":800,"height":600}}
[VIEWER MSG] 📦 [VIEWER] command.controllerConnected: 
[VIEWER MSG] 📦 [VIEWER] onStateUpdate received: {"type":"state_update","timestamp":1769601737497,"payload":{"speed":30,"radius":20,"colorBall":"#60a5fa","colorBg":"#020617","paused":true,"soundEnabled":false,"soundType":"soft","x":400,"y":300,"vx":0,"vy":0,"dirX":1,"dirY":0,"viewerScreenSize":{"width":800,"height":600}}}
[VIEWER MSG] 📦 [VIEWER] command extracted: {"speed":30,"radius":20,"colorBall":"#60a5fa","colorBg":"#020617","paused":true,"soundEnabled":false,"soundType":"soft","x":400,"y":300,"vx":0,"vy":0,"dirX":1,"dirY":0,"viewerScreenSize":{"width":800,"height":600}}
[VIEWER MSG] 📦 [VIEWER] command.controllerConnected: 
[VIEWER MSG] 📦 [VIEWER] onStateUpdate received: {"type":"state_update","timestamp":1769601737512,"payload":{"speed":30,"radius":20,"colorBall":"#60a5fa","colorBg":"#020617","paused":true,"soundEnabled":false,"soundType":"soft","x":400,"y":300,"vx":0,"vy":0,"dirX":1,"dirY":0,"viewerScreenSize":{"width":800,"height":600}}}
[VIEWER MSG] 📦 [VIEWER] command extracted: {"speed":30,"radius":20,"colorBall":"#60a5fa","colorBg":"#020617","paused":true,"soundEnabled":false,"soundType":"soft","x":400,"y":300,"vx":0,"vy":0,"dirX":1,"dirY":0,"viewerScreenSize":{"width":800,"height":600}}
[VIEWER MSG] 📦 [VIEWER] command.controllerConnected: 
[VIEWER MSG] 📦 [VIEWER] onStateUpdate received: {"type":"state_update","timestamp":1769601737529,"payload":{"speed":30,"radius":20,"colorBall":"#60a5fa","colorBg":"#020617","paused":true,"soundEnabled":false,"soundType":"soft","x":400,"y":300,"vx":0,"vy":0,"dirX":1,"dirY":0,"viewerScreenSize":{"width":800,"height":600}}}
[VIEWER MSG] 📦 [VIEWER] command extracted: {"speed":30,"radius":20,"colorBall":"#60a5fa","colorBg":"#020617","paused":true,"soundEnabled":false,"soundType":"soft","x":400,"y":300,"vx":0,"vy":0,"dirX":1,"dirY":0,"viewerScreenSize":{"width":800,"height":600}}
[VIEWER MSG] 📦 [VIEWER] command.controllerConnected: 
[VIEWER MSG] 📦 [VIEWER] onStateUpdate received: {"type":"state_update","timestamp":1769601737544,"payload":{"speed":30,"radius":20,"colorBall":"#60a5fa","colorBg":"#020617","paused":true,"soundEnabled":false,"soundType":"soft","x":400,"y":300,"vx":0,"vy":0,"dirX":1,"dirY":0,"viewerScreenSize":{"width":800,"height":600}}}
[VIEWER MSG] 📦 [VIEWER] command extracted: {"speed":30,"radius":20,"colorBall":"#60a5fa","colorBg":"#020617","paused":true,"soundEnabled":false,"soundType":"soft","x":400,"y":300,"vx":0,"vy":0,"dirX":1,"dirY":0,"viewerScreenSize":{"width":800,"height":600}}
[VIEWER MSG] 📦 [VIEWER] command.controllerConnected: 
[VIEWER MSG] 📦 [VIEWER] onStateUpdate received: {"type":"state_update","timestamp":1769601737561,"payload":{"speed":30,"radius":20,"colorBall":"#60a5fa","colorBg":"#020617","paused":true,"soundEnabled":false,"soundType":"soft","x":400,"y":300,"vx":0,"vy":0,"dirX":1,"dirY":0,"viewerScreenSize":{"width":800,"height":600}}}
[VIEWER MSG] 📦 [VIEWER] command extracted: {"speed":30,"radius":20,"colorBall":"#60a5fa","colorBg":"#020617","paused":true,"soundEnabled":false,"soundType":"soft","x":400,"y":300,"vx":0,"vy":0,"dirX":1,"dirY":0,"viewerScreenSize":{"width":800,"height":600}}
[VIEWER MSG] 📦 [VIEWER] command.controllerConnected: 
[VIEWER MSG] 📦 [VIEWER] onStateUpdate received: {"type":"state_update","timestamp":1769601737577,"payload":{"speed":30,"radius":20,"colorBall":"#60a5fa","colorBg":"#020617","paused":true,"soundEnabled":false,"soundType":"soft","x":400,"y":300,"vx":0,"vy":0,"dirX":1,"dirY":0,"viewerScreenSize":{"width":800,"height":600}}}
[VIEWER MSG] 📦 [VIEWER] command extracted: {"speed":30,"radius":20,"colorBall":"#60a5fa","colorBg":"#020617","paused":true,"soundEnabled":false,"soundType":"soft","x":400,"y":300,"vx":0,"vy":0,"dirX":1,"dirY":0,"viewerScreenSize":{"width":800,"height":600}}
[VIEWER MSG] 📦 [VIEWER] command.controllerConnected: 
[VIEWER MSG] 📦 [VIEWER] onStateUpdate received: {"type":"state_update","timestamp":1769601737594,"payload":{"speed":30,"radius":20,"colorBall":"#60a5fa","colorBg":"#020617","paused":true,"soundEnabled":false,"soundType":"soft","x":400,"y":300,"vx":0,"vy":0,"dirX":1,"dirY":0,"viewerScreenSize":{"width":800,"height":600}}}
[VIEWER MSG] 📦 [VIEWER] command extracted: {"speed":30,"radius":20,"colorBall":"#60a5fa","colorBg":"#020617","paused":true,"soundEnabled":false,"soundType":"soft","x":400,"y":300,"vx":0,"vy":0,"dirX":1,"dirY":0,"viewerScreenSize":{"width":800,"height":600}}
[VIEWER MSG] 📦 [VIEWER] command.controllerConnected: 
[VIEWER MSG] 📦 [VIEWER] onStateUpdate received: {"type":"state_update","timestamp":1769601737610,"payload":{"speed":30,"radius":20,"colorBall":"#60a5fa","colorBg":"#020617","paused":true,"soundEnabled":false,"soundType":"soft","x":400,"y":300,"vx":0,"vy":0,"dirX":1,"dirY":0,"viewerScreenSize":{"width":800,"height":600}}}
[VIEWER MSG] 📦 [VIEWER] command extracted: {"speed":30,"radius":20,"colorBall":"#60a5fa","colorBg":"#020617","paused":true,"soundEnabled":false,"soundType":"soft","x":400,"y":300,"vx":0,"vy":0,"dirX":1,"dirY":0,"viewerScreenSize":{"width":800,"height":600}}
[VIEWER MSG] 📦 [VIEWER] command.controllerConnected: 
[VIEWER MSG] 📦 [VIEWER] onStateUpdate received: {"type":"state_update","timestamp":1769601737627,"payload":{"speed":30,"radius":20,"colorBall":"#60a5fa","colorBg":"#020617","paused":true,"soundEnabled":false,"soundType":"soft","x":400,"y":300,"vx":0,"vy":0,"dirX":1,"dirY":0,"viewerScreenSize":{"width":800,"height":600}}}
[VIEWER MSG] 📦 [VIEWER] command extracted: {"speed":30,"radius":20,"colorBall":"#60a5fa","colorBg":"#020617","paused":true,"soundEnabled":false,"soundType":"soft","x":400,"y":300,"vx":0,"vy":0,"dirX":1,"dirY":0,"viewerScreenSize":{"width":800,"height":600}}
[VIEWER MSG] 📦 [VIEWER] command.controllerConnected: 
[VIEWER MSG] 📦 [VIEWER] onStateUpdate received: {"type":"state_update","timestamp":1769601737643,"payload":{"speed":30,"radius":20,"colorBall":"#60a5fa","colorBg":"#020617","paused":true,"soundEnabled":false,"soundType":"soft","x":400,"y":300,"vx":0,"vy":0,"dirX":1,"dirY":0,"viewerScreenSize":{"width":800,"height":600}}}
[VIEWER MSG] 📦 [VIEWER] command extracted: {"speed":30,"radius":20,"colorBall":"#60a5fa","colorBg":"#020617","paused":true,"soundEnabled":false,"soundType":"soft","x":400,"y":300,"vx":0,"vy":0,"dirX":1,"dirY":0,"viewerScreenSize":{"width":800,"height":600}}
[VIEWER MSG] 📦 [VIEWER] command.controllerConnected: 
[VIEWER MSG] 📦 [VIEWER] onStateUpdate received: {"type":"state_update","timestamp":1769601737659,"payload":{"speed":30,"radius":20,"colorBall":"#60a5fa","colorBg":"#020617","paused":true,"soundEnabled":false,"soundType":"soft","x":400,"y":300,"vx":0,"vy":0,"dirX":1,"dirY":0,"viewerScreenSize":{"width":800,"height":600}}}
[VIEWER MSG] 📦 [VIEWER] command extracted: {"speed":30,"radius":20,"colorBall":"#60a5fa","colorBg":"#020617","paused":true,"soundEnabled":false,"soundType":"soft","x":400,"y":300,"vx":0,"vy":0,"dirX":1,"dirY":0,"viewerScreenSize":{"width":800,"height":600}}
[VIEWER MSG] 📦 [VIEWER] command.controllerConnected: 
[VIEWER MSG] 📦 [VIEWER] onStateUpdate received: {"type":"state_update","timestamp":1769601737675,"payload":{"speed":30,"radius":20,"colorBall":"#60a5fa","colorBg":"#020617","paused":true,"soundEnabled":false,"soundType":"soft","x":400,"y":300,"vx":0,"vy":0,"dirX":1,"dirY":0,"viewerScreenSize":{"width":800,"height":600}}}
[VIEWER MSG] 📦 [VIEWER] command extracted: {"speed":30,"radius":20,"colorBall":"#60a5fa","colorBg":"#020617","paused":true,"soundEnabled":false,"soundType":"soft","x":400,"y":300,"vx":0,"vy":0,"dirX":1,"dirY":0,"viewerScreenSize":{"width":800,"height":600}}
[VIEWER MSG] 📦 [VIEWER] command.controllerConnected: 
[VIEWER MSG] 📦 [VIEWER] onStateUpdate received: {"type":"state_update","timestamp":1769601737691,"payload":{"speed":30,"radius":20,"colorBall":"#60a5fa","colorBg":"#020617","paused":true,"soundEnabled":false,"soundType":"soft","x":400,"y":300,"vx":0,"vy":0,"dirX":1,"dirY":0,"viewerScreenSize":{"width":800,"height":600}}}
[VIEWER MSG] 📦 [VIEWER] command extracted: {"speed":30,"radius":20,"colorBall":"#60a5fa","colorBg":"#020617","paused":true,"soundEnabled":false,"soundType":"soft","x":400,"y":300,"vx":0,"vy":0,"dirX":1,"dirY":0,"viewerScreenSize":{"width":800,"height":600}}
[VIEWER MSG] 📦 [VIEWER] command.controllerConnected: 
[VIEWER MSG] 📦 [VIEWER] onStateUpdate received: {"type":"state_update","timestamp":1769601737708,"payload":{"speed":30,"radius":20,"colorBall":"#60a5fa","colorBg":"#020617","paused":true,"soundEnabled":false,"soundType":"soft","x":400,"y":300,"vx":0,"vy":0,"dirX":1,"dirY":0,"viewerScreenSize":{"width":800,"height":600}}}
[VIEWER MSG] 📦 [VIEWER] command extracted: {"speed":30,"radius":20,"colorBall":"#60a5fa","colorBg":"#020617","paused":true,"soundEnabled":false,"soundType":"soft","x":400,"y":300,"vx":0,"vy":0,"dirX":1,"dirY":0,"viewerScreenSize":{"width":800,"height":600}}
[VIEWER MSG] 📦 [VIEWER] command.controllerConnected: 
[VIEWER MSG] 📦 [VIEWER] onStateUpdate received: {"type":"state_update","timestamp":1769601737724,"payload":{"speed":30,"radius":20,"colorBall":"#60a5fa","colorBg":"#020617","paused":true,"soundEnabled":false,"soundType":"soft","x":400,"y":300,"vx":0,"vy":0,"dirX":1,"dirY":0,"viewerScreenSize":{"width":800,"height":600}}}
[VIEWER MSG] 📦 [VIEWER] command extracted: {"speed":30,"radius":20,"colorBall":"#60a5fa","colorBg":"#020617","paused":true,"soundEnabled":false,"soundType":"soft","x":400,"y":300,"vx":0,"vy":0,"dirX":1,"dirY":0,"viewerScreenSize":{"width":800,"height":600}}
[VIEWER MSG] 📦 [VIEWER] command.controllerConnected: 
[VIEWER MSG] 📦 [VIEWER] onStateUpdate received: {"type":"state_update","timestamp":1769601737740,"payload":{"speed":30,"radius":20,"colorBall":"#60a5fa","colorBg":"#020617","paused":true,"soundEnabled":false,"soundType":"soft","x":400,"y":300,"vx":0,"vy":0,"dirX":1,"dirY":0,"viewerScreenSize":{"width":800,"height":600}}}
[VIEWER MSG] 📦 [VIEWER] command extracted: {"speed":30,"radius":20,"colorBall":"#60a5fa","colorBg":"#020617","paused":true,"soundEnabled":false,"soundType":"soft","x":400,"y":300,"vx":0,"vy":0,"dirX":1,"dirY":0,"viewerScreenSize":{"width":800,"height":600}}
[VIEWER MSG] 📦 [VIEWER] command.controllerConnected: 
[VIEWER MSG] 📦 [VIEWER] onStateUpdate received: {"type":"state_update","timestamp":1769601737757,"payload":{"speed":30,"radius":20,"colorBall":"#60a5fa","colorBg":"#020617","paused":true,"soundEnabled":false,"soundType":"soft","x":400,"y":300,"vx":0,"vy":0,"dirX":1,"dirY":0,"viewerScreenSize":{"width":800,"height":600}}}
[VIEWER MSG] 📦 [VIEWER] command extracted: {"speed":30,"radius":20,"colorBall":"#60a5fa","colorBg":"#020617","paused":true,"soundEnabled":false,"soundType":"soft","x":400,"y":300,"vx":0,"vy":0,"dirX":1,"dirY":0,"viewerScreenSize":{"width":800,"height":600}}
[VIEWER MSG] 📦 [VIEWER] command.controllerConnected: 
[VIEWER MSG] 📦 [VIEWER] onStateUpdate received: {"type":"state_update","timestamp":1769601737773,"payload":{"speed":30,"radius":20,"colorBall":"#60a5fa","colorBg":"#020617","paused":true,"soundEnabled":false,"soundType":"soft","x":400,"y":300,"vx":0,"vy":0,"dirX":1,"dirY":0,"viewerScreenSize":{"width":800,"height":600}}}
[VIEWER MSG] 📦 [VIEWER] command extracted: {"speed":30,"radius":20,"colorBall":"#60a5fa","colorBg":"#020617","paused":true,"soundEnabled":false,"soundType":"soft","x":400,"y":300,"vx":0,"vy":0,"dirX":1,"dirY":0,"viewerScreenSize":{"width":800,"height":600}}
[VIEWER MSG] 📦 [VIEWER] command.controllerConnected: 
[VIEWER MSG] 📦 [VIEWER] onStateUpdate received: {"type":"state_update","timestamp":1769601737788,"payload":{"speed":30,"radius":20,"colorBall":"#60a5fa","colorBg":"#020617","paused":true,"soundEnabled":false,"soundType":"soft","x":400,"y":300,"vx":0,"vy":0,"dirX":1,"dirY":0,"viewerScreenSize":{"width":800,"height":600}}}
[VIEWER MSG] 📦 [VIEWER] command extracted: {"speed":30,"radius":20,"colorBall":"#60a5fa","colorBg":"#020617","paused":true,"soundEnabled":false,"soundType":"soft","x":400,"y":300,"vx":0,"vy":0,"dirX":1,"dirY":0,"viewerScreenSize":{"width":800,"height":600}}
[VIEWER MSG] 📦 [VIEWER] command.controllerConnected: 
[VIEWER MSG] 📦 [VIEWER] onStateUpdate received: {"type":"state_update","timestamp":1769601737805,"payload":{"speed":30,"radius":20,"colorBall":"#60a5fa","colorBg":"#020617","paused":true,"soundEnabled":false,"soundType":"soft","x":400,"y":300,"vx":0,"vy":0,"dirX":1,"dirY":0,"viewerScreenSize":{"width":800,"height":600}}}
[VIEWER MSG] 📦 [VIEWER] command extracted: {"speed":30,"radius":20,"colorBall":"#60a5fa","colorBg":"#020617","paused":true,"soundEnabled":false,"soundType":"soft","x":400,"y":300,"vx":0,"vy":0,"dirX":1,"dirY":0,"viewerScreenSize":{"width":800,"height":600}}
[VIEWER MSG] 📦 [VIEWER] command.controllerConnected: 
[VIEWER MSG] 📦 [VIEWER] onStateUpdate received: {"type":"state_update","timestamp":1769601737821,"payload":{"speed":30,"radius":20,"colorBall":"#60a5fa","colorBg":"#020617","paused":true,"soundEnabled":false,"soundType":"soft","x":400,"y":300,"vx":0,"vy":0,"dirX":1,"dirY":0,"viewerScreenSize":{"width":800,"height":600}}}
[VIEWER MSG] 📦 [VIEWER] command extracted: {"speed":30,"radius":20,"colorBall":"#60a5fa","colorBg":"#020617","paused":true,"soundEnabled":false,"soundType":"soft","x":400,"y":300,"vx":0,"vy":0,"dirX":1,"dirY":0,"viewerScreenSize":{"width":800,"height":600}}
[VIEWER MSG] 📦 [VIEWER] command.controllerConnected: 
[VIEWER MSG] 📦 [VIEWER] onStateUpdate received: {"type":"state_update","timestamp":1769601737838,"payload":{"speed":30,"radius":20,"colorBall":"#60a5fa","colorBg":"#020617","paused":true,"soundEnabled":false,"soundType":"soft","x":400,"y":300,"vx":0,"vy":0,"dirX":1,"dirY":0,"viewerScreenSize":{"width":800,"height":600}}}
[VIEWER MSG] 📦 [VIEWER] command extracted: {"speed":30,"radius":20,"colorBall":"#60a5fa","colorBg":"#020617","paused":true,"soundEnabled":false,"soundType":"soft","x":400,"y":300,"vx":0,"vy":0,"dirX":1,"dirY":0,"viewerScreenSize":{"width":800,"height":600}}
[VIEWER MSG] 📦 [VIEWER] command.controllerConnected: 
[VIEWER MSG] 📦 [VIEWER] onStateUpdate received: {"type":"state_update","timestamp":1769601737854,"payload":{"speed":30,"radius":20,"colorBall":"#60a5fa","colorBg":"#020617","paused":true,"soundEnabled":false,"soundType":"soft","x":400,"y":300,"vx":0,"vy":0,"dirX":1,"dirY":0,"viewerScreenSize":{"width":800,"height":600}}}
[VIEWER MSG] 📦 [VIEWER] command extracted: {"speed":30,"radius":20,"colorBall":"#60a5fa","colorBg":"#020617","paused":true,"soundEnabled":false,"soundType":"soft","x":400,"y":300,"vx":0,"vy":0,"dirX":1,"dirY":0,"viewerScreenSize":{"width":800,"height":600}}
[VIEWER MSG] 📦 [VIEWER] command.controllerConnected: 
[VIEWER MSG] 📦 [VIEWER] onStateUpdate received: {"type":"state_update","timestamp":1769601737870,"payload":{"speed":30,"radius":20,"colorBall":"#60a5fa","colorBg":"#020617","paused":true,"soundEnabled":false,"soundType":"soft","x":400,"y":300,"vx":0,"vy":0,"dirX":1,"dirY":0,"viewerScreenSize":{"width":800,"height":600}}}
[VIEWER MSG] 📦 [VIEWER] command extracted: {"speed":30,"radius":20,"colorBall":"#60a5fa","colorBg":"#020617","paused":true,"soundEnabled":false,"soundType":"soft","x":400,"y":300,"vx":0,"vy":0,"dirX":1,"dirY":0,"viewerScreenSize":{"width":800,"height":600}}
[VIEWER MSG] 📦 [VIEWER] command.controllerConnected: 
[VIEWER MSG] 📦 [VIEWER] onStateUpdate received: {"type":"state_update","timestamp":1769601737886,"payload":{"speed":30,"radius":20,"colorBall":"#60a5fa","colorBg":"#020617","paused":true,"soundEnabled":false,"soundType":"soft","x":400,"y":300,"vx":0,"vy":0,"dirX":1,"dirY":0,"viewerScreenSize":{"width":800,"height":600}}}
[VIEWER MSG] 📦 [VIEWER] command extracted: {"speed":30,"radius":20,"colorBall":"#60a5fa","colorBg":"#020617","paused":true,"soundEnabled":false,"soundType":"soft","x":400,"y":300,"vx":0,"vy":0,"dirX":1,"dirY":0,"viewerScreenSize":{"width":800,"height":600}}
[VIEWER MSG] 📦 [VIEWER] command.controllerConnected: 
[VIEWER MSG] 📦 [VIEWER] onStateUpdate received: {"type":"state_update","timestamp":1769601737902,"payload":{"speed":30,"radius":20,"colorBall":"#60a5fa","colorBg":"#020617","paused":true,"soundEnabled":false,"soundType":"soft","x":400,"y":300,"vx":0,"vy":0,"dirX":1,"dirY":0,"viewerScreenSize":{"width":800,"height":600}}}
[VIEWER MSG] 📦 [VIEWER] command extracted: {"speed":30,"radius":20,"colorBall":"#60a5fa","colorBg":"#020617","paused":true,"soundEnabled":false,"soundType":"soft","x":400,"y":300,"vx":0,"vy":0,"dirX":1,"dirY":0,"viewerScreenSize":{"width":800,"height":600}}
[VIEWER MSG] 📦 [VIEWER] command.controllerConnected: 
[VIEWER MSG] 📦 [VIEWER] onStateUpdate received: {"type":"state_update","timestamp":1769601737918,"payload":{"speed":30,"radius":20,"colorBall":"#60a5fa","colorBg":"#020617","paused":true,"soundEnabled":false,"soundType":"soft","x":400,"y":300,"vx":0,"vy":0,"dirX":1,"dirY":0,"viewerScreenSize":{"width":800,"height":600}}}
[VIEWER MSG] 📦 [VIEWER] command extracted: {"speed":30,"radius":20,"colorBall":"#60a5fa","colorBg":"#020617","paused":true,"soundEnabled":false,"soundType":"soft","x":400,"y":300,"vx":0,"vy":0,"dirX":1,"dirY":0,"viewerScreenSize":{"width":800,"height":600}}
[VIEWER MSG] 📦 [VIEWER] command.controllerConnected: 
[VIEWER MSG] 📦 [VIEWER] onStateUpdate received: {"type":"state_update","timestamp":1769601737934,"payload":{"speed":30,"radius":20,"colorBall":"#60a5fa","colorBg":"#020617","paused":true,"soundEnabled":false,"soundType":"soft","x":400,"y":300,"vx":0,"vy":0,"dirX":1,"dirY":0,"viewerScreenSize":{"width":800,"height":600}}}
[VIEWER MSG] 📦 [VIEWER] command extracted: {"speed":30,"radius":20,"colorBall":"#60a5fa","colorBg":"#020617","paused":true,"soundEnabled":false,"soundType":"soft","x":400,"y":300,"vx":0,"vy":0,"dirX":1,"dirY":0,"viewerScreenSize":{"width":800,"height":600}}
[VIEWER MSG] 📦 [VIEWER] command.controllerConnected: 
[VIEWER MSG] 📦 [VIEWER] onStateUpdate received: {"type":"state_update","timestamp":1769601737951,"payload":{"speed":30,"radius":20,"colorBall":"#60a5fa","colorBg":"#020617","paused":true,"soundEnabled":false,"soundType":"soft","x":400,"y":300,"vx":0,"vy":0,"dirX":1,"dirY":0,"viewerScreenSize":{"width":800,"height":600}}}
[VIEWER MSG] 📦 [VIEWER] command extracted: {"speed":30,"radius":20,"colorBall":"#60a5fa","colorBg":"#020617","paused":true,"soundEnabled":false,"soundType":"soft","x":400,"y":300,"vx":0,"vy":0,"dirX":1,"dirY":0,"viewerScreenSize":{"width":800,"height":600}}
[VIEWER MSG] 📦 [VIEWER] command.controllerConnected: 
[VIEWER MSG] 📦 [VIEWER] onStateUpdate received: {"type":"state_update","timestamp":1769601737967,"payload":{"speed":30,"radius":20,"colorBall":"#60a5fa","colorBg":"#020617","paused":true,"soundEnabled":false,"soundType":"soft","x":400,"y":300,"vx":0,"vy":0,"dirX":1,"dirY":0,"viewerScreenSize":{"width":800,"height":600}}}
[VIEWER MSG] 📦 [VIEWER] command extracted: {"speed":30,"radius":20,"colorBall":"#60a5fa","colorBg":"#020617","paused":true,"soundEnabled":false,"soundType":"soft","x":400,"y":300,"vx":0,"vy":0,"dirX":1,"dirY":0,"viewerScreenSize":{"width":800,"height":600}}
[VIEWER MSG] 📦 [VIEWER] command.controllerConnected: 
[VIEWER MSG] 📦 [VIEWER] onStateUpdate received: {"type":"state_update","timestamp":1769601737984,"payload":{"speed":30,"radius":20,"colorBall":"#60a5fa","colorBg":"#020617","paused":true,"soundEnabled":false,"soundType":"soft","x":400,"y":300,"vx":0,"vy":0,"dirX":1,"dirY":0,"viewerScreenSize":{"width":800,"height":600}}}
[VIEWER MSG] 📦 [VIEWER] command extracted: {"speed":30,"radius":20,"colorBall":"#60a5fa","colorBg":"#020617","paused":true,"soundEnabled":false,"soundType":"soft","x":400,"y":300,"vx":0,"vy":0,"dirX":1,"dirY":0,"viewerScreenSize":{"width":800,"height":600}}
[VIEWER MSG] 📦 [VIEWER] command.controllerConnected: 
[VIEWER MSG] 📦 [VIEWER] onStateUpdate received: {"type":"state_update","timestamp":1769601738000,"payload":{"speed":30,"radius":20,"colorBall":"#60a5fa","colorBg":"#020617","paused":true,"soundEnabled":false,"soundType":"soft","x":400,"y":300,"vx":0,"vy":0,"dirX":1,"dirY":0,"viewerScreenSize":{"width":800,"height":600}}}
[VIEWER MSG] 📦 [VIEWER] command extracted: {"speed":30,"radius":20,"colorBall":"#60a5fa","colorBg":"#020617","paused":true,"soundEnabled":false,"soundType":"soft","x":400,"y":300,"vx":0,"vy":0,"dirX":1,"dirY":0,"viewerScreenSize":{"width":800,"height":600}}
[VIEWER MSG] 📦 [VIEWER] command.controllerConnected: 
[VIEWER MSG] 📦 [VIEWER] onStateUpdate received: {"type":"state_update","timestamp":1769601738016,"payload":{"speed":30,"radius":20,"colorBall":"#60a5fa","colorBg":"#020617","paused":true,"soundEnabled":false,"soundType":"soft","x":400,"y":300,"vx":0,"vy":0,"dirX":1,"dirY":0,"viewerScreenSize":{"width":800,"height":600}}}
[VIEWER MSG] 📦 [VIEWER] command extracted: {"speed":30,"radius":20,"colorBall":"#60a5fa","colorBg":"#020617","paused":true,"soundEnabled":false,"soundType":"soft","x":400,"y":300,"vx":0,"vy":0,"dirX":1,"dirY":0,"viewerScreenSize":{"width":800,"height":600}}
[VIEWER MSG] 📦 [VIEWER] command.controllerConnected: 
[VIEWER MSG] 📦 [VIEWER] onStateUpdate received: {"type":"state_update","timestamp":1769601738033,"payload":{"speed":30,"radius":20,"colorBall":"#60a5fa","colorBg":"#020617","paused":true,"soundEnabled":false,"soundType":"soft","x":400,"y":300,"vx":0,"vy":0,"dirX":1,"dirY":0,"viewerScreenSize":{"width":800,"height":600}}}
[VIEWER MSG] 📦 [VIEWER] command extracted: {"speed":30,"radius":20,"colorBall":"#60a5fa","colorBg":"#020617","paused":true,"soundEnabled":false,"soundType":"soft","x":400,"y":300,"vx":0,"vy":0,"dirX":1,"dirY":0,"viewerScreenSize":{"width":800,"height":600}}
[VIEWER MSG] 📦 [VIEWER] command.controllerConnected: 
[VIEWER MSG] 📦 [VIEWER] onStateUpdate received: {"type":"state_update","timestamp":1769601738050,"payload":{"speed":30,"radius":20,"colorBall":"#60a5fa","colorBg":"#020617","paused":true,"soundEnabled":false,"soundType":"soft","x":400,"y":300,"vx":0,"vy":0,"dirX":1,"dirY":0,"viewerScreenSize":{"width":800,"height":600}}}
[VIEWER MSG] 📦 [VIEWER] command extracted: {"speed":30,"radius":20,"colorBall":"#60a5fa","colorBg":"#020617","paused":true,"soundEnabled":false,"soundType":"soft","x":400,"y":300,"vx":0,"vy":0,"dirX":1,"dirY":0,"viewerScreenSize":{"width":800,"height":600}}
[VIEWER MSG] 📦 [VIEWER] command.controllerConnected: 
[VIEWER MSG] 📦 [VIEWER] onStateUpdate received: {"type":"state_update","timestamp":1769601738066,"payload":{"speed":30,"radius":20,"colorBall":"#60a5fa","colorBg":"#020617","paused":true,"soundEnabled":false,"soundType":"soft","x":400,"y":300,"vx":0,"vy":0,"dirX":1,"dirY":0,"viewerScreenSize":{"width":800,"height":600}}}
[VIEWER MSG] 📦 [VIEWER] command extracted: {"speed":30,"radius":20,"colorBall":"#60a5fa","colorBg":"#020617","paused":true,"soundEnabled":false,"soundType":"soft","x":400,"y":300,"vx":0,"vy":0,"dirX":1,"dirY":0,"viewerScreenSize":{"width":800,"height":600}}
[VIEWER MSG] 📦 [VIEWER] command.controllerConnected: 
[VIEWER MSG] 📦 [VIEWER] onStateUpdate received: {"type":"state_update","timestamp":1769601738082,"payload":{"speed":30,"radius":20,"colorBall":"#60a5fa","colorBg":"#020617","paused":true,"soundEnabled":false,"soundType":"soft","x":400,"y":300,"vx":0,"vy":0,"dirX":1,"dirY":0,"viewerScreenSize":{"width":800,"height":600}}}
[VIEWER MSG] 📦 [VIEWER] command extracted: {"speed":30,"radius":20,"colorBall":"#60a5fa","colorBg":"#020617","paused":true,"soundEnabled":false,"soundType":"soft","x":400,"y":300,"vx":0,"vy":0,"dirX":1,"dirY":0,"viewerScreenSize":{"width":800,"height":600}}
[VIEWER MSG] 📦 [VIEWER] command.controllerConnected: 
[VIEWER MSG] 📦 [VIEWER] onStateUpdate received: {"type":"state_update","timestamp":1769601738099,"payload":{"speed":30,"radius":20,"colorBall":"#60a5fa","colorBg":"#020617","paused":true,"soundEnabled":false,"soundType":"soft","x":400,"y":300,"vx":0,"vy":0,"dirX":1,"dirY":0,"viewerScreenSize":{"width":800,"height":600}}}
[VIEWER MSG] 📦 [VIEWER] command extracted: {"speed":30,"radius":20,"colorBall":"#60a5fa","colorBg":"#020617","paused":true,"soundEnabled":false,"soundType":"soft","x":400,"y":300,"vx":0,"vy":0,"dirX":1,"dirY":0,"viewerScreenSize":{"width":800,"height":600}}
[VIEWER MSG] 📦 [VIEWER] command.controllerConnected: 
[VIEWER MSG] 📦 [VIEWER] onStateUpdate received: {"type":"state_update","timestamp":1769601738115,"payload":{"speed":30,"radius":20,"colorBall":"#60a5fa","colorBg":"#020617","paused":true,"soundEnabled":false,"soundType":"soft","x":400,"y":300,"vx":0,"vy":0,"dirX":1,"dirY":0,"viewerScreenSize":{"width":800,"height":600}}}
[VIEWER MSG] 📦 [VIEWER] command extracted: {"speed":30,"radius":20,"colorBall":"#60a5fa","colorBg":"#020617","paused":true,"soundEnabled":false,"soundType":"soft","x":400,"y":300,"vx":0,"vy":0,"dirX":1,"dirY":0,"viewerScreenSize":{"width":800,"height":600}}
[VIEWER MSG] 📦 [VIEWER] command.controllerConnected: 
[VIEWER MSG] 📦 [VIEWER] onStateUpdate received: {"type":"state_update","timestamp":1769601738132,"payload":{"speed":30,"radius":20,"colorBall":"#60a5fa","colorBg":"#020617","paused":true,"soundEnabled":false,"soundType":"soft","x":400,"y":300,"vx":0,"vy":0,"dirX":1,"dirY":0,"viewerScreenSize":{"width":800,"height":600}}}
[VIEWER MSG] 📦 [VIEWER] command extracted: {"speed":30,"radius":20,"colorBall":"#60a5fa","colorBg":"#020617","paused":true,"soundEnabled":false,"soundType":"soft","x":400,"y":300,"vx":0,"vy":0,"dirX":1,"dirY":0,"viewerScreenSize":{"width":800,"height":600}}
[VIEWER MSG] 📦 [VIEWER] command.controllerConnected: 
[VIEWER MSG] 📦 [VIEWER] onStateUpdate received: {"type":"state_update","timestamp":1769601738148,"payload":{"speed":30,"radius":20,"colorBall":"#60a5fa","colorBg":"#020617","paused":true,"soundEnabled":false,"soundType":"soft","x":400,"y":300,"vx":0,"vy":0,"dirX":1,"dirY":0,"viewerScreenSize":{"width":800,"height":600}}}
[VIEWER MSG] 📦 [VIEWER] command extracted: {"speed":30,"radius":20,"colorBall":"#60a5fa","colorBg":"#020617","paused":true,"soundEnabled":false,"soundType":"soft","x":400,"y":300,"vx":0,"vy":0,"dirX":1,"dirY":0,"viewerScreenSize":{"width":800,"height":600}}
[VIEWER MSG] 📦 [VIEWER] command.controllerConnected: 
[VIEWER MSG] 📦 [VIEWER] onStateUpdate received: {"type":"state_update","timestamp":1769601738165,"payload":{"speed":30,"radius":20,"colorBall":"#60a5fa","colorBg":"#020617","paused":true,"soundEnabled":false,"soundType":"soft","x":400,"y":300,"vx":0,"vy":0,"dirX":1,"dirY":0,"viewerScreenSize":{"width":800,"height":600}}}
[VIEWER MSG] 📦 [VIEWER] command extracted: {"speed":30,"radius":20,"colorBall":"#60a5fa","colorBg":"#020617","paused":true,"soundEnabled":false,"soundType":"soft","x":400,"y":300,"vx":0,"vy":0,"dirX":1,"dirY":0,"viewerScreenSize":{"width":800,"height":600}}
[VIEWER MSG] 📦 [VIEWER] command.controllerConnected: 
[VIEWER MSG] 📦 [VIEWER] onStateUpdate received: {"type":"state_update","timestamp":1769601738181,"payload":{"speed":30,"radius":20,"colorBall":"#60a5fa","colorBg":"#020617","paused":true,"soundEnabled":false,"soundType":"soft","x":400,"y":300,"vx":0,"vy":0,"dirX":1,"dirY":0,"viewerScreenSize":{"width":800,"height":600}}}
[VIEWER MSG] 📦 [VIEWER] command extracted: {"speed":30,"radius":20,"colorBall":"#60a5fa","colorBg":"#020617","paused":true,"soundEnabled":false,"soundType":"soft","x":400,"y":300,"vx":0,"vy":0,"dirX":1,"dirY":0,"viewerScreenSize":{"width":800,"height":600}}
[VIEWER MSG] 📦 [VIEWER] command.controllerConnected: 
[VIEWER MSG] 📦 [VIEWER] onStateUpdate received: {"type":"state_update","timestamp":1769601738198,"payload":{"speed":30,"radius":20,"colorBall":"#60a5fa","colorBg":"#020617","paused":true,"soundEnabled":false,"soundType":"soft","x":400,"y":300,"vx":0,"vy":0,"dirX":1,"dirY":0,"viewerScreenSize":{"width":800,"height":600}}}
[VIEWER MSG] 📦 [VIEWER] command extracted: {"speed":30,"radius":20,"colorBall":"#60a5fa","colorBg":"#020617","paused":true,"soundEnabled":false,"soundType":"soft","x":400,"y":300,"vx":0,"vy":0,"dirX":1,"dirY":0,"viewerScreenSize":{"width":800,"height":600}}
[VIEWER MSG] 📦 [VIEWER] command.controllerConnected: 
[VIEWER MSG] 📦 [VIEWER] onStateUpdate received: {"type":"state_update","timestamp":1769601738214,"payload":{"speed":30,"radius":20,"colorBall":"#60a5fa","colorBg":"#020617","paused":true,"soundEnabled":false,"soundType":"soft","x":400,"y":300,"vx":0,"vy":0,"dirX":1,"dirY":0,"viewerScreenSize":{"width":800,"height":600}}}
[VIEWER MSG] 📦 [VIEWER] command extracted: {"speed":30,"radius":20,"colorBall":"#60a5fa","colorBg":"#020617","paused":true,"soundEnabled":false,"soundType":"soft","x":400,"y":300,"vx":0,"vy":0,"dirX":1,"dirY":0,"viewerScreenSize":{"width":800,"height":600}}
[VIEWER MSG] 📦 [VIEWER] command.controllerConnected: 
[VIEWER MSG] 📦 [VIEWER] onStateUpdate received: {"type":"state_update","timestamp":1769601738231,"payload":{"speed":30,"radius":20,"colorBall":"#60a5fa","colorBg":"#020617","paused":true,"soundEnabled":false,"soundType":"soft","x":400,"y":300,"vx":0,"vy":0,"dirX":1,"dirY":0,"viewerScreenSize":{"width":800,"height":600}}}
[VIEWER MSG] 📦 [VIEWER] command extracted: {"speed":30,"radius":20,"colorBall":"#60a5fa","colorBg":"#020617","paused":true,"soundEnabled":false,"soundType":"soft","x":400,"y":300,"vx":0,"vy":0,"dirX":1,"dirY":0,"viewerScreenSize":{"width":800,"height":600}}
[VIEWER MSG] 📦 [VIEWER] command.controllerConnected: 
[VIEWER MSG] 📦 [VIEWER] onStateUpdate received: {"type":"state_update","timestamp":1769601738247,"payload":{"speed":30,"radius":20,"colorBall":"#60a5fa","colorBg":"#020617","paused":true,"soundEnabled":false,"soundType":"soft","x":400,"y":300,"vx":0,"vy":0,"dirX":1,"dirY":0,"viewerScreenSize":{"width":800,"height":600}}}
[VIEWER MSG] 📦 [VIEWER] command extracted: {"speed":30,"radius":20,"colorBall":"#60a5fa","colorBg":"#020617","paused":true,"soundEnabled":false,"soundType":"soft","x":400,"y":300,"vx":0,"vy":0,"dirX":1,"dirY":0,"viewerScreenSize":{"width":800,"height":600}}
[VIEWER MSG] 📦 [VIEWER] command.controllerConnected: 
[VIEWER MSG] 📦 [VIEWER] onStateUpdate received: {"type":"state_update","timestamp":1769601738264,"payload":{"speed":30,"radius":20,"colorBall":"#60a5fa","colorBg":"#020617","paused":true,"soundEnabled":false,"soundType":"soft","x":400,"y":300,"vx":0,"vy":0,"dirX":1,"dirY":0,"viewerScreenSize":{"width":800,"height":600}}}
[VIEWER MSG] 📦 [VIEWER] command extracted: {"speed":30,"radius":20,"colorBall":"#60a5fa","colorBg":"#020617","paused":true,"soundEnabled":false,"soundType":"soft","x":400,"y":300,"vx":0,"vy":0,"dirX":1,"dirY":0,"viewerScreenSize":{"width":800,"height":600}}
[VIEWER MSG] 📦 [VIEWER] command.controllerConnected: 
[VIEWER MSG] 📦 [VIEWER] onStateUpdate received: {"type":"state_update","timestamp":1769601738280,"payload":{"speed":30,"radius":20,"colorBall":"#60a5fa","colorBg":"#020617","paused":true,"soundEnabled":false,"soundType":"soft","x":400,"y":300,"vx":0,"vy":0,"dirX":1,"dirY":0,"viewerScreenSize":{"width":800,"height":600}}}
[VIEWER MSG] 📦 [VIEWER] command extracted: {"speed":30,"radius":20,"colorBall":"#60a5fa","colorBg":"#020617","paused":true,"soundEnabled":false,"soundType":"soft","x":400,"y":300,"vx":0,"vy":0,"dirX":1,"dirY":0,"viewerScreenSize":{"width":800,"height":600}}
[VIEWER MSG] 📦 [VIEWER] command.controllerConnected: 
[VIEWER MSG] 📦 [VIEWER] onStateUpdate received: {"type":"state_update","timestamp":1769601738297,"payload":{"speed":30,"radius":20,"colorBall":"#60a5fa","colorBg":"#020617","paused":true,"soundEnabled":false,"soundType":"soft","x":400,"y":300,"vx":0,"vy":0,"dirX":1,"dirY":0,"viewerScreenSize":{"width":800,"height":600}}}
[VIEWER MSG] 📦 [VIEWER] command extracted: {"speed":30,"radius":20,"colorBall":"#60a5fa","colorBg":"#020617","paused":true,"soundEnabled":false,"soundType":"soft","x":400,"y":300,"vx":0,"vy":0,"dirX":1,"dirY":0,"viewerScreenSize":{"width":800,"height":600}}
[VIEWER MSG] 📦 [VIEWER] command.controllerConnected: 
[VIEWER MSG] 📦 [VIEWER] onStateUpdate received: {"type":"state_update","timestamp":1769601738312,"payload":{"speed":30,"radius":20,"colorBall":"#60a5fa","colorBg":"#020617","paused":true,"soundEnabled":false,"soundType":"soft","x":400,"y":300,"vx":0,"vy":0,"dirX":1,"dirY":0,"viewerScreenSize":{"width":800,"height":600}}}
[VIEWER MSG] 📦 [VIEWER] command extracted: {"speed":30,"radius":20,"colorBall":"#60a5fa","colorBg":"#020617","paused":true,"soundEnabled":false,"soundType":"soft","x":400,"y":300,"vx":0,"vy":0,"dirX":1,"dirY":0,"viewerScreenSize":{"width":800,"height":600}}
[VIEWER MSG] 📦 [VIEWER] command.controllerConnected: 
[VIEWER MSG] 📦 [VIEWER] onStateUpdate received: {"type":"state_update","timestamp":1769601738329,"payload":{"speed":30,"radius":20,"colorBall":"#60a5fa","colorBg":"#020617","paused":true,"soundEnabled":false,"soundType":"soft","x":400,"y":300,"vx":0,"vy":0,"dirX":1,"dirY":0,"viewerScreenSize":{"width":800,"height":600}}}
[VIEWER MSG] 📦 [VIEWER] command extracted: {"speed":30,"radius":20,"colorBall":"#60a5fa","colorBg":"#020617","paused":true,"soundEnabled":false,"soundType":"soft","x":400,"y":300,"vx":0,"vy":0,"dirX":1,"dirY":0,"viewerScreenSize":{"width":800,"height":600}}
[VIEWER MSG] 📦 [VIEWER] command.controllerConnected: 
[VIEWER MSG] 📦 [VIEWER] onStateUpdate received: {"type":"state_update","timestamp":1769601738345,"payload":{"speed":30,"radius":20,"colorBall":"#60a5fa","colorBg":"#020617","paused":true,"soundEnabled":false,"soundType":"soft","x":400,"y":300,"vx":0,"vy":0,"dirX":1,"dirY":0,"viewerScreenSize":{"width":800,"height":600}}}
[VIEWER MSG] 📦 [VIEWER] command extracted: {"speed":30,"radius":20,"colorBall":"#60a5fa","colorBg":"#020617","paused":true,"soundEnabled":false,"soundType":"soft","x":400,"y":300,"vx":0,"vy":0,"dirX":1,"dirY":0,"viewerScreenSize":{"width":800,"height":600}}
[VIEWER MSG] 📦 [VIEWER] command.controllerConnected: 
[VIEWER MSG] 📦 [VIEWER] onStateUpdate received: {"type":"state_update","timestamp":1769601738362,"payload":{"speed":30,"radius":20,"colorBall":"#60a5fa","colorBg":"#020617","paused":true,"soundEnabled":false,"soundType":"soft","x":400,"y":300,"vx":0,"vy":0,"dirX":1,"dirY":0,"viewerScreenSize":{"width":800,"height":600}}}
[VIEWER MSG] 📦 [VIEWER] command extracted: {"speed":30,"radius":20,"colorBall":"#60a5fa","colorBg":"#020617","paused":true,"soundEnabled":false,"soundType":"soft","x":400,"y":300,"vx":0,"vy":0,"dirX":1,"dirY":0,"viewerScreenSize":{"width":800,"height":600}}
[VIEWER MSG] 📦 [VIEWER] command.controllerConnected: 
[VIEWER MSG] 📦 [VIEWER] onStateUpdate received: {"type":"state_update","timestamp":1769601738378,"payload":{"speed":30,"radius":20,"colorBall":"#60a5fa","colorBg":"#020617","paused":true,"soundEnabled":false,"soundType":"soft","x":400,"y":300,"vx":0,"vy":0,"dirX":1,"dirY":0,"viewerScreenSize":{"width":800,"height":600}}}
[VIEWER MSG] 📦 [VIEWER] command extracted: {"speed":30,"radius":20,"colorBall":"#60a5fa","colorBg":"#020617","paused":true,"soundEnabled":false,"soundType":"soft","x":400,"y":300,"vx":0,"vy":0,"dirX":1,"dirY":0,"viewerScreenSize":{"width":800,"height":600}}
[VIEWER MSG] 📦 [VIEWER] command.controllerConnected: 
[VIEWER MSG] 📦 [VIEWER] onStateUpdate received: {"type":"state_update","timestamp":1769601738394,"payload":{"speed":30,"radius":20,"colorBall":"#60a5fa","colorBg":"#020617","paused":true,"soundEnabled":false,"soundType":"soft","x":400,"y":300,"vx":0,"vy":0,"dirX":1,"dirY":0,"viewerScreenSize":{"width":800,"height":600}}}
[VIEWER MSG] 📦 [VIEWER] command extracted: {"speed":30,"radius":20,"colorBall":"#60a5fa","colorBg":"#020617","paused":true,"soundEnabled":false,"soundType":"soft","x":400,"y":300,"vx":0,"vy":0,"dirX":1,"dirY":0,"viewerScreenSize":{"width":800,"height":600}}
[VIEWER MSG] 📦 [VIEWER] command.controllerConnected: 
[VIEWER MSG] 📦 [VIEWER] onStateUpdate received: {"type":"state_update","timestamp":1769601738411,"payload":{"speed":30,"radius":20,"colorBall":"#60a5fa","colorBg":"#020617","paused":true,"soundEnabled":false,"soundType":"soft","x":400,"y":300,"vx":0,"vy":0,"dirX":1,"dirY":0,"viewerScreenSize":{"width":800,"height":600}}}
[VIEWER MSG] 📦 [VIEWER] command extracted: {"speed":30,"radius":20,"colorBall":"#60a5fa","colorBg":"#020617","paused":true,"soundEnabled":false,"soundType":"soft","x":400,"y":300,"vx":0,"vy":0,"dirX":1,"dirY":0,"viewerScreenSize":{"width":800,"height":600}}
[VIEWER MSG] 📦 [VIEWER] command.controllerConnected: 
[VIEWER MSG] 📦 [VIEWER] onStateUpdate received: {"type":"state_update","timestamp":1769601738427,"payload":{"speed":30,"radius":20,"colorBall":"#60a5fa","colorBg":"#020617","paused":true,"soundEnabled":false,"soundType":"soft","x":400,"y":300,"vx":0,"vy":0,"dirX":1,"dirY":0,"viewerScreenSize":{"width":800,"height":600}}}
[VIEWER MSG] 📦 [VIEWER] command extracted: {"speed":30,"radius":20,"colorBall":"#60a5fa","colorBg":"#020617","paused":true,"soundEnabled":false,"soundType":"soft","x":400,"y":300,"vx":0,"vy":0,"dirX":1,"dirY":0,"viewerScreenSize":{"width":800,"height":600}}
[VIEWER MSG] 📦 [VIEWER] command.controllerConnected: 
[VIEWER MSG] 📦 [VIEWER] onStateUpdate received: {"type":"state_update","timestamp":1769601738444,"payload":{"speed":30,"radius":20,"colorBall":"#60a5fa","colorBg":"#020617","paused":true,"soundEnabled":false,"soundType":"soft","x":400,"y":300,"vx":0,"vy":0,"dirX":1,"dirY":0,"viewerScreenSize":{"width":800,"height":600}}}
[VIEWER MSG] 📦 [VIEWER] command extracted: {"speed":30,"radius":20,"colorBall":"#60a5fa","colorBg":"#020617","paused":true,"soundEnabled":false,"soundType":"soft","x":400,"y":300,"vx":0,"vy":0,"dirX":1,"dirY":0,"viewerScreenSize":{"width":800,"height":600}}
[VIEWER MSG] 📦 [VIEWER] command.controllerConnected: 
[VIEWER MSG] 📦 [VIEWER] onStateUpdate received: {"type":"state_update","timestamp":1769601738460,"payload":{"speed":30,"radius":20,"colorBall":"#60a5fa","colorBg":"#020617","paused":true,"soundEnabled":false,"soundType":"soft","x":400,"y":300,"vx":0,"vy":0,"dirX":1,"dirY":0,"viewerScreenSize":{"width":800,"height":600}}}
[VIEWER MSG] 📦 [VIEWER] command extracted: {"speed":30,"radius":20,"colorBall":"#60a5fa","colorBg":"#020617","paused":true,"soundEnabled":false,"soundType":"soft","x":400,"y":300,"vx":0,"vy":0,"dirX":1,"dirY":0,"viewerScreenSize":{"width":800,"height":600}}
[VIEWER MSG] 📦 [VIEWER] command.controllerConnected: 
[VIEWER MSG] 📦 [VIEWER] onStateUpdate received: {"type":"state_update","timestamp":1769601738476,"payload":{"speed":30,"radius":20,"colorBall":"#60a5fa","colorBg":"#020617","paused":true,"soundEnabled":false,"soundType":"soft","x":400,"y":300,"vx":0,"vy":0,"dirX":1,"dirY":0,"viewerScreenSize":{"width":800,"height":600}}}
[VIEWER MSG] 📦 [VIEWER] command extracted: {"speed":30,"radius":20,"colorBall":"#60a5fa","colorBg":"#020617","paused":true,"soundEnabled":false,"soundType":"soft","x":400,"y":300,"vx":0,"vy":0,"dirX":1,"dirY":0,"viewerScreenSize":{"width":800,"height":600}}
[VIEWER MSG] 📦 [VIEWER] command.controllerConnected: 
[VIEWER MSG] 📦 [VIEWER] onStateUpdate received: {"type":"state_update","timestamp":1769601738493,"payload":{"speed":30,"radius":20,"colorBall":"#60a5fa","colorBg":"#020617","paused":true,"soundEnabled":false,"soundType":"soft","x":400,"y":300,"vx":0,"vy":0,"dirX":1,"dirY":0,"viewerScreenSize":{"width":800,"height":600}}}
[VIEWER MSG] 📦 [VIEWER] command extracted: {"speed":30,"radius":20,"colorBall":"#60a5fa","colorBg":"#020617","paused":true,"soundEnabled":false,"soundType":"soft","x":400,"y":300,"vx":0,"vy":0,"dirX":1,"dirY":0,"viewerScreenSize":{"width":800,"height":600}}
[VIEWER MSG] 📦 [VIEWER] command.controllerConnected: 
[VIEWER MSG] 📦 [VIEWER] onStateUpdate received: {"type":"state_update","timestamp":1769601738509,"payload":{"speed":30,"radius":20,"colorBall":"#60a5fa","colorBg":"#020617","paused":true,"soundEnabled":false,"soundType":"soft","x":400,"y":300,"vx":0,"vy":0,"dirX":1,"dirY":0,"viewerScreenSize":{"width":800,"height":600}}}
[VIEWER MSG] 📦 [VIEWER] command extracted: {"speed":30,"radius":20,"colorBall":"#60a5fa","colorBg":"#020617","paused":true,"soundEnabled":false,"soundType":"soft","x":400,"y":300,"vx":0,"vy":0,"dirX":1,"dirY":0,"viewerScreenSize":{"width":800,"height":600}}
[VIEWER MSG] 📦 [VIEWER] command.controllerConnected: 
[VIEWER MSG] 📦 [VIEWER] onStateUpdate received: {"type":"state_update","timestamp":1769601738526,"payload":{"speed":30,"radius":20,"colorBall":"#60a5fa","colorBg":"#020617","paused":true,"soundEnabled":false,"soundType":"soft","x":400,"y":300,"vx":0,"vy":0,"dirX":1,"dirY":0,"viewerScreenSize":{"width":800,"height":600}}}
[VIEWER MSG] 📦 [VIEWER] command extracted: {"speed":30,"radius":20,"colorBall":"#60a5fa","colorBg":"#020617","paused":true,"soundEnabled":false,"soundType":"soft","x":400,"y":300,"vx":0,"vy":0,"dirX":1,"dirY":0,"viewerScreenSize":{"width":800,"height":600}}
[VIEWER MSG] 📦 [VIEWER] command.controllerConnected: 
[VIEWER MSG] 📦 [VIEWER] onStateUpdate received: {"type":"state_update","timestamp":1769601738543,"payload":{"speed":30,"radius":20,"colorBall":"#60a5fa","colorBg":"#020617","paused":true,"soundEnabled":false,"soundType":"soft","x":400,"y":300,"vx":0,"vy":0,"dirX":1,"dirY":0,"viewerScreenSize":{"width":800,"height":600}}}
[VIEWER MSG] 📦 [VIEWER] command extracted: {"speed":30,"radius":20,"colorBall":"#60a5fa","colorBg":"#020617","paused":true,"soundEnabled":false,"soundType":"soft","x":400,"y":300,"vx":0,"vy":0,"dirX":1,"dirY":0,"viewerScreenSize":{"width":800,"height":600}}
[VIEWER MSG] 📦 [VIEWER] command.controllerConnected: 
[VIEWER MSG] 📦 [VIEWER] onStateUpdate received: {"type":"state_update","timestamp":1769601738560,"payload":{"speed":30,"radius":20,"colorBall":"#60a5fa","colorBg":"#020617","paused":true,"soundEnabled":false,"soundType":"soft","x":400,"y":300,"vx":0,"vy":0,"dirX":1,"dirY":0,"viewerScreenSize":{"width":800,"height":600}}}
[VIEWER MSG] 📦 [VIEWER] command extracted: {"speed":30,"radius":20,"colorBall":"#60a5fa","colorBg":"#020617","paused":true,"soundEnabled":false,"soundType":"soft","x":400,"y":300,"vx":0,"vy":0,"dirX":1,"dirY":0,"viewerScreenSize":{"width":800,"height":600}}
[VIEWER MSG] 📦 [VIEWER] command.controllerConnected: 
[VIEWER MSG] 📦 [VIEWER] onStateUpdate received: {"type":"state_update","timestamp":1769601738576,"payload":{"speed":30,"radius":20,"colorBall":"#60a5fa","colorBg":"#020617","paused":true,"soundEnabled":false,"soundType":"soft","x":400,"y":300,"vx":0,"vy":0,"dirX":1,"dirY":0,"viewerScreenSize":{"width":800,"height":600}}}
[VIEWER MSG] 📦 [VIEWER] command extracted: {"speed":30,"radius":20,"colorBall":"#60a5fa","colorBg":"#020617","paused":true,"soundEnabled":false,"soundType":"soft","x":400,"y":300,"vx":0,"vy":0,"dirX":1,"dirY":0,"viewerScreenSize":{"width":800,"height":600}}
[VIEWER MSG] 📦 [VIEWER] command.controllerConnected: 
[VIEWER MSG] 📦 [VIEWER] onStateUpdate received: {"type":"state_update","timestamp":1769601738593,"payload":{"speed":30,"radius":20,"colorBall":"#60a5fa","colorBg":"#020617","paused":true,"soundEnabled":false,"soundType":"soft","x":400,"y":300,"vx":0,"vy":0,"dirX":1,"dirY":0,"viewerScreenSize":{"width":800,"height":600}}}
[VIEWER MSG] 📦 [VIEWER] command extracted: {"speed":30,"radius":20,"colorBall":"#60a5fa","colorBg":"#020617","paused":true,"soundEnabled":false,"soundType":"soft","x":400,"y":300,"vx":0,"vy":0,"dirX":1,"dirY":0,"viewerScreenSize":{"width":800,"height":600}}
[VIEWER MSG] 📦 [VIEWER] command.controllerConnected: 
[VIEWER MSG] 📦 [VIEWER] onStateUpdate received: {"type":"state_update","timestamp":1769601738609,"payload":{"speed":30,"radius":20,"colorBall":"#60a5fa","colorBg":"#020617","paused":true,"soundEnabled":false,"soundType":"soft","x":400,"y":300,"vx":0,"vy":0,"dirX":1,"dirY":0,"viewerScreenSize":{"width":800,"height":600}}}
[VIEWER MSG] 📦 [VIEWER] command extracted: {"speed":30,"radius":20,"colorBall":"#60a5fa","colorBg":"#020617","paused":true,"soundEnabled":false,"soundType":"soft","x":400,"y":300,"vx":0,"vy":0,"dirX":1,"dirY":0,"viewerScreenSize":{"width":800,"height":600}}
[VIEWER MSG] 📦 [VIEWER] command.controllerConnected: 
[VIEWER MSG] 📦 [VIEWER] onStateUpdate received: {"type":"state_update","timestamp":1769601738626,"payload":{"speed":30,"radius":20,"colorBall":"#60a5fa","colorBg":"#020617","paused":true,"soundEnabled":false,"soundType":"soft","x":400,"y":300,"vx":0,"vy":0,"dirX":1,"dirY":0,"viewerScreenSize":{"width":800,"height":600}}}
[VIEWER MSG] 📦 [VIEWER] command extracted: {"speed":30,"radius":20,"colorBall":"#60a5fa","colorBg":"#020617","paused":true,"soundEnabled":false,"soundType":"soft","x":400,"y":300,"vx":0,"vy":0,"dirX":1,"dirY":0,"viewerScreenSize":{"width":800,"height":600}}
[VIEWER MSG] 📦 [VIEWER] command.controllerConnected: 
[VIEWER MSG] 📦 [VIEWER] onStateUpdate received: {"type":"state_update","timestamp":1769601738642,"payload":{"speed":30,"radius":20,"colorBall":"#60a5fa","colorBg":"#020617","paused":true,"soundEnabled":false,"soundType":"soft","x":400,"y":300,"vx":0,"vy":0,"dirX":1,"dirY":0,"viewerScreenSize":{"width":800,"height":600}}}
[VIEWER MSG] 📦 [VIEWER] command extracted: {"speed":30,"radius":20,"colorBall":"#60a5fa","colorBg":"#020617","paused":true,"soundEnabled":false,"soundType":"soft","x":400,"y":300,"vx":0,"vy":0,"dirX":1,"dirY":0,"viewerScreenSize":{"width":800,"height":600}}
[VIEWER MSG] 📦 [VIEWER] command.controllerConnected: 
[VIEWER MSG] 📦 [VIEWER] onStateUpdate received: {"type":"state_update","timestamp":1769601738659,"payload":{"speed":30,"radius":20,"colorBall":"#60a5fa","colorBg":"#020617","paused":true,"soundEnabled":false,"soundType":"soft","x":400,"y":300,"vx":0,"vy":0,"dirX":1,"dirY":0,"viewerScreenSize":{"width":800,"height":600}}}
[VIEWER MSG] 📦 [VIEWER] command extracted: {"speed":30,"radius":20,"colorBall":"#60a5fa","colorBg":"#020617","paused":true,"soundEnabled":false,"soundType":"soft","x":400,"y":300,"vx":0,"vy":0,"dirX":1,"dirY":0,"viewerScreenSize":{"width":800,"height":600}}
[VIEWER MSG] 📦 [VIEWER] command.controllerConnected: 
[VIEWER MSG] 📦 [VIEWER] onStateUpdate received: {"type":"state_update","timestamp":1769601738675,"payload":{"speed":30,"radius":20,"colorBall":"#60a5fa","colorBg":"#020617","paused":true,"soundEnabled":false,"soundType":"soft","x":400,"y":300,"vx":0,"vy":0,"dirX":1,"dirY":0,"viewerScreenSize":{"width":800,"height":600}}}
[VIEWER MSG] 📦 [VIEWER] command extracted: {"speed":30,"radius":20,"colorBall":"#60a5fa","colorBg":"#020617","paused":true,"soundEnabled":false,"soundType":"soft","x":400,"y":300,"vx":0,"vy":0,"dirX":1,"dirY":0,"viewerScreenSize":{"width":800,"height":600}}
[VIEWER MSG] 📦 [VIEWER] command.controllerConnected: 
[VIEWER MSG] 📦 [VIEWER] onStateUpdate received: {"type":"state_update","timestamp":1769601738691,"payload":{"speed":30,"radius":20,"colorBall":"#60a5fa","colorBg":"#020617","paused":true,"soundEnabled":false,"soundType":"soft","x":400,"y":300,"vx":0,"vy":0,"dirX":1,"dirY":0,"viewerScreenSize":{"width":800,"height":600}}}
[VIEWER MSG] 📦 [VIEWER] command extracted: {"speed":30,"radius":20,"colorBall":"#60a5fa","colorBg":"#020617","paused":true,"soundEnabled":false,"soundType":"soft","x":400,"y":300,"vx":0,"vy":0,"dirX":1,"dirY":0,"viewerScreenSize":{"width":800,"height":600}}
[VIEWER MSG] 📦 [VIEWER] command.controllerConnected: 
[VIEWER MSG] 📦 [VIEWER] onStateUpdate received: {"type":"state_update","timestamp":1769601738708,"payload":{"speed":30,"radius":20,"colorBall":"#60a5fa","colorBg":"#020617","paused":true,"soundEnabled":false,"soundType":"soft","x":400,"y":300,"vx":0,"vy":0,"dirX":1,"dirY":0,"viewerScreenSize":{"width":800,"height":600}}}
[VIEWER MSG] 📦 [VIEWER] command extracted: {"speed":30,"radius":20,"colorBall":"#60a5fa","colorBg":"#020617","paused":true,"soundEnabled":false,"soundType":"soft","x":400,"y":300,"vx":0,"vy":0,"dirX":1,"dirY":0,"viewerScreenSize":{"width":800,"height":600}}
[VIEWER MSG] 📦 [VIEWER] command.controllerConnected: 
[VIEWER MSG] 📦 [VIEWER] onStateUpdate received: {"type":"state_update","timestamp":1769601738724,"payload":{"speed":30,"radius":20,"colorBall":"#60a5fa","colorBg":"#020617","paused":true,"soundEnabled":false,"soundType":"soft","x":400,"y":300,"vx":0,"vy":0,"dirX":1,"dirY":0,"viewerScreenSize":{"width":800,"height":600}}}
[VIEWER MSG] 📦 [VIEWER] command extracted: {"speed":30,"radius":20,"colorBall":"#60a5fa","colorBg":"#020617","paused":true,"soundEnabled":false,"soundType":"soft","x":400,"y":300,"vx":0,"vy":0,"dirX":1,"dirY":0,"viewerScreenSize":{"width":800,"height":600}}
[VIEWER MSG] 📦 [VIEWER] command.controllerConnected: 
[VIEWER MSG] 📦 [VIEWER] onStateUpdate received: {"type":"state_update","timestamp":1769601738741,"payload":{"speed":30,"radius":20,"colorBall":"#60a5fa","colorBg":"#020617","paused":true,"soundEnabled":false,"soundType":"soft","x":400,"y":300,"vx":0,"vy":0,"dirX":1,"dirY":0,"viewerScreenSize":{"width":800,"height":600}}}
[VIEWER MSG] 📦 [VIEWER] command extracted: {"speed":30,"radius":20,"colorBall":"#60a5fa","colorBg":"#020617","paused":true,"soundEnabled":false,"soundType":"soft","x":400,"y":300,"vx":0,"vy":0,"dirX":1,"dirY":0,"viewerScreenSize":{"width":800,"height":600}}
[VIEWER MSG] 📦 [VIEWER] command.controllerConnected: 
[VIEWER MSG] 📦 [VIEWER] onStateUpdate received: {"type":"state_update","timestamp":1769601738757,"payload":{"speed":30,"radius":20,"colorBall":"#60a5fa","colorBg":"#020617","paused":true,"soundEnabled":false,"soundType":"soft","x":400,"y":300,"vx":0,"vy":0,"dirX":1,"dirY":0,"viewerScreenSize":{"width":800,"height":600}}}
[VIEWER MSG] 📦 [VIEWER] command extracted: {"speed":30,"radius":20,"colorBall":"#60a5fa","colorBg":"#020617","paused":true,"soundEnabled":false,"soundType":"soft","x":400,"y":300,"vx":0,"vy":0,"dirX":1,"dirY":0,"viewerScreenSize":{"width":800,"height":600}}
[VIEWER MSG] 📦 [VIEWER] command.controllerConnected: 
   Sent Speed: 85, Viewer Speed (approx): 30

🧪 Test 4: Color Sync
[VIEWER MSG] 📦 [VIEWER] onStateUpdate received: {"type":"state_update","timestamp":1769601738773,"payload":{"speed":30,"radius":20,"colorBall":"#60a5fa","colorBg":"#020617","paused":true,"soundEnabled":false,"soundType":"soft","x":400,"y":300,"vx":0,"vy":0,"dirX":1,"dirY":0,"viewerScreenSize":{"width":800,"height":600}}}
[VIEWER MSG] 📦 [VIEWER] command extracted: {"speed":30,"radius":20,"colorBall":"#60a5fa","colorBg":"#020617","paused":true,"soundEnabled":false,"soundType":"soft","x":400,"y":300,"vx":0,"vy":0,"dirX":1,"dirY":0,"viewerScreenSize":{"width":800,"height":600}}
[VIEWER MSG] 📦 [VIEWER] command.controllerConnected: 
[VIEWER MSG] 📦 [VIEWER] onStateUpdate received: {"type":"state_update","timestamp":1769601738790,"payload":{"speed":30,"radius":20,"colorBall":"#60a5fa","colorBg":"#020617","paused":true,"soundEnabled":false,"soundType":"soft","x":400,"y":300,"vx":0,"vy":0,"dirX":1,"dirY":0,"viewerScreenSize":{"width":800,"height":600}}}
[VIEWER MSG] 📦 [VIEWER] command extracted: {"speed":30,"radius":20,"colorBall":"#60a5fa","colorBg":"#020617","paused":true,"soundEnabled":false,"soundType":"soft","x":400,"y":300,"vx":0,"vy":0,"dirX":1,"dirY":0,"viewerScreenSize":{"width":800,"height":600}}
[VIEWER MSG] 📦 [VIEWER] command.controllerConnected: 
[VIEWER MSG] 📦 [VIEWER] onStateUpdate received: {"type":"state_update","timestamp":1769601738806,"payload":{"speed":30,"radius":20,"colorBall":"#60a5fa","colorBg":"#020617","paused":true,"soundEnabled":false,"soundType":"soft","x":400,"y":300,"vx":0,"vy":0,"dirX":1,"dirY":0,"viewerScreenSize":{"width":800,"height":600}}}
[VIEWER MSG] 📦 [VIEWER] command extracted: {"speed":30,"radius":20,"colorBall":"#60a5fa","colorBg":"#020617","paused":true,"soundEnabled":false,"soundType":"soft","x":400,"y":300,"vx":0,"vy":0,"dirX":1,"dirY":0,"viewerScreenSize":{"width":800,"height":600}}
[VIEWER MSG] 📦 [VIEWER] command.controllerConnected: 
[VIEWER MSG] 📦 [VIEWER] onStateUpdate received: {"type":"state_update","timestamp":1769601738823,"payload":{"speed":30,"radius":20,"colorBall":"#60a5fa","colorBg":"#020617","paused":true,"soundEnabled":false,"soundType":"soft","x":400,"y":300,"vx":0,"vy":0,"dirX":1,"dirY":0,"viewerScreenSize":{"width":800,"height":600}}}
[VIEWER MSG] 📦 [VIEWER] command extracted: {"speed":30,"radius":20,"colorBall":"#60a5fa","colorBg":"#020617","paused":true,"soundEnabled":false,"soundType":"soft","x":400,"y":300,"vx":0,"vy":0,"dirX":1,"dirY":0,"viewerScreenSize":{"width":800,"height":600}}
[VIEWER MSG] 📦 [VIEWER] command.controllerConnected: 
[VIEWER MSG] 📦 [VIEWER] onStateUpdate received: {"type":"state_update","timestamp":1769601738839,"payload":{"speed":30,"radius":20,"colorBall":"#60a5fa","colorBg":"#020617","paused":true,"soundEnabled":false,"soundType":"soft","x":400,"y":300,"vx":0,"vy":0,"dirX":1,"dirY":0,"viewerScreenSize":{"width":800,"height":600}}}
[VIEWER MSG] 📦 [VIEWER] command extracted: {"speed":30,"radius":20,"colorBall":"#60a5fa","colorBg":"#020617","paused":true,"soundEnabled":false,"soundType":"soft","x":400,"y":300,"vx":0,"vy":0,"dirX":1,"dirY":0,"viewerScreenSize":{"width":800,"height":600}}
[VIEWER MSG] 📦 [VIEWER] command.controllerConnected: 
[VIEWER MSG] 📦 [VIEWER] onStateUpdate received: {"type":"state_update","timestamp":1769601738855,"payload":{"speed":30,"radius":20,"colorBall":"#60a5fa","colorBg":"#020617","paused":true,"soundEnabled":false,"soundType":"soft","x":400,"y":300,"vx":0,"vy":0,"dirX":1,"dirY":0,"viewerScreenSize":{"width":800,"height":600}}}
[VIEWER MSG] 📦 [VIEWER] command extracted: {"speed":30,"radius":20,"colorBall":"#60a5fa","colorBg":"#020617","paused":true,"soundEnabled":false,"soundType":"soft","x":400,"y":300,"vx":0,"vy":0,"dirX":1,"dirY":0,"viewerScreenSize":{"width":800,"height":600}}
[VIEWER MSG] 📦 [VIEWER] command.controllerConnected: 
[VIEWER MSG] 📦 [VIEWER] onStateUpdate received: {"type":"state_update","timestamp":1769601738871,"payload":{"speed":30,"radius":20,"colorBall":"#60a5fa","colorBg":"#020617","paused":true,"soundEnabled":false,"soundType":"soft","x":400,"y":300,"vx":0,"vy":0,"dirX":1,"dirY":0,"viewerScreenSize":{"width":800,"height":600}}}
[VIEWER MSG] 📦 [VIEWER] command extracted: {"speed":30,"radius":20,"colorBall":"#60a5fa","colorBg":"#020617","paused":true,"soundEnabled":false,"soundType":"soft","x":400,"y":300,"vx":0,"vy":0,"dirX":1,"dirY":0,"viewerScreenSize":{"width":800,"height":600}}
[VIEWER MSG] 📦 [VIEWER] command.controllerConnected: 
[VIEWER MSG] 📦 [VIEWER] onStateUpdate received: {"type":"state_update","timestamp":1769601738886,"payload":{"speed":30,"radius":20,"colorBall":"#60a5fa","colorBg":"#020617","paused":true,"soundEnabled":false,"soundType":"soft","x":400,"y":300,"vx":0,"vy":0,"dirX":1,"dirY":0,"viewerScreenSize":{"width":800,"height":600}}}
[VIEWER MSG] 📦 [VIEWER] command extracted: {"speed":30,"radius":20,"colorBall":"#60a5fa","colorBg":"#020617","paused":true,"soundEnabled":false,"soundType":"soft","x":400,"y":300,"vx":0,"vy":0,"dirX":1,"dirY":0,"viewerScreenSize":{"width":800,"height":600}}
[VIEWER MSG] 📦 [VIEWER] command.controllerConnected: 
[VIEWER MSG] 📦 [VIEWER] onStateUpdate received: {"type":"state_update","timestamp":1769601738903,"payload":{"speed":30,"radius":20,"colorBall":"#60a5fa","colorBg":"#020617","paused":true,"soundEnabled":false,"soundType":"soft","x":400,"y":300,"vx":0,"vy":0,"dirX":1,"dirY":0,"viewerScreenSize":{"width":800,"height":600}}}
[VIEWER MSG] 📦 [VIEWER] command extracted: {"speed":30,"radius":20,"colorBall":"#60a5fa","colorBg":"#020617","paused":true,"soundEnabled":false,"soundType":"soft","x":400,"y":300,"vx":0,"vy":0,"dirX":1,"dirY":0,"viewerScreenSize":{"width":800,"height":600}}
[VIEWER MSG] 📦 [VIEWER] command.controllerConnected: 
[VIEWER MSG] 📦 [VIEWER] onStateUpdate received: {"type":"state_update","timestamp":1769601738919,"payload":{"speed":30,"radius":20,"colorBall":"#60a5fa","colorBg":"#020617","paused":true,"soundEnabled":false,"soundType":"soft","x":400,"y":300,"vx":0,"vy":0,"dirX":1,"dirY":0,"viewerScreenSize":{"width":800,"height":600}}}
[VIEWER MSG] 📦 [VIEWER] command extracted: {"speed":30,"radius":20,"colorBall":"#60a5fa","colorBg":"#020617","paused":true,"soundEnabled":false,"soundType":"soft","x":400,"y":300,"vx":0,"vy":0,"dirX":1,"dirY":0,"viewerScreenSize":{"width":800,"height":600}}
[VIEWER MSG] 📦 [VIEWER] command.controllerConnected: 
[VIEWER MSG] 📦 [VIEWER] onStateUpdate received: {"type":"state_update","timestamp":1769601738936,"payload":{"speed":30,"radius":20,"colorBall":"#60a5fa","colorBg":"#020617","paused":true,"soundEnabled":false,"soundType":"soft","x":400,"y":300,"vx":0,"vy":0,"dirX":1,"dirY":0,"viewerScreenSize":{"width":800,"height":600}}}
[VIEWER MSG] 📦 [VIEWER] command extracted: {"speed":30,"radius":20,"colorBall":"#60a5fa","colorBg":"#020617","paused":true,"soundEnabled":false,"soundType":"soft","x":400,"y":300,"vx":0,"vy":0,"dirX":1,"dirY":0,"viewerScreenSize":{"width":800,"height":600}}
[VIEWER MSG] 📦 [VIEWER] command.controllerConnected: 
[VIEWER MSG] 📦 [VIEWER] onStateUpdate received: {"type":"state_update","timestamp":1769601738952,"payload":{"speed":30,"radius":20,"colorBall":"#60a5fa","colorBg":"#020617","paused":true,"soundEnabled":false,"soundType":"soft","x":400,"y":300,"vx":0,"vy":0,"dirX":1,"dirY":0,"viewerScreenSize":{"width":800,"height":600}}}
[VIEWER MSG] 📦 [VIEWER] command extracted: {"speed":30,"radius":20,"colorBall":"#60a5fa","colorBg":"#020617","paused":true,"soundEnabled":false,"soundType":"soft","x":400,"y":300,"vx":0,"vy":0,"dirX":1,"dirY":0,"viewerScreenSize":{"width":800,"height":600}}
[VIEWER MSG] 📦 [VIEWER] command.controllerConnected: 
[VIEWER MSG] 📦 [VIEWER] onStateUpdate received: {"type":"state_update","timestamp":1769601738969,"payload":{"speed":30,"radius":20,"colorBall":"#60a5fa","colorBg":"#020617","paused":true,"soundEnabled":false,"soundType":"soft","x":400,"y":300,"vx":0,"vy":0,"dirX":1,"dirY":0,"viewerScreenSize":{"width":800,"height":600}}}
[VIEWER MSG] 📦 [VIEWER] command extracted: {"speed":30,"radius":20,"colorBall":"#60a5fa","colorBg":"#020617","paused":true,"soundEnabled":false,"soundType":"soft","x":400,"y":300,"vx":0,"vy":0,"dirX":1,"dirY":0,"viewerScreenSize":{"width":800,"height":600}}
[VIEWER MSG] 📦 [VIEWER] command.controllerConnected: 
[VIEWER MSG] 📦 [VIEWER] onStateUpdate received: {"type":"state_update","timestamp":1769601738985,"payload":{"speed":30,"radius":20,"colorBall":"#60a5fa","colorBg":"#020617","paused":true,"soundEnabled":false,"soundType":"soft","x":400,"y":300,"vx":0,"vy":0,"dirX":1,"dirY":0,"viewerScreenSize":{"width":800,"height":600}}}
[VIEWER MSG] 📦 [VIEWER] command extracted: {"speed":30,"radius":20,"colorBall":"#60a5fa","colorBg":"#020617","paused":true,"soundEnabled":false,"soundType":"soft","x":400,"y":300,"vx":0,"vy":0,"dirX":1,"dirY":0,"viewerScreenSize":{"width":800,"height":600}}
[VIEWER MSG] 📦 [VIEWER] command.controllerConnected: 
[VIEWER MSG] 📦 [VIEWER] onStateUpdate received: {"type":"state_update","timestamp":1769601739000,"payload":{"speed":30,"radius":20,"colorBall":"#60a5fa","colorBg":"#020617","paused":true,"soundEnabled":false,"soundType":"soft","x":400,"y":300,"vx":0,"vy":0,"dirX":1,"dirY":0,"viewerScreenSize":{"width":800,"height":600}}}
[VIEWER MSG] 📦 [VIEWER] command extracted: {"speed":30,"radius":20,"colorBall":"#60a5fa","colorBg":"#020617","paused":true,"soundEnabled":false,"soundType":"soft","x":400,"y":300,"vx":0,"vy":0,"dirX":1,"dirY":0,"viewerScreenSize":{"width":800,"height":600}}
[VIEWER MSG] 📦 [VIEWER] command.controllerConnected: 
[VIEWER MSG] 📦 [VIEWER] onStateUpdate received: {"type":"state_update","timestamp":1769601739017,"payload":{"speed":30,"radius":20,"colorBall":"#60a5fa","colorBg":"#020617","paused":true,"soundEnabled":false,"soundType":"soft","x":400,"y":300,"vx":0,"vy":0,"dirX":1,"dirY":0,"viewerScreenSize":{"width":800,"height":600}}}
[VIEWER MSG] 📦 [VIEWER] command extracted: {"speed":30,"radius":20,"colorBall":"#60a5fa","colorBg":"#020617","paused":true,"soundEnabled":false,"soundType":"soft","x":400,"y":300,"vx":0,"vy":0,"dirX":1,"dirY":0,"viewerScreenSize":{"width":800,"height":600}}
[VIEWER MSG] 📦 [VIEWER] command.controllerConnected: 
[VIEWER MSG] 📦 [VIEWER] onStateUpdate received: {"type":"state_update","timestamp":1769601739033,"payload":{"speed":30,"radius":20,"colorBall":"#60a5fa","colorBg":"#020617","paused":true,"soundEnabled":false,"soundType":"soft","x":400,"y":300,"vx":0,"vy":0,"dirX":1,"dirY":0,"viewerScreenSize":{"width":800,"height":600}}}
[VIEWER MSG] 📦 [VIEWER] command extracted: {"speed":30,"radius":20,"colorBall":"#60a5fa","colorBg":"#020617","paused":true,"soundEnabled":false,"soundType":"soft","x":400,"y":300,"vx":0,"vy":0,"dirX":1,"dirY":0,"viewerScreenSize":{"width":800,"height":600}}
[VIEWER MSG] 📦 [VIEWER] command.controllerConnected: 
[VIEWER MSG] 📦 [VIEWER] onStateUpdate received: {"type":"state_update","timestamp":1769601739050,"payload":{"speed":30,"radius":20,"colorBall":"#60a5fa","colorBg":"#020617","paused":true,"soundEnabled":false,"soundType":"soft","x":400,"y":300,"vx":0,"vy":0,"dirX":1,"dirY":0,"viewerScreenSize":{"width":800,"height":600}}}
[VIEWER MSG] 📦 [VIEWER] command extracted: {"speed":30,"radius":20,"colorBall":"#60a5fa","colorBg":"#020617","paused":true,"soundEnabled":false,"soundType":"soft","x":400,"y":300,"vx":0,"vy":0,"dirX":1,"dirY":0,"viewerScreenSize":{"width":800,"height":600}}
[VIEWER MSG] 📦 [VIEWER] command.controllerConnected: 
[VIEWER MSG] 📦 [VIEWER] onStateUpdate received: {"type":"state_update","timestamp":1769601739066,"payload":{"speed":30,"radius":20,"colorBall":"#60a5fa","colorBg":"#020617","paused":true,"soundEnabled":false,"soundType":"soft","x":400,"y":300,"vx":0,"vy":0,"dirX":1,"dirY":0,"viewerScreenSize":{"width":800,"height":600}}}
[VIEWER MSG] 📦 [VIEWER] command extracted: {"speed":30,"radius":20,"colorBall":"#60a5fa","colorBg":"#020617","paused":true,"soundEnabled":false,"soundType":"soft","x":400,"y":300,"vx":0,"vy":0,"dirX":1,"dirY":0,"viewerScreenSize":{"width":800,"height":600}}
[VIEWER MSG] 📦 [VIEWER] command.controllerConnected: 
[VIEWER MSG] 📦 [VIEWER] onStateUpdate received: {"type":"state_update","timestamp":1769601739083,"payload":{"speed":30,"radius":20,"colorBall":"#60a5fa","colorBg":"#020617","paused":true,"soundEnabled":false,"soundType":"soft","x":400,"y":300,"vx":0,"vy":0,"dirX":1,"dirY":0,"viewerScreenSize":{"width":800,"height":600}}}
[VIEWER MSG] 📦 [VIEWER] command extracted: {"speed":30,"radius":20,"colorBall":"#60a5fa","colorBg":"#020617","paused":true,"soundEnabled":false,"soundType":"soft","x":400,"y":300,"vx":0,"vy":0,"dirX":1,"dirY":0,"viewerScreenSize":{"width":800,"height":600}}
[VIEWER MSG] 📦 [VIEWER] command.controllerConnected: 
[VIEWER MSG] 📦 [VIEWER] onStateUpdate received: {"type":"state_update","timestamp":1769601739099,"payload":{"speed":30,"radius":20,"colorBall":"#60a5fa","colorBg":"#020617","paused":true,"soundEnabled":false,"soundType":"soft","x":400,"y":300,"vx":0,"vy":0,"dirX":1,"dirY":0,"viewerScreenSize":{"width":800,"height":600}}}
[VIEWER MSG] 📦 [VIEWER] command extracted: {"speed":30,"radius":20,"colorBall":"#60a5fa","colorBg":"#020617","paused":true,"soundEnabled":false,"soundType":"soft","x":400,"y":300,"vx":0,"vy":0,"dirX":1,"dirY":0,"viewerScreenSize":{"width":800,"height":600}}
[VIEWER MSG] 📦 [VIEWER] command.controllerConnected: 
[VIEWER MSG] 📦 [VIEWER] onStateUpdate received: {"type":"state_update","timestamp":1769601739115,"payload":{"speed":30,"radius":20,"colorBall":"#60a5fa","colorBg":"#020617","paused":true,"soundEnabled":false,"soundType":"soft","x":400,"y":300,"vx":0,"vy":0,"dirX":1,"dirY":0,"viewerScreenSize":{"width":800,"height":600}}}
[VIEWER MSG] 📦 [VIEWER] command extracted: {"speed":30,"radius":20,"colorBall":"#60a5fa","colorBg":"#020617","paused":true,"soundEnabled":false,"soundType":"soft","x":400,"y":300,"vx":0,"vy":0,"dirX":1,"dirY":0,"viewerScreenSize":{"width":800,"height":600}}
[VIEWER MSG] 📦 [VIEWER] command.controllerConnected: 
[VIEWER MSG] 📦 [VIEWER] onStateUpdate received: {"type":"state_update","timestamp":1769601739132,"payload":{"speed":30,"radius":20,"colorBall":"#60a5fa","colorBg":"#020617","paused":true,"soundEnabled":false,"soundType":"soft","x":400,"y":300,"vx":0,"vy":0,"dirX":1,"dirY":0,"viewerScreenSize":{"width":800,"height":600}}}
[VIEWER MSG] 📦 [VIEWER] command extracted: {"speed":30,"radius":20,"colorBall":"#60a5fa","colorBg":"#020617","paused":true,"soundEnabled":false,"soundType":"soft","x":400,"y":300,"vx":0,"vy":0,"dirX":1,"dirY":0,"viewerScreenSize":{"width":800,"height":600}}
[VIEWER MSG] 📦 [VIEWER] command.controllerConnected: 
[VIEWER MSG] 📦 [VIEWER] onStateUpdate received: {"type":"state_update","timestamp":1769601739149,"payload":{"speed":30,"radius":20,"colorBall":"#60a5fa","colorBg":"#020617","paused":true,"soundEnabled":false,"soundType":"soft","x":400,"y":300,"vx":0,"vy":0,"dirX":1,"dirY":0,"viewerScreenSize":{"width":800,"height":600}}}
[VIEWER MSG] 📦 [VIEWER] command extracted: {"speed":30,"radius":20,"colorBall":"#60a5fa","colorBg":"#020617","paused":true,"soundEnabled":false,"soundType":"soft","x":400,"y":300,"vx":0,"vy":0,"dirX":1,"dirY":0,"viewerScreenSize":{"width":800,"height":600}}
[VIEWER MSG] 📦 [VIEWER] command.controllerConnected: 
[VIEWER MSG] 📦 [VIEWER] onStateUpdate received: {"type":"state_update","timestamp":1769601739165,"payload":{"speed":30,"radius":20,"colorBall":"#60a5fa","colorBg":"#020617","paused":true,"soundEnabled":false,"soundType":"soft","x":400,"y":300,"vx":0,"vy":0,"dirX":1,"dirY":0,"viewerScreenSize":{"width":800,"height":600}}}
[VIEWER MSG] 📦 [VIEWER] command extracted: {"speed":30,"radius":20,"colorBall":"#60a5fa","colorBg":"#020617","paused":true,"soundEnabled":false,"soundType":"soft","x":400,"y":300,"vx":0,"vy":0,"dirX":1,"dirY":0,"viewerScreenSize":{"width":800,"height":600}}
[VIEWER MSG] 📦 [VIEWER] command.controllerConnected: 
[VIEWER MSG] 📦 [VIEWER] onStateUpdate received: {"type":"state_update","timestamp":1769601739181,"payload":{"speed":30,"radius":20,"colorBall":"#60a5fa","colorBg":"#020617","paused":true,"soundEnabled":false,"soundType":"soft","x":400,"y":300,"vx":0,"vy":0,"dirX":1,"dirY":0,"viewerScreenSize":{"width":800,"height":600}}}
[VIEWER MSG] 📦 [VIEWER] command extracted: {"speed":30,"radius":20,"colorBall":"#60a5fa","colorBg":"#020617","paused":true,"soundEnabled":false,"soundType":"soft","x":400,"y":300,"vx":0,"vy":0,"dirX":1,"dirY":0,"viewerScreenSize":{"width":800,"height":600}}
[VIEWER MSG] 📦 [VIEWER] command.controllerConnected: 
[VIEWER MSG] 📦 [VIEWER] onStateUpdate received: {"type":"state_update","timestamp":1769601739198,"payload":{"speed":30,"radius":20,"colorBall":"#60a5fa","colorBg":"#020617","paused":true,"soundEnabled":false,"soundType":"soft","x":400,"y":300,"vx":0,"vy":0,"dirX":1,"dirY":0,"viewerScreenSize":{"width":800,"height":600}}}
[VIEWER MSG] 📦 [VIEWER] command extracted: {"speed":30,"radius":20,"colorBall":"#60a5fa","colorBg":"#020617","paused":true,"soundEnabled":false,"soundType":"soft","x":400,"y":300,"vx":0,"vy":0,"dirX":1,"dirY":0,"viewerScreenSize":{"width":800,"height":600}}
[VIEWER MSG] 📦 [VIEWER] command.controllerConnected: 
[VIEWER MSG] 📦 [VIEWER] onStateUpdate received: {"type":"state_update","timestamp":1769601739214,"payload":{"speed":30,"radius":20,"colorBall":"#60a5fa","colorBg":"#020617","paused":true,"soundEnabled":false,"soundType":"soft","x":400,"y":300,"vx":0,"vy":0,"dirX":1,"dirY":0,"viewerScreenSize":{"width":800,"height":600}}}
[VIEWER MSG] 📦 [VIEWER] command extracted: {"speed":30,"radius":20,"colorBall":"#60a5fa","colorBg":"#020617","paused":true,"soundEnabled":false,"soundType":"soft","x":400,"y":300,"vx":0,"vy":0,"dirX":1,"dirY":0,"viewerScreenSize":{"width":800,"height":600}}
[VIEWER MSG] 📦 [VIEWER] command.controllerConnected: 
[VIEWER MSG] 📦 [VIEWER] onStateUpdate received: {"type":"state_update","timestamp":1769601739231,"payload":{"speed":30,"radius":20,"colorBall":"#60a5fa","colorBg":"#020617","paused":true,"soundEnabled":false,"soundType":"soft","x":400,"y":300,"vx":0,"vy":0,"dirX":1,"dirY":0,"viewerScreenSize":{"width":800,"height":600}}}
[VIEWER MSG] 📦 [VIEWER] command extracted: {"speed":30,"radius":20,"colorBall":"#60a5fa","colorBg":"#020617","paused":true,"soundEnabled":false,"soundType":"soft","x":400,"y":300,"vx":0,"vy":0,"dirX":1,"dirY":0,"viewerScreenSize":{"width":800,"height":600}}
[VIEWER MSG] 📦 [VIEWER] command.controllerConnected: 
[VIEWER MSG] 📦 [VIEWER] onStateUpdate received: {"type":"state_update","timestamp":1769601739247,"payload":{"speed":30,"radius":20,"colorBall":"#60a5fa","colorBg":"#020617","paused":true,"soundEnabled":false,"soundType":"soft","x":400,"y":300,"vx":0,"vy":0,"dirX":1,"dirY":0,"viewerScreenSize":{"width":800,"height":600}}}
[VIEWER MSG] 📦 [VIEWER] command extracted: {"speed":30,"radius":20,"colorBall":"#60a5fa","colorBg":"#020617","paused":true,"soundEnabled":false,"soundType":"soft","x":400,"y":300,"vx":0,"vy":0,"dirX":1,"dirY":0,"viewerScreenSize":{"width":800,"height":600}}
[VIEWER MSG] 📦 [VIEWER] command.controllerConnected: 
[VIEWER MSG] 📦 [VIEWER] onStateUpdate received: {"type":"state_update","timestamp":1769601739264,"payload":{"speed":30,"radius":20,"colorBall":"#60a5fa","colorBg":"#020617","paused":true,"soundEnabled":false,"soundType":"soft","x":400,"y":300,"vx":0,"vy":0,"dirX":1,"dirY":0,"viewerScreenSize":{"width":800,"height":600}}}
[VIEWER MSG] 📦 [VIEWER] command extracted: {"speed":30,"radius":20,"colorBall":"#60a5fa","colorBg":"#020617","paused":true,"soundEnabled":false,"soundType":"soft","x":400,"y":300,"vx":0,"vy":0,"dirX":1,"dirY":0,"viewerScreenSize":{"width":800,"height":600}}
[VIEWER MSG] 📦 [VIEWER] command.controllerConnected: 
[VIEWER MSG] 📦 [VIEWER] onStateUpdate received: {"type":"state_update","timestamp":1769601739280,"payload":{"speed":30,"radius":20,"colorBall":"#60a5fa","colorBg":"#020617","paused":true,"soundEnabled":false,"soundType":"soft","x":400,"y":300,"vx":0,"vy":0,"dirX":1,"dirY":0,"viewerScreenSize":{"width":800,"height":600}}}
[VIEWER MSG] 📦 [VIEWER] command extracted: {"speed":30,"radius":20,"colorBall":"#60a5fa","colorBg":"#020617","paused":true,"soundEnabled":false,"soundType":"soft","x":400,"y":300,"vx":0,"vy":0,"dirX":1,"dirY":0,"viewerScreenSize":{"width":800,"height":600}}
[VIEWER MSG] 📦 [VIEWER] command.controllerConnected: 
[VIEWER MSG] 📦 [VIEWER] onStateUpdate received: {"type":"state_update","timestamp":1769601739297,"payload":{"speed":30,"radius":20,"colorBall":"#60a5fa","colorBg":"#020617","paused":true,"soundEnabled":false,"soundType":"soft","x":400,"y":300,"vx":0,"vy":0,"dirX":1,"dirY":0,"viewerScreenSize":{"width":800,"height":600}}}
[VIEWER MSG] 📦 [VIEWER] command extracted: {"speed":30,"radius":20,"colorBall":"#60a5fa","colorBg":"#020617","paused":true,"soundEnabled":false,"soundType":"soft","x":400,"y":300,"vx":0,"vy":0,"dirX":1,"dirY":0,"viewerScreenSize":{"width":800,"height":600}}
[VIEWER MSG] 📦 [VIEWER] command.controllerConnected: 
[VIEWER MSG] 📦 [VIEWER] onStateUpdate received: {"type":"state_update","timestamp":1769601739313,"payload":{"speed":30,"radius":20,"colorBall":"#60a5fa","colorBg":"#020617","paused":true,"soundEnabled":false,"soundType":"soft","x":400,"y":300,"vx":0,"vy":0,"dirX":1,"dirY":0,"viewerScreenSize":{"width":800,"height":600}}}
[VIEWER MSG] 📦 [VIEWER] command extracted: {"speed":30,"radius":20,"colorBall":"#60a5fa","colorBg":"#020617","paused":true,"soundEnabled":false,"soundType":"soft","x":400,"y":300,"vx":0,"vy":0,"dirX":1,"dirY":0,"viewerScreenSize":{"width":800,"height":600}}
[VIEWER MSG] 📦 [VIEWER] command.controllerConnected: 
[VIEWER MSG] 📦 [VIEWER] onStateUpdate received: {"type":"state_update","timestamp":1769601739329,"payload":{"speed":30,"radius":20,"colorBall":"#60a5fa","colorBg":"#020617","paused":true,"soundEnabled":false,"soundType":"soft","x":400,"y":300,"vx":0,"vy":0,"dirX":1,"dirY":0,"viewerScreenSize":{"width":800,"height":600}}}
[VIEWER MSG] 📦 [VIEWER] command extracted: {"speed":30,"radius":20,"colorBall":"#60a5fa","colorBg":"#020617","paused":true,"soundEnabled":false,"soundType":"soft","x":400,"y":300,"vx":0,"vy":0,"dirX":1,"dirY":0,"viewerScreenSize":{"width":800,"height":600}}
[VIEWER MSG] 📦 [VIEWER] command.controllerConnected: 
[VIEWER MSG] 📦 [VIEWER] onStateUpdate received: {"type":"state_update","timestamp":1769601739346,"payload":{"speed":30,"radius":20,"colorBall":"#60a5fa","colorBg":"#020617","paused":true,"soundEnabled":false,"soundType":"soft","x":400,"y":300,"vx":0,"vy":0,"dirX":1,"dirY":0,"viewerScreenSize":{"width":800,"height":600}}}
[VIEWER MSG] 📦 [VIEWER] command extracted: {"speed":30,"radius":20,"colorBall":"#60a5fa","colorBg":"#020617","paused":true,"soundEnabled":false,"soundType":"soft","x":400,"y":300,"vx":0,"vy":0,"dirX":1,"dirY":0,"viewerScreenSize":{"width":800,"height":600}}
[VIEWER MSG] 📦 [VIEWER] command.controllerConnected: 
[VIEWER MSG] 📦 [VIEWER] onStateUpdate received: {"type":"state_update","timestamp":1769601739362,"payload":{"speed":30,"radius":20,"colorBall":"#60a5fa","colorBg":"#020617","paused":true,"soundEnabled":false,"soundType":"soft","x":400,"y":300,"vx":0,"vy":0,"dirX":1,"dirY":0,"viewerScreenSize":{"width":800,"height":600}}}
[VIEWER MSG] 📦 [VIEWER] command extracted: {"speed":30,"radius":20,"colorBall":"#60a5fa","colorBg":"#020617","paused":true,"soundEnabled":false,"soundType":"soft","x":400,"y":300,"vx":0,"vy":0,"dirX":1,"dirY":0,"viewerScreenSize":{"width":800,"height":600}}
[VIEWER MSG] 📦 [VIEWER] command.controllerConnected: 
[VIEWER MSG] 📦 [VIEWER] onStateUpdate received: {"type":"state_update","timestamp":1769601739379,"payload":{"speed":30,"radius":20,"colorBall":"#60a5fa","colorBg":"#020617","paused":true,"soundEnabled":false,"soundType":"soft","x":400,"y":300,"vx":0,"vy":0,"dirX":1,"dirY":0,"viewerScreenSize":{"width":800,"height":600}}}
[VIEWER MSG] 📦 [VIEWER] command extracted: {"speed":30,"radius":20,"colorBall":"#60a5fa","colorBg":"#020617","paused":true,"soundEnabled":false,"soundType":"soft","x":400,"y":300,"vx":0,"vy":0,"dirX":1,"dirY":0,"viewerScreenSize":{"width":800,"height":600}}
[VIEWER MSG] 📦 [VIEWER] command.controllerConnected: 
[VIEWER MSG] 📦 [VIEWER] onStateUpdate received: {"type":"state_update","timestamp":1769601739395,"payload":{"speed":30,"radius":20,"colorBall":"#60a5fa","colorBg":"#020617","paused":true,"soundEnabled":false,"soundType":"soft","x":400,"y":300,"vx":0,"vy":0,"dirX":1,"dirY":0,"viewerScreenSize":{"width":800,"height":600}}}
[VIEWER MSG] 📦 [VIEWER] command extracted: {"speed":30,"radius":20,"colorBall":"#60a5fa","colorBg":"#020617","paused":true,"soundEnabled":false,"soundType":"soft","x":400,"y":300,"vx":0,"vy":0,"dirX":1,"dirY":0,"viewerScreenSize":{"width":800,"height":600}}
[VIEWER MSG] 📦 [VIEWER] command.controllerConnected: 
[VIEWER MSG] 📦 [VIEWER] onStateUpdate received: {"type":"state_update","timestamp":1769601739412,"payload":{"speed":30,"radius":20,"colorBall":"#60a5fa","colorBg":"#020617","paused":true,"soundEnabled":false,"soundType":"soft","x":400,"y":300,"vx":0,"vy":0,"dirX":1,"dirY":0,"viewerScreenSize":{"width":800,"height":600}}}
[VIEWER MSG] 📦 [VIEWER] command extracted: {"speed":30,"radius":20,"colorBall":"#60a5fa","colorBg":"#020617","paused":true,"soundEnabled":false,"soundType":"soft","x":400,"y":300,"vx":0,"vy":0,"dirX":1,"dirY":0,"viewerScreenSize":{"width":800,"height":600}}
[VIEWER MSG] 📦 [VIEWER] command.controllerConnected: 
[VIEWER MSG] 📦 [VIEWER] onStateUpdate received: {"type":"state_update","timestamp":1769601739428,"payload":{"speed":30,"radius":20,"colorBall":"#60a5fa","colorBg":"#020617","paused":true,"soundEnabled":false,"soundType":"soft","x":400,"y":300,"vx":0,"vy":0,"dirX":1,"dirY":0,"viewerScreenSize":{"width":800,"height":600}}}
[VIEWER MSG] 📦 [VIEWER] command extracted: {"speed":30,"radius":20,"colorBall":"#60a5fa","colorBg":"#020617","paused":true,"soundEnabled":false,"soundType":"soft","x":400,"y":300,"vx":0,"vy":0,"dirX":1,"dirY":0,"viewerScreenSize":{"width":800,"height":600}}
[VIEWER MSG] 📦 [VIEWER] command.controllerConnected: 
[VIEWER MSG] 📦 [VIEWER] onStateUpdate received: {"type":"state_update","timestamp":1769601739445,"payload":{"speed":30,"radius":20,"colorBall":"#60a5fa","colorBg":"#020617","paused":true,"soundEnabled":false,"soundType":"soft","x":400,"y":300,"vx":0,"vy":0,"dirX":1,"dirY":0,"viewerScreenSize":{"width":800,"height":600}}}
[VIEWER MSG] 📦 [VIEWER] command extracted: {"speed":30,"radius":20,"colorBall":"#60a5fa","colorBg":"#020617","paused":true,"soundEnabled":false,"soundType":"soft","x":400,"y":300,"vx":0,"vy":0,"dirX":1,"dirY":0,"viewerScreenSize":{"width":800,"height":600}}
[VIEWER MSG] 📦 [VIEWER] command.controllerConnected: 
[VIEWER MSG] 📦 [VIEWER] onStateUpdate received: {"type":"state_update","timestamp":1769601739462,"payload":{"speed":30,"radius":20,"colorBall":"#60a5fa","colorBg":"#020617","paused":true,"soundEnabled":false,"soundType":"soft","x":400,"y":300,"vx":0,"vy":0,"dirX":1,"dirY":0,"viewerScreenSize":{"width":800,"height":600}}}
[VIEWER MSG] 📦 [VIEWER] command extracted: {"speed":30,"radius":20,"colorBall":"#60a5fa","colorBg":"#020617","paused":true,"soundEnabled":false,"soundType":"soft","x":400,"y":300,"vx":0,"vy":0,"dirX":1,"dirY":0,"viewerScreenSize":{"width":800,"height":600}}
[VIEWER MSG] 📦 [VIEWER] command.controllerConnected: 
[VIEWER MSG] 📦 [VIEWER] onStateUpdate received: {"type":"state_update","timestamp":1769601739478,"payload":{"speed":30,"radius":20,"colorBall":"#60a5fa","colorBg":"#020617","paused":true,"soundEnabled":false,"soundType":"soft","x":400,"y":300,"vx":0,"vy":0,"dirX":1,"dirY":0,"viewerScreenSize":{"width":800,"height":600}}}
[VIEWER MSG] 📦 [VIEWER] command extracted: {"speed":30,"radius":20,"colorBall":"#60a5fa","colorBg":"#020617","paused":true,"soundEnabled":false,"soundType":"soft","x":400,"y":300,"vx":0,"vy":0,"dirX":1,"dirY":0,"viewerScreenSize":{"width":800,"height":600}}
[VIEWER MSG] 📦 [VIEWER] command.controllerConnected: 
[VIEWER MSG] 📦 [VIEWER] onStateUpdate received: {"type":"state_update","timestamp":1769601739495,"payload":{"speed":30,"radius":20,"colorBall":"#60a5fa","colorBg":"#020617","paused":true,"soundEnabled":false,"soundType":"soft","x":400,"y":300,"vx":0,"vy":0,"dirX":1,"dirY":0,"viewerScreenSize":{"width":800,"height":600}}}
[VIEWER MSG] 📦 [VIEWER] command extracted: {"speed":30,"radius":20,"colorBall":"#60a5fa","colorBg":"#020617","paused":true,"soundEnabled":false,"soundType":"soft","x":400,"y":300,"vx":0,"vy":0,"dirX":1,"dirY":0,"viewerScreenSize":{"width":800,"height":600}}
[VIEWER MSG] 📦 [VIEWER] command.controllerConnected: 
[VIEWER MSG] 📦 [VIEWER] onStateUpdate received: {"type":"state_update","timestamp":1769601739511,"payload":{"speed":30,"radius":20,"colorBall":"#60a5fa","colorBg":"#020617","paused":true,"soundEnabled":false,"soundType":"soft","x":400,"y":300,"vx":0,"vy":0,"dirX":1,"dirY":0,"viewerScreenSize":{"width":800,"height":600}}}
[VIEWER MSG] 📦 [VIEWER] command extracted: {"speed":30,"radius":20,"colorBall":"#60a5fa","colorBg":"#020617","paused":true,"soundEnabled":false,"soundType":"soft","x":400,"y":300,"vx":0,"vy":0,"dirX":1,"dirY":0,"viewerScreenSize":{"width":800,"height":600}}
[VIEWER MSG] 📦 [VIEWER] command.controllerConnected: 
[VIEWER MSG] 📦 [VIEWER] onStateUpdate received: {"type":"state_update","timestamp":1769601739527,"payload":{"speed":30,"radius":20,"colorBall":"#60a5fa","colorBg":"#020617","paused":true,"soundEnabled":false,"soundType":"soft","x":400,"y":300,"vx":0,"vy":0,"dirX":1,"dirY":0,"viewerScreenSize":{"width":800,"height":600}}}
[VIEWER MSG] 📦 [VIEWER] command extracted: {"speed":30,"radius":20,"colorBall":"#60a5fa","colorBg":"#020617","paused":true,"soundEnabled":false,"soundType":"soft","x":400,"y":300,"vx":0,"vy":0,"dirX":1,"dirY":0,"viewerScreenSize":{"width":800,"height":600}}
[VIEWER MSG] 📦 [VIEWER] command.controllerConnected: 
[VIEWER MSG] 📦 [VIEWER] onStateUpdate received: {"type":"state_update","timestamp":1769601739543,"payload":{"speed":30,"radius":20,"colorBall":"#60a5fa","colorBg":"#020617","paused":true,"soundEnabled":false,"soundType":"soft","x":400,"y":300,"vx":0,"vy":0,"dirX":1,"dirY":0,"viewerScreenSize":{"width":800,"height":600}}}
[VIEWER MSG] 📦 [VIEWER] command extracted: {"speed":30,"radius":20,"colorBall":"#60a5fa","colorBg":"#020617","paused":true,"soundEnabled":false,"soundType":"soft","x":400,"y":300,"vx":0,"vy":0,"dirX":1,"dirY":0,"viewerScreenSize":{"width":800,"height":600}}
[VIEWER MSG] 📦 [VIEWER] command.controllerConnected: 
[VIEWER MSG] 📦 [VIEWER] onStateUpdate received: {"type":"state_update","timestamp":1769601739560,"payload":{"speed":30,"radius":20,"colorBall":"#60a5fa","colorBg":"#020617","paused":true,"soundEnabled":false,"soundType":"soft","x":400,"y":300,"vx":0,"vy":0,"dirX":1,"dirY":0,"viewerScreenSize":{"width":800,"height":600}}}
[VIEWER MSG] 📦 [VIEWER] command extracted: {"speed":30,"radius":20,"colorBall":"#60a5fa","colorBg":"#020617","paused":true,"soundEnabled":false,"soundType":"soft","x":400,"y":300,"vx":0,"vy":0,"dirX":1,"dirY":0,"viewerScreenSize":{"width":800,"height":600}}
[VIEWER MSG] 📦 [VIEWER] command.controllerConnected: 
[VIEWER MSG] 📦 [VIEWER] onStateUpdate received: {"type":"state_update","timestamp":1769601739576,"payload":{"speed":30,"radius":20,"colorBall":"#60a5fa","colorBg":"#020617","paused":true,"soundEnabled":false,"soundType":"soft","x":400,"y":300,"vx":0,"vy":0,"dirX":1,"dirY":0,"viewerScreenSize":{"width":800,"height":600}}}
[VIEWER MSG] 📦 [VIEWER] command extracted: {"speed":30,"radius":20,"colorBall":"#60a5fa","colorBg":"#020617","paused":true,"soundEnabled":false,"soundType":"soft","x":400,"y":300,"vx":0,"vy":0,"dirX":1,"dirY":0,"viewerScreenSize":{"width":800,"height":600}}
[VIEWER MSG] 📦 [VIEWER] command.controllerConnected: 
[VIEWER MSG] 📦 [VIEWER] onStateUpdate received: {"type":"state_update","timestamp":1769601739592,"payload":{"speed":30,"radius":20,"colorBall":"#60a5fa","colorBg":"#020617","paused":true,"soundEnabled":false,"soundType":"soft","x":400,"y":300,"vx":0,"vy":0,"dirX":1,"dirY":0,"viewerScreenSize":{"width":800,"height":600}}}
[VIEWER MSG] 📦 [VIEWER] command extracted: {"speed":30,"radius":20,"colorBall":"#60a5fa","colorBg":"#020617","paused":true,"soundEnabled":false,"soundType":"soft","x":400,"y":300,"vx":0,"vy":0,"dirX":1,"dirY":0,"viewerScreenSize":{"width":800,"height":600}}
[VIEWER MSG] 📦 [VIEWER] command.controllerConnected: 
[VIEWER MSG] 📦 [VIEWER] onStateUpdate received: {"type":"state_update","timestamp":1769601739608,"payload":{"speed":30,"radius":20,"colorBall":"#60a5fa","colorBg":"#020617","paused":true,"soundEnabled":false,"soundType":"soft","x":400,"y":300,"vx":0,"vy":0,"dirX":1,"dirY":0,"viewerScreenSize":{"width":800,"height":600}}}
[VIEWER MSG] 📦 [VIEWER] command extracted: {"speed":30,"radius":20,"colorBall":"#60a5fa","colorBg":"#020617","paused":true,"soundEnabled":false,"soundType":"soft","x":400,"y":300,"vx":0,"vy":0,"dirX":1,"dirY":0,"viewerScreenSize":{"width":800,"height":600}}
[VIEWER MSG] 📦 [VIEWER] command.controllerConnected: 
[VIEWER MSG] 📦 [VIEWER] onStateUpdate received: {"type":"state_update","timestamp":1769601739624,"payload":{"speed":30,"radius":20,"colorBall":"#60a5fa","colorBg":"#020617","paused":true,"soundEnabled":false,"soundType":"soft","x":400,"y":300,"vx":0,"vy":0,"dirX":1,"dirY":0,"viewerScreenSize":{"width":800,"height":600}}}
[VIEWER MSG] 📦 [VIEWER] command extracted: {"speed":30,"radius":20,"colorBall":"#60a5fa","colorBg":"#020617","paused":true,"soundEnabled":false,"soundType":"soft","x":400,"y":300,"vx":0,"vy":0,"dirX":1,"dirY":0,"viewerScreenSize":{"width":800,"height":600}}
[VIEWER MSG] 📦 [VIEWER] command.controllerConnected: 
[VIEWER MSG] 📦 [VIEWER] onStateUpdate received: {"type":"state_update","timestamp":1769601739641,"payload":{"speed":30,"radius":20,"colorBall":"#60a5fa","colorBg":"#020617","paused":true,"soundEnabled":false,"soundType":"soft","x":400,"y":300,"vx":0,"vy":0,"dirX":1,"dirY":0,"viewerScreenSize":{"width":800,"height":600}}}
[VIEWER MSG] 📦 [VIEWER] command extracted: {"speed":30,"radius":20,"colorBall":"#60a5fa","colorBg":"#020617","paused":true,"soundEnabled":false,"soundType":"soft","x":400,"y":300,"vx":0,"vy":0,"dirX":1,"dirY":0,"viewerScreenSize":{"width":800,"height":600}}
[VIEWER MSG] 📦 [VIEWER] command.controllerConnected: 
[VIEWER MSG] 📦 [VIEWER] onStateUpdate received: {"type":"state_update","timestamp":1769601739657,"payload":{"speed":30,"radius":20,"colorBall":"#60a5fa","colorBg":"#020617","paused":true,"soundEnabled":false,"soundType":"soft","x":400,"y":300,"vx":0,"vy":0,"dirX":1,"dirY":0,"viewerScreenSize":{"width":800,"height":600}}}
[VIEWER MSG] 📦 [VIEWER] command extracted: {"speed":30,"radius":20,"colorBall":"#60a5fa","colorBg":"#020617","paused":true,"soundEnabled":false,"soundType":"soft","x":400,"y":300,"vx":0,"vy":0,"dirX":1,"dirY":0,"viewerScreenSize":{"width":800,"height":600}}
[VIEWER MSG] 📦 [VIEWER] command.controllerConnected: 
[VIEWER MSG] 📦 [VIEWER] onStateUpdate received: {"type":"state_update","timestamp":1769601739674,"payload":{"speed":30,"radius":20,"colorBall":"#60a5fa","colorBg":"#020617","paused":true,"soundEnabled":false,"soundType":"soft","x":400,"y":300,"vx":0,"vy":0,"dirX":1,"dirY":0,"viewerScreenSize":{"width":800,"height":600}}}
[VIEWER MSG] 📦 [VIEWER] command extracted: {"speed":30,"radius":20,"colorBall":"#60a5fa","colorBg":"#020617","paused":true,"soundEnabled":false,"soundType":"soft","x":400,"y":300,"vx":0,"vy":0,"dirX":1,"dirY":0,"viewerScreenSize":{"width":800,"height":600}}
[VIEWER MSG] 📦 [VIEWER] command.controllerConnected: 
[VIEWER MSG] 📦 [VIEWER] onStateUpdate received: {"type":"state_update","timestamp":1769601739690,"payload":{"speed":30,"radius":20,"colorBall":"#60a5fa","colorBg":"#020617","paused":true,"soundEnabled":false,"soundType":"soft","x":400,"y":300,"vx":0,"vy":0,"dirX":1,"dirY":0,"viewerScreenSize":{"width":800,"height":600}}}
[VIEWER MSG] 📦 [VIEWER] command extracted: {"speed":30,"radius":20,"colorBall":"#60a5fa","colorBg":"#020617","paused":true,"soundEnabled":false,"soundType":"soft","x":400,"y":300,"vx":0,"vy":0,"dirX":1,"dirY":0,"viewerScreenSize":{"width":800,"height":600}}
[VIEWER MSG] 📦 [VIEWER] command.controllerConnected: 
[VIEWER MSG] 📦 [VIEWER] onStateUpdate received: {"type":"state_update","timestamp":1769601739706,"payload":{"speed":30,"radius":20,"colorBall":"#60a5fa","colorBg":"#020617","paused":true,"soundEnabled":false,"soundType":"soft","x":400,"y":300,"vx":0,"vy":0,"dirX":1,"dirY":0,"viewerScreenSize":{"width":800,"height":600}}}
[VIEWER MSG] 📦 [VIEWER] command extracted: {"speed":30,"radius":20,"colorBall":"#60a5fa","colorBg":"#020617","paused":true,"soundEnabled":false,"soundType":"soft","x":400,"y":300,"vx":0,"vy":0,"dirX":1,"dirY":0,"viewerScreenSize":{"width":800,"height":600}}
[VIEWER MSG] 📦 [VIEWER] command.controllerConnected: 
[VIEWER MSG] 📦 [VIEWER] onStateUpdate received: {"type":"state_update","timestamp":1769601739722,"payload":{"speed":30,"radius":20,"colorBall":"#60a5fa","colorBg":"#020617","paused":true,"soundEnabled":false,"soundType":"soft","x":400,"y":300,"vx":0,"vy":0,"dirX":1,"dirY":0,"viewerScreenSize":{"width":800,"height":600}}}
[VIEWER MSG] 📦 [VIEWER] command extracted: {"speed":30,"radius":20,"colorBall":"#60a5fa","colorBg":"#020617","paused":true,"soundEnabled":false,"soundType":"soft","x":400,"y":300,"vx":0,"vy":0,"dirX":1,"dirY":0,"viewerScreenSize":{"width":800,"height":600}}
[VIEWER MSG] 📦 [VIEWER] command.controllerConnected: 
[VIEWER MSG] 📦 [VIEWER] onStateUpdate received: {"type":"state_update","timestamp":1769601739739,"payload":{"speed":30,"radius":20,"colorBall":"#60a5fa","colorBg":"#020617","paused":true,"soundEnabled":false,"soundType":"soft","x":400,"y":300,"vx":0,"vy":0,"dirX":1,"dirY":0,"viewerScreenSize":{"width":800,"height":600}}}
[VIEWER MSG] 📦 [VIEWER] command extracted: {"speed":30,"radius":20,"colorBall":"#60a5fa","colorBg":"#020617","paused":true,"soundEnabled":false,"soundType":"soft","x":400,"y":300,"vx":0,"vy":0,"dirX":1,"dirY":0,"viewerScreenSize":{"width":800,"height":600}}
[VIEWER MSG] 📦 [VIEWER] command.controllerConnected: 
[VIEWER MSG] 📦 [VIEWER] onStateUpdate received: {"type":"state_update","timestamp":1769601739755,"payload":{"speed":30,"radius":20,"colorBall":"#60a5fa","colorBg":"#020617","paused":true,"soundEnabled":false,"soundType":"soft","x":400,"y":300,"vx":0,"vy":0,"dirX":1,"dirY":0,"viewerScreenSize":{"width":800,"height":600}}}
[VIEWER MSG] 📦 [VIEWER] command extracted: {"speed":30,"radius":20,"colorBall":"#60a5fa","colorBg":"#020617","paused":true,"soundEnabled":false,"soundType":"soft","x":400,"y":300,"vx":0,"vy":0,"dirX":1,"dirY":0,"viewerScreenSize":{"width":800,"height":600}}
[VIEWER MSG] 📦 [VIEWER] command.controllerConnected: 
[VIEWER MSG] 📦 [VIEWER] onStateUpdate received: {"type":"state_update","timestamp":1769601739771,"payload":{"speed":30,"radius":20,"colorBall":"#60a5fa","colorBg":"#020617","paused":true,"soundEnabled":false,"soundType":"soft","x":400,"y":300,"vx":0,"vy":0,"dirX":1,"dirY":0,"viewerScreenSize":{"width":800,"height":600}}}
[VIEWER MSG] 📦 [VIEWER] command extracted: {"speed":30,"radius":20,"colorBall":"#60a5fa","colorBg":"#020617","paused":true,"soundEnabled":false,"soundType":"soft","x":400,"y":300,"vx":0,"vy":0,"dirX":1,"dirY":0,"viewerScreenSize":{"width":800,"height":600}}
[VIEWER MSG] 📦 [VIEWER] command.controllerConnected: 
[VIEWER MSG] 📦 [VIEWER] onStateUpdate received: {"type":"state_update","timestamp":1769601739788,"payload":{"speed":30,"radius":20,"colorBall":"#60a5fa","colorBg":"#020617","paused":true,"soundEnabled":false,"soundType":"soft","x":400,"y":300,"vx":0,"vy":0,"dirX":1,"dirY":0,"viewerScreenSize":{"width":800,"height":600}}}
[VIEWER MSG] 📦 [VIEWER] command extracted: {"speed":30,"radius":20,"colorBall":"#60a5fa","colorBg":"#020617","paused":true,"soundEnabled":false,"soundType":"soft","x":400,"y":300,"vx":0,"vy":0,"dirX":1,"dirY":0,"viewerScreenSize":{"width":800,"height":600}}
[VIEWER MSG] 📦 [VIEWER] command.controllerConnected: 
[VIEWER MSG] 📦 [VIEWER] onStateUpdate received: {"type":"state_update","timestamp":1769601739804,"payload":{"speed":30,"radius":20,"colorBall":"#60a5fa","colorBg":"#020617","paused":true,"soundEnabled":false,"soundType":"soft","x":400,"y":300,"vx":0,"vy":0,"dirX":1,"dirY":0,"viewerScreenSize":{"width":800,"height":600}}}
[VIEWER MSG] 📦 [VIEWER] command extracted: {"speed":30,"radius":20,"colorBall":"#60a5fa","colorBg":"#020617","paused":true,"soundEnabled":false,"soundType":"soft","x":400,"y":300,"vx":0,"vy":0,"dirX":1,"dirY":0,"viewerScreenSize":{"width":800,"height":600}}
[VIEWER MSG] 📦 [VIEWER] command.controllerConnected: 
[VIEWER MSG] 📦 [VIEWER] onStateUpdate received: {"type":"state_update","timestamp":1769601739821,"payload":{"speed":30,"radius":20,"colorBall":"#60a5fa","colorBg":"#020617","paused":true,"soundEnabled":false,"soundType":"soft","x":400,"y":300,"vx":0,"vy":0,"dirX":1,"dirY":0,"viewerScreenSize":{"width":800,"height":600}}}
[VIEWER MSG] 📦 [VIEWER] command extracted: {"speed":30,"radius":20,"colorBall":"#60a5fa","colorBg":"#020617","paused":true,"soundEnabled":false,"soundType":"soft","x":400,"y":300,"vx":0,"vy":0,"dirX":1,"dirY":0,"viewerScreenSize":{"width":800,"height":600}}
[VIEWER MSG] 📦 [VIEWER] command.controllerConnected: 
[VIEWER MSG] 📦 [VIEWER] onStateUpdate received: {"type":"state_update","timestamp":1769601739837,"payload":{"speed":30,"radius":20,"colorBall":"#60a5fa","colorBg":"#020617","paused":true,"soundEnabled":false,"soundType":"soft","x":400,"y":300,"vx":0,"vy":0,"dirX":1,"dirY":0,"viewerScreenSize":{"width":800,"height":600}}}
[VIEWER MSG] 📦 [VIEWER] command extracted: {"speed":30,"radius":20,"colorBall":"#60a5fa","colorBg":"#020617","paused":true,"soundEnabled":false,"soundType":"soft","x":400,"y":300,"vx":0,"vy":0,"dirX":1,"dirY":0,"viewerScreenSize":{"width":800,"height":600}}
[VIEWER MSG] 📦 [VIEWER] command.controllerConnected: 
[VIEWER MSG] 📦 [VIEWER] onStateUpdate received: {"type":"state_update","timestamp":1769601739853,"payload":{"speed":30,"radius":20,"colorBall":"#60a5fa","colorBg":"#020617","paused":true,"soundEnabled":false,"soundType":"soft","x":400,"y":300,"vx":0,"vy":0,"dirX":1,"dirY":0,"viewerScreenSize":{"width":800,"height":600}}}
[VIEWER MSG] 📦 [VIEWER] command extracted: {"speed":30,"radius":20,"colorBall":"#60a5fa","colorBg":"#020617","paused":true,"soundEnabled":false,"soundType":"soft","x":400,"y":300,"vx":0,"vy":0,"dirX":1,"dirY":0,"viewerScreenSize":{"width":800,"height":600}}
[VIEWER MSG] 📦 [VIEWER] command.controllerConnected: 
[VIEWER MSG] 📦 [VIEWER] onStateUpdate received: {"type":"state_update","timestamp":1769601739869,"payload":{"speed":30,"radius":20,"colorBall":"#60a5fa","colorBg":"#020617","paused":true,"soundEnabled":false,"soundType":"soft","x":400,"y":300,"vx":0,"vy":0,"dirX":1,"dirY":0,"viewerScreenSize":{"width":800,"height":600}}}
[VIEWER MSG] 📦 [VIEWER] command extracted: {"speed":30,"radius":20,"colorBall":"#60a5fa","colorBg":"#020617","paused":true,"soundEnabled":false,"soundType":"soft","x":400,"y":300,"vx":0,"vy":0,"dirX":1,"dirY":0,"viewerScreenSize":{"width":800,"height":600}}
[VIEWER MSG] 📦 [VIEWER] command.controllerConnected: 
[VIEWER MSG] 📦 [VIEWER] onStateUpdate received: {"type":"state_update","timestamp":1769601739886,"payload":{"speed":30,"radius":20,"colorBall":"#60a5fa","colorBg":"#020617","paused":true,"soundEnabled":false,"soundType":"soft","x":400,"y":300,"vx":0,"vy":0,"dirX":1,"dirY":0,"viewerScreenSize":{"width":800,"height":600}}}
[VIEWER MSG] 📦 [VIEWER] command extracted: {"speed":30,"radius":20,"colorBall":"#60a5fa","colorBg":"#020617","paused":true,"soundEnabled":false,"soundType":"soft","x":400,"y":300,"vx":0,"vy":0,"dirX":1,"dirY":0,"viewerScreenSize":{"width":800,"height":600}}
[VIEWER MSG] 📦 [VIEWER] command.controllerConnected: 
[VIEWER MSG] 📦 [VIEWER] onStateUpdate received: {"type":"state_update","timestamp":1769601739902,"payload":{"speed":30,"radius":20,"colorBall":"#60a5fa","colorBg":"#020617","paused":true,"soundEnabled":false,"soundType":"soft","x":400,"y":300,"vx":0,"vy":0,"dirX":1,"dirY":0,"viewerScreenSize":{"width":800,"height":600}}}
[VIEWER MSG] 📦 [VIEWER] command extracted: {"speed":30,"radius":20,"colorBall":"#60a5fa","colorBg":"#020617","paused":true,"soundEnabled":false,"soundType":"soft","x":400,"y":300,"vx":0,"vy":0,"dirX":1,"dirY":0,"viewerScreenSize":{"width":800,"height":600}}
[VIEWER MSG] 📦 [VIEWER] command.controllerConnected: 
[VIEWER MSG] 📦 [VIEWER] onStateUpdate received: {"type":"state_update","timestamp":1769601739919,"payload":{"speed":30,"radius":20,"colorBall":"#60a5fa","colorBg":"#020617","paused":true,"soundEnabled":false,"soundType":"soft","x":400,"y":300,"vx":0,"vy":0,"dirX":1,"dirY":0,"viewerScreenSize":{"width":800,"height":600}}}
[VIEWER MSG] 📦 [VIEWER] command extracted: {"speed":30,"radius":20,"colorBall":"#60a5fa","colorBg":"#020617","paused":true,"soundEnabled":false,"soundType":"soft","x":400,"y":300,"vx":0,"vy":0,"dirX":1,"dirY":0,"viewerScreenSize":{"width":800,"height":600}}
[VIEWER MSG] 📦 [VIEWER] command.controllerConnected: 
[VIEWER MSG] 📦 [VIEWER] onStateUpdate received: {"type":"state_update","timestamp":1769601739935,"payload":{"speed":30,"radius":20,"colorBall":"#60a5fa","colorBg":"#020617","paused":true,"soundEnabled":false,"soundType":"soft","x":400,"y":300,"vx":0,"vy":0,"dirX":1,"dirY":0,"viewerScreenSize":{"width":800,"height":600}}}
[VIEWER MSG] 📦 [VIEWER] command extracted: {"speed":30,"radius":20,"colorBall":"#60a5fa","colorBg":"#020617","paused":true,"soundEnabled":false,"soundType":"soft","x":400,"y":300,"vx":0,"vy":0,"dirX":1,"dirY":0,"viewerScreenSize":{"width":800,"height":600}}
[VIEWER MSG] 📦 [VIEWER] command.controllerConnected: 
[VIEWER MSG] 📦 [VIEWER] onStateUpdate received: {"type":"state_update","timestamp":1769601739952,"payload":{"speed":30,"radius":20,"colorBall":"#60a5fa","colorBg":"#020617","paused":true,"soundEnabled":false,"soundType":"soft","x":400,"y":300,"vx":0,"vy":0,"dirX":1,"dirY":0,"viewerScreenSize":{"width":800,"height":600}}}
[VIEWER MSG] 📦 [VIEWER] command extracted: {"speed":30,"radius":20,"colorBall":"#60a5fa","colorBg":"#020617","paused":true,"soundEnabled":false,"soundType":"soft","x":400,"y":300,"vx":0,"vy":0,"dirX":1,"dirY":0,"viewerScreenSize":{"width":800,"height":600}}
[VIEWER MSG] 📦 [VIEWER] command.controllerConnected: 
[VIEWER MSG] 📦 [VIEWER] onStateUpdate received: {"type":"state_update","timestamp":1769601739968,"payload":{"speed":30,"radius":20,"colorBall":"#60a5fa","colorBg":"#020617","paused":true,"soundEnabled":false,"soundType":"soft","x":400,"y":300,"vx":0,"vy":0,"dirX":1,"dirY":0,"viewerScreenSize":{"width":800,"height":600}}}
[VIEWER MSG] 📦 [VIEWER] command extracted: {"speed":30,"radius":20,"colorBall":"#60a5fa","colorBg":"#020617","paused":true,"soundEnabled":false,"soundType":"soft","x":400,"y":300,"vx":0,"vy":0,"dirX":1,"dirY":0,"viewerScreenSize":{"width":800,"height":600}}
[VIEWER MSG] 📦 [VIEWER] command.controllerConnected: 
[VIEWER MSG] 📦 [VIEWER] onStateUpdate received: {"type":"state_update","timestamp":1769601739985,"payload":{"speed":30,"radius":20,"colorBall":"#60a5fa","colorBg":"#020617","paused":true,"soundEnabled":false,"soundType":"soft","x":400,"y":300,"vx":0,"vy":0,"dirX":1,"dirY":0,"viewerScreenSize":{"width":800,"height":600}}}
[VIEWER MSG] 📦 [VIEWER] command extracted: {"speed":30,"radius":20,"colorBall":"#60a5fa","colorBg":"#020617","paused":true,"soundEnabled":false,"soundType":"soft","x":400,"y":300,"vx":0,"vy":0,"dirX":1,"dirY":0,"viewerScreenSize":{"width":800,"height":600}}
[VIEWER MSG] 📦 [VIEWER] command.controllerConnected: 
[VIEWER MSG] 📦 [VIEWER] onStateUpdate received: {"type":"state_update","timestamp":1769601740001,"payload":{"speed":30,"radius":20,"colorBall":"#60a5fa","colorBg":"#020617","paused":true,"soundEnabled":false,"soundType":"soft","x":400,"y":300,"vx":0,"vy":0,"dirX":1,"dirY":0,"viewerScreenSize":{"width":800,"height":600}}}
[VIEWER MSG] 📦 [VIEWER] command extracted: {"speed":30,"radius":20,"colorBall":"#60a5fa","colorBg":"#020617","paused":true,"soundEnabled":false,"soundType":"soft","x":400,"y":300,"vx":0,"vy":0,"dirX":1,"dirY":0,"viewerScreenSize":{"width":800,"height":600}}
[VIEWER MSG] 📦 [VIEWER] command.controllerConnected: 
[VIEWER MSG] 📦 [VIEWER] onStateUpdate received: {"type":"state_update","timestamp":1769601740018,"payload":{"speed":30,"radius":20,"colorBall":"#60a5fa","colorBg":"#020617","paused":true,"soundEnabled":false,"soundType":"soft","x":400,"y":300,"vx":0,"vy":0,"dirX":1,"dirY":0,"viewerScreenSize":{"width":800,"height":600}}}
[VIEWER MSG] 📦 [VIEWER] command extracted: {"speed":30,"radius":20,"colorBall":"#60a5fa","colorBg":"#020617","paused":true,"soundEnabled":false,"soundType":"soft","x":400,"y":300,"vx":0,"vy":0,"dirX":1,"dirY":0,"viewerScreenSize":{"width":800,"height":600}}
[VIEWER MSG] 📦 [VIEWER] command.controllerConnected: 
[VIEWER MSG] 📦 [VIEWER] onStateUpdate received: {"type":"state_update","timestamp":1769601740034,"payload":{"speed":30,"radius":20,"colorBall":"#60a5fa","colorBg":"#020617","paused":true,"soundEnabled":false,"soundType":"soft","x":400,"y":300,"vx":0,"vy":0,"dirX":1,"dirY":0,"viewerScreenSize":{"width":800,"height":600}}}
[VIEWER MSG] 📦 [VIEWER] command extracted: {"speed":30,"radius":20,"colorBall":"#60a5fa","colorBg":"#020617","paused":true,"soundEnabled":false,"soundType":"soft","x":400,"y":300,"vx":0,"vy":0,"dirX":1,"dirY":0,"viewerScreenSize":{"width":800,"height":600}}
[VIEWER MSG] 📦 [VIEWER] command.controllerConnected: 
[VIEWER MSG] 📦 [VIEWER] onStateUpdate received: {"type":"state_update","timestamp":1769601740051,"payload":{"speed":30,"radius":20,"colorBall":"#60a5fa","colorBg":"#020617","paused":true,"soundEnabled":false,"soundType":"soft","x":400,"y":300,"vx":0,"vy":0,"dirX":1,"dirY":0,"viewerScreenSize":{"width":800,"height":600}}}
[VIEWER MSG] 📦 [VIEWER] command extracted: {"speed":30,"radius":20,"colorBall":"#60a5fa","colorBg":"#020617","paused":true,"soundEnabled":false,"soundType":"soft","x":400,"y":300,"vx":0,"vy":0,"dirX":1,"dirY":0,"viewerScreenSize":{"width":800,"height":600}}
[VIEWER MSG] 📦 [VIEWER] command.controllerConnected: 
[VIEWER MSG] 📦 [VIEWER] onStateUpdate received: {"type":"state_update","timestamp":1769601740067,"payload":{"speed":30,"radius":20,"colorBall":"#60a5fa","colorBg":"#020617","paused":true,"soundEnabled":false,"soundType":"soft","x":400,"y":300,"vx":0,"vy":0,"dirX":1,"dirY":0,"viewerScreenSize":{"width":800,"height":600}}}
[VIEWER MSG] 📦 [VIEWER] command extracted: {"speed":30,"radius":20,"colorBall":"#60a5fa","colorBg":"#020617","paused":true,"soundEnabled":false,"soundType":"soft","x":400,"y":300,"vx":0,"vy":0,"dirX":1,"dirY":0,"viewerScreenSize":{"width":800,"height":600}}
[VIEWER MSG] 📦 [VIEWER] command.controllerConnected: 
[VIEWER MSG] 📦 [VIEWER] onStateUpdate received: {"type":"state_update","timestamp":1769601740084,"payload":{"speed":30,"radius":20,"colorBall":"#60a5fa","colorBg":"#020617","paused":true,"soundEnabled":false,"soundType":"soft","x":400,"y":300,"vx":0,"vy":0,"dirX":1,"dirY":0,"viewerScreenSize":{"width":800,"height":600}}}
[VIEWER MSG] 📦 [VIEWER] command extracted: {"speed":30,"radius":20,"colorBall":"#60a5fa","colorBg":"#020617","paused":true,"soundEnabled":false,"soundType":"soft","x":400,"y":300,"vx":0,"vy":0,"dirX":1,"dirY":0,"viewerScreenSize":{"width":800,"height":600}}
[VIEWER MSG] 📦 [VIEWER] command.controllerConnected: 
[VIEWER MSG] 📦 [VIEWER] onStateUpdate received: {"type":"state_update","timestamp":1769601740100,"payload":{"speed":30,"radius":20,"colorBall":"#60a5fa","colorBg":"#020617","paused":true,"soundEnabled":false,"soundType":"soft","x":400,"y":300,"vx":0,"vy":0,"dirX":1,"dirY":0,"viewerScreenSize":{"width":800,"height":600}}}
[VIEWER MSG] 📦 [VIEWER] command extracted: {"speed":30,"radius":20,"colorBall":"#60a5fa","colorBg":"#020617","paused":true,"soundEnabled":false,"soundType":"soft","x":400,"y":300,"vx":0,"vy":0,"dirX":1,"dirY":0,"viewerScreenSize":{"width":800,"height":600}}
[VIEWER MSG] 📦 [VIEWER] command.controllerConnected: 
[VIEWER MSG] 📦 [VIEWER] onStateUpdate received: {"type":"state_update","timestamp":1769601740117,"payload":{"speed":30,"radius":20,"colorBall":"#60a5fa","colorBg":"#020617","paused":true,"soundEnabled":false,"soundType":"soft","x":400,"y":300,"vx":0,"vy":0,"dirX":1,"dirY":0,"viewerScreenSize":{"width":800,"height":600}}}
[VIEWER MSG] 📦 [VIEWER] command extracted: {"speed":30,"radius":20,"colorBall":"#60a5fa","colorBg":"#020617","paused":true,"soundEnabled":false,"soundType":"soft","x":400,"y":300,"vx":0,"vy":0,"dirX":1,"dirY":0,"viewerScreenSize":{"width":800,"height":600}}
[VIEWER MSG] 📦 [VIEWER] command.controllerConnected: 
[VIEWER MSG] 📦 [VIEWER] onStateUpdate received: {"type":"state_update","timestamp":1769601740133,"payload":{"speed":30,"radius":20,"colorBall":"#60a5fa","colorBg":"#020617","paused":true,"soundEnabled":false,"soundType":"soft","x":400,"y":300,"vx":0,"vy":0,"dirX":1,"dirY":0,"viewerScreenSize":{"width":800,"height":600}}}
[VIEWER MSG] 📦 [VIEWER] command extracted: {"speed":30,"radius":20,"colorBall":"#60a5fa","colorBg":"#020617","paused":true,"soundEnabled":false,"soundType":"soft","x":400,"y":300,"vx":0,"vy":0,"dirX":1,"dirY":0,"viewerScreenSize":{"width":800,"height":600}}
[VIEWER MSG] 📦 [VIEWER] command.controllerConnected: 
[VIEWER MSG] 📦 [VIEWER] onStateUpdate received: {"type":"state_update","timestamp":1769601740150,"payload":{"speed":30,"radius":20,"colorBall":"#60a5fa","colorBg":"#020617","paused":true,"soundEnabled":false,"soundType":"soft","x":400,"y":300,"vx":0,"vy":0,"dirX":1,"dirY":0,"viewerScreenSize":{"width":800,"height":600}}}
[VIEWER MSG] 📦 [VIEWER] command extracted: {"speed":30,"radius":20,"colorBall":"#60a5fa","colorBg":"#020617","paused":true,"soundEnabled":false,"soundType":"soft","x":400,"y":300,"vx":0,"vy":0,"dirX":1,"dirY":0,"viewerScreenSize":{"width":800,"height":600}}
[VIEWER MSG] 📦 [VIEWER] command.controllerConnected: 
[VIEWER MSG] 📦 [VIEWER] onStateUpdate received: {"type":"state_update","timestamp":1769601740166,"payload":{"speed":30,"radius":20,"colorBall":"#60a5fa","colorBg":"#020617","paused":true,"soundEnabled":false,"soundType":"soft","x":400,"y":300,"vx":0,"vy":0,"dirX":1,"dirY":0,"viewerScreenSize":{"width":800,"height":600}}}
[VIEWER MSG] 📦 [VIEWER] command extracted: {"speed":30,"radius":20,"colorBall":"#60a5fa","colorBg":"#020617","paused":true,"soundEnabled":false,"soundType":"soft","x":400,"y":300,"vx":0,"vy":0,"dirX":1,"dirY":0,"viewerScreenSize":{"width":800,"height":600}}
[VIEWER MSG] 📦 [VIEWER] command.controllerConnected: 
[VIEWER MSG] 📦 [VIEWER] onStateUpdate received: {"type":"state_update","timestamp":1769601740183,"payload":{"speed":30,"radius":20,"colorBall":"#60a5fa","colorBg":"#020617","paused":true,"soundEnabled":false,"soundType":"soft","x":400,"y":300,"vx":0,"vy":0,"dirX":1,"dirY":0,"viewerScreenSize":{"width":800,"height":600}}}
[VIEWER MSG] 📦 [VIEWER] command extracted: {"speed":30,"radius":20,"colorBall":"#60a5fa","colorBg":"#020617","paused":true,"soundEnabled":false,"soundType":"soft","x":400,"y":300,"vx":0,"vy":0,"dirX":1,"dirY":0,"viewerScreenSize":{"width":800,"height":600}}
[VIEWER MSG] 📦 [VIEWER] command.controllerConnected: 
[VIEWER MSG] 📦 [VIEWER] onStateUpdate received: {"type":"state_update","timestamp":1769601740199,"payload":{"speed":30,"radius":20,"colorBall":"#60a5fa","colorBg":"#020617","paused":true,"soundEnabled":false,"soundType":"soft","x":400,"y":300,"vx":0,"vy":0,"dirX":1,"dirY":0,"viewerScreenSize":{"width":800,"height":600}}}
[VIEWER MSG] 📦 [VIEWER] command extracted: {"speed":30,"radius":20,"colorBall":"#60a5fa","colorBg":"#020617","paused":true,"soundEnabled":false,"soundType":"soft","x":400,"y":300,"vx":0,"vy":0,"dirX":1,"dirY":0,"viewerScreenSize":{"width":800,"height":600}}
[VIEWER MSG] 📦 [VIEWER] command.controllerConnected: 
[VIEWER MSG] 📦 [VIEWER] onStateUpdate received: {"type":"state_update","timestamp":1769601740216,"payload":{"speed":30,"radius":20,"colorBall":"#60a5fa","colorBg":"#020617","paused":true,"soundEnabled":false,"soundType":"soft","x":400,"y":300,"vx":0,"vy":0,"dirX":1,"dirY":0,"viewerScreenSize":{"width":800,"height":600}}}
[VIEWER MSG] 📦 [VIEWER] command extracted: {"speed":30,"radius":20,"colorBall":"#60a5fa","colorBg":"#020617","paused":true,"soundEnabled":false,"soundType":"soft","x":400,"y":300,"vx":0,"vy":0,"dirX":1,"dirY":0,"viewerScreenSize":{"width":800,"height":600}}
[VIEWER MSG] 📦 [VIEWER] command.controllerConnected: 
[VIEWER MSG] 📦 [VIEWER] onStateUpdate received: {"type":"state_update","timestamp":1769601740232,"payload":{"speed":30,"radius":20,"colorBall":"#60a5fa","colorBg":"#020617","paused":true,"soundEnabled":false,"soundType":"soft","x":400,"y":300,"vx":0,"vy":0,"dirX":1,"dirY":0,"viewerScreenSize":{"width":800,"height":600}}}
[VIEWER MSG] 📦 [VIEWER] command extracted: {"speed":30,"radius":20,"colorBall":"#60a5fa","colorBg":"#020617","paused":true,"soundEnabled":false,"soundType":"soft","x":400,"y":300,"vx":0,"vy":0,"dirX":1,"dirY":0,"viewerScreenSize":{"width":800,"height":600}}
[VIEWER MSG] 📦 [VIEWER] command.controllerConnected: 
[VIEWER MSG] 📦 [VIEWER] onStateUpdate received: {"type":"state_update","timestamp":1769601740249,"payload":{"speed":30,"radius":20,"colorBall":"#60a5fa","colorBg":"#020617","paused":true,"soundEnabled":false,"soundType":"soft","x":400,"y":300,"vx":0,"vy":0,"dirX":1,"dirY":0,"viewerScreenSize":{"width":800,"height":600}}}
[VIEWER MSG] 📦 [VIEWER] command extracted: {"speed":30,"radius":20,"colorBall":"#60a5fa","colorBg":"#020617","paused":true,"soundEnabled":false,"soundType":"soft","x":400,"y":300,"vx":0,"vy":0,"dirX":1,"dirY":0,"viewerScreenSize":{"width":800,"height":600}}
[VIEWER MSG] 📦 [VIEWER] command.controllerConnected: 
[VIEWER MSG] 📦 [VIEWER] onStateUpdate received: {"type":"state_update","timestamp":1769601740265,"payload":{"speed":30,"radius":20,"colorBall":"#60a5fa","colorBg":"#020617","paused":true,"soundEnabled":false,"soundType":"soft","x":400,"y":300,"vx":0,"vy":0,"dirX":1,"dirY":0,"viewerScreenSize":{"width":800,"height":600}}}
[VIEWER MSG] 📦 [VIEWER] command extracted: {"speed":30,"radius":20,"colorBall":"#60a5fa","colorBg":"#020617","paused":true,"soundEnabled":false,"soundType":"soft","x":400,"y":300,"vx":0,"vy":0,"dirX":1,"dirY":0,"viewerScreenSize":{"width":800,"height":600}}
[VIEWER MSG] 📦 [VIEWER] command.controllerConnected: 
[VIEWER MSG] 📦 [VIEWER] onStateUpdate received: {"type":"state_update","timestamp":1769601740282,"payload":{"speed":30,"radius":20,"colorBall":"#60a5fa","colorBg":"#020617","paused":true,"soundEnabled":false,"soundType":"soft","x":400,"y":300,"vx":0,"vy":0,"dirX":1,"dirY":0,"viewerScreenSize":{"width":800,"height":600}}}
[VIEWER MSG] 📦 [VIEWER] command extracted: {"speed":30,"radius":20,"colorBall":"#60a5fa","colorBg":"#020617","paused":true,"soundEnabled":false,"soundType":"soft","x":400,"y":300,"vx":0,"vy":0,"dirX":1,"dirY":0,"viewerScreenSize":{"width":800,"height":600}}
[VIEWER MSG] 📦 [VIEWER] command.controllerConnected: 
[VIEWER MSG] 📦 [VIEWER] onStateUpdate received: {"type":"state_update","timestamp":1769601740298,"payload":{"speed":30,"radius":20,"colorBall":"#60a5fa","colorBg":"#020617","paused":true,"soundEnabled":false,"soundType":"soft","x":400,"y":300,"vx":0,"vy":0,"dirX":1,"dirY":0,"viewerScreenSize":{"width":800,"height":600}}}
[VIEWER MSG] 📦 [VIEWER] command extracted: {"speed":30,"radius":20,"colorBall":"#60a5fa","colorBg":"#020617","paused":true,"soundEnabled":false,"soundType":"soft","x":400,"y":300,"vx":0,"vy":0,"dirX":1,"dirY":0,"viewerScreenSize":{"width":800,"height":600}}
[VIEWER MSG] 📦 [VIEWER] command.controllerConnected: 
[VIEWER MSG] 📦 [VIEWER] onStateUpdate received: {"type":"state_update","timestamp":1769601740315,"payload":{"speed":30,"radius":20,"colorBall":"#60a5fa","colorBg":"#020617","paused":true,"soundEnabled":false,"soundType":"soft","x":400,"y":300,"vx":0,"vy":0,"dirX":1,"dirY":0,"viewerScreenSize":{"width":800,"height":600}}}
[VIEWER MSG] 📦 [VIEWER] command extracted: {"speed":30,"radius":20,"colorBall":"#60a5fa","colorBg":"#020617","paused":true,"soundEnabled":false,"soundType":"soft","x":400,"y":300,"vx":0,"vy":0,"dirX":1,"dirY":0,"viewerScreenSize":{"width":800,"height":600}}
[VIEWER MSG] 📦 [VIEWER] command.controllerConnected: 
[VIEWER MSG] 📦 [VIEWER] onStateUpdate received: {"type":"state_update","timestamp":1769601740332,"payload":{"speed":30,"radius":20,"colorBall":"#60a5fa","colorBg":"#020617","paused":true,"soundEnabled":false,"soundType":"soft","x":400,"y":300,"vx":0,"vy":0,"dirX":1,"dirY":0,"viewerScreenSize":{"width":800,"height":600}}}
[VIEWER MSG] 📦 [VIEWER] command extracted: {"speed":30,"radius":20,"colorBall":"#60a5fa","colorBg":"#020617","paused":true,"soundEnabled":false,"soundType":"soft","x":400,"y":300,"vx":0,"vy":0,"dirX":1,"dirY":0,"viewerScreenSize":{"width":800,"height":600}}
[VIEWER MSG] 📦 [VIEWER] command.controllerConnected: 
[VIEWER MSG] 📦 [VIEWER] onStateUpdate received: {"type":"state_update","timestamp":1769601740348,"payload":{"speed":30,"radius":20,"colorBall":"#60a5fa","colorBg":"#020617","paused":true,"soundEnabled":false,"soundType":"soft","x":400,"y":300,"vx":0,"vy":0,"dirX":1,"dirY":0,"viewerScreenSize":{"width":800,"height":600}}}
[VIEWER MSG] 📦 [VIEWER] command extracted: {"speed":30,"radius":20,"colorBall":"#60a5fa","colorBg":"#020617","paused":true,"soundEnabled":false,"soundType":"soft","x":400,"y":300,"vx":0,"vy":0,"dirX":1,"dirY":0,"viewerScreenSize":{"width":800,"height":600}}
[VIEWER MSG] 📦 [VIEWER] command.controllerConnected: 
[VIEWER MSG] 📦 [VIEWER] onStateUpdate received: {"type":"state_update","timestamp":1769601740364,"payload":{"speed":30,"radius":20,"colorBall":"#60a5fa","colorBg":"#020617","paused":true,"soundEnabled":false,"soundType":"soft","x":400,"y":300,"vx":0,"vy":0,"dirX":1,"dirY":0,"viewerScreenSize":{"width":800,"height":600}}}
[VIEWER MSG] 📦 [VIEWER] command extracted: {"speed":30,"radius":20,"colorBall":"#60a5fa","colorBg":"#020617","paused":true,"soundEnabled":false,"soundType":"soft","x":400,"y":300,"vx":0,"vy":0,"dirX":1,"dirY":0,"viewerScreenSize":{"width":800,"height":600}}
[VIEWER MSG] 📦 [VIEWER] command.controllerConnected: 
[VIEWER MSG] 📦 [VIEWER] onStateUpdate received: {"type":"state_update","timestamp":1769601740380,"payload":{"speed":30,"radius":20,"colorBall":"#60a5fa","colorBg":"#020617","paused":true,"soundEnabled":false,"soundType":"soft","x":400,"y":300,"vx":0,"vy":0,"dirX":1,"dirY":0,"viewerScreenSize":{"width":800,"height":600}}}
[VIEWER MSG] 📦 [VIEWER] command extracted: {"speed":30,"radius":20,"colorBall":"#60a5fa","colorBg":"#020617","paused":true,"soundEnabled":false,"soundType":"soft","x":400,"y":300,"vx":0,"vy":0,"dirX":1,"dirY":0,"viewerScreenSize":{"width":800,"height":600}}
[VIEWER MSG] 📦 [VIEWER] command.controllerConnected: 
[VIEWER MSG] 📦 [VIEWER] onStateUpdate received: {"type":"state_update","timestamp":1769601740396,"payload":{"speed":30,"radius":20,"colorBall":"#60a5fa","colorBg":"#020617","paused":true,"soundEnabled":false,"soundType":"soft","x":400,"y":300,"vx":0,"vy":0,"dirX":1,"dirY":0,"viewerScreenSize":{"width":800,"height":600}}}
[VIEWER MSG] 📦 [VIEWER] command extracted: {"speed":30,"radius":20,"colorBall":"#60a5fa","colorBg":"#020617","paused":true,"soundEnabled":false,"soundType":"soft","x":400,"y":300,"vx":0,"vy":0,"dirX":1,"dirY":0,"viewerScreenSize":{"width":800,"height":600}}
[VIEWER MSG] 📦 [VIEWER] command.controllerConnected: 
[VIEWER MSG] 📦 [VIEWER] onStateUpdate received: {"type":"state_update","timestamp":1769601740413,"payload":{"speed":30,"radius":20,"colorBall":"#60a5fa","colorBg":"#020617","paused":true,"soundEnabled":false,"soundType":"soft","x":400,"y":300,"vx":0,"vy":0,"dirX":1,"dirY":0,"viewerScreenSize":{"width":800,"height":600}}}
[VIEWER MSG] 📦 [VIEWER] command extracted: {"speed":30,"radius":20,"colorBall":"#60a5fa","colorBg":"#020617","paused":true,"soundEnabled":false,"soundType":"soft","x":400,"y":300,"vx":0,"vy":0,"dirX":1,"dirY":0,"viewerScreenSize":{"width":800,"height":600}}
[VIEWER MSG] 📦 [VIEWER] command.controllerConnected: 
[VIEWER MSG] 📦 [VIEWER] onStateUpdate received: {"type":"state_update","timestamp":1769601740429,"payload":{"speed":30,"radius":20,"colorBall":"#60a5fa","colorBg":"#020617","paused":true,"soundEnabled":false,"soundType":"soft","x":400,"y":300,"vx":0,"vy":0,"dirX":1,"dirY":0,"viewerScreenSize":{"width":800,"height":600}}}
[VIEWER MSG] 📦 [VIEWER] command extracted: {"speed":30,"radius":20,"colorBall":"#60a5fa","colorBg":"#020617","paused":true,"soundEnabled":false,"soundType":"soft","x":400,"y":300,"vx":0,"vy":0,"dirX":1,"dirY":0,"viewerScreenSize":{"width":800,"height":600}}
[VIEWER MSG] 📦 [VIEWER] command.controllerConnected: 
[VIEWER MSG] 📦 [VIEWER] onStateUpdate received: {"type":"state_update","timestamp":1769601740445,"payload":{"speed":30,"radius":20,"colorBall":"#60a5fa","colorBg":"#020617","paused":true,"soundEnabled":false,"soundType":"soft","x":400,"y":300,"vx":0,"vy":0,"dirX":1,"dirY":0,"viewerScreenSize":{"width":800,"height":600}}}
[VIEWER MSG] 📦 [VIEWER] command extracted: {"speed":30,"radius":20,"colorBall":"#60a5fa","colorBg":"#020617","paused":true,"soundEnabled":false,"soundType":"soft","x":400,"y":300,"vx":0,"vy":0,"dirX":1,"dirY":0,"viewerScreenSize":{"width":800,"height":600}}
[VIEWER MSG] 📦 [VIEWER] command.controllerConnected: 
[VIEWER MSG] 📦 [VIEWER] onStateUpdate received: {"type":"state_update","timestamp":1769601740461,"payload":{"speed":30,"radius":20,"colorBall":"#60a5fa","colorBg":"#020617","paused":true,"soundEnabled":false,"soundType":"soft","x":400,"y":300,"vx":0,"vy":0,"dirX":1,"dirY":0,"viewerScreenSize":{"width":800,"height":600}}}
[VIEWER MSG] 📦 [VIEWER] command extracted: {"speed":30,"radius":20,"colorBall":"#60a5fa","colorBg":"#020617","paused":true,"soundEnabled":false,"soundType":"soft","x":400,"y":300,"vx":0,"vy":0,"dirX":1,"dirY":0,"viewerScreenSize":{"width":800,"height":600}}
[VIEWER MSG] 📦 [VIEWER] command.controllerConnected: 
[VIEWER MSG] 📦 [VIEWER] onStateUpdate received: {"type":"state_update","timestamp":1769601740477,"payload":{"speed":30,"radius":20,"colorBall":"#60a5fa","colorBg":"#020617","paused":true,"soundEnabled":false,"soundType":"soft","x":400,"y":300,"vx":0,"vy":0,"dirX":1,"dirY":0,"viewerScreenSize":{"width":800,"height":600}}}
[VIEWER MSG] 📦 [VIEWER] command extracted: {"speed":30,"radius":20,"colorBall":"#60a5fa","colorBg":"#020617","paused":true,"soundEnabled":false,"soundType":"soft","x":400,"y":300,"vx":0,"vy":0,"dirX":1,"dirY":0,"viewerScreenSize":{"width":800,"height":600}}
[VIEWER MSG] 📦 [VIEWER] command.controllerConnected: 
[VIEWER MSG] 📦 [VIEWER] onStateUpdate received: {"type":"state_update","timestamp":1769601740494,"payload":{"speed":30,"radius":20,"colorBall":"#60a5fa","colorBg":"#020617","paused":true,"soundEnabled":false,"soundType":"soft","x":400,"y":300,"vx":0,"vy":0,"dirX":1,"dirY":0,"viewerScreenSize":{"width":800,"height":600}}}
[VIEWER MSG] 📦 [VIEWER] command extracted: {"speed":30,"radius":20,"colorBall":"#60a5fa","colorBg":"#020617","paused":true,"soundEnabled":false,"soundType":"soft","x":400,"y":300,"vx":0,"vy":0,"dirX":1,"dirY":0,"viewerScreenSize":{"width":800,"height":600}}
[VIEWER MSG] 📦 [VIEWER] command.controllerConnected: 
[VIEWER MSG] 📦 [VIEWER] onStateUpdate received: {"type":"state_update","timestamp":1769601740510,"payload":{"speed":30,"radius":20,"colorBall":"#60a5fa","colorBg":"#020617","paused":true,"soundEnabled":false,"soundType":"soft","x":400,"y":300,"vx":0,"vy":0,"dirX":1,"dirY":0,"viewerScreenSize":{"width":800,"height":600}}}
[VIEWER MSG] 📦 [VIEWER] command extracted: {"speed":30,"radius":20,"colorBall":"#60a5fa","colorBg":"#020617","paused":true,"soundEnabled":false,"soundType":"soft","x":400,"y":300,"vx":0,"vy":0,"dirX":1,"dirY":0,"viewerScreenSize":{"width":800,"height":600}}
[VIEWER MSG] 📦 [VIEWER] command.controllerConnected: 
[VIEWER MSG] 📦 [VIEWER] onStateUpdate received: {"type":"state_update","timestamp":1769601740526,"payload":{"speed":30,"radius":20,"colorBall":"#60a5fa","colorBg":"#020617","paused":true,"soundEnabled":false,"soundType":"soft","x":400,"y":300,"vx":0,"vy":0,"dirX":1,"dirY":0,"viewerScreenSize":{"width":800,"height":600}}}
[VIEWER MSG] 📦 [VIEWER] command extracted: {"speed":30,"radius":20,"colorBall":"#60a5fa","colorBg":"#020617","paused":true,"soundEnabled":false,"soundType":"soft","x":400,"y":300,"vx":0,"vy":0,"dirX":1,"dirY":0,"viewerScreenSize":{"width":800,"height":600}}
[VIEWER MSG] 📦 [VIEWER] command.controllerConnected: 
[VIEWER MSG] 📦 [VIEWER] onStateUpdate received: {"type":"state_update","timestamp":1769601740542,"payload":{"speed":30,"radius":20,"colorBall":"#60a5fa","colorBg":"#020617","paused":true,"soundEnabled":false,"soundType":"soft","x":400,"y":300,"vx":0,"vy":0,"dirX":1,"dirY":0,"viewerScreenSize":{"width":800,"height":600}}}
[VIEWER MSG] 📦 [VIEWER] command extracted: {"speed":30,"radius":20,"colorBall":"#60a5fa","colorBg":"#020617","paused":true,"soundEnabled":false,"soundType":"soft","x":400,"y":300,"vx":0,"vy":0,"dirX":1,"dirY":0,"viewerScreenSize":{"width":800,"height":600}}
[VIEWER MSG] 📦 [VIEWER] command.controllerConnected: 
[VIEWER MSG] 📦 [VIEWER] onStateUpdate received: {"type":"state_update","timestamp":1769601740557,"payload":{"speed":30,"radius":20,"colorBall":"#60a5fa","colorBg":"#020617","paused":true,"soundEnabled":false,"soundType":"soft","x":400,"y":300,"vx":0,"vy":0,"dirX":1,"dirY":0,"viewerScreenSize":{"width":800,"height":600}}}
[VIEWER MSG] 📦 [VIEWER] command extracted: {"speed":30,"radius":20,"colorBall":"#60a5fa","colorBg":"#020617","paused":true,"soundEnabled":false,"soundType":"soft","x":400,"y":300,"vx":0,"vy":0,"dirX":1,"dirY":0,"viewerScreenSize":{"width":800,"height":600}}
[VIEWER MSG] 📦 [VIEWER] command.controllerConnected: 
[VIEWER MSG] 📦 [VIEWER] onStateUpdate received: {"type":"state_update","timestamp":1769601740574,"payload":{"speed":30,"radius":20,"colorBall":"#60a5fa","colorBg":"#020617","paused":true,"soundEnabled":false,"soundType":"soft","x":400,"y":300,"vx":0,"vy":0,"dirX":1,"dirY":0,"viewerScreenSize":{"width":800,"height":600}}}
[VIEWER MSG] 📦 [VIEWER] command extracted: {"speed":30,"radius":20,"colorBall":"#60a5fa","colorBg":"#020617","paused":true,"soundEnabled":false,"soundType":"soft","x":400,"y":300,"vx":0,"vy":0,"dirX":1,"dirY":0,"viewerScreenSize":{"width":800,"height":600}}
[VIEWER MSG] 📦 [VIEWER] command.controllerConnected: 
[VIEWER MSG] 📦 [VIEWER] onStateUpdate received: {"type":"state_update","timestamp":1769601740590,"payload":{"speed":30,"radius":20,"colorBall":"#60a5fa","colorBg":"#020617","paused":true,"soundEnabled":false,"soundType":"soft","x":400,"y":300,"vx":0,"vy":0,"dirX":1,"dirY":0,"viewerScreenSize":{"width":800,"height":600}}}
[VIEWER MSG] 📦 [VIEWER] command extracted: {"speed":30,"radius":20,"colorBall":"#60a5fa","colorBg":"#020617","paused":true,"soundEnabled":false,"soundType":"soft","x":400,"y":300,"vx":0,"vy":0,"dirX":1,"dirY":0,"viewerScreenSize":{"width":800,"height":600}}
[VIEWER MSG] 📦 [VIEWER] command.controllerConnected: 
[VIEWER MSG] 📦 [VIEWER] onStateUpdate received: {"type":"state_update","timestamp":1769601740607,"payload":{"speed":30,"radius":20,"colorBall":"#60a5fa","colorBg":"#020617","paused":true,"soundEnabled":false,"soundType":"soft","x":400,"y":300,"vx":0,"vy":0,"dirX":1,"dirY":0,"viewerScreenSize":{"width":800,"height":600}}}
[VIEWER MSG] 📦 [VIEWER] command extracted: {"speed":30,"radius":20,"colorBall":"#60a5fa","colorBg":"#020617","paused":true,"soundEnabled":false,"soundType":"soft","x":400,"y":300,"vx":0,"vy":0,"dirX":1,"dirY":0,"viewerScreenSize":{"width":800,"height":600}}
[VIEWER MSG] 📦 [VIEWER] command.controllerConnected: 
[VIEWER MSG] 📦 [VIEWER] onStateUpdate received: {"type":"state_update","timestamp":1769601740623,"payload":{"speed":30,"radius":20,"colorBall":"#60a5fa","colorBg":"#020617","paused":true,"soundEnabled":false,"soundType":"soft","x":400,"y":300,"vx":0,"vy":0,"dirX":1,"dirY":0,"viewerScreenSize":{"width":800,"height":600}}}
[VIEWER MSG] 📦 [VIEWER] command extracted: {"speed":30,"radius":20,"colorBall":"#60a5fa","colorBg":"#020617","paused":true,"soundEnabled":false,"soundType":"soft","x":400,"y":300,"vx":0,"vy":0,"dirX":1,"dirY":0,"viewerScreenSize":{"width":800,"height":600}}
[VIEWER MSG] 📦 [VIEWER] command.controllerConnected: 
[VIEWER MSG] 📦 [VIEWER] onStateUpdate received: {"type":"state_update","timestamp":1769601740640,"payload":{"speed":30,"radius":20,"colorBall":"#60a5fa","colorBg":"#020617","paused":true,"soundEnabled":false,"soundType":"soft","x":400,"y":300,"vx":0,"vy":0,"dirX":1,"dirY":0,"viewerScreenSize":{"width":800,"height":600}}}
[VIEWER MSG] 📦 [VIEWER] command extracted: {"speed":30,"radius":20,"colorBall":"#60a5fa","colorBg":"#020617","paused":true,"soundEnabled":false,"soundType":"soft","x":400,"y":300,"vx":0,"vy":0,"dirX":1,"dirY":0,"viewerScreenSize":{"width":800,"height":600}}
[VIEWER MSG] 📦 [VIEWER] command.controllerConnected: 
[VIEWER MSG] 📦 [VIEWER] onStateUpdate received: {"type":"state_update","timestamp":1769601740656,"payload":{"speed":30,"radius":20,"colorBall":"#60a5fa","colorBg":"#020617","paused":true,"soundEnabled":false,"soundType":"soft","x":400,"y":300,"vx":0,"vy":0,"dirX":1,"dirY":0,"viewerScreenSize":{"width":800,"height":600}}}
[VIEWER MSG] 📦 [VIEWER] command extracted: {"speed":30,"radius":20,"colorBall":"#60a5fa","colorBg":"#020617","paused":true,"soundEnabled":false,"soundType":"soft","x":400,"y":300,"vx":0,"vy":0,"dirX":1,"dirY":0,"viewerScreenSize":{"width":800,"height":600}}
[VIEWER MSG] 📦 [VIEWER] command.controllerConnected: 
[VIEWER MSG] 📦 [VIEWER] onStateUpdate received: {"type":"state_update","timestamp":1769601740672,"payload":{"speed":30,"radius":20,"colorBall":"#60a5fa","colorBg":"#020617","paused":true,"soundEnabled":false,"soundType":"soft","x":400,"y":300,"vx":0,"vy":0,"dirX":1,"dirY":0,"viewerScreenSize":{"width":800,"height":600}}}
[VIEWER MSG] 📦 [VIEWER] command extracted: {"speed":30,"radius":20,"colorBall":"#60a5fa","colorBg":"#020617","paused":true,"soundEnabled":false,"soundType":"soft","x":400,"y":300,"vx":0,"vy":0,"dirX":1,"dirY":0,"viewerScreenSize":{"width":800,"height":600}}
[VIEWER MSG] 📦 [VIEWER] command.controllerConnected: 
[VIEWER MSG] 📦 [VIEWER] onStateUpdate received: {"type":"state_update","timestamp":1769601740689,"payload":{"speed":30,"radius":20,"colorBall":"#60a5fa","colorBg":"#020617","paused":true,"soundEnabled":false,"soundType":"soft","x":400,"y":300,"vx":0,"vy":0,"dirX":1,"dirY":0,"viewerScreenSize":{"width":800,"height":600}}}
[VIEWER MSG] 📦 [VIEWER] command extracted: {"speed":30,"radius":20,"colorBall":"#60a5fa","colorBg":"#020617","paused":true,"soundEnabled":false,"soundType":"soft","x":400,"y":300,"vx":0,"vy":0,"dirX":1,"dirY":0,"viewerScreenSize":{"width":800,"height":600}}
[VIEWER MSG] 📦 [VIEWER] command.controllerConnected: 
[VIEWER MSG] 📦 [VIEWER] onStateUpdate received: {"type":"state_update","timestamp":1769601740705,"payload":{"speed":30,"radius":20,"colorBall":"#60a5fa","colorBg":"#020617","paused":true,"soundEnabled":false,"soundType":"soft","x":400,"y":300,"vx":0,"vy":0,"dirX":1,"dirY":0,"viewerScreenSize":{"width":800,"height":600}}}
[VIEWER MSG] 📦 [VIEWER] command extracted: {"speed":30,"radius":20,"colorBall":"#60a5fa","colorBg":"#020617","paused":true,"soundEnabled":false,"soundType":"soft","x":400,"y":300,"vx":0,"vy":0,"dirX":1,"dirY":0,"viewerScreenSize":{"width":800,"height":600}}
[VIEWER MSG] 📦 [VIEWER] command.controllerConnected: 
[VIEWER MSG] 📦 [VIEWER] onStateUpdate received: {"type":"state_update","timestamp":1769601740722,"payload":{"speed":30,"radius":20,"colorBall":"#60a5fa","colorBg":"#020617","paused":true,"soundEnabled":false,"soundType":"soft","x":400,"y":300,"vx":0,"vy":0,"dirX":1,"dirY":0,"viewerScreenSize":{"width":800,"height":600}}}
[VIEWER MSG] 📦 [VIEWER] command extracted: {"speed":30,"radius":20,"colorBall":"#60a5fa","colorBg":"#020617","paused":true,"soundEnabled":false,"soundType":"soft","x":400,"y":300,"vx":0,"vy":0,"dirX":1,"dirY":0,"viewerScreenSize":{"width":800,"height":600}}
[VIEWER MSG] 📦 [VIEWER] command.controllerConnected: 
[VIEWER MSG] 📦 [VIEWER] onStateUpdate received: {"type":"state_update","timestamp":1769601740738,"payload":{"speed":30,"radius":20,"colorBall":"#60a5fa","colorBg":"#020617","paused":true,"soundEnabled":false,"soundType":"soft","x":400,"y":300,"vx":0,"vy":0,"dirX":1,"dirY":0,"viewerScreenSize":{"width":800,"height":600}}}
[VIEWER MSG] 📦 [VIEWER] command extracted: {"speed":30,"radius":20,"colorBall":"#60a5fa","colorBg":"#020617","paused":true,"soundEnabled":false,"soundType":"soft","x":400,"y":300,"vx":0,"vy":0,"dirX":1,"dirY":0,"viewerScreenSize":{"width":800,"height":600}}
[VIEWER MSG] 📦 [VIEWER] command.controllerConnected: 
[VIEWER MSG] 📦 [VIEWER] onStateUpdate received: {"type":"state_update","timestamp":1769601740755,"payload":{"speed":30,"radius":20,"colorBall":"#60a5fa","colorBg":"#020617","paused":true,"soundEnabled":false,"soundType":"soft","x":400,"y":300,"vx":0,"vy":0,"dirX":1,"dirY":0,"viewerScreenSize":{"width":800,"height":600}}}
[VIEWER MSG] 📦 [VIEWER] command extracted: {"speed":30,"radius":20,"colorBall":"#60a5fa","colorBg":"#020617","paused":true,"soundEnabled":false,"soundType":"soft","x":400,"y":300,"vx":0,"vy":0,"dirX":1,"dirY":0,"viewerScreenSize":{"width":800,"height":600}}
[VIEWER MSG] 📦 [VIEWER] command.controllerConnected: 
[VIEWER MSG] 📦 [VIEWER] onStateUpdate received: {"type":"state_update","timestamp":1769601740771,"payload":{"speed":30,"radius":20,"colorBall":"#60a5fa","colorBg":"#020617","paused":true,"soundEnabled":false,"soundType":"soft","x":400,"y":300,"vx":0,"vy":0,"dirX":1,"dirY":0,"viewerScreenSize":{"width":800,"height":600}}}
[VIEWER MSG] 📦 [VIEWER] command extracted: {"speed":30,"radius":20,"colorBall":"#60a5fa","colorBg":"#020617","paused":true,"soundEnabled":false,"soundType":"soft","x":400,"y":300,"vx":0,"vy":0,"dirX":1,"dirY":0,"viewerScreenSize":{"width":800,"height":600}}
[VIEWER MSG] 📦 [VIEWER] command.controllerConnected: 
[VIEWER MSG] 📦 [VIEWER] onStateUpdate received: {"type":"state_update","timestamp":1769601740788,"payload":{"speed":30,"radius":20,"colorBall":"#60a5fa","colorBg":"#020617","paused":true,"soundEnabled":false,"soundType":"soft","x":400,"y":300,"vx":0,"vy":0,"dirX":1,"dirY":0,"viewerScreenSize":{"width":800,"height":600}}}
[VIEWER MSG] 📦 [VIEWER] command extracted: {"speed":30,"radius":20,"colorBall":"#60a5fa","colorBg":"#020617","paused":true,"soundEnabled":false,"soundType":"soft","x":400,"y":300,"vx":0,"vy":0,"dirX":1,"dirY":0,"viewerScreenSize":{"width":800,"height":600}}
[VIEWER MSG] 📦 [VIEWER] command.controllerConnected: 
[VIEWER MSG] 📦 [VIEWER] onStateUpdate received: {"type":"state_update","timestamp":1769601740804,"payload":{"speed":30,"radius":20,"colorBall":"#60a5fa","colorBg":"#020617","paused":true,"soundEnabled":false,"soundType":"soft","x":400,"y":300,"vx":0,"vy":0,"dirX":1,"dirY":0,"viewerScreenSize":{"width":800,"height":600}}}
[VIEWER MSG] 📦 [VIEWER] command extracted: {"speed":30,"radius":20,"colorBall":"#60a5fa","colorBg":"#020617","paused":true,"soundEnabled":false,"soundType":"soft","x":400,"y":300,"vx":0,"vy":0,"dirX":1,"dirY":0,"viewerScreenSize":{"width":800,"height":600}}
[VIEWER MSG] 📦 [VIEWER] command.controllerConnected: 
[VIEWER MSG] 📦 [VIEWER] onStateUpdate received: {"type":"state_update","timestamp":1769601740821,"payload":{"speed":30,"radius":20,"colorBall":"#60a5fa","colorBg":"#020617","paused":true,"soundEnabled":false,"soundType":"soft","x":400,"y":300,"vx":0,"vy":0,"dirX":1,"dirY":0,"viewerScreenSize":{"width":800,"height":600}}}
[VIEWER MSG] 📦 [VIEWER] command extracted: {"speed":30,"radius":20,"colorBall":"#60a5fa","colorBg":"#020617","paused":true,"soundEnabled":false,"soundType":"soft","x":400,"y":300,"vx":0,"vy":0,"dirX":1,"dirY":0,"viewerScreenSize":{"width":800,"height":600}}
[VIEWER MSG] 📦 [VIEWER] command.controllerConnected: 
[VIEWER MSG] 📦 [VIEWER] onStateUpdate received: {"type":"state_update","timestamp":1769601740837,"payload":{"speed":30,"radius":20,"colorBall":"#60a5fa","colorBg":"#020617","paused":true,"soundEnabled":false,"soundType":"soft","x":400,"y":300,"vx":0,"vy":0,"dirX":1,"dirY":0,"viewerScreenSize":{"width":800,"height":600}}}
[VIEWER MSG] 📦 [VIEWER] command extracted: {"speed":30,"radius":20,"colorBall":"#60a5fa","colorBg":"#020617","paused":true,"soundEnabled":false,"soundType":"soft","x":400,"y":300,"vx":0,"vy":0,"dirX":1,"dirY":0,"viewerScreenSize":{"width":800,"height":600}}
[VIEWER MSG] 📦 [VIEWER] command.controllerConnected: 
[VIEWER MSG] 📦 [VIEWER] onStateUpdate received: {"type":"state_update","timestamp":1769601740854,"payload":{"speed":30,"radius":20,"colorBall":"#60a5fa","colorBg":"#020617","paused":true,"soundEnabled":false,"soundType":"soft","x":400,"y":300,"vx":0,"vy":0,"dirX":1,"dirY":0,"viewerScreenSize":{"width":800,"height":600}}}
[VIEWER MSG] 📦 [VIEWER] command extracted: {"speed":30,"radius":20,"colorBall":"#60a5fa","colorBg":"#020617","paused":true,"soundEnabled":false,"soundType":"soft","x":400,"y":300,"vx":0,"vy":0,"dirX":1,"dirY":0,"viewerScreenSize":{"width":800,"height":600}}
[VIEWER MSG] 📦 [VIEWER] command.controllerConnected: 
[VIEWER MSG] 📦 [VIEWER] onStateUpdate received: {"type":"state_update","timestamp":1769601740870,"payload":{"speed":30,"radius":20,"colorBall":"#60a5fa","colorBg":"#020617","paused":true,"soundEnabled":false,"soundType":"soft","x":400,"y":300,"vx":0,"vy":0,"dirX":1,"dirY":0,"viewerScreenSize":{"width":800,"height":600}}}
[VIEWER MSG] 📦 [VIEWER] command extracted: {"speed":30,"radius":20,"colorBall":"#60a5fa","colorBg":"#020617","paused":true,"soundEnabled":false,"soundType":"soft","x":400,"y":300,"vx":0,"vy":0,"dirX":1,"dirY":0,"viewerScreenSize":{"width":800,"height":600}}
[VIEWER MSG] 📦 [VIEWER] command.controllerConnected: 
[VIEWER MSG] 📦 [VIEWER] onStateUpdate received: {"type":"state_update","timestamp":1769601740887,"payload":{"speed":30,"radius":20,"colorBall":"#60a5fa","colorBg":"#020617","paused":true,"soundEnabled":false,"soundType":"soft","x":400,"y":300,"vx":0,"vy":0,"dirX":1,"dirY":0,"viewerScreenSize":{"width":800,"height":600}}}
[VIEWER MSG] 📦 [VIEWER] command extracted: {"speed":30,"radius":20,"colorBall":"#60a5fa","colorBg":"#020617","paused":true,"soundEnabled":false,"soundType":"soft","x":400,"y":300,"vx":0,"vy":0,"dirX":1,"dirY":0,"viewerScreenSize":{"width":800,"height":600}}
[VIEWER MSG] 📦 [VIEWER] command.controllerConnected: 
Viewer Color: undefined

🧪 Test 5: Pause Sync
[VIEWER MSG] 📦 [VIEWER] onStateUpdate received: {"type":"state_update","timestamp":1769601740903,"payload":{"speed":30,"radius":20,"colorBall":"#60a5fa","colorBg":"#020617","paused":true,"soundEnabled":false,"soundType":"soft","x":400,"y":300,"vx":0,"vy":0,"dirX":1,"dirY":0,"viewerScreenSize":{"width":800,"height":600}}}
[VIEWER MSG] 📦 [VIEWER] command extracted: {"speed":30,"radius":20,"colorBall":"#60a5fa","colorBg":"#020617","paused":true,"soundEnabled":false,"soundType":"soft","x":400,"y":300,"vx":0,"vy":0,"dirX":1,"dirY":0,"viewerScreenSize":{"width":800,"height":600}}
[VIEWER MSG] 📦 [VIEWER] command.controllerConnected: 
[VIEWER MSG] 📦 [VIEWER] onStateUpdate received: {"type":"state_update","timestamp":1769601740919,"payload":{"speed":30,"radius":20,"colorBall":"#60a5fa","colorBg":"#020617","paused":true,"soundEnabled":false,"soundType":"soft","x":400,"y":300,"vx":0,"vy":0,"dirX":1,"dirY":0,"viewerScreenSize":{"width":800,"height":600}}}
[VIEWER MSG] 📦 [VIEWER] command extracted: {"speed":30,"radius":20,"colorBall":"#60a5fa","colorBg":"#020617","paused":true,"soundEnabled":false,"soundType":"soft","x":400,"y":300,"vx":0,"vy":0,"dirX":1,"dirY":0,"viewerScreenSize":{"width":800,"height":600}}
[VIEWER MSG] 📦 [VIEWER] command.controllerConnected: 
[VIEWER MSG] 📦 [VIEWER] onStateUpdate received: {"type":"state_update","timestamp":1769601740936,"payload":{"speed":30,"radius":20,"colorBall":"#60a5fa","colorBg":"#020617","paused":true,"soundEnabled":false,"soundType":"soft","x":400,"y":300,"vx":0,"vy":0,"dirX":1,"dirY":0,"viewerScreenSize":{"width":800,"height":600}}}
[VIEWER MSG] 📦 [VIEWER] command extracted: {"speed":30,"radius":20,"colorBall":"#60a5fa","colorBg":"#020617","paused":true,"soundEnabled":false,"soundType":"soft","x":400,"y":300,"vx":0,"vy":0,"dirX":1,"dirY":0,"viewerScreenSize":{"width":800,"height":600}}
[VIEWER MSG] 📦 [VIEWER] command.controllerConnected: 
[VIEWER MSG] 📦 [VIEWER] onStateUpdate received: {"type":"state_update","timestamp":1769601740952,"payload":{"speed":30,"radius":20,"colorBall":"#60a5fa","colorBg":"#020617","paused":true,"soundEnabled":false,"soundType":"soft","x":400,"y":300,"vx":0,"vy":0,"dirX":1,"dirY":0,"viewerScreenSize":{"width":800,"height":600}}}
[VIEWER MSG] 📦 [VIEWER] command extracted: {"speed":30,"radius":20,"colorBall":"#60a5fa","colorBg":"#020617","paused":true,"soundEnabled":false,"soundType":"soft","x":400,"y":300,"vx":0,"vy":0,"dirX":1,"dirY":0,"viewerScreenSize":{"width":800,"height":600}}
[VIEWER MSG] 📦 [VIEWER] command.controllerConnected: 
[VIEWER MSG] 📦 [VIEWER] onStateUpdate received: {"type":"state_update","timestamp":1769601740968,"payload":{"speed":30,"radius":20,"colorBall":"#60a5fa","colorBg":"#020617","paused":true,"soundEnabled":false,"soundType":"soft","x":400,"y":300,"vx":0,"vy":0,"dirX":1,"dirY":0,"viewerScreenSize":{"width":800,"height":600}}}
[VIEWER MSG] 📦 [VIEWER] command extracted: {"speed":30,"radius":20,"colorBall":"#60a5fa","colorBg":"#020617","paused":true,"soundEnabled":false,"soundType":"soft","x":400,"y":300,"vx":0,"vy":0,"dirX":1,"dirY":0,"viewerScreenSize":{"width":800,"height":600}}
[VIEWER MSG] 📦 [VIEWER] command.controllerConnected: 
[VIEWER MSG] 📦 [VIEWER] onStateUpdate received: {"type":"state_update","timestamp":1769601740985,"payload":{"speed":30,"radius":20,"colorBall":"#60a5fa","colorBg":"#020617","paused":true,"soundEnabled":false,"soundType":"soft","x":400,"y":300,"vx":0,"vy":0,"dirX":1,"dirY":0,"viewerScreenSize":{"width":800,"height":600}}}
[VIEWER MSG] 📦 [VIEWER] command extracted: {"speed":30,"radius":20,"colorBall":"#60a5fa","colorBg":"#020617","paused":true,"soundEnabled":false,"soundType":"soft","x":400,"y":300,"vx":0,"vy":0,"dirX":1,"dirY":0,"viewerScreenSize":{"width":800,"height":600}}
[VIEWER MSG] 📦 [VIEWER] command.controllerConnected: 
[VIEWER MSG] 📦 [VIEWER] onStateUpdate received: {"type":"state_update","timestamp":1769601741001,"payload":{"speed":30,"radius":20,"colorBall":"#60a5fa","colorBg":"#020617","paused":true,"soundEnabled":false,"soundType":"soft","x":400,"y":300,"vx":0,"vy":0,"dirX":1,"dirY":0,"viewerScreenSize":{"width":800,"height":600}}}
[VIEWER MSG] 📦 [VIEWER] command extracted: {"speed":30,"radius":20,"colorBall":"#60a5fa","colorBg":"#020617","paused":true,"soundEnabled":false,"soundType":"soft","x":400,"y":300,"vx":0,"vy":0,"dirX":1,"dirY":0,"viewerScreenSize":{"width":800,"height":600}}
[VIEWER MSG] 📦 [VIEWER] command.controllerConnected: 
[VIEWER MSG] 📦 [VIEWER] onStateUpdate received: {"type":"state_update","timestamp":1769601741017,"payload":{"speed":30,"radius":20,"colorBall":"#60a5fa","colorBg":"#020617","paused":true,"soundEnabled":false,"soundType":"soft","x":400,"y":300,"vx":0,"vy":0,"dirX":1,"dirY":0,"viewerScreenSize":{"width":800,"height":600}}}
[VIEWER MSG] 📦 [VIEWER] command extracted: {"speed":30,"radius":20,"colorBall":"#60a5fa","colorBg":"#020617","paused":true,"soundEnabled":false,"soundType":"soft","x":400,"y":300,"vx":0,"vy":0,"dirX":1,"dirY":0,"viewerScreenSize":{"width":800,"height":600}}
[VIEWER MSG] 📦 [VIEWER] command.controllerConnected: 
[VIEWER MSG] 📦 [VIEWER] onStateUpdate received: {"type":"state_update","timestamp":1769601741034,"payload":{"speed":30,"radius":20,"colorBall":"#60a5fa","colorBg":"#020617","paused":true,"soundEnabled":false,"soundType":"soft","x":400,"y":300,"vx":0,"vy":0,"dirX":1,"dirY":0,"viewerScreenSize":{"width":800,"height":600}}}
[VIEWER MSG] 📦 [VIEWER] command extracted: {"speed":30,"radius":20,"colorBall":"#60a5fa","colorBg":"#020617","paused":true,"soundEnabled":false,"soundType":"soft","x":400,"y":300,"vx":0,"vy":0,"dirX":1,"dirY":0,"viewerScreenSize":{"width":800,"height":600}}
[VIEWER MSG] 📦 [VIEWER] command.controllerConnected: 
[VIEWER MSG] 📦 [VIEWER] onStateUpdate received: {"type":"state_update","timestamp":1769601741050,"payload":{"speed":30,"radius":20,"colorBall":"#60a5fa","colorBg":"#020617","paused":true,"soundEnabled":false,"soundType":"soft","x":400,"y":300,"vx":0,"vy":0,"dirX":1,"dirY":0,"viewerScreenSize":{"width":800,"height":600}}}
[VIEWER MSG] 📦 [VIEWER] command extracted: {"speed":30,"radius":20,"colorBall":"#60a5fa","colorBg":"#020617","paused":true,"soundEnabled":false,"soundType":"soft","x":400,"y":300,"vx":0,"vy":0,"dirX":1,"dirY":0,"viewerScreenSize":{"width":800,"height":600}}
[VIEWER MSG] 📦 [VIEWER] command.controllerConnected: 
[VIEWER MSG] 📦 [VIEWER] onStateUpdate received: {"type":"state_update","timestamp":1769601741067,"payload":{"speed":30,"radius":20,"colorBall":"#60a5fa","colorBg":"#020617","paused":true,"soundEnabled":false,"soundType":"soft","x":400,"y":300,"vx":0,"vy":0,"dirX":1,"dirY":0,"viewerScreenSize":{"width":800,"height":600}}}
[VIEWER MSG] 📦 [VIEWER] command extracted: {"speed":30,"radius":20,"colorBall":"#60a5fa","colorBg":"#020617","paused":true,"soundEnabled":false,"soundType":"soft","x":400,"y":300,"vx":0,"vy":0,"dirX":1,"dirY":0,"viewerScreenSize":{"width":800,"height":600}}
[VIEWER MSG] 📦 [VIEWER] command.controllerConnected: 
[VIEWER MSG] 📦 [VIEWER] onStateUpdate received: {"type":"state_update","timestamp":1769601741083,"payload":{"speed":30,"radius":20,"colorBall":"#60a5fa","colorBg":"#020617","paused":true,"soundEnabled":false,"soundType":"soft","x":400,"y":300,"vx":0,"vy":0,"dirX":1,"dirY":0,"viewerScreenSize":{"width":800,"height":600}}}
[VIEWER MSG] 📦 [VIEWER] command extracted: {"speed":30,"radius":20,"colorBall":"#60a5fa","colorBg":"#020617","paused":true,"soundEnabled":false,"soundType":"soft","x":400,"y":300,"vx":0,"vy":0,"dirX":1,"dirY":0,"viewerScreenSize":{"width":800,"height":600}}
[VIEWER MSG] 📦 [VIEWER] command.controllerConnected: 
[VIEWER MSG] 📦 [VIEWER] onStateUpdate received: {"type":"state_update","timestamp":1769601741100,"payload":{"speed":30,"radius":20,"colorBall":"#60a5fa","colorBg":"#020617","paused":true,"soundEnabled":false,"soundType":"soft","x":400,"y":300,"vx":0,"vy":0,"dirX":1,"dirY":0,"viewerScreenSize":{"width":800,"height":600}}}
[VIEWER MSG] 📦 [VIEWER] command extracted: {"speed":30,"radius":20,"colorBall":"#60a5fa","colorBg":"#020617","paused":true,"soundEnabled":false,"soundType":"soft","x":400,"y":300,"vx":0,"vy":0,"dirX":1,"dirY":0,"viewerScreenSize":{"width":800,"height":600}}
[VIEWER MSG] 📦 [VIEWER] command.controllerConnected: 
[VIEWER MSG] 📦 [VIEWER] onStateUpdate received: {"type":"state_update","timestamp":1769601741116,"payload":{"speed":30,"radius":20,"colorBall":"#60a5fa","colorBg":"#020617","paused":true,"soundEnabled":false,"soundType":"soft","x":400,"y":300,"vx":0,"vy":0,"dirX":1,"dirY":0,"viewerScreenSize":{"width":800,"height":600}}}
[VIEWER MSG] 📦 [VIEWER] command extracted: {"speed":30,"radius":20,"colorBall":"#60a5fa","colorBg":"#020617","paused":true,"soundEnabled":false,"soundType":"soft","x":400,"y":300,"vx":0,"vy":0,"dirX":1,"dirY":0,"viewerScreenSize":{"width":800,"height":600}}
[VIEWER MSG] 📦 [VIEWER] command.controllerConnected: 
[VIEWER MSG] 📦 [VIEWER] onStateUpdate received: {"type":"state_update","timestamp":1769601741132,"payload":{"speed":30,"radius":20,"colorBall":"#60a5fa","colorBg":"#020617","paused":true,"soundEnabled":false,"soundType":"soft","x":400,"y":300,"vx":0,"vy":0,"dirX":1,"dirY":0,"viewerScreenSize":{"width":800,"height":600}}}
[VIEWER MSG] 📦 [VIEWER] command extracted: {"speed":30,"radius":20,"colorBall":"#60a5fa","colorBg":"#020617","paused":true,"soundEnabled":false,"soundType":"soft","x":400,"y":300,"vx":0,"vy":0,"dirX":1,"dirY":0,"viewerScreenSize":{"width":800,"height":600}}
[VIEWER MSG] 📦 [VIEWER] command.controllerConnected: 
[VIEWER MSG] 📦 [VIEWER] onStateUpdate received: {"type":"state_update","timestamp":1769601741149,"payload":{"speed":30,"radius":20,"colorBall":"#60a5fa","colorBg":"#020617","paused":true,"soundEnabled":false,"soundType":"soft","x":400,"y":300,"vx":0,"vy":0,"dirX":1,"dirY":0,"viewerScreenSize":{"width":800,"height":600}}}
[VIEWER MSG] 📦 [VIEWER] command extracted: {"speed":30,"radius":20,"colorBall":"#60a5fa","colorBg":"#020617","paused":true,"soundEnabled":false,"soundType":"soft","x":400,"y":300,"vx":0,"vy":0,"dirX":1,"dirY":0,"viewerScreenSize":{"width":800,"height":600}}
[VIEWER MSG] 📦 [VIEWER] command.controllerConnected: 
[VIEWER MSG] 📦 [VIEWER] onStateUpdate received: {"type":"state_update","timestamp":1769601741165,"payload":{"speed":30,"radius":20,"colorBall":"#60a5fa","colorBg":"#020617","paused":true,"soundEnabled":false,"soundType":"soft","x":400,"y":300,"vx":0,"vy":0,"dirX":1,"dirY":0,"viewerScreenSize":{"width":800,"height":600}}}
[VIEWER MSG] 📦 [VIEWER] command extracted: {"speed":30,"radius":20,"colorBall":"#60a5fa","colorBg":"#020617","paused":true,"soundEnabled":false,"soundType":"soft","x":400,"y":300,"vx":0,"vy":0,"dirX":1,"dirY":0,"viewerScreenSize":{"width":800,"height":600}}
[VIEWER MSG] 📦 [VIEWER] command.controllerConnected: 
[VIEWER MSG] 📦 [VIEWER] onStateUpdate received: {"type":"state_update","timestamp":1769601741181,"payload":{"speed":30,"radius":20,"colorBall":"#60a5fa","colorBg":"#020617","paused":true,"soundEnabled":false,"soundType":"soft","x":400,"y":300,"vx":0,"vy":0,"dirX":1,"dirY":0,"viewerScreenSize":{"width":800,"height":600}}}
[VIEWER MSG] 📦 [VIEWER] command extracted: {"speed":30,"radius":20,"colorBall":"#60a5fa","colorBg":"#020617","paused":true,"soundEnabled":false,"soundType":"soft","x":400,"y":300,"vx":0,"vy":0,"dirX":1,"dirY":0,"viewerScreenSize":{"width":800,"height":600}}
[VIEWER MSG] 📦 [VIEWER] command.controllerConnected: 
[VIEWER MSG] 📦 [VIEWER] onStateUpdate received: {"type":"state_update","timestamp":1769601741198,"payload":{"speed":30,"radius":20,"colorBall":"#60a5fa","colorBg":"#020617","paused":true,"soundEnabled":false,"soundType":"soft","x":400,"y":300,"vx":0,"vy":0,"dirX":1,"dirY":0,"viewerScreenSize":{"width":800,"height":600}}}
[VIEWER MSG] 📦 [VIEWER] command extracted: {"speed":30,"radius":20,"colorBall":"#60a5fa","colorBg":"#020617","paused":true,"soundEnabled":false,"soundType":"soft","x":400,"y":300,"vx":0,"vy":0,"dirX":1,"dirY":0,"viewerScreenSize":{"width":800,"height":600}}
[VIEWER MSG] 📦 [VIEWER] command.controllerConnected: 
[VIEWER MSG] 📦 [VIEWER] onStateUpdate received: {"type":"state_update","timestamp":1769601741214,"payload":{"speed":30,"radius":20,"colorBall":"#60a5fa","colorBg":"#020617","paused":true,"soundEnabled":false,"soundType":"soft","x":400,"y":300,"vx":0,"vy":0,"dirX":1,"dirY":0,"viewerScreenSize":{"width":800,"height":600}}}
[VIEWER MSG] 📦 [VIEWER] command extracted: {"speed":30,"radius":20,"colorBall":"#60a5fa","colorBg":"#020617","paused":true,"soundEnabled":false,"soundType":"soft","x":400,"y":300,"vx":0,"vy":0,"dirX":1,"dirY":0,"viewerScreenSize":{"width":800,"height":600}}
[VIEWER MSG] 📦 [VIEWER] command.controllerConnected: 
[VIEWER MSG] 📦 [VIEWER] onStateUpdate received: {"type":"state_update","timestamp":1769601741231,"payload":{"speed":30,"radius":20,"colorBall":"#60a5fa","colorBg":"#020617","paused":true,"soundEnabled":false,"soundType":"soft","x":400,"y":300,"vx":0,"vy":0,"dirX":1,"dirY":0,"viewerScreenSize":{"width":800,"height":600}}}
[VIEWER MSG] 📦 [VIEWER] command extracted: {"speed":30,"radius":20,"colorBall":"#60a5fa","colorBg":"#020617","paused":true,"soundEnabled":false,"soundType":"soft","x":400,"y":300,"vx":0,"vy":0,"dirX":1,"dirY":0,"viewerScreenSize":{"width":800,"height":600}}
[VIEWER MSG] 📦 [VIEWER] command.controllerConnected: 
[VIEWER MSG] 📦 [VIEWER] onStateUpdate received: {"type":"state_update","timestamp":1769601741247,"payload":{"speed":30,"radius":20,"colorBall":"#60a5fa","colorBg":"#020617","paused":true,"soundEnabled":false,"soundType":"soft","x":400,"y":300,"vx":0,"vy":0,"dirX":1,"dirY":0,"viewerScreenSize":{"width":800,"height":600}}}
[VIEWER MSG] 📦 [VIEWER] command extracted: {"speed":30,"radius":20,"colorBall":"#60a5fa","colorBg":"#020617","paused":true,"soundEnabled":false,"soundType":"soft","x":400,"y":300,"vx":0,"vy":0,"dirX":1,"dirY":0,"viewerScreenSize":{"width":800,"height":600}}
[VIEWER MSG] 📦 [VIEWER] command.controllerConnected: 
[VIEWER MSG] 📦 [VIEWER] onStateUpdate received: {"type":"state_update","timestamp":1769601741264,"payload":{"speed":30,"radius":20,"colorBall":"#60a5fa","colorBg":"#020617","paused":true,"soundEnabled":false,"soundType":"soft","x":400,"y":300,"vx":0,"vy":0,"dirX":1,"dirY":0,"viewerScreenSize":{"width":800,"height":600}}}
[VIEWER MSG] 📦 [VIEWER] command extracted: {"speed":30,"radius":20,"colorBall":"#60a5fa","colorBg":"#020617","paused":true,"soundEnabled":false,"soundType":"soft","x":400,"y":300,"vx":0,"vy":0,"dirX":1,"dirY":0,"viewerScreenSize":{"width":800,"height":600}}
[VIEWER MSG] 📦 [VIEWER] command.controllerConnected: 
[VIEWER MSG] 📦 [VIEWER] onStateUpdate received: {"type":"state_update","timestamp":1769601741280,"payload":{"speed":30,"radius":20,"colorBall":"#60a5fa","colorBg":"#020617","paused":true,"soundEnabled":false,"soundType":"soft","x":400,"y":300,"vx":0,"vy":0,"dirX":1,"dirY":0,"viewerScreenSize":{"width":800,"height":600}}}
[VIEWER MSG] 📦 [VIEWER] command extracted: {"speed":30,"radius":20,"colorBall":"#60a5fa","colorBg":"#020617","paused":true,"soundEnabled":false,"soundType":"soft","x":400,"y":300,"vx":0,"vy":0,"dirX":1,"dirY":0,"viewerScreenSize":{"width":800,"height":600}}
[VIEWER MSG] 📦 [VIEWER] command.controllerConnected: 
[VIEWER MSG] 📦 [VIEWER] onStateUpdate received: {"type":"state_update","timestamp":1769601741297,"payload":{"speed":30,"radius":20,"colorBall":"#60a5fa","colorBg":"#020617","paused":true,"soundEnabled":false,"soundType":"soft","x":400,"y":300,"vx":0,"vy":0,"dirX":1,"dirY":0,"viewerScreenSize":{"width":800,"height":600}}}
[VIEWER MSG] 📦 [VIEWER] command extracted: {"speed":30,"radius":20,"colorBall":"#60a5fa","colorBg":"#020617","paused":true,"soundEnabled":false,"soundType":"soft","x":400,"y":300,"vx":0,"vy":0,"dirX":1,"dirY":0,"viewerScreenSize":{"width":800,"height":600}}
[VIEWER MSG] 📦 [VIEWER] command.controllerConnected: 
[VIEWER MSG] 📦 [VIEWER] onStateUpdate received: {"type":"state_update","timestamp":1769601741314,"payload":{"speed":30,"radius":20,"colorBall":"#60a5fa","colorBg":"#020617","paused":true,"soundEnabled":false,"soundType":"soft","x":400,"y":300,"vx":0,"vy":0,"dirX":1,"dirY":0,"viewerScreenSize":{"width":800,"height":600}}}
[VIEWER MSG] 📦 [VIEWER] command extracted: {"speed":30,"radius":20,"colorBall":"#60a5fa","colorBg":"#020617","paused":true,"soundEnabled":false,"soundType":"soft","x":400,"y":300,"vx":0,"vy":0,"dirX":1,"dirY":0,"viewerScreenSize":{"width":800,"height":600}}
[VIEWER MSG] 📦 [VIEWER] command.controllerConnected: 
[VIEWER MSG] 📦 [VIEWER] onStateUpdate received: {"type":"state_update","timestamp":1769601741330,"payload":{"speed":30,"radius":20,"colorBall":"#60a5fa","colorBg":"#020617","paused":true,"soundEnabled":false,"soundType":"soft","x":400,"y":300,"vx":0,"vy":0,"dirX":1,"dirY":0,"viewerScreenSize":{"width":800,"height":600}}}
[VIEWER MSG] 📦 [VIEWER] command extracted: {"speed":30,"radius":20,"colorBall":"#60a5fa","colorBg":"#020617","paused":true,"soundEnabled":false,"soundType":"soft","x":400,"y":300,"vx":0,"vy":0,"dirX":1,"dirY":0,"viewerScreenSize":{"width":800,"height":600}}
[VIEWER MSG] 📦 [VIEWER] command.controllerConnected: 
[VIEWER MSG] 📦 [VIEWER] onStateUpdate received: {"type":"state_update","timestamp":1769601741346,"payload":{"speed":30,"radius":20,"colorBall":"#60a5fa","colorBg":"#020617","paused":true,"soundEnabled":false,"soundType":"soft","x":400,"y":300,"vx":0,"vy":0,"dirX":1,"dirY":0,"viewerScreenSize":{"width":800,"height":600}}}
[VIEWER MSG] 📦 [VIEWER] command extracted: {"speed":30,"radius":20,"colorBall":"#60a5fa","colorBg":"#020617","paused":true,"soundEnabled":false,"soundType":"soft","x":400,"y":300,"vx":0,"vy":0,"dirX":1,"dirY":0,"viewerScreenSize":{"width":800,"height":600}}
[VIEWER MSG] 📦 [VIEWER] command.controllerConnected: 
[VIEWER MSG] 📦 [VIEWER] onStateUpdate received: {"type":"state_update","timestamp":1769601741362,"payload":{"speed":30,"radius":20,"colorBall":"#60a5fa","colorBg":"#020617","paused":true,"soundEnabled":false,"soundType":"soft","x":400,"y":300,"vx":0,"vy":0,"dirX":1,"dirY":0,"viewerScreenSize":{"width":800,"height":600}}}
[VIEWER MSG] 📦 [VIEWER] command extracted: {"speed":30,"radius":20,"colorBall":"#60a5fa","colorBg":"#020617","paused":true,"soundEnabled":false,"soundType":"soft","x":400,"y":300,"vx":0,"vy":0,"dirX":1,"dirY":0,"viewerScreenSize":{"width":800,"height":600}}
[VIEWER MSG] 📦 [VIEWER] command.controllerConnected: 
[VIEWER MSG] 📦 [VIEWER] onStateUpdate received: {"type":"state_update","timestamp":1769601741379,"payload":{"speed":30,"radius":20,"colorBall":"#60a5fa","colorBg":"#020617","paused":true,"soundEnabled":false,"soundType":"soft","x":400,"y":300,"vx":0,"vy":0,"dirX":1,"dirY":0,"viewerScreenSize":{"width":800,"height":600}}}
[VIEWER MSG] 📦 [VIEWER] command extracted: {"speed":30,"radius":20,"colorBall":"#60a5fa","colorBg":"#020617","paused":true,"soundEnabled":false,"soundType":"soft","x":400,"y":300,"vx":0,"vy":0,"dirX":1,"dirY":0,"viewerScreenSize":{"width":800,"height":600}}
[VIEWER MSG] 📦 [VIEWER] command.controllerConnected: 
[VIEWER MSG] 📦 [VIEWER] onStateUpdate received: {"type":"state_update","timestamp":1769601741395,"payload":{"speed":30,"radius":20,"colorBall":"#60a5fa","colorBg":"#020617","paused":true,"soundEnabled":false,"soundType":"soft","x":400,"y":300,"vx":0,"vy":0,"dirX":1,"dirY":0,"viewerScreenSize":{"width":800,"height":600}}}
[VIEWER MSG] 📦 [VIEWER] command extracted: {"speed":30,"radius":20,"colorBall":"#60a5fa","colorBg":"#020617","paused":true,"soundEnabled":false,"soundType":"soft","x":400,"y":300,"vx":0,"vy":0,"dirX":1,"dirY":0,"viewerScreenSize":{"width":800,"height":600}}
[VIEWER MSG] 📦 [VIEWER] command.controllerConnected: 
[VIEWER MSG] 📦 [VIEWER] onStateUpdate received: {"type":"state_update","timestamp":1769601741411,"payload":{"speed":30,"radius":20,"colorBall":"#60a5fa","colorBg":"#020617","paused":true,"soundEnabled":false,"soundType":"soft","x":400,"y":300,"vx":0,"vy":0,"dirX":1,"dirY":0,"viewerScreenSize":{"width":800,"height":600}}}
[VIEWER MSG] 📦 [VIEWER] command extracted: {"speed":30,"radius":20,"colorBall":"#60a5fa","colorBg":"#020617","paused":true,"soundEnabled":false,"soundType":"soft","x":400,"y":300,"vx":0,"vy":0,"dirX":1,"dirY":0,"viewerScreenSize":{"width":800,"height":600}}
[VIEWER MSG] 📦 [VIEWER] command.controllerConnected: 
[VIEWER MSG] 📦 [VIEWER] onStateUpdate received: {"type":"state_update","timestamp":1769601741427,"payload":{"speed":30,"radius":20,"colorBall":"#60a5fa","colorBg":"#020617","paused":true,"soundEnabled":false,"soundType":"soft","x":400,"y":300,"vx":0,"vy":0,"dirX":1,"dirY":0,"viewerScreenSize":{"width":800,"height":600}}}
[VIEWER MSG] 📦 [VIEWER] command extracted: {"speed":30,"radius":20,"colorBall":"#60a5fa","colorBg":"#020617","paused":true,"soundEnabled":false,"soundType":"soft","x":400,"y":300,"vx":0,"vy":0,"dirX":1,"dirY":0,"viewerScreenSize":{"width":800,"height":600}}
[VIEWER MSG] 📦 [VIEWER] command.controllerConnected: 
[VIEWER MSG] 📦 [VIEWER] onStateUpdate received: {"type":"state_update","timestamp":1769601741443,"payload":{"speed":30,"radius":20,"colorBall":"#60a5fa","colorBg":"#020617","paused":true,"soundEnabled":false,"soundType":"soft","x":400,"y":300,"vx":0,"vy":0,"dirX":1,"dirY":0,"viewerScreenSize":{"width":800,"height":600}}}
[VIEWER MSG] 📦 [VIEWER] command extracted: {"speed":30,"radius":20,"colorBall":"#60a5fa","colorBg":"#020617","paused":true,"soundEnabled":false,"soundType":"soft","x":400,"y":300,"vx":0,"vy":0,"dirX":1,"dirY":0,"viewerScreenSize":{"width":800,"height":600}}
[VIEWER MSG] 📦 [VIEWER] command.controllerConnected: 
[VIEWER MSG] 📦 [VIEWER] onStateUpdate received: {"type":"state_update","timestamp":1769601741460,"payload":{"speed":30,"radius":20,"colorBall":"#60a5fa","colorBg":"#020617","paused":true,"soundEnabled":false,"soundType":"soft","x":400,"y":300,"vx":0,"vy":0,"dirX":1,"dirY":0,"viewerScreenSize":{"width":800,"height":600}}}
[VIEWER MSG] 📦 [VIEWER] command extracted: {"speed":30,"radius":20,"colorBall":"#60a5fa","colorBg":"#020617","paused":true,"soundEnabled":false,"soundType":"soft","x":400,"y":300,"vx":0,"vy":0,"dirX":1,"dirY":0,"viewerScreenSize":{"width":800,"height":600}}
[VIEWER MSG] 📦 [VIEWER] command.controllerConnected: 
[VIEWER MSG] 📦 [VIEWER] onStateUpdate received: {"type":"state_update","timestamp":1769601741476,"payload":{"speed":30,"radius":20,"colorBall":"#60a5fa","colorBg":"#020617","paused":true,"soundEnabled":false,"soundType":"soft","x":400,"y":300,"vx":0,"vy":0,"dirX":1,"dirY":0,"viewerScreenSize":{"width":800,"height":600}}}
[VIEWER MSG] 📦 [VIEWER] command extracted: {"speed":30,"radius":20,"colorBall":"#60a5fa","colorBg":"#020617","paused":true,"soundEnabled":false,"soundType":"soft","x":400,"y":300,"vx":0,"vy":0,"dirX":1,"dirY":0,"viewerScreenSize":{"width":800,"height":600}}
[VIEWER MSG] 📦 [VIEWER] command.controllerConnected: 
[VIEWER MSG] 📦 [VIEWER] onStateUpdate received: {"type":"state_update","timestamp":1769601741493,"payload":{"speed":30,"radius":20,"colorBall":"#60a5fa","colorBg":"#020617","paused":true,"soundEnabled":false,"soundType":"soft","x":400,"y":300,"vx":0,"vy":0,"dirX":1,"dirY":0,"viewerScreenSize":{"width":800,"height":600}}}
[VIEWER MSG] 📦 [VIEWER] command extracted: {"speed":30,"radius":20,"colorBall":"#60a5fa","colorBg":"#020617","paused":true,"soundEnabled":false,"soundType":"soft","x":400,"y":300,"vx":0,"vy":0,"dirX":1,"dirY":0,"viewerScreenSize":{"width":800,"height":600}}
[VIEWER MSG] 📦 [VIEWER] command.controllerConnected: 
[VIEWER MSG] 📦 [VIEWER] onStateUpdate received: {"type":"state_update","timestamp":1769601741509,"payload":{"speed":30,"radius":20,"colorBall":"#60a5fa","colorBg":"#020617","paused":true,"soundEnabled":false,"soundType":"soft","x":400,"y":300,"vx":0,"vy":0,"dirX":1,"dirY":0,"viewerScreenSize":{"width":800,"height":600}}}
[VIEWER MSG] 📦 [VIEWER] command extracted: {"speed":30,"radius":20,"colorBall":"#60a5fa","colorBg":"#020617","paused":true,"soundEnabled":false,"soundType":"soft","x":400,"y":300,"vx":0,"vy":0,"dirX":1,"dirY":0,"viewerScreenSize":{"width":800,"height":600}}
[VIEWER MSG] 📦 [VIEWER] command.controllerConnected: 
[VIEWER MSG] 📦 [VIEWER] onStateUpdate received: {"type":"state_update","timestamp":1769601741526,"payload":{"speed":30,"radius":20,"colorBall":"#60a5fa","colorBg":"#020617","paused":true,"soundEnabled":false,"soundType":"soft","x":400,"y":300,"vx":0,"vy":0,"dirX":1,"dirY":0,"viewerScreenSize":{"width":800,"height":600}}}
[VIEWER MSG] 📦 [VIEWER] command extracted: {"speed":30,"radius":20,"colorBall":"#60a5fa","colorBg":"#020617","paused":true,"soundEnabled":false,"soundType":"soft","x":400,"y":300,"vx":0,"vy":0,"dirX":1,"dirY":0,"viewerScreenSize":{"width":800,"height":600}}
[VIEWER MSG] 📦 [VIEWER] command.controllerConnected: 
[VIEWER MSG] 📦 [VIEWER] onStateUpdate received: {"type":"state_update","timestamp":1769601741542,"payload":{"speed":30,"radius":20,"colorBall":"#60a5fa","colorBg":"#020617","paused":true,"soundEnabled":false,"soundType":"soft","x":400,"y":300,"vx":0,"vy":0,"dirX":1,"dirY":0,"viewerScreenSize":{"width":800,"height":600}}}
[VIEWER MSG] 📦 [VIEWER] command extracted: {"speed":30,"radius":20,"colorBall":"#60a5fa","colorBg":"#020617","paused":true,"soundEnabled":false,"soundType":"soft","x":400,"y":300,"vx":0,"vy":0,"dirX":1,"dirY":0,"viewerScreenSize":{"width":800,"height":600}}
[VIEWER MSG] 📦 [VIEWER] command.controllerConnected: 
[VIEWER MSG] 📦 [VIEWER] onStateUpdate received: {"type":"state_update","timestamp":1769601741558,"payload":{"speed":30,"radius":20,"colorBall":"#60a5fa","colorBg":"#020617","paused":true,"soundEnabled":false,"soundType":"soft","x":400,"y":300,"vx":0,"vy":0,"dirX":1,"dirY":0,"viewerScreenSize":{"width":800,"height":600}}}
[VIEWER MSG] 📦 [VIEWER] command extracted: {"speed":30,"radius":20,"colorBall":"#60a5fa","colorBg":"#020617","paused":true,"soundEnabled":false,"soundType":"soft","x":400,"y":300,"vx":0,"vy":0,"dirX":1,"dirY":0,"viewerScreenSize":{"width":800,"height":600}}
[VIEWER MSG] 📦 [VIEWER] command.controllerConnected: 
[VIEWER MSG] 📦 [VIEWER] onStateUpdate received: {"type":"state_update","timestamp":1769601741575,"payload":{"speed":30,"radius":20,"colorBall":"#60a5fa","colorBg":"#020617","paused":true,"soundEnabled":false,"soundType":"soft","x":400,"y":300,"vx":0,"vy":0,"dirX":1,"dirY":0,"viewerScreenSize":{"width":800,"height":600}}}
[VIEWER MSG] 📦 [VIEWER] command extracted: {"speed":30,"radius":20,"colorBall":"#60a5fa","colorBg":"#020617","paused":true,"soundEnabled":false,"soundType":"soft","x":400,"y":300,"vx":0,"vy":0,"dirX":1,"dirY":0,"viewerScreenSize":{"width":800,"height":600}}
[VIEWER MSG] 📦 [VIEWER] command.controllerConnected: 
[VIEWER MSG] 📦 [VIEWER] onStateUpdate received: {"type":"state_update","timestamp":1769601741591,"payload":{"speed":30,"radius":20,"colorBall":"#60a5fa","colorBg":"#020617","paused":true,"soundEnabled":false,"soundType":"soft","x":400,"y":300,"vx":0,"vy":0,"dirX":1,"dirY":0,"viewerScreenSize":{"width":800,"height":600}}}
[VIEWER MSG] 📦 [VIEWER] command extracted: {"speed":30,"radius":20,"colorBall":"#60a5fa","colorBg":"#020617","paused":true,"soundEnabled":false,"soundType":"soft","x":400,"y":300,"vx":0,"vy":0,"dirX":1,"dirY":0,"viewerScreenSize":{"width":800,"height":600}}
[VIEWER MSG] 📦 [VIEWER] command.controllerConnected: 
[VIEWER MSG] 📦 [VIEWER] onStateUpdate received: {"type":"state_update","timestamp":1769601741607,"payload":{"speed":30,"radius":20,"colorBall":"#60a5fa","colorBg":"#020617","paused":true,"soundEnabled":false,"soundType":"soft","x":400,"y":300,"vx":0,"vy":0,"dirX":1,"dirY":0,"viewerScreenSize":{"width":800,"height":600}}}
[VIEWER MSG] 📦 [VIEWER] command extracted: {"speed":30,"radius":20,"colorBall":"#60a5fa","colorBg":"#020617","paused":true,"soundEnabled":false,"soundType":"soft","x":400,"y":300,"vx":0,"vy":0,"dirX":1,"dirY":0,"viewerScreenSize":{"width":800,"height":600}}
[VIEWER MSG] 📦 [VIEWER] command.controllerConnected: 
[VIEWER MSG] 📦 [VIEWER] onStateUpdate received: {"type":"state_update","timestamp":1769601741624,"payload":{"speed":30,"radius":20,"colorBall":"#60a5fa","colorBg":"#020617","paused":true,"soundEnabled":false,"soundType":"soft","x":400,"y":300,"vx":0,"vy":0,"dirX":1,"dirY":0,"viewerScreenSize":{"width":800,"height":600}}}
[VIEWER MSG] 📦 [VIEWER] command extracted: {"speed":30,"radius":20,"colorBall":"#60a5fa","colorBg":"#020617","paused":true,"soundEnabled":false,"soundType":"soft","x":400,"y":300,"vx":0,"vy":0,"dirX":1,"dirY":0,"viewerScreenSize":{"width":800,"height":600}}
[VIEWER MSG] 📦 [VIEWER] command.controllerConnected: 
[VIEWER MSG] 📦 [VIEWER] onStateUpdate received: {"type":"state_update","timestamp":1769601741640,"payload":{"speed":30,"radius":20,"colorBall":"#60a5fa","colorBg":"#020617","paused":true,"soundEnabled":false,"soundType":"soft","x":400,"y":300,"vx":0,"vy":0,"dirX":1,"dirY":0,"viewerScreenSize":{"width":800,"height":600}}}
[VIEWER MSG] 📦 [VIEWER] command extracted: {"speed":30,"radius":20,"colorBall":"#60a5fa","colorBg":"#020617","paused":true,"soundEnabled":false,"soundType":"soft","x":400,"y":300,"vx":0,"vy":0,"dirX":1,"dirY":0,"viewerScreenSize":{"width":800,"height":600}}
[VIEWER MSG] 📦 [VIEWER] command.controllerConnected: 
[VIEWER MSG] 📦 [VIEWER] onStateUpdate received: {"type":"state_update","timestamp":1769601741656,"payload":{"speed":30,"radius":20,"colorBall":"#60a5fa","colorBg":"#020617","paused":true,"soundEnabled":false,"soundType":"soft","x":400,"y":300,"vx":0,"vy":0,"dirX":1,"dirY":0,"viewerScreenSize":{"width":800,"height":600}}}
[VIEWER MSG] 📦 [VIEWER] command extracted: {"speed":30,"radius":20,"colorBall":"#60a5fa","colorBg":"#020617","paused":true,"soundEnabled":false,"soundType":"soft","x":400,"y":300,"vx":0,"vy":0,"dirX":1,"dirY":0,"viewerScreenSize":{"width":800,"height":600}}
[VIEWER MSG] 📦 [VIEWER] command.controllerConnected: 
[VIEWER MSG] 📦 [VIEWER] onStateUpdate received: {"type":"state_update","timestamp":1769601741672,"payload":{"speed":30,"radius":20,"colorBall":"#60a5fa","colorBg":"#020617","paused":true,"soundEnabled":false,"soundType":"soft","x":400,"y":300,"vx":0,"vy":0,"dirX":1,"dirY":0,"viewerScreenSize":{"width":800,"height":600}}}
[VIEWER MSG] 📦 [VIEWER] command extracted: {"speed":30,"radius":20,"colorBall":"#60a5fa","colorBg":"#020617","paused":true,"soundEnabled":false,"soundType":"soft","x":400,"y":300,"vx":0,"vy":0,"dirX":1,"dirY":0,"viewerScreenSize":{"width":800,"height":600}}
[VIEWER MSG] 📦 [VIEWER] command.controllerConnected: 
[VIEWER MSG] 📦 [VIEWER] onStateUpdate received: {"type":"state_update","timestamp":1769601741689,"payload":{"speed":30,"radius":20,"colorBall":"#60a5fa","colorBg":"#020617","paused":true,"soundEnabled":false,"soundType":"soft","x":400,"y":300,"vx":0,"vy":0,"dirX":1,"dirY":0,"viewerScreenSize":{"width":800,"height":600}}}
[VIEWER MSG] 📦 [VIEWER] command extracted: {"speed":30,"radius":20,"colorBall":"#60a5fa","colorBg":"#020617","paused":true,"soundEnabled":false,"soundType":"soft","x":400,"y":300,"vx":0,"vy":0,"dirX":1,"dirY":0,"viewerScreenSize":{"width":800,"height":600}}
[VIEWER MSG] 📦 [VIEWER] command.controllerConnected: 
[VIEWER MSG] 📦 [VIEWER] onStateUpdate received: {"type":"state_update","timestamp":1769601741705,"payload":{"speed":30,"radius":20,"colorBall":"#60a5fa","colorBg":"#020617","paused":true,"soundEnabled":false,"soundType":"soft","x":400,"y":300,"vx":0,"vy":0,"dirX":1,"dirY":0,"viewerScreenSize":{"width":800,"height":600}}}
[VIEWER MSG] 📦 [VIEWER] command extracted: {"speed":30,"radius":20,"colorBall":"#60a5fa","colorBg":"#020617","paused":true,"soundEnabled":false,"soundType":"soft","x":400,"y":300,"vx":0,"vy":0,"dirX":1,"dirY":0,"viewerScreenSize":{"width":800,"height":600}}
[VIEWER MSG] 📦 [VIEWER] command.controllerConnected: 
[VIEWER MSG] 📦 [VIEWER] onStateUpdate received: {"type":"state_update","timestamp":1769601741722,"payload":{"speed":30,"radius":20,"colorBall":"#60a5fa","colorBg":"#020617","paused":true,"soundEnabled":false,"soundType":"soft","x":400,"y":300,"vx":0,"vy":0,"dirX":1,"dirY":0,"viewerScreenSize":{"width":800,"height":600}}}
[VIEWER MSG] 📦 [VIEWER] command extracted: {"speed":30,"radius":20,"colorBall":"#60a5fa","colorBg":"#020617","paused":true,"soundEnabled":false,"soundType":"soft","x":400,"y":300,"vx":0,"vy":0,"dirX":1,"dirY":0,"viewerScreenSize":{"width":800,"height":600}}
[VIEWER MSG] 📦 [VIEWER] command.controllerConnected: 
[VIEWER MSG] 📦 [VIEWER] onStateUpdate received: {"type":"state_update","timestamp":1769601741739,"payload":{"speed":30,"radius":20,"colorBall":"#60a5fa","colorBg":"#020617","paused":true,"soundEnabled":false,"soundType":"soft","x":400,"y":300,"vx":0,"vy":0,"dirX":1,"dirY":0,"viewerScreenSize":{"width":800,"height":600}}}
[VIEWER MSG] 📦 [VIEWER] command extracted: {"speed":30,"radius":20,"colorBall":"#60a5fa","colorBg":"#020617","paused":true,"soundEnabled":false,"soundType":"soft","x":400,"y":300,"vx":0,"vy":0,"dirX":1,"dirY":0,"viewerScreenSize":{"width":800,"height":600}}
[VIEWER MSG] 📦 [VIEWER] command.controllerConnected: 
[VIEWER MSG] 📦 [VIEWER] onStateUpdate received: {"type":"state_update","timestamp":1769601741755,"payload":{"speed":30,"radius":20,"colorBall":"#60a5fa","colorBg":"#020617","paused":true,"soundEnabled":false,"soundType":"soft","x":400,"y":300,"vx":0,"vy":0,"dirX":1,"dirY":0,"viewerScreenSize":{"width":800,"height":600}}}
[VIEWER MSG] 📦 [VIEWER] command extracted: {"speed":30,"radius":20,"colorBall":"#60a5fa","colorBg":"#020617","paused":true,"soundEnabled":false,"soundType":"soft","x":400,"y":300,"vx":0,"vy":0,"dirX":1,"dirY":0,"viewerScreenSize":{"width":800,"height":600}}
[VIEWER MSG] 📦 [VIEWER] command.controllerConnected: 
[VIEWER MSG] 📦 [VIEWER] onStateUpdate received: {"type":"state_update","timestamp":1769601741772,"payload":{"speed":30,"radius":20,"colorBall":"#60a5fa","colorBg":"#020617","paused":true,"soundEnabled":false,"soundType":"soft","x":400,"y":300,"vx":0,"vy":0,"dirX":1,"dirY":0,"viewerScreenSize":{"width":800,"height":600}}}
[VIEWER MSG] 📦 [VIEWER] command extracted: {"speed":30,"radius":20,"colorBall":"#60a5fa","colorBg":"#020617","paused":true,"soundEnabled":false,"soundType":"soft","x":400,"y":300,"vx":0,"vy":0,"dirX":1,"dirY":0,"viewerScreenSize":{"width":800,"height":600}}
[VIEWER MSG] 📦 [VIEWER] command.controllerConnected: 
[VIEWER MSG] 📦 [VIEWER] onStateUpdate received: {"type":"state_update","timestamp":1769601741788,"payload":{"speed":30,"radius":20,"colorBall":"#60a5fa","colorBg":"#020617","paused":true,"soundEnabled":false,"soundType":"soft","x":400,"y":300,"vx":0,"vy":0,"dirX":1,"dirY":0,"viewerScreenSize":{"width":800,"height":600}}}
[VIEWER MSG] 📦 [VIEWER] command extracted: {"speed":30,"radius":20,"colorBall":"#60a5fa","colorBg":"#020617","paused":true,"soundEnabled":false,"soundType":"soft","x":400,"y":300,"vx":0,"vy":0,"dirX":1,"dirY":0,"viewerScreenSize":{"width":800,"height":600}}
[VIEWER MSG] 📦 [VIEWER] command.controllerConnected: 
[VIEWER MSG] 📦 [VIEWER] onStateUpdate received: {"type":"state_update","timestamp":1769601741805,"payload":{"speed":30,"radius":20,"colorBall":"#60a5fa","colorBg":"#020617","paused":true,"soundEnabled":false,"soundType":"soft","x":400,"y":300,"vx":0,"vy":0,"dirX":1,"dirY":0,"viewerScreenSize":{"width":800,"height":600}}}
[VIEWER MSG] 📦 [VIEWER] command extracted: {"speed":30,"radius":20,"colorBall":"#60a5fa","colorBg":"#020617","paused":true,"soundEnabled":false,"soundType":"soft","x":400,"y":300,"vx":0,"vy":0,"dirX":1,"dirY":0,"viewerScreenSize":{"width":800,"height":600}}
[VIEWER MSG] 📦 [VIEWER] command.controllerConnected: 
[VIEWER MSG] 📦 [VIEWER] onStateUpdate received: {"type":"state_update","timestamp":1769601741822,"payload":{"speed":30,"radius":20,"colorBall":"#60a5fa","colorBg":"#020617","paused":true,"soundEnabled":false,"soundType":"soft","x":400,"y":300,"vx":0,"vy":0,"dirX":1,"dirY":0,"viewerScreenSize":{"width":800,"height":600}}}
[VIEWER MSG] 📦 [VIEWER] command extracted: {"speed":30,"radius":20,"colorBall":"#60a5fa","colorBg":"#020617","paused":true,"soundEnabled":false,"soundType":"soft","x":400,"y":300,"vx":0,"vy":0,"dirX":1,"dirY":0,"viewerScreenSize":{"width":800,"height":600}}
[VIEWER MSG] 📦 [VIEWER] command.controllerConnected: 
[VIEWER MSG] 📦 [VIEWER] onStateUpdate received: {"type":"state_update","timestamp":1769601741838,"payload":{"speed":30,"radius":20,"colorBall":"#60a5fa","colorBg":"#020617","paused":true,"soundEnabled":false,"soundType":"soft","x":400,"y":300,"vx":0,"vy":0,"dirX":1,"dirY":0,"viewerScreenSize":{"width":800,"height":600}}}
[VIEWER MSG] 📦 [VIEWER] command extracted: {"speed":30,"radius":20,"colorBall":"#60a5fa","colorBg":"#020617","paused":true,"soundEnabled":false,"soundType":"soft","x":400,"y":300,"vx":0,"vy":0,"dirX":1,"dirY":0,"viewerScreenSize":{"width":800,"height":600}}
[VIEWER MSG] 📦 [VIEWER] command.controllerConnected: 
[VIEWER MSG] 📦 [VIEWER] onStateUpdate received: {"type":"state_update","timestamp":1769601741855,"payload":{"speed":30,"radius":20,"colorBall":"#60a5fa","colorBg":"#020617","paused":true,"soundEnabled":false,"soundType":"soft","x":400,"y":300,"vx":0,"vy":0,"dirX":1,"dirY":0,"viewerScreenSize":{"width":800,"height":600}}}
[VIEWER MSG] 📦 [VIEWER] command extracted: {"speed":30,"radius":20,"colorBall":"#60a5fa","colorBg":"#020617","paused":true,"soundEnabled":false,"soundType":"soft","x":400,"y":300,"vx":0,"vy":0,"dirX":1,"dirY":0,"viewerScreenSize":{"width":800,"height":600}}
[VIEWER MSG] 📦 [VIEWER] command.controllerConnected: 
[VIEWER MSG] 📦 [VIEWER] onStateUpdate received: {"type":"state_update","timestamp":1769601741871,"payload":{"speed":30,"radius":20,"colorBall":"#60a5fa","colorBg":"#020617","paused":true,"soundEnabled":false,"soundType":"soft","x":400,"y":300,"vx":0,"vy":0,"dirX":1,"dirY":0,"viewerScreenSize":{"width":800,"height":600}}}
[VIEWER MSG] 📦 [VIEWER] command extracted: {"speed":30,"radius":20,"colorBall":"#60a5fa","colorBg":"#020617","paused":true,"soundEnabled":false,"soundType":"soft","x":400,"y":300,"vx":0,"vy":0,"dirX":1,"dirY":0,"viewerScreenSize":{"width":800,"height":600}}
[VIEWER MSG] 📦 [VIEWER] command.controllerConnected: 
[VIEWER MSG] 📦 [VIEWER] onStateUpdate received: {"type":"state_update","timestamp":1769601741886,"payload":{"speed":30,"radius":20,"colorBall":"#60a5fa","colorBg":"#020617","paused":true,"soundEnabled":false,"soundType":"soft","x":400,"y":300,"vx":0,"vy":0,"dirX":1,"dirY":0,"viewerScreenSize":{"width":800,"height":600}}}
[VIEWER MSG] 📦 [VIEWER] command extracted: {"speed":30,"radius":20,"colorBall":"#60a5fa","colorBg":"#020617","paused":true,"soundEnabled":false,"soundType":"soft","x":400,"y":300,"vx":0,"vy":0,"dirX":1,"dirY":0,"viewerScreenSize":{"width":800,"height":600}}
[VIEWER MSG] 📦 [VIEWER] command.controllerConnected: 
[VIEWER MSG] 📦 [VIEWER] onStateUpdate received: {"type":"state_update","timestamp":1769601741903,"payload":{"speed":30,"radius":20,"colorBall":"#60a5fa","colorBg":"#020617","paused":true,"soundEnabled":false,"soundType":"soft","x":400,"y":300,"vx":0,"vy":0,"dirX":1,"dirY":0,"viewerScreenSize":{"width":800,"height":600}}}
[VIEWER MSG] 📦 [VIEWER] command extracted: {"speed":30,"radius":20,"colorBall":"#60a5fa","colorBg":"#020617","paused":true,"soundEnabled":false,"soundType":"soft","x":400,"y":300,"vx":0,"vy":0,"dirX":1,"dirY":0,"viewerScreenSize":{"width":800,"height":600}}
[VIEWER MSG] 📦 [VIEWER] command.controllerConnected: 
[VIEWER MSG] 📦 [VIEWER] onStateUpdate received: {"type":"state_update","timestamp":1769601741919,"payload":{"speed":30,"radius":20,"colorBall":"#60a5fa","colorBg":"#020617","paused":true,"soundEnabled":false,"soundType":"soft","x":400,"y":300,"vx":0,"vy":0,"dirX":1,"dirY":0,"viewerScreenSize":{"width":800,"height":600}}}
[VIEWER MSG] 📦 [VIEWER] command extracted: {"speed":30,"radius":20,"colorBall":"#60a5fa","colorBg":"#020617","paused":true,"soundEnabled":false,"soundType":"soft","x":400,"y":300,"vx":0,"vy":0,"dirX":1,"dirY":0,"viewerScreenSize":{"width":800,"height":600}}
[VIEWER MSG] 📦 [VIEWER] command.controllerConnected: 
[VIEWER MSG] 📦 [VIEWER] onStateUpdate received: {"type":"state_update","timestamp":1769601741936,"payload":{"speed":30,"radius":20,"colorBall":"#60a5fa","colorBg":"#020617","paused":true,"soundEnabled":false,"soundType":"soft","x":400,"y":300,"vx":0,"vy":0,"dirX":1,"dirY":0,"viewerScreenSize":{"width":800,"height":600}}}
[VIEWER MSG] 📦 [VIEWER] command extracted: {"speed":30,"radius":20,"colorBall":"#60a5fa","colorBg":"#020617","paused":true,"soundEnabled":false,"soundType":"soft","x":400,"y":300,"vx":0,"vy":0,"dirX":1,"dirY":0,"viewerScreenSize":{"width":800,"height":600}}
[VIEWER MSG] 📦 [VIEWER] command.controllerConnected: 
[VIEWER MSG] 📦 [VIEWER] onStateUpdate received: {"type":"state_update","timestamp":1769601741952,"payload":{"speed":30,"radius":20,"colorBall":"#60a5fa","colorBg":"#020617","paused":true,"soundEnabled":false,"soundType":"soft","x":400,"y":300,"vx":0,"vy":0,"dirX":1,"dirY":0,"viewerScreenSize":{"width":800,"height":600}}}
[VIEWER MSG] 📦 [VIEWER] command extracted: {"speed":30,"radius":20,"colorBall":"#60a5fa","colorBg":"#020617","paused":true,"soundEnabled":false,"soundType":"soft","x":400,"y":300,"vx":0,"vy":0,"dirX":1,"dirY":0,"viewerScreenSize":{"width":800,"height":600}}
[VIEWER MSG] 📦 [VIEWER] command.controllerConnected: 
[VIEWER MSG] 📦 [VIEWER] onStateUpdate received: {"type":"state_update","timestamp":1769601741969,"payload":{"speed":30,"radius":20,"colorBall":"#60a5fa","colorBg":"#020617","paused":true,"soundEnabled":false,"soundType":"soft","x":400,"y":300,"vx":0,"vy":0,"dirX":1,"dirY":0,"viewerScreenSize":{"width":800,"height":600}}}
[VIEWER MSG] 📦 [VIEWER] command extracted: {"speed":30,"radius":20,"colorBall":"#60a5fa","colorBg":"#020617","paused":true,"soundEnabled":false,"soundType":"soft","x":400,"y":300,"vx":0,"vy":0,"dirX":1,"dirY":0,"viewerScreenSize":{"width":800,"height":600}}
[VIEWER MSG] 📦 [VIEWER] command.controllerConnected: 
[VIEWER MSG] 📦 [VIEWER] onStateUpdate received: {"type":"state_update","timestamp":1769601741985,"payload":{"speed":30,"radius":20,"colorBall":"#60a5fa","colorBg":"#020617","paused":true,"soundEnabled":false,"soundType":"soft","x":400,"y":300,"vx":0,"vy":0,"dirX":1,"dirY":0,"viewerScreenSize":{"width":800,"height":600}}}
[VIEWER MSG] 📦 [VIEWER] command extracted: {"speed":30,"radius":20,"colorBall":"#60a5fa","colorBg":"#020617","paused":true,"soundEnabled":false,"soundType":"soft","x":400,"y":300,"vx":0,"vy":0,"dirX":1,"dirY":0,"viewerScreenSize":{"width":800,"height":600}}
[VIEWER MSG] 📦 [VIEWER] command.controllerConnected: 
[VIEWER MSG] 📦 [VIEWER] onStateUpdate received: {"type":"state_update","timestamp":1769601742002,"payload":{"speed":30,"radius":20,"colorBall":"#60a5fa","colorBg":"#020617","paused":true,"soundEnabled":false,"soundType":"soft","x":400,"y":300,"vx":0,"vy":0,"dirX":1,"dirY":0,"viewerScreenSize":{"width":800,"height":600}}}
[VIEWER MSG] 📦 [VIEWER] command extracted: {"speed":30,"radius":20,"colorBall":"#60a5fa","colorBg":"#020617","paused":true,"soundEnabled":false,"soundType":"soft","x":400,"y":300,"vx":0,"vy":0,"dirX":1,"dirY":0,"viewerScreenSize":{"width":800,"height":600}}
[VIEWER MSG] 📦 [VIEWER] command.controllerConnected: 
[VIEWER MSG] 📦 [VIEWER] onStateUpdate received: {"type":"state_update","timestamp":1769601742018,"payload":{"speed":30,"radius":20,"colorBall":"#60a5fa","colorBg":"#020617","paused":true,"soundEnabled":false,"soundType":"soft","x":400,"y":300,"vx":0,"vy":0,"dirX":1,"dirY":0,"viewerScreenSize":{"width":800,"height":600}}}
[VIEWER MSG] 📦 [VIEWER] command extracted: {"speed":30,"radius":20,"colorBall":"#60a5fa","colorBg":"#020617","paused":true,"soundEnabled":false,"soundType":"soft","x":400,"y":300,"vx":0,"vy":0,"dirX":1,"dirY":0,"viewerScreenSize":{"width":800,"height":600}}
[VIEWER MSG] 📦 [VIEWER] command.controllerConnected: 
[VIEWER MSG] 📦 [VIEWER] onStateUpdate received: {"type":"state_update","timestamp":1769601742035,"payload":{"speed":30,"radius":20,"colorBall":"#60a5fa","colorBg":"#020617","paused":true,"soundEnabled":false,"soundType":"soft","x":400,"y":300,"vx":0,"vy":0,"dirX":1,"dirY":0,"viewerScreenSize":{"width":800,"height":600}}}
[VIEWER MSG] 📦 [VIEWER] command extracted: {"speed":30,"radius":20,"colorBall":"#60a5fa","colorBg":"#020617","paused":true,"soundEnabled":false,"soundType":"soft","x":400,"y":300,"vx":0,"vy":0,"dirX":1,"dirY":0,"viewerScreenSize":{"width":800,"height":600}}
[VIEWER MSG] 📦 [VIEWER] command.controllerConnected: 
[VIEWER MSG] 📦 [VIEWER] onStateUpdate received: {"type":"state_update","timestamp":1769601742051,"payload":{"speed":30,"radius":20,"colorBall":"#60a5fa","colorBg":"#020617","paused":true,"soundEnabled":false,"soundType":"soft","x":400,"y":300,"vx":0,"vy":0,"dirX":1,"dirY":0,"viewerScreenSize":{"width":800,"height":600}}}
[VIEWER MSG] 📦 [VIEWER] command extracted: {"speed":30,"radius":20,"colorBall":"#60a5fa","colorBg":"#020617","paused":true,"soundEnabled":false,"soundType":"soft","x":400,"y":300,"vx":0,"vy":0,"dirX":1,"dirY":0,"viewerScreenSize":{"width":800,"height":600}}
[VIEWER MSG] 📦 [VIEWER] command.controllerConnected: 
[VIEWER MSG] 📦 [VIEWER] onStateUpdate received: {"type":"state_update","timestamp":1769601742068,"payload":{"speed":30,"radius":20,"colorBall":"#60a5fa","colorBg":"#020617","paused":true,"soundEnabled":false,"soundType":"soft","x":400,"y":300,"vx":0,"vy":0,"dirX":1,"dirY":0,"viewerScreenSize":{"width":800,"height":600}}}
[VIEWER MSG] 📦 [VIEWER] command extracted: {"speed":30,"radius":20,"colorBall":"#60a5fa","colorBg":"#020617","paused":true,"soundEnabled":false,"soundType":"soft","x":400,"y":300,"vx":0,"vy":0,"dirX":1,"dirY":0,"viewerScreenSize":{"width":800,"height":600}}
[VIEWER MSG] 📦 [VIEWER] command.controllerConnected: 
[VIEWER MSG] 📦 [VIEWER] onStateUpdate received: {"type":"state_update","timestamp":1769601742084,"payload":{"speed":30,"radius":20,"colorBall":"#60a5fa","colorBg":"#020617","paused":true,"soundEnabled":false,"soundType":"soft","x":400,"y":300,"vx":0,"vy":0,"dirX":1,"dirY":0,"viewerScreenSize":{"width":800,"height":600}}}
[VIEWER MSG] 📦 [VIEWER] command extracted: {"speed":30,"radius":20,"colorBall":"#60a5fa","colorBg":"#020617","paused":true,"soundEnabled":false,"soundType":"soft","x":400,"y":300,"vx":0,"vy":0,"dirX":1,"dirY":0,"viewerScreenSize":{"width":800,"height":600}}
[VIEWER MSG] 📦 [VIEWER] command.controllerConnected: 
[VIEWER MSG] 📦 [VIEWER] onStateUpdate received: {"type":"state_update","timestamp":1769601742100,"payload":{"speed":30,"radius":20,"colorBall":"#60a5fa","colorBg":"#020617","paused":true,"soundEnabled":false,"soundType":"soft","x":400,"y":300,"vx":0,"vy":0,"dirX":1,"dirY":0,"viewerScreenSize":{"width":800,"height":600}}}
[VIEWER MSG] 📦 [VIEWER] command extracted: {"speed":30,"radius":20,"colorBall":"#60a5fa","colorBg":"#020617","paused":true,"soundEnabled":false,"soundType":"soft","x":400,"y":300,"vx":0,"vy":0,"dirX":1,"dirY":0,"viewerScreenSize":{"width":800,"height":600}}
[VIEWER MSG] 📦 [VIEWER] command.controllerConnected: 
[VIEWER MSG] 📦 [VIEWER] onStateUpdate received: {"type":"state_update","timestamp":1769601742117,"payload":{"speed":30,"radius":20,"colorBall":"#60a5fa","colorBg":"#020617","paused":true,"soundEnabled":false,"soundType":"soft","x":400,"y":300,"vx":0,"vy":0,"dirX":1,"dirY":0,"viewerScreenSize":{"width":800,"height":600}}}
[VIEWER MSG] 📦 [VIEWER] command extracted: {"speed":30,"radius":20,"colorBall":"#60a5fa","colorBg":"#020617","paused":true,"soundEnabled":false,"soundType":"soft","x":400,"y":300,"vx":0,"vy":0,"dirX":1,"dirY":0,"viewerScreenSize":{"width":800,"height":600}}
[VIEWER MSG] 📦 [VIEWER] command.controllerConnected: 
[VIEWER MSG] 📦 [VIEWER] onStateUpdate received: {"type":"state_update","timestamp":1769601742133,"payload":{"speed":30,"radius":20,"colorBall":"#60a5fa","colorBg":"#020617","paused":true,"soundEnabled":false,"soundType":"soft","x":400,"y":300,"vx":0,"vy":0,"dirX":1,"dirY":0,"viewerScreenSize":{"width":800,"height":600}}}
[VIEWER MSG] 📦 [VIEWER] command extracted: {"speed":30,"radius":20,"colorBall":"#60a5fa","colorBg":"#020617","paused":true,"soundEnabled":false,"soundType":"soft","x":400,"y":300,"vx":0,"vy":0,"dirX":1,"dirY":0,"viewerScreenSize":{"width":800,"height":600}}
[VIEWER MSG] 📦 [VIEWER] command.controllerConnected: 
[VIEWER MSG] 📦 [VIEWER] onStateUpdate received: {"type":"state_update","timestamp":1769601742149,"payload":{"speed":30,"radius":20,"colorBall":"#60a5fa","colorBg":"#020617","paused":true,"soundEnabled":false,"soundType":"soft","x":400,"y":300,"vx":0,"vy":0,"dirX":1,"dirY":0,"viewerScreenSize":{"width":800,"height":600}}}
[VIEWER MSG] 📦 [VIEWER] command extracted: {"speed":30,"radius":20,"colorBall":"#60a5fa","colorBg":"#020617","paused":true,"soundEnabled":false,"soundType":"soft","x":400,"y":300,"vx":0,"vy":0,"dirX":1,"dirY":0,"viewerScreenSize":{"width":800,"height":600}}
[VIEWER MSG] 📦 [VIEWER] command.controllerConnected: 
[VIEWER MSG] 📦 [VIEWER] onStateUpdate received: {"type":"state_update","timestamp":1769601742165,"payload":{"speed":30,"radius":20,"colorBall":"#60a5fa","colorBg":"#020617","paused":true,"soundEnabled":false,"soundType":"soft","x":400,"y":300,"vx":0,"vy":0,"dirX":1,"dirY":0,"viewerScreenSize":{"width":800,"height":600}}}
[VIEWER MSG] 📦 [VIEWER] command extracted: {"speed":30,"radius":20,"colorBall":"#60a5fa","colorBg":"#020617","paused":true,"soundEnabled":false,"soundType":"soft","x":400,"y":300,"vx":0,"vy":0,"dirX":1,"dirY":0,"viewerScreenSize":{"width":800,"height":600}}
[VIEWER MSG] 📦 [VIEWER] command.controllerConnected: 
[VIEWER MSG] 📦 [VIEWER] onStateUpdate received: {"type":"state_update","timestamp":1769601742182,"payload":{"speed":30,"radius":20,"colorBall":"#60a5fa","colorBg":"#020617","paused":true,"soundEnabled":false,"soundType":"soft","x":400,"y":300,"vx":0,"vy":0,"dirX":1,"dirY":0,"viewerScreenSize":{"width":800,"height":600}}}
[VIEWER MSG] 📦 [VIEWER] command extracted: {"speed":30,"radius":20,"colorBall":"#60a5fa","colorBg":"#020617","paused":true,"soundEnabled":false,"soundType":"soft","x":400,"y":300,"vx":0,"vy":0,"dirX":1,"dirY":0,"viewerScreenSize":{"width":800,"height":600}}
[VIEWER MSG] 📦 [VIEWER] command.controllerConnected: 
[VIEWER MSG] 📦 [VIEWER] onStateUpdate received: {"type":"state_update","timestamp":1769601742198,"payload":{"speed":30,"radius":20,"colorBall":"#60a5fa","colorBg":"#020617","paused":true,"soundEnabled":false,"soundType":"soft","x":400,"y":300,"vx":0,"vy":0,"dirX":1,"dirY":0,"viewerScreenSize":{"width":800,"height":600}}}
[VIEWER MSG] 📦 [VIEWER] command extracted: {"speed":30,"radius":20,"colorBall":"#60a5fa","colorBg":"#020617","paused":true,"soundEnabled":false,"soundType":"soft","x":400,"y":300,"vx":0,"vy":0,"dirX":1,"dirY":0,"viewerScreenSize":{"width":800,"height":600}}
[VIEWER MSG] 📦 [VIEWER] command.controllerConnected: 
[VIEWER MSG] 📦 [VIEWER] onStateUpdate received: {"type":"state_update","timestamp":1769601742215,"payload":{"speed":30,"radius":20,"colorBall":"#60a5fa","colorBg":"#020617","paused":true,"soundEnabled":false,"soundType":"soft","x":400,"y":300,"vx":0,"vy":0,"dirX":1,"dirY":0,"viewerScreenSize":{"width":800,"height":600}}}
[VIEWER MSG] 📦 [VIEWER] command extracted: {"speed":30,"radius":20,"colorBall":"#60a5fa","colorBg":"#020617","paused":true,"soundEnabled":false,"soundType":"soft","x":400,"y":300,"vx":0,"vy":0,"dirX":1,"dirY":0,"viewerScreenSize":{"width":800,"height":600}}
[VIEWER MSG] 📦 [VIEWER] command.controllerConnected: 
[VIEWER MSG] 📦 [VIEWER] onStateUpdate received: {"type":"state_update","timestamp":1769601742231,"payload":{"speed":30,"radius":20,"colorBall":"#60a5fa","colorBg":"#020617","paused":true,"soundEnabled":false,"soundType":"soft","x":400,"y":300,"vx":0,"vy":0,"dirX":1,"dirY":0,"viewerScreenSize":{"width":800,"height":600}}}
[VIEWER MSG] 📦 [VIEWER] command extracted: {"speed":30,"radius":20,"colorBall":"#60a5fa","colorBg":"#020617","paused":true,"soundEnabled":false,"soundType":"soft","x":400,"y":300,"vx":0,"vy":0,"dirX":1,"dirY":0,"viewerScreenSize":{"width":800,"height":600}}
[VIEWER MSG] 📦 [VIEWER] command.controllerConnected: 
[VIEWER MSG] 📦 [VIEWER] onStateUpdate received: {"type":"state_update","timestamp":1769601742247,"payload":{"speed":30,"radius":20,"colorBall":"#60a5fa","colorBg":"#020617","paused":true,"soundEnabled":false,"soundType":"soft","x":400,"y":300,"vx":0,"vy":0,"dirX":1,"dirY":0,"viewerScreenSize":{"width":800,"height":600}}}
[VIEWER MSG] 📦 [VIEWER] command extracted: {"speed":30,"radius":20,"colorBall":"#60a5fa","colorBg":"#020617","paused":true,"soundEnabled":false,"soundType":"soft","x":400,"y":300,"vx":0,"vy":0,"dirX":1,"dirY":0,"viewerScreenSize":{"width":800,"height":600}}
[VIEWER MSG] 📦 [VIEWER] command.controllerConnected: 
[VIEWER MSG] 📦 [VIEWER] onStateUpdate received: {"type":"state_update","timestamp":1769601742263,"payload":{"speed":30,"radius":20,"colorBall":"#60a5fa","colorBg":"#020617","paused":true,"soundEnabled":false,"soundType":"soft","x":400,"y":300,"vx":0,"vy":0,"dirX":1,"dirY":0,"viewerScreenSize":{"width":800,"height":600}}}
[VIEWER MSG] 📦 [VIEWER] command extracted: {"speed":30,"radius":20,"colorBall":"#60a5fa","colorBg":"#020617","paused":true,"soundEnabled":false,"soundType":"soft","x":400,"y":300,"vx":0,"vy":0,"dirX":1,"dirY":0,"viewerScreenSize":{"width":800,"height":600}}
[VIEWER MSG] 📦 [VIEWER] command.controllerConnected: 
[VIEWER MSG] 📦 [VIEWER] onStateUpdate received: {"type":"state_update","timestamp":1769601742280,"payload":{"speed":30,"radius":20,"colorBall":"#60a5fa","colorBg":"#020617","paused":true,"soundEnabled":false,"soundType":"soft","x":400,"y":300,"vx":0,"vy":0,"dirX":1,"dirY":0,"viewerScreenSize":{"width":800,"height":600}}}
[VIEWER MSG] 📦 [VIEWER] command extracted: {"speed":30,"radius":20,"colorBall":"#60a5fa","colorBg":"#020617","paused":true,"soundEnabled":false,"soundType":"soft","x":400,"y":300,"vx":0,"vy":0,"dirX":1,"dirY":0,"viewerScreenSize":{"width":800,"height":600}}
[VIEWER MSG] 📦 [VIEWER] command.controllerConnected: 
[VIEWER MSG] 📦 [VIEWER] onStateUpdate received: {"type":"state_update","timestamp":1769601742296,"payload":{"speed":30,"radius":20,"colorBall":"#60a5fa","colorBg":"#020617","paused":true,"soundEnabled":false,"soundType":"soft","x":400,"y":300,"vx":0,"vy":0,"dirX":1,"dirY":0,"viewerScreenSize":{"width":800,"height":600}}}
[VIEWER MSG] 📦 [VIEWER] command extracted: {"speed":30,"radius":20,"colorBall":"#60a5fa","colorBg":"#020617","paused":true,"soundEnabled":false,"soundType":"soft","x":400,"y":300,"vx":0,"vy":0,"dirX":1,"dirY":0,"viewerScreenSize":{"width":800,"height":600}}
[VIEWER MSG] 📦 [VIEWER] command.controllerConnected: 
[VIEWER MSG] 📦 [VIEWER] onStateUpdate received: {"type":"state_update","timestamp":1769601742312,"payload":{"speed":30,"radius":20,"colorBall":"#60a5fa","colorBg":"#020617","paused":true,"soundEnabled":false,"soundType":"soft","x":400,"y":300,"vx":0,"vy":0,"dirX":1,"dirY":0,"viewerScreenSize":{"width":800,"height":600}}}
[VIEWER MSG] 📦 [VIEWER] command extracted: {"speed":30,"radius":20,"colorBall":"#60a5fa","colorBg":"#020617","paused":true,"soundEnabled":false,"soundType":"soft","x":400,"y":300,"vx":0,"vy":0,"dirX":1,"dirY":0,"viewerScreenSize":{"width":800,"height":600}}
[VIEWER MSG] 📦 [VIEWER] command.controllerConnected: 
[VIEWER MSG] 📦 [VIEWER] onStateUpdate received: {"type":"state_update","timestamp":1769601742329,"payload":{"speed":30,"radius":20,"colorBall":"#60a5fa","colorBg":"#020617","paused":true,"soundEnabled":false,"soundType":"soft","x":400,"y":300,"vx":0,"vy":0,"dirX":1,"dirY":0,"viewerScreenSize":{"width":800,"height":600}}}
[VIEWER MSG] 📦 [VIEWER] command extracted: {"speed":30,"radius":20,"colorBall":"#60a5fa","colorBg":"#020617","paused":true,"soundEnabled":false,"soundType":"soft","x":400,"y":300,"vx":0,"vy":0,"dirX":1,"dirY":0,"viewerScreenSize":{"width":800,"height":600}}
[VIEWER MSG] 📦 [VIEWER] command.controllerConnected: 
[VIEWER MSG] 📦 [VIEWER] onStateUpdate received: {"type":"state_update","timestamp":1769601742344,"payload":{"speed":30,"radius":20,"colorBall":"#60a5fa","colorBg":"#020617","paused":true,"soundEnabled":false,"soundType":"soft","x":400,"y":300,"vx":0,"vy":0,"dirX":1,"dirY":0,"viewerScreenSize":{"width":800,"height":600}}}
[VIEWER MSG] 📦 [VIEWER] command extracted: {"speed":30,"radius":20,"colorBall":"#60a5fa","colorBg":"#020617","paused":true,"soundEnabled":false,"soundType":"soft","x":400,"y":300,"vx":0,"vy":0,"dirX":1,"dirY":0,"viewerScreenSize":{"width":800,"height":600}}
[VIEWER MSG] 📦 [VIEWER] command.controllerConnected: 
[VIEWER MSG] 📦 [VIEWER] onStateUpdate received: {"type":"state_update","timestamp":1769601742361,"payload":{"speed":30,"radius":20,"colorBall":"#60a5fa","colorBg":"#020617","paused":true,"soundEnabled":false,"soundType":"soft","x":400,"y":300,"vx":0,"vy":0,"dirX":1,"dirY":0,"viewerScreenSize":{"width":800,"height":600}}}
[VIEWER MSG] 📦 [VIEWER] command extracted: {"speed":30,"radius":20,"colorBall":"#60a5fa","colorBg":"#020617","paused":true,"soundEnabled":false,"soundType":"soft","x":400,"y":300,"vx":0,"vy":0,"dirX":1,"dirY":0,"viewerScreenSize":{"width":800,"height":600}}
[VIEWER MSG] 📦 [VIEWER] command.controllerConnected: 
[VIEWER MSG] 📦 [VIEWER] onStateUpdate received: {"type":"state_update","timestamp":1769601742377,"payload":{"speed":30,"radius":20,"colorBall":"#60a5fa","colorBg":"#020617","paused":true,"soundEnabled":false,"soundType":"soft","x":400,"y":300,"vx":0,"vy":0,"dirX":1,"dirY":0,"viewerScreenSize":{"width":800,"height":600}}}
[VIEWER MSG] 📦 [VIEWER] command extracted: {"speed":30,"radius":20,"colorBall":"#60a5fa","colorBg":"#020617","paused":true,"soundEnabled":false,"soundType":"soft","x":400,"y":300,"vx":0,"vy":0,"dirX":1,"dirY":0,"viewerScreenSize":{"width":800,"height":600}}
[VIEWER MSG] 📦 [VIEWER] command.controllerConnected: 
[VIEWER MSG] 📦 [VIEWER] onStateUpdate received: {"type":"state_update","timestamp":1769601742394,"payload":{"speed":30,"radius":20,"colorBall":"#60a5fa","colorBg":"#020617","paused":true,"soundEnabled":false,"soundType":"soft","x":400,"y":300,"vx":0,"vy":0,"dirX":1,"dirY":0,"viewerScreenSize":{"width":800,"height":600}}}
[VIEWER MSG] 📦 [VIEWER] command extracted: {"speed":30,"radius":20,"colorBall":"#60a5fa","colorBg":"#020617","paused":true,"soundEnabled":false,"soundType":"soft","x":400,"y":300,"vx":0,"vy":0,"dirX":1,"dirY":0,"viewerScreenSize":{"width":800,"height":600}}
[VIEWER MSG] 📦 [VIEWER] command.controllerConnected: 
[VIEWER MSG] 📦 [VIEWER] onStateUpdate received: {"type":"state_update","timestamp":1769601742410,"payload":{"speed":30,"radius":20,"colorBall":"#60a5fa","colorBg":"#020617","paused":true,"soundEnabled":false,"soundType":"soft","x":400,"y":300,"vx":0,"vy":0,"dirX":1,"dirY":0,"viewerScreenSize":{"width":800,"height":600}}}
[VIEWER MSG] 📦 [VIEWER] command extracted: {"speed":30,"radius":20,"colorBall":"#60a5fa","colorBg":"#020617","paused":true,"soundEnabled":false,"soundType":"soft","x":400,"y":300,"vx":0,"vy":0,"dirX":1,"dirY":0,"viewerScreenSize":{"width":800,"height":600}}
[VIEWER MSG] 📦 [VIEWER] command.controllerConnected: 
[VIEWER MSG] 📦 [VIEWER] onStateUpdate received: {"type":"state_update","timestamp":1769601742427,"payload":{"speed":30,"radius":20,"colorBall":"#60a5fa","colorBg":"#020617","paused":true,"soundEnabled":false,"soundType":"soft","x":400,"y":300,"vx":0,"vy":0,"dirX":1,"dirY":0,"viewerScreenSize":{"width":800,"height":600}}}
[VIEWER MSG] 📦 [VIEWER] command extracted: {"speed":30,"radius":20,"colorBall":"#60a5fa","colorBg":"#020617","paused":true,"soundEnabled":false,"soundType":"soft","x":400,"y":300,"vx":0,"vy":0,"dirX":1,"dirY":0,"viewerScreenSize":{"width":800,"height":600}}
[VIEWER MSG] 📦 [VIEWER] command.controllerConnected: 
[VIEWER MSG] 📦 [VIEWER] onStateUpdate received: {"type":"state_update","timestamp":1769601742443,"payload":{"speed":30,"radius":20,"colorBall":"#60a5fa","colorBg":"#020617","paused":true,"soundEnabled":false,"soundType":"soft","x":400,"y":300,"vx":0,"vy":0,"dirX":1,"dirY":0,"viewerScreenSize":{"width":800,"height":600}}}
[VIEWER MSG] 📦 [VIEWER] command extracted: {"speed":30,"radius":20,"colorBall":"#60a5fa","colorBg":"#020617","paused":true,"soundEnabled":false,"soundType":"soft","x":400,"y":300,"vx":0,"vy":0,"dirX":1,"dirY":0,"viewerScreenSize":{"width":800,"height":600}}
[VIEWER MSG] 📦 [VIEWER] command.controllerConnected: 
[VIEWER MSG] 📦 [VIEWER] onStateUpdate received: {"type":"state_update","timestamp":1769601742460,"payload":{"speed":30,"radius":20,"colorBall":"#60a5fa","colorBg":"#020617","paused":true,"soundEnabled":false,"soundType":"soft","x":400,"y":300,"vx":0,"vy":0,"dirX":1,"dirY":0,"viewerScreenSize":{"width":800,"height":600}}}
[VIEWER MSG] 📦 [VIEWER] command extracted: {"speed":30,"radius":20,"colorBall":"#60a5fa","colorBg":"#020617","paused":true,"soundEnabled":false,"soundType":"soft","x":400,"y":300,"vx":0,"vy":0,"dirX":1,"dirY":0,"viewerScreenSize":{"width":800,"height":600}}
[VIEWER MSG] 📦 [VIEWER] command.controllerConnected: 
[VIEWER MSG] 📦 [VIEWER] onStateUpdate received: {"type":"state_update","timestamp":1769601742476,"payload":{"speed":30,"radius":20,"colorBall":"#60a5fa","colorBg":"#020617","paused":true,"soundEnabled":false,"soundType":"soft","x":400,"y":300,"vx":0,"vy":0,"dirX":1,"dirY":0,"viewerScreenSize":{"width":800,"height":600}}}
[VIEWER MSG] 📦 [VIEWER] command extracted: {"speed":30,"radius":20,"colorBall":"#60a5fa","colorBg":"#020617","paused":true,"soundEnabled":false,"soundType":"soft","x":400,"y":300,"vx":0,"vy":0,"dirX":1,"dirY":0,"viewerScreenSize":{"width":800,"height":600}}
[VIEWER MSG] 📦 [VIEWER] command.controllerConnected: 
[VIEWER MSG] 📦 [VIEWER] onStateUpdate received: {"type":"state_update","timestamp":1769601742492,"payload":{"speed":30,"radius":20,"colorBall":"#60a5fa","colorBg":"#020617","paused":true,"soundEnabled":false,"soundType":"soft","x":400,"y":300,"vx":0,"vy":0,"dirX":1,"dirY":0,"viewerScreenSize":{"width":800,"height":600}}}
[VIEWER MSG] 📦 [VIEWER] command extracted: {"speed":30,"radius":20,"colorBall":"#60a5fa","colorBg":"#020617","paused":true,"soundEnabled":false,"soundType":"soft","x":400,"y":300,"vx":0,"vy":0,"dirX":1,"dirY":0,"viewerScreenSize":{"width":800,"height":600}}
[VIEWER MSG] 📦 [VIEWER] command.controllerConnected: 
[VIEWER MSG] 📦 [VIEWER] onStateUpdate received: {"type":"state_update","timestamp":1769601742509,"payload":{"speed":30,"radius":20,"colorBall":"#60a5fa","colorBg":"#020617","paused":true,"soundEnabled":false,"soundType":"soft","x":400,"y":300,"vx":0,"vy":0,"dirX":1,"dirY":0,"viewerScreenSize":{"width":800,"height":600}}}
[VIEWER MSG] 📦 [VIEWER] command extracted: {"speed":30,"radius":20,"colorBall":"#60a5fa","colorBg":"#020617","paused":true,"soundEnabled":false,"soundType":"soft","x":400,"y":300,"vx":0,"vy":0,"dirX":1,"dirY":0,"viewerScreenSize":{"width":800,"height":600}}
[VIEWER MSG] 📦 [VIEWER] command.controllerConnected: 
[VIEWER MSG] 📦 [VIEWER] onStateUpdate received: {"type":"state_update","timestamp":1769601742525,"payload":{"speed":30,"radius":20,"colorBall":"#60a5fa","colorBg":"#020617","paused":true,"soundEnabled":false,"soundType":"soft","x":400,"y":300,"vx":0,"vy":0,"dirX":1,"dirY":0,"viewerScreenSize":{"width":800,"height":600}}}
[VIEWER MSG] 📦 [VIEWER] command extracted: {"speed":30,"radius":20,"colorBall":"#60a5fa","colorBg":"#020617","paused":true,"soundEnabled":false,"soundType":"soft","x":400,"y":300,"vx":0,"vy":0,"dirX":1,"dirY":0,"viewerScreenSize":{"width":800,"height":600}}
[VIEWER MSG] 📦 [VIEWER] command.controllerConnected: 
[VIEWER MSG] 📦 [VIEWER] onStateUpdate received: {"type":"state_update","timestamp":1769601742542,"payload":{"speed":30,"radius":20,"colorBall":"#60a5fa","colorBg":"#020617","paused":true,"soundEnabled":false,"soundType":"soft","x":400,"y":300,"vx":0,"vy":0,"dirX":1,"dirY":0,"viewerScreenSize":{"width":800,"height":600}}}
[VIEWER MSG] 📦 [VIEWER] command extracted: {"speed":30,"radius":20,"colorBall":"#60a5fa","colorBg":"#020617","paused":true,"soundEnabled":false,"soundType":"soft","x":400,"y":300,"vx":0,"vy":0,"dirX":1,"dirY":0,"viewerScreenSize":{"width":800,"height":600}}
[VIEWER MSG] 📦 [VIEWER] command.controllerConnected: 
[VIEWER MSG] 📦 [VIEWER] onStateUpdate received: {"type":"state_update","timestamp":1769601742558,"payload":{"speed":30,"radius":20,"colorBall":"#60a5fa","colorBg":"#020617","paused":true,"soundEnabled":false,"soundType":"soft","x":400,"y":300,"vx":0,"vy":0,"dirX":1,"dirY":0,"viewerScreenSize":{"width":800,"height":600}}}
[VIEWER MSG] 📦 [VIEWER] command extracted: {"speed":30,"radius":20,"colorBall":"#60a5fa","colorBg":"#020617","paused":true,"soundEnabled":false,"soundType":"soft","x":400,"y":300,"vx":0,"vy":0,"dirX":1,"dirY":0,"viewerScreenSize":{"width":800,"height":600}}
[VIEWER MSG] 📦 [VIEWER] command.controllerConnected: 
[VIEWER MSG] 📦 [VIEWER] onStateUpdate received: {"type":"state_update","timestamp":1769601742574,"payload":{"speed":30,"radius":20,"colorBall":"#60a5fa","colorBg":"#020617","paused":true,"soundEnabled":false,"soundType":"soft","x":400,"y":300,"vx":0,"vy":0,"dirX":1,"dirY":0,"viewerScreenSize":{"width":800,"height":600}}}
[VIEWER MSG] 📦 [VIEWER] command extracted: {"speed":30,"radius":20,"colorBall":"#60a5fa","colorBg":"#020617","paused":true,"soundEnabled":false,"soundType":"soft","x":400,"y":300,"vx":0,"vy":0,"dirX":1,"dirY":0,"viewerScreenSize":{"width":800,"height":600}}
[VIEWER MSG] 📦 [VIEWER] command.controllerConnected: 
[VIEWER MSG] 📦 [VIEWER] onStateUpdate received: {"type":"state_update","timestamp":1769601742591,"payload":{"speed":30,"radius":20,"colorBall":"#60a5fa","colorBg":"#020617","paused":true,"soundEnabled":false,"soundType":"soft","x":400,"y":300,"vx":0,"vy":0,"dirX":1,"dirY":0,"viewerScreenSize":{"width":800,"height":600}}}
[VIEWER MSG] 📦 [VIEWER] command extracted: {"speed":30,"radius":20,"colorBall":"#60a5fa","colorBg":"#020617","paused":true,"soundEnabled":false,"soundType":"soft","x":400,"y":300,"vx":0,"vy":0,"dirX":1,"dirY":0,"viewerScreenSize":{"width":800,"height":600}}
[VIEWER MSG] 📦 [VIEWER] command.controllerConnected: 
[VIEWER MSG] 📦 [VIEWER] onStateUpdate received: {"type":"state_update","timestamp":1769601742607,"payload":{"speed":30,"radius":20,"colorBall":"#60a5fa","colorBg":"#020617","paused":true,"soundEnabled":false,"soundType":"soft","x":400,"y":300,"vx":0,"vy":0,"dirX":1,"dirY":0,"viewerScreenSize":{"width":800,"height":600}}}
[VIEWER MSG] 📦 [VIEWER] command extracted: {"speed":30,"radius":20,"colorBall":"#60a5fa","colorBg":"#020617","paused":true,"soundEnabled":false,"soundType":"soft","x":400,"y":300,"vx":0,"vy":0,"dirX":1,"dirY":0,"viewerScreenSize":{"width":800,"height":600}}
[VIEWER MSG] 📦 [VIEWER] command.controllerConnected: 
[VIEWER MSG] 📦 [VIEWER] onStateUpdate received: {"type":"state_update","timestamp":1769601742623,"payload":{"speed":30,"radius":20,"colorBall":"#60a5fa","colorBg":"#020617","paused":true,"soundEnabled":false,"soundType":"soft","x":400,"y":300,"vx":0,"vy":0,"dirX":1,"dirY":0,"viewerScreenSize":{"width":800,"height":600}}}
[VIEWER MSG] 📦 [VIEWER] command extracted: {"speed":30,"radius":20,"colorBall":"#60a5fa","colorBg":"#020617","paused":true,"soundEnabled":false,"soundType":"soft","x":400,"y":300,"vx":0,"vy":0,"dirX":1,"dirY":0,"viewerScreenSize":{"width":800,"height":600}}
[VIEWER MSG] 📦 [VIEWER] command.controllerConnected: 
[VIEWER MSG] 📦 [VIEWER] onStateUpdate received: {"type":"state_update","timestamp":1769601742640,"payload":{"speed":30,"radius":20,"colorBall":"#60a5fa","colorBg":"#020617","paused":true,"soundEnabled":false,"soundType":"soft","x":400,"y":300,"vx":0,"vy":0,"dirX":1,"dirY":0,"viewerScreenSize":{"width":800,"height":600}}}
[VIEWER MSG] 📦 [VIEWER] command extracted: {"speed":30,"radius":20,"colorBall":"#60a5fa","colorBg":"#020617","paused":true,"soundEnabled":false,"soundType":"soft","x":400,"y":300,"vx":0,"vy":0,"dirX":1,"dirY":0,"viewerScreenSize":{"width":800,"height":600}}
[VIEWER MSG] 📦 [VIEWER] command.controllerConnected: 
[VIEWER MSG] 📦 [VIEWER] onStateUpdate received: {"type":"state_update","timestamp":1769601742656,"payload":{"speed":30,"radius":20,"colorBall":"#60a5fa","colorBg":"#020617","paused":true,"soundEnabled":false,"soundType":"soft","x":400,"y":300,"vx":0,"vy":0,"dirX":1,"dirY":0,"viewerScreenSize":{"width":800,"height":600}}}
[VIEWER MSG] 📦 [VIEWER] command extracted: {"speed":30,"radius":20,"colorBall":"#60a5fa","colorBg":"#020617","paused":true,"soundEnabled":false,"soundType":"soft","x":400,"y":300,"vx":0,"vy":0,"dirX":1,"dirY":0,"viewerScreenSize":{"width":800,"height":600}}
[VIEWER MSG] 📦 [VIEWER] command.controllerConnected: 
[VIEWER MSG] 📦 [VIEWER] onStateUpdate received: {"type":"state_update","timestamp":1769601742673,"payload":{"speed":30,"radius":20,"colorBall":"#60a5fa","colorBg":"#020617","paused":true,"soundEnabled":false,"soundType":"soft","x":400,"y":300,"vx":0,"vy":0,"dirX":1,"dirY":0,"viewerScreenSize":{"width":800,"height":600}}}
[VIEWER MSG] 📦 [VIEWER] command extracted: {"speed":30,"radius":20,"colorBall":"#60a5fa","colorBg":"#020617","paused":true,"soundEnabled":false,"soundType":"soft","x":400,"y":300,"vx":0,"vy":0,"dirX":1,"dirY":0,"viewerScreenSize":{"width":800,"height":600}}
[VIEWER MSG] 📦 [VIEWER] command.controllerConnected: 
[VIEWER MSG] 📦 [VIEWER] onStateUpdate received: {"type":"state_update","timestamp":1769601742689,"payload":{"speed":30,"radius":20,"colorBall":"#60a5fa","colorBg":"#020617","paused":true,"soundEnabled":false,"soundType":"soft","x":400,"y":300,"vx":0,"vy":0,"dirX":1,"dirY":0,"viewerScreenSize":{"width":800,"height":600}}}
[VIEWER MSG] 📦 [VIEWER] command extracted: {"speed":30,"radius":20,"colorBall":"#60a5fa","colorBg":"#020617","paused":true,"soundEnabled":false,"soundType":"soft","x":400,"y":300,"vx":0,"vy":0,"dirX":1,"dirY":0,"viewerScreenSize":{"width":800,"height":600}}
[VIEWER MSG] 📦 [VIEWER] command.controllerConnected: 
[VIEWER MSG] 📦 [VIEWER] onStateUpdate received: {"type":"state_update","timestamp":1769601742705,"payload":{"speed":30,"radius":20,"colorBall":"#60a5fa","colorBg":"#020617","paused":true,"soundEnabled":false,"soundType":"soft","x":400,"y":300,"vx":0,"vy":0,"dirX":1,"dirY":0,"viewerScreenSize":{"width":800,"height":600}}}
[VIEWER MSG] 📦 [VIEWER] command extracted: {"speed":30,"radius":20,"colorBall":"#60a5fa","colorBg":"#020617","paused":true,"soundEnabled":false,"soundType":"soft","x":400,"y":300,"vx":0,"vy":0,"dirX":1,"dirY":0,"viewerScreenSize":{"width":800,"height":600}}
[VIEWER MSG] 📦 [VIEWER] command.controllerConnected: 
[VIEWER MSG] 📦 [VIEWER] onStateUpdate received: {"type":"state_update","timestamp":1769601742722,"payload":{"speed":30,"radius":20,"colorBall":"#60a5fa","colorBg":"#020617","paused":true,"soundEnabled":false,"soundType":"soft","x":400,"y":300,"vx":0,"vy":0,"dirX":1,"dirY":0,"viewerScreenSize":{"width":800,"height":600}}}
[VIEWER MSG] 📦 [VIEWER] command extracted: {"speed":30,"radius":20,"colorBall":"#60a5fa","colorBg":"#020617","paused":true,"soundEnabled":false,"soundType":"soft","x":400,"y":300,"vx":0,"vy":0,"dirX":1,"dirY":0,"viewerScreenSize":{"width":800,"height":600}}
[VIEWER MSG] 📦 [VIEWER] command.controllerConnected: 
[VIEWER MSG] 📦 [VIEWER] onStateUpdate received: {"type":"state_update","timestamp":1769601742738,"payload":{"speed":30,"radius":20,"colorBall":"#60a5fa","colorBg":"#020617","paused":true,"soundEnabled":false,"soundType":"soft","x":400,"y":300,"vx":0,"vy":0,"dirX":1,"dirY":0,"viewerScreenSize":{"width":800,"height":600}}}
[VIEWER MSG] 📦 [VIEWER] command extracted: {"speed":30,"radius":20,"colorBall":"#60a5fa","colorBg":"#020617","paused":true,"soundEnabled":false,"soundType":"soft","x":400,"y":300,"vx":0,"vy":0,"dirX":1,"dirY":0,"viewerScreenSize":{"width":800,"height":600}}
[VIEWER MSG] 📦 [VIEWER] command.controllerConnected: 
[VIEWER MSG] 📦 [VIEWER] onStateUpdate received: {"type":"state_update","timestamp":1769601742754,"payload":{"speed":30,"radius":20,"colorBall":"#60a5fa","colorBg":"#020617","paused":true,"soundEnabled":false,"soundType":"soft","x":400,"y":300,"vx":0,"vy":0,"dirX":1,"dirY":0,"viewerScreenSize":{"width":800,"height":600}}}
[VIEWER MSG] 📦 [VIEWER] command extracted: {"speed":30,"radius":20,"colorBall":"#60a5fa","colorBg":"#020617","paused":true,"soundEnabled":false,"soundType":"soft","x":400,"y":300,"vx":0,"vy":0,"dirX":1,"dirY":0,"viewerScreenSize":{"width":800,"height":600}}
[VIEWER MSG] 📦 [VIEWER] command.controllerConnected: 
[VIEWER MSG] 📦 [VIEWER] onStateUpdate received: {"type":"state_update","timestamp":1769601742771,"payload":{"speed":30,"radius":20,"colorBall":"#60a5fa","colorBg":"#020617","paused":true,"soundEnabled":false,"soundType":"soft","x":400,"y":300,"vx":0,"vy":0,"dirX":1,"dirY":0,"viewerScreenSize":{"width":800,"height":600}}}
[VIEWER MSG] 📦 [VIEWER] command extracted: {"speed":30,"radius":20,"colorBall":"#60a5fa","colorBg":"#020617","paused":true,"soundEnabled":false,"soundType":"soft","x":400,"y":300,"vx":0,"vy":0,"dirX":1,"dirY":0,"viewerScreenSize":{"width":800,"height":600}}
[VIEWER MSG] 📦 [VIEWER] command.controllerConnected: 
[VIEWER MSG] 📦 [VIEWER] onStateUpdate received: {"type":"state_update","timestamp":1769601742787,"payload":{"speed":30,"radius":20,"colorBall":"#60a5fa","colorBg":"#020617","paused":true,"soundEnabled":false,"soundType":"soft","x":400,"y":300,"vx":0,"vy":0,"dirX":1,"dirY":0,"viewerScreenSize":{"width":800,"height":600}}}
[VIEWER MSG] 📦 [VIEWER] command extracted: {"speed":30,"radius":20,"colorBall":"#60a5fa","colorBg":"#020617","paused":true,"soundEnabled":false,"soundType":"soft","x":400,"y":300,"vx":0,"vy":0,"dirX":1,"dirY":0,"viewerScreenSize":{"width":800,"height":600}}
[VIEWER MSG] 📦 [VIEWER] command.controllerConnected: 
[VIEWER MSG] 📦 [VIEWER] onStateUpdate received: {"type":"state_update","timestamp":1769601742804,"payload":{"speed":30,"radius":20,"colorBall":"#60a5fa","colorBg":"#020617","paused":true,"soundEnabled":false,"soundType":"soft","x":400,"y":300,"vx":0,"vy":0,"dirX":1,"dirY":0,"viewerScreenSize":{"width":800,"height":600}}}
[VIEWER MSG] 📦 [VIEWER] command extracted: {"speed":30,"radius":20,"colorBall":"#60a5fa","colorBg":"#020617","paused":true,"soundEnabled":false,"soundType":"soft","x":400,"y":300,"vx":0,"vy":0,"dirX":1,"dirY":0,"viewerScreenSize":{"width":800,"height":600}}
[VIEWER MSG] 📦 [VIEWER] command.controllerConnected: 
[VIEWER MSG] 📦 [VIEWER] onStateUpdate received: {"type":"state_update","timestamp":1769601742820,"payload":{"speed":30,"radius":20,"colorBall":"#60a5fa","colorBg":"#020617","paused":true,"soundEnabled":false,"soundType":"soft","x":400,"y":300,"vx":0,"vy":0,"dirX":1,"dirY":0,"viewerScreenSize":{"width":800,"height":600}}}
[VIEWER MSG] 📦 [VIEWER] command extracted: {"speed":30,"radius":20,"colorBall":"#60a5fa","colorBg":"#020617","paused":true,"soundEnabled":false,"soundType":"soft","x":400,"y":300,"vx":0,"vy":0,"dirX":1,"dirY":0,"viewerScreenSize":{"width":800,"height":600}}
[VIEWER MSG] 📦 [VIEWER] command.controllerConnected: 
[VIEWER MSG] 📦 [VIEWER] onStateUpdate received: {"type":"state_update","timestamp":1769601742837,"payload":{"speed":30,"radius":20,"colorBall":"#60a5fa","colorBg":"#020617","paused":true,"soundEnabled":false,"soundType":"soft","x":400,"y":300,"vx":0,"vy":0,"dirX":1,"dirY":0,"viewerScreenSize":{"width":800,"height":600}}}
[VIEWER MSG] 📦 [VIEWER] command extracted: {"speed":30,"radius":20,"colorBall":"#60a5fa","colorBg":"#020617","paused":true,"soundEnabled":false,"soundType":"soft","x":400,"y":300,"vx":0,"vy":0,"dirX":1,"dirY":0,"viewerScreenSize":{"width":800,"height":600}}
[VIEWER MSG] 📦 [VIEWER] command.controllerConnected: 
[VIEWER MSG] 📦 [VIEWER] onStateUpdate received: {"type":"state_update","timestamp":1769601742852,"payload":{"speed":30,"radius":20,"colorBall":"#60a5fa","colorBg":"#020617","paused":true,"soundEnabled":false,"soundType":"soft","x":400,"y":300,"vx":0,"vy":0,"dirX":1,"dirY":0,"viewerScreenSize":{"width":800,"height":600}}}
[VIEWER MSG] 📦 [VIEWER] command extracted: {"speed":30,"radius":20,"colorBall":"#60a5fa","colorBg":"#020617","paused":true,"soundEnabled":false,"soundType":"soft","x":400,"y":300,"vx":0,"vy":0,"dirX":1,"dirY":0,"viewerScreenSize":{"width":800,"height":600}}
[VIEWER MSG] 📦 [VIEWER] command.controllerConnected: 
[VIEWER MSG] 📦 [VIEWER] onStateUpdate received: {"type":"state_update","timestamp":1769601742869,"payload":{"speed":30,"radius":20,"colorBall":"#60a5fa","colorBg":"#020617","paused":true,"soundEnabled":false,"soundType":"soft","x":400,"y":300,"vx":0,"vy":0,"dirX":1,"dirY":0,"viewerScreenSize":{"width":800,"height":600}}}
[VIEWER MSG] 📦 [VIEWER] command extracted: {"speed":30,"radius":20,"colorBall":"#60a5fa","colorBg":"#020617","paused":true,"soundEnabled":false,"soundType":"soft","x":400,"y":300,"vx":0,"vy":0,"dirX":1,"dirY":0,"viewerScreenSize":{"width":800,"height":600}}
[VIEWER MSG] 📦 [VIEWER] command.controllerConnected: 
[VIEWER MSG] 📦 [VIEWER] onStateUpdate received: {"type":"state_update","timestamp":1769601742885,"payload":{"speed":30,"radius":20,"colorBall":"#60a5fa","colorBg":"#020617","paused":true,"soundEnabled":false,"soundType":"soft","x":400,"y":300,"vx":0,"vy":0,"dirX":1,"dirY":0,"viewerScreenSize":{"width":800,"height":600}}}
[VIEWER MSG] 📦 [VIEWER] command extracted: {"speed":30,"radius":20,"colorBall":"#60a5fa","colorBg":"#020617","paused":true,"soundEnabled":false,"soundType":"soft","x":400,"y":300,"vx":0,"vy":0,"dirX":1,"dirY":0,"viewerScreenSize":{"width":800,"height":600}}
[VIEWER MSG] 📦 [VIEWER] command.controllerConnected: 
[VIEWER MSG] 📦 [VIEWER] onStateUpdate received: {"type":"state_update","timestamp":1769601742901,"payload":{"speed":30,"radius":20,"colorBall":"#60a5fa","colorBg":"#020617","paused":true,"soundEnabled":false,"soundType":"soft","x":400,"y":300,"vx":0,"vy":0,"dirX":1,"dirY":0,"viewerScreenSize":{"width":800,"height":600}}}
[VIEWER MSG] 📦 [VIEWER] command extracted: {"speed":30,"radius":20,"colorBall":"#60a5fa","colorBg":"#020617","paused":true,"soundEnabled":false,"soundType":"soft","x":400,"y":300,"vx":0,"vy":0,"dirX":1,"dirY":0,"viewerScreenSize":{"width":800,"height":600}}
[VIEWER MSG] 📦 [VIEWER] command.controllerConnected: 
✅ PASSED: Viewer paused

🎉 ALL TESTS PASSED SUCCESSFULLY
